[step4e] 🟢 分段存档保留 = 开（STEP4E_KEEP_SEGMENTS=1）→ 每段另存一份到 /root/trb/代码/../结果/checkpoints/segments/<存档名>@sNN.*；预计 20 份 × 约 0.2~0.6MB。 主存档与训练行为不变；副本在子目录 ⟹ 不会被重评自动发现（要评须显式点名）。
=== step4e [FULL（非SMOKE；场景数看 N_TOTAL，非必=全2000）] | parties=['Rule-reward'] | N_TOTAL=2000 test_frac=0.3 | steps=10000000 seeds=[0] n_seg=20 n_envs=8 | ent_coef=0.01(恒定·关退火) clip_reward=10(默认) norm_reward=True(默认) ===
  …下载 200/1300（失败 0）
  …下载 400/1300（失败 0）
  …下载 600/1300（失败 0）
  …下载 800/1300（失败 0）
  …下载 1000/1300（失败 0）
  …下载 1200/1300（失败 0）
均衡数据集模式（manifest）：训练 1300（head-on/crossing 1300 + overtaking 0）+ 测试 100（head-on/crossing 100 + overtaking 0）← /root/trb/balanced_pool/manifest_official_1300.json
实际可用：训练 1300/1300 / 测试 100/100
📋 静态元数据 → run_metadata_F240rrPpoS0.json（论文参数全记齐）

>>> Rule-reward (env=unshielded, colregs_weight=1.0) seed=0 训练中…
    [Rule-reward seed0]   500000步 | 到达  65.0% 碰撞  3.0% 违规  2.15 紧急  0.0% Ep   534s
    [Rule-reward seed0]  1000000步 | 到达  98.0% 碰撞  2.0% 违规  2.08 紧急  0.0% Ep   488s
    [Rule-reward seed0]  1500000步 | 到达  95.0% 碰撞  3.0% 违规  2.52 紧急  0.0% Ep   488s
    [Rule-reward seed0]  2000000步 | 到达  94.0% 碰撞  5.0% 违规  2.23 紧急  0.0% Ep   476s
    [Rule-reward seed0]  2500000步 | 到达  95.0% 碰撞  4.0% 违规  2.33 紧急  0.0% Ep   474s
    [Rule-reward seed0]  3000000步 | 到达  96.0% 碰撞  4.0% 违规  2.16 紧急  0.0% Ep   471s
    [Rule-reward seed0]  3500000步 | 到达  97.0% 碰撞  3.0% 违规  2.63 紧急  0.0% Ep   475s
    [Rule-reward seed0]  4000000步 | 到达  95.0% 碰撞  5.0% 违规  2.83 紧急  0.0% Ep   472s
    [Rule-reward seed0]  4500000步 | 到达  95.0% 碰撞  5.0% 违规  2.08 紧急  0.0% Ep   470s
    [Rule-reward seed0]  5000000步 | 到达  95.0% 碰撞  4.0% 违规  2.09 紧急  0.0% Ep   469s
    [Rule-reward seed0]  5500000步 | 到达  95.0% 碰撞  5.0% 违规  2.01 紧急  0.0% Ep   464s
    [Rule-reward seed0]  6000000步 | 到达  95.0% 碰撞  4.0% 违规  2.26 紧急  0.0% Ep   467s
    [Rule-reward seed0]  6500000步 | 到达  94.0% 碰撞  5.0% 违规  1.97 紧急  0.0% Ep   469s
    [Rule-reward seed0]  7000000步 | 到达  95.0% 碰撞  4.0% 违规  1.86 紧急  0.0% Ep   468s
    [Rule-reward seed0]  7500000步 | 到达  96.0% 碰撞  4.0% 违规  2.52 紧急  0.0% Ep   465s
    [Rule-reward seed0]  8000000步 | 到达  96.0% 碰撞  2.0% 违规  2.58 紧急  0.0% Ep   467s
    [Rule-reward seed0]  8500000步 | 到达  96.0% 碰撞  3.0% 违规  1.89 紧急  0.0% Ep   465s
    [Rule-reward seed0]  9000000步 | 到达  96.0% 碰撞  4.0% 违规  2.13 紧急  0.0% Ep   466s
    [Rule-reward seed0]  9500000步 | 到达  96.0% 碰撞  3.0% 违规  2.30 紧急  0.0% Ep   471s
    [Rule-reward seed0] 10000000步 | 到达  94.0% 碰撞  5.0% 违规  2.54 紧急  0.0% Ep   468s
    [Rule-reward seed0] ✅ 训练 63875s = 159 fps + 评估 235s（评估占 wall 0%；满量 3M 训练预计 5.2h/方/种子）
      ⓘ L23 定核：评估占比高 = 单线程 eval 空转多核 → 降 NSEG / 减评估场景数比加核更直接

# step4e Table III [FULL（非SMOKE；场景数看 N_TOTAL，非必=全2000）] | N_TOTAL=2000 70/30 选取=均衡数据集 manifest(manifest_official_1300.json) | 实际 训练 1300 / 测试 100 | steps=10000000 | seeds=[0] | 均值±样本std
# 四方同口径配方：同 env/场景/评估(ViolationCounter)/VecNormalize(obs+reward·clip 见下行配置)/gamma0.99；离散三方=MaskablePPO+ent_coef（配置见下行，03 D22/D25/L21）、Continuous-safe=SAC(ent_coef auto·无退火)+连续投影盾(丢 r_colregs·紧急步%两臂 pre-step rho_acting 同口径·另有「兜底步%」列见 jsonl，C2/L46)
# ent/clip/normR 配置：ent 0.01→0.01@前0.6 / clip±10.0 / normR=True
# 本次 run 耗时 64147s（续跑/并行场景非累计）

Party          |         到达率% |         碰撞率% |         违规/局 |         紧急步% |         Ep长s | seeds
------------------------------------------------------------------------------------------------
Base           | （未完成）
Rule-reward    |     94.0±0.0 |      5.0±0.0 |    2.54±0.00 |            – |        468±0 | 1
Discrete-safe  | （未完成）
Continuous-safe | （未完成）

✅ 完成。Table III → /root/trb/代码/../结果/table3_F240rrPpoS0.txt（partial → /root/trb/代码/../结果/step4e_partial_F240rrPpoS0.jsonl）
⭐ 把 结果/table3.txt 发我核对是否过 Phase 1 通过门（对齐 Krasowski）。
