========================================================================================================
[reeval_official r13-2026-07-27] 发现 8 个 checkpoint：
  Continuous-safe_s0_F240oursPpoS0                     臂=Continuous-safe  kind=continuous  seed=0 步=10158080 数据集=manifest_official_1300.json 末段到达=90.0
  Discrete-safe_s0_F240discPpoS0                       臂=Discrete-safe    kind=shielded    seed=0 步=10158080 数据集=manifest_official_1300.json 末段到达=96.0
  Base_s0_F240basePpoS0                                臂=Base             kind=unshielded  seed=0 步=10158080 数据集=manifest_official_1300.json 末段到达=96.0
  Rule-reward_s0_F240rrPpoS0                           臂=Rule-reward      kind=unshielded  seed=0 步=9142272 数据集=manifest_official_1300.json 末段到达=99.0
  Continuous-safe_s0_F240ushPpoS0                      臂=Continuous-safe  kind=continuous  seed=0 步=10158080 数据集=manifest_official_1300.json 末段到达=91.0
  Continuous-safe_s0_F240ab0PpoS0                      臂=Continuous-safe  kind=continuous  seed=0 步=10158080 数据集=manifest_official_1300.json 末段到达=85.0
  Continuous-safe_s0_F240abBPpoS0                      臂=Continuous-safe  kind=continuous  seed=0 步=10158080 数据集=manifest_official_1300.json 末段到达=86.0
  Continuous-safe_s0_F240abGPpoS0                      臂=Continuous-safe  kind=continuous  seed=0 步=10158080 数据集=manifest_official_1300.json 末段到达=89.0
========================================================================================================
[env] 连续臂 eval env：shield=True cone=None v_floor=2.0 augment_rho=False 去朝向门=False
  [数据集] Continuous-safe_s0_F240oursPpoS0 ← manifest_official_1300.json：训练 1300 / 验证 100
  [数据集] Discrete-safe_s0_F240discPpoS0 ← manifest_official_1300.json：训练 1300 / 验证 100
  [数据集] Base_s0_F240basePpoS0 ← manifest_official_1300.json：训练 1300 / 验证 100
  [数据集] Rule-reward_s0_F240rrPpoS0 ← manifest_official_1300.json：训练 1300 / 验证 100
  [数据集] Continuous-safe_s0_F240ushPpoS0 ← manifest_official_1300.json：训练 1300 / 验证 100
  [数据集] Continuous-safe_s0_F240ab0PpoS0 ← manifest_official_1300.json：训练 1300 / 验证 100
  [数据集] Continuous-safe_s0_F240abBPpoS0 ← manifest_official_1300.json：训练 1300 / 验证 100
  [数据集] Continuous-safe_s0_F240abGPpoS0 ← manifest_official_1300.json：训练 1300 / 验证 100
  …下载 200/600（失败 0）
  …下载 400/600（失败 0）
  …下载 600/600（失败 0）

[池] 官方 1400/600 划分的测试 600（官方 2000 无追越）：N=600（请求 600）·二项 SE@p=0.8 ≈ 1.63pt
[口径] 全部 600 − 训练泄漏 0 = **clean 600** ； 再 − 验证泄漏 0 = **strict 600**
[分型] {'crossing': 395, 'head-on': 205}
[轨迹] 记 ['1', '100', '1006', '1016', '1142', '1181', '1326', '1382', '1546', '1602', '1764', '1802', '190', '217', '371', '410', '5', '540', '608', '714', '852', '920', '992'] 这几个场景的逐步轨迹（`04 §1.5` 第⑥条·离散臂与连续臂同格式可叠图）

────────────────────────────────────────────────────────────────────────────────────────────────────────
▶ Continuous-safe_s0_F240oursPpoS0  臂=Continuous-safe kind=continuous seed=0 步=10158080
  …下载 200/1300（失败 0）
  …下载 400/1300（失败 0）
  …下载 600/1300（失败 0）
  …下载 800/1300（失败 0）
  …下载 1000/1300（失败 0）
  …下载 1200/1300（失败 0）
  [锚点] 自记测试集 N=100：记录 90.00% vs 重评 90.00%（差 0.00pt）✅ 逐位复现
/root/miniconda3/lib/python3.10/site-packages/cvxpy/problems/problem.py:1539: UserWarning: Solution may be inaccurate. Try another solver, adjusting the solver settings, or solve with verbose=True for more information.
  warnings.warn(
  全部                         n= 600  到达 91.83%±1.12  碰撞 0.00%  违规/局  0.47  紧急步   1.7%  位置进框(宽松) 94.0%
  clean（没训练过）                n= 600  到达 91.83%±1.12  碰撞 0.00%  违规/局  0.47  紧急步   1.7%  位置进框(宽松) 94.0%
  strict（真一眼没见过）             n= 600  到达 91.83%±1.12  碰撞 0.00%  违规/局  0.47  紧急步   1.7%  位置进框(宽松) 94.0%
      平滑: jerk 0.449 转艏Δ 0.0057 油门Δ 0.0104 路径 4296m ｜ 次网格细调率: 转艏 0.657 油门 0.747 ｜ 转艏|Δω|: 让路步 0.0028 其他步 0.0057
    · crossing（strict）       n= 395  到达 90.89%±1.45  碰撞 0.00%  违规/局  0.30  紧急步   2.0%  位置进框(宽松) 94.2%
    · head-on（strict）        n= 205  到达 93.66%±1.70  碰撞 0.00%  违规/局  0.80  紧急步   1.0%  位置进框(宽松) 93.7%

────────────────────────────────────────────────────────────────────────────────────────────────────────
▶ Discrete-safe_s0_F240discPpoS0  臂=Discrete-safe kind=shielded seed=0 步=10158080
  …下载 200/1300（失败 0）
  …下载 400/1300（失败 0）
  …下载 600/1300（失败 0）
  …下载 800/1300（失败 0）
  …下载 1000/1300（失败 0）
  …下载 1200/1300（失败 0）
  [锚点] 自记测试集 N=100：记录 96.00% vs 重评 96.00%（差 0.00pt）✅ 逐位复现
  全部                         n= 600  到达 96.67%±0.73  碰撞 0.33%  违规/局  1.14  紧急步   4.7%
  clean（没训练过）                n= 600  到达 96.67%±0.73  碰撞 0.33%  违规/局  1.14  紧急步   4.7%
  strict（真一眼没见过）             n= 600  到达 96.67%±0.73  碰撞 0.33%  违规/局  1.14  紧急步   4.7%
      平滑: jerk 0.844 转艏Δ 0.0110 油门Δ 0.0200 路径 4229m ｜ 次网格细调率: 转艏 0.000 油门 0.000 ｜ 转艏|Δω|: 让路步 0.0036 其他步 0.0110
    · crossing（strict）       n= 395  到达 96.96%±0.86  碰撞 0.51%  违规/局  0.67  紧急步   4.5%
    · head-on（strict）        n= 205  到达 96.10%±1.35  碰撞 0.00%  违规/局  2.05  紧急步   5.1%

────────────────────────────────────────────────────────────────────────────────────────────────────────
▶ Base_s0_F240basePpoS0  臂=Base kind=unshielded seed=0 步=10158080
  …下载 200/1300（失败 0）
  …下载 400/1300（失败 0）
  …下载 600/1300（失败 0）
  …下载 800/1300（失败 0）
  …下载 1000/1300（失败 0）
  …下载 1200/1300（失败 0）
  [锚点] 自记测试集 N=100：记录 96.00% vs 重评 96.00%（差 0.00pt）✅ 逐位复现
  全部                         n= 600  到达 98.50%±0.50  碰撞 1.50%  违规/局  2.88  紧急步   0.0%
  clean（没训练过）                n= 600  到达 98.50%±0.50  碰撞 1.50%  违规/局  2.88  紧急步   0.0%
  strict（真一眼没见过）             n= 600  到达 98.50%±0.50  碰撞 1.50%  违规/局  2.88  紧急步   0.0%
      平滑: jerk 0.988 转艏Δ 0.0150 油门Δ 0.0163 路径 4038m ｜ 次网格细调率: 转艏 0.000 油门 0.000 ｜ 转艏|Δω|: 让路步 — 其他步 0.0150
    · crossing（strict）       n= 395  到达 99.75%±0.25  碰撞 0.25%  违规/局  1.45  紧急步   0.0%
    · head-on（strict）        n= 205  到达 96.10%±1.35  碰撞 3.90%  违规/局  5.63  紧急步   0.0%

────────────────────────────────────────────────────────────────────────────────────────────────────────
▶ Rule-reward_s0_F240rrPpoS0  臂=Rule-reward kind=unshielded seed=0 步=9142272
  …下载 200/1300（失败 0）
  …下载 400/1300（失败 0）
  …下载 600/1300（失败 0）
  …下载 800/1300（失败 0）
  …下载 1000/1300（失败 0）
  …下载 1200/1300（失败 0）
  [锚点] 自记测试集 N=100：记录 99.00% vs 重评 99.00%（差 0.00pt）✅ 逐位复现
  全部                         n= 600  到达 97.83%±0.59  碰撞 2.00%  违规/局  3.13  紧急步   0.0%
  clean（没训练过）                n= 600  到达 97.83%±0.59  碰撞 2.00%  违规/局  3.13  紧急步   0.0%
  strict（真一眼没见过）             n= 600  到达 97.83%±0.59  碰撞 2.00%  违规/局  3.13  紧急步   0.0%
      平滑: jerk 0.916 转艏Δ 0.0143 油门Δ 0.0136 路径 4037m ｜ 次网格细调率: 转艏 0.000 油门 0.000 ｜ 转艏|Δω|: 让路步 — 其他步 0.0143
    · crossing（strict）       n= 395  到达 99.24%±0.44  碰撞 0.76%  违规/局  1.90  紧急步   0.0%
    · head-on（strict）        n= 205  到达 95.12%±1.50  碰撞 4.39%  违规/局  5.51  紧急步   0.0%

────────────────────────────────────────────────────────────────────────────────────────────────────────
▶ Continuous-safe_s0_F240ushPpoS0  臂=Continuous-safe kind=continuous seed=0 步=10158080
  …下载 200/1300（失败 0）
  …下载 400/1300（失败 0）
  …下载 600/1300（失败 0）
  …下载 800/1300（失败 0）
  …下载 1000/1300（失败 0）
  …下载 1200/1300（失败 0）
  [锚点] 自记测试集 N=100：记录 91.00% vs 重评 91.00%（差 0.00pt）✅ 逐位复现
  全部                         n= 600  到达 92.83%±1.05  碰撞 0.17%  违规/局  1.06  紧急步   2.8%  位置进框(宽松) 93.7%
  clean（没训练过）                n= 600  到达 92.83%±1.05  碰撞 0.17%  违规/局  1.06  紧急步   2.8%  位置进框(宽松) 93.7%
  strict（真一眼没见过）             n= 600  到达 92.83%±1.05  碰撞 0.17%  违规/局  1.06  紧急步   2.8%  位置进框(宽松) 93.7%
      平滑: jerk 1.649 转艏Δ 0.0272 油门Δ 0.0111 路径 4239m ｜ 次网格细调率: 转艏 0.001 油门 0.002 ｜ 转艏|Δω|: 让路步 0.0051 其他步 0.0273
    · crossing（strict）       n= 395  到达 93.67%±1.23  碰撞 0.25%  违规/局  0.61  紧急步   2.2%  位置进框(宽松) 94.7%
    · head-on（strict）        n= 205  到达 91.22%±1.98  碰撞 0.00%  违规/局  1.92  紧急步   4.0%  位置进框(宽松) 91.7%

────────────────────────────────────────────────────────────────────────────────────────────────────────
▶ Continuous-safe_s0_F240ab0PpoS0  臂=Continuous-safe kind=continuous seed=0 步=10158080
  …下载 200/1300（失败 0）
  …下载 400/1300（失败 0）
  …下载 600/1300（失败 0）
  …下载 800/1300（失败 0）
  …下载 1000/1300（失败 0）
  …下载 1200/1300（失败 0）
  [锚点] 自记测试集 N=100：记录 85.00% vs 重评 85.00%（差 0.00pt）✅ 逐位复现
/root/miniconda3/lib/python3.10/site-packages/cvxpy/problems/problem.py:1539: UserWarning: Solution may be inaccurate. Try another solver, adjusting the solver settings, or solve with verbose=True for more information.
  warnings.warn(
  全部                         n= 600  到达 85.17%±1.45  碰撞 0.00%  违规/局  1.27  紧急步   3.4%  位置进框(宽松) 88.7%
  clean（没训练过）                n= 600  到达 85.17%±1.45  碰撞 0.00%  违规/局  1.27  紧急步   3.4%  位置进框(宽松) 88.7%
  strict（真一眼没见过）             n= 600  到达 85.17%±1.45  碰撞 0.00%  违规/局  1.27  紧急步   3.4%  位置进框(宽松) 88.7%
      平滑: jerk 0.792 转艏Δ 0.0135 油门Δ 0.0028 路径 4237m ｜ 次网格细调率: 转艏 0.002 油门 0.001 ｜ 转艏|Δω|: 让路步 0.0040 其他步 0.0135
    · crossing（strict）       n= 395  到达 88.61%±1.60  碰撞 0.00%  违规/局  0.86  紧急步   3.1%  位置进框(宽松) 91.1%
    · head-on（strict）        n= 205  到达 78.54%±2.87  碰撞 0.00%  违规/局  2.06  紧急步   3.8%  位置进框(宽松) 83.9%

────────────────────────────────────────────────────────────────────────────────────────────────────────
▶ Continuous-safe_s0_F240abBPpoS0  臂=Continuous-safe kind=continuous seed=0 步=10158080
  …下载 200/1300（失败 0）
  …下载 400/1300（失败 0）
  …下载 600/1300（失败 0）
  …下载 800/1300（失败 0）
  …下载 1000/1300（失败 0）
  …下载 1200/1300（失败 0）
  [锚点] 自记测试集 N=100：记录 86.00% vs 重评 86.00%（差 0.00pt）✅ 逐位复现
  全部                         n= 600  到达 84.83%±1.46  碰撞 0.00%  违规/局  0.61  紧急步   1.5%  位置进框(宽松) 85.3%
  clean（没训练过）                n= 600  到达 84.83%±1.46  碰撞 0.00%  违规/局  0.61  紧急步   1.5%  位置进框(宽松) 85.3%
  strict（真一眼没见过）             n= 600  到达 84.83%±1.46  碰撞 0.00%  违规/局  0.61  紧急步   1.5%  位置进框(宽松) 85.3%
      平滑: jerk 0.456 转艏Δ 0.0068 油门Δ 0.0079 路径 4222m ｜ 次网格细调率: 转艏 0.603 油门 0.714 ｜ 转艏|Δω|: 让路步 0.0018 其他步 0.0068
    · crossing（strict）       n= 395  到达 89.87%±1.52  碰撞 0.00%  违规/局  0.37  紧急步   1.0%  位置进框(宽松) 89.9%
    · head-on（strict）        n= 205  到达 75.12%±3.02  碰撞 0.00%  违规/局  1.06  紧急步   2.2%  位置进框(宽松) 76.6%

────────────────────────────────────────────────────────────────────────────────────────────────────────
▶ Continuous-safe_s0_F240abGPpoS0  臂=Continuous-safe kind=continuous seed=0 步=10158080
  …下载 200/1300（失败 0）
  …下载 400/1300（失败 0）
  …下载 600/1300（失败 0）
  …下载 800/1300（失败 0）
  …下载 1000/1300（失败 0）
  …下载 1200/1300（失败 0）
  [锚点] 自记测试集 N=100：记录 89.00% vs 重评 89.00%（差 0.00pt）✅ 逐位复现
/root/miniconda3/lib/python3.10/site-packages/cvxpy/problems/problem.py:1539: UserWarning: Solution may be inaccurate. Try another solver, adjusting the solver settings, or solve with verbose=True for more information.
  warnings.warn(
  全部                         n= 600  到达 87.17%±1.37  碰撞 0.00%  违规/局  0.83  紧急步   2.7%  位置进框(宽松) 90.0%
  clean（没训练过）                n= 600  到达 87.17%±1.37  碰撞 0.00%  违规/局  0.83  紧急步   2.7%  位置进框(宽松) 90.0%
  strict（真一眼没见过）             n= 600  到达 87.17%±1.37  碰撞 0.00%  违规/局  0.83  紧急步   2.7%  位置进框(宽松) 90.0%
      平滑: jerk 1.188 转艏Δ 0.0203 油门Δ 0.0048 路径 4328m ｜ 次网格细调率: 转艏 0.003 油门 0.004 ｜ 转艏|Δω|: 让路步 0.0045 其他步 0.0204
    · crossing（strict）       n= 395  到达 88.86%±1.58  碰撞 0.00%  违规/局  0.60  紧急步   2.6%  位置进框(宽松) 90.9%
    · head-on（strict）        n= 205  到达 83.90%±2.57  碰撞 0.00%  违规/局  1.28  紧急步   3.1%  位置进框(宽松) 88.3%

────────────────────────────────────────────────────────────────────────────────────────────────────────
■ 锚点汇总（8 个 ckpt）：平均有符号差 +0.00pt · 最大绝对差 0.00pt · 8 个逐位复现 / 0 偏高 / 0 偏低
  判读：平均差 ≈ 0 且正负混杂 ⟹ 只是浮点重放噪声，**eval 配置正确**；若平均差明显偏离 0 且方向一致 ⟹ 配置很可能真的错了，别信本次数字。

[reeval_official] 完成 → /root/trb/结果/正式-末段/g0.json
[轨迹] 8 个 checkpoint × 23 个场景 → /root/trb/结果/正式-末段/g0_traj.json
