========================================================================================================
[reeval_official r13-2026-07-27] 发现 8 个 checkpoint：
  Continuous-safe_s1_F240oursPpoS1                     臂=Continuous-safe  kind=continuous  seed=1 步=10158080 数据集=manifest_official_1300.json 末段到达=60.0
  Discrete-safe_s1_F240discPpoS1                       臂=Discrete-safe    kind=shielded    seed=1 步=10158080 数据集=manifest_official_1300.json 末段到达=92.0
  Base_s1_F240basePpoS1                                臂=Base             kind=unshielded  seed=1 步=10158080 数据集=manifest_official_1300.json 末段到达=97.0
  Rule-reward_s1_F240rrPpoS1                           臂=Rule-reward      kind=unshielded  seed=1 步=10158080 数据集=manifest_official_1300.json 末段到达=0.0
  Continuous-safe_s1_F240ushPpoS1                      臂=Continuous-safe  kind=continuous  seed=1 步=10158080 数据集=manifest_official_1300.json 末段到达=1.0
  Continuous-safe_s1_F240ab0PpoS1                      臂=Continuous-safe  kind=continuous  seed=1 步=10158080 数据集=manifest_official_1300.json 末段到达=88.0
  Continuous-safe_s1_F240abBPpoS1                      臂=Continuous-safe  kind=continuous  seed=1 步=10158080 数据集=manifest_official_1300.json 末段到达=33.0
  Continuous-safe_s1_F240abGPpoS1                      臂=Continuous-safe  kind=continuous  seed=1 步=10158080 数据集=manifest_official_1300.json 末段到达=79.0
========================================================================================================
[env] 连续臂 eval env：shield=True cone=None v_floor=2.0 augment_rho=False 去朝向门=False
  [数据集] Continuous-safe_s1_F240oursPpoS1 ← manifest_official_1300.json：训练 1300 / 验证 100
  [数据集] Discrete-safe_s1_F240discPpoS1 ← manifest_official_1300.json：训练 1300 / 验证 100
  [数据集] Base_s1_F240basePpoS1 ← manifest_official_1300.json：训练 1300 / 验证 100
  [数据集] Rule-reward_s1_F240rrPpoS1 ← manifest_official_1300.json：训练 1300 / 验证 100
  [数据集] Continuous-safe_s1_F240ushPpoS1 ← manifest_official_1300.json：训练 1300 / 验证 100
  [数据集] Continuous-safe_s1_F240ab0PpoS1 ← manifest_official_1300.json：训练 1300 / 验证 100
  [数据集] Continuous-safe_s1_F240abBPpoS1 ← manifest_official_1300.json：训练 1300 / 验证 100
  [数据集] Continuous-safe_s1_F240abGPpoS1 ← manifest_official_1300.json：训练 1300 / 验证 100
  …下载 200/600（失败 0）
  …下载 400/600（失败 0）
  …下载 600/600（失败 0）

[池] 官方 1400/600 划分的测试 600（官方 2000 无追越）：N=600（请求 600）·二项 SE@p=0.8 ≈ 1.63pt
[口径] 全部 600 − 训练泄漏 0 = **clean 600** ； 再 − 验证泄漏 0 = **strict 600**
[分型] {'crossing': 395, 'head-on': 205}
[轨迹] 记 ['1', '100', '1006', '1016', '1142', '1181', '1326', '1382', '1546', '1602', '1764', '1802', '190', '217', '371', '410', '5', '540', '608', '714', '852', '920', '992'] 这几个场景的逐步轨迹（`04 §1.5` 第⑥条·离散臂与连续臂同格式可叠图）

────────────────────────────────────────────────────────────────────────────────────────────────────────
▶ Continuous-safe_s1_F240oursPpoS1  臂=Continuous-safe kind=continuous seed=1 步=10158080
  …下载 200/1300（失败 0）
  …下载 400/1300（失败 0）
  …下载 600/1300（失败 0）
  …下载 800/1300（失败 0）
  …下载 1000/1300（失败 0）
  …下载 1200/1300（失败 0）
  [锚点] 自记测试集 N=100：记录 60.00% vs 重评 60.00%（差 0.00pt）✅ 逐位复现
/root/miniconda3/lib/python3.10/site-packages/cvxpy/problems/problem.py:1539: UserWarning: Solution may be inaccurate. Try another solver, adjusting the solver settings, or solve with verbose=True for more information.
  warnings.warn(
  全部                         n= 600  到达 67.00%±1.92  碰撞 0.00%  违规/局  0.46  紧急步   1.8%  位置进框(宽松) 72.8%
  clean（没训练过）                n= 600  到达 67.00%±1.92  碰撞 0.00%  违规/局  0.46  紧急步   1.8%  位置进框(宽松) 72.8%
  strict（真一眼没见过）             n= 600  到达 67.00%±1.92  碰撞 0.00%  违规/局  0.46  紧急步   1.8%  位置进框(宽松) 72.8%
      平滑: jerk 0.547 转艏Δ 0.0069 油门Δ 0.0131 路径 4316m ｜ 次网格细调率: 转艏 0.609 油门 0.695 ｜ 转艏|Δω|: 让路步 0.0033 其他步 0.0069
    · crossing（strict）       n= 395  到达 65.82%±2.39  碰撞 0.00%  违规/局  0.28  紧急步   2.4%  位置进框(宽松) 71.4%
    · head-on（strict）        n= 205  到达 69.27%±3.22  碰撞 0.00%  违规/局  0.81  紧急步   0.6%  位置进框(宽松) 75.6%

────────────────────────────────────────────────────────────────────────────────────────────────────────
▶ Discrete-safe_s1_F240discPpoS1  臂=Discrete-safe kind=shielded seed=1 步=10158080
  …下载 200/1300（失败 0）
  …下载 400/1300（失败 0）
  …下载 600/1300（失败 0）
  …下载 800/1300（失败 0）
  …下载 1000/1300（失败 0）
  …下载 1200/1300（失败 0）
  [锚点] 自记测试集 N=100：记录 92.00% vs 重评 92.00%（差 0.00pt）✅ 逐位复现
  全部                         n= 600  到达 93.00%±1.04  碰撞 0.00%  违规/局  1.28  紧急步   4.6%
  clean（没训练过）                n= 600  到达 93.00%±1.04  碰撞 0.00%  违规/局  1.28  紧急步   4.6%
  strict（真一眼没见过）             n= 600  到达 93.00%±1.04  碰撞 0.00%  违规/局  1.28  紧急步   4.6%
      平滑: jerk 0.902 转艏Δ 0.0126 油门Δ 0.0200 路径 4242m ｜ 次网格细调率: 转艏 0.000 油门 0.000 ｜ 转艏|Δω|: 让路步 0.0042 其他步 0.0126
    · crossing（strict）       n= 395  到达 92.66%±1.31  碰撞 0.00%  违规/局  0.70  紧急步   4.1%
    · head-on（strict）        n= 205  到达 93.66%±1.70  碰撞 0.00%  违规/局  2.39  紧急步   5.5%

────────────────────────────────────────────────────────────────────────────────────────────────────────
▶ Base_s1_F240basePpoS1  臂=Base kind=unshielded seed=1 步=10158080
  …下载 200/1300（失败 0）
  …下载 400/1300（失败 0）
  …下载 600/1300（失败 0）
  …下载 800/1300（失败 0）
  …下载 1000/1300（失败 0）
  …下载 1200/1300（失败 0）
  [锚点] 自记测试集 N=100：记录 97.00% vs 重评 97.00%（差 0.00pt）✅ 逐位复现
  全部                         n= 600  到达 97.67%±0.62  碰撞 2.33%  违规/局  2.82  紧急步   0.0%
  clean（没训练过）                n= 600  到达 97.67%±0.62  碰撞 2.33%  违规/局  2.82  紧急步   0.0%
  strict（真一眼没见过）             n= 600  到达 97.67%±0.62  碰撞 2.33%  违规/局  2.82  紧急步   0.0%
      平滑: jerk 0.870 转艏Δ 0.0127 油门Δ 0.0153 路径 4049m ｜ 次网格细调率: 转艏 0.000 油门 0.000 ｜ 转艏|Δω|: 让路步 — 其他步 0.0127
    · crossing（strict）       n= 395  到达 98.99%±0.50  碰撞 1.01%  违规/局  1.87  紧急步   0.0%
    · head-on（strict）        n= 205  到达 95.12%±1.50  碰撞 4.88%  违规/局  4.65  紧急步   0.0%

────────────────────────────────────────────────────────────────────────────────────────────────────────
▶ Rule-reward_s1_F240rrPpoS1  臂=Rule-reward kind=unshielded seed=1 步=10158080
  …下载 200/1300（失败 0）
  …下载 400/1300（失败 0）
  …下载 600/1300（失败 0）
  …下载 800/1300（失败 0）
  …下载 1000/1300（失败 0）
  …下载 1200/1300（失败 0）
  [锚点] 自记测试集 N=100：记录 0.00% vs 重评 0.00%（差 0.00pt）✅ 逐位复现
  全部                         n= 600  到达  0.00%±0.00  碰撞 1.00%  违规/局  2.40  紧急步   0.0%
  clean（没训练过）                n= 600  到达  0.00%±0.00  碰撞 1.00%  违规/局  2.40  紧急步   0.0%
  strict（真一眼没见过）             n= 600  到达  0.00%±0.00  碰撞 1.00%  违规/局  2.40  紧急步   0.0%
      平滑: jerk 1.116 转艏Δ 0.0126 油门Δ 0.0339 路径 7071m ｜ 次网格细调率: 转艏 0.000 油门 0.000 ｜ 转艏|Δω|: 让路步 — 其他步 0.0126
    · crossing（strict）       n= 395  到达  0.00%±0.00  碰撞 1.27%  违规/局  2.52  紧急步   0.0%
    · head-on（strict）        n= 205  到达  0.00%±0.00  碰撞 0.49%  违规/局  2.17  紧急步   0.0%

────────────────────────────────────────────────────────────────────────────────────────────────────────
▶ Continuous-safe_s1_F240ushPpoS1  臂=Continuous-safe kind=continuous seed=1 步=10158080
  …下载 200/1300（失败 0）
  …下载 400/1300（失败 0）
  …下载 600/1300（失败 0）
  …下载 800/1300（失败 0）
  …下载 1000/1300（失败 0）
  …下载 1200/1300（失败 0）
  [锚点] 自记测试集 N=100：记录 1.00% vs 重评 1.00%（差 0.00pt）✅ 逐位复现
  全部                         n= 600  到达  1.00%±0.41  碰撞 0.00%  违规/局  0.72  紧急步   2.9%  位置进框(宽松) 91.8%
  clean（没训练过）                n= 600  到达  1.00%±0.41  碰撞 0.00%  违规/局  0.72  紧急步   2.9%  位置进框(宽松) 91.8%
  strict（真一眼没见过）             n= 600  到达  1.00%±0.41  碰撞 0.00%  违规/局  0.72  紧急步   2.9%  位置进框(宽松) 91.8%
      平滑: jerk 1.724 转艏Δ 0.0174 油门Δ 0.0505 路径 7545m ｜ 次网格细调率: 转艏 0.016 油门 0.022 ｜ 转艏|Δω|: 让路步 — 其他步 0.0174
    · crossing（strict）       n= 395  到达  1.27%±0.56  碰撞 0.00%  违规/局  0.50  紧急步   3.9%  位置进框(宽松) 89.1%
    · head-on（strict）        n= 205  到达  0.49%±0.49  碰撞 0.00%  违规/局  1.15  紧急步   0.8%  位置进框(宽松) 97.1%

────────────────────────────────────────────────────────────────────────────────────────────────────────
▶ Continuous-safe_s1_F240ab0PpoS1  臂=Continuous-safe kind=continuous seed=1 步=10158080
  …下载 200/1300（失败 0）
  …下载 400/1300（失败 0）
  …下载 600/1300（失败 0）
  …下载 800/1300（失败 0）
  …下载 1000/1300（失败 0）
  …下载 1200/1300（失败 0）
  [锚点] 自记测试集 N=100：记录 88.00% vs 重评 88.00%（差 0.00pt）✅ 逐位复现
/root/miniconda3/lib/python3.10/site-packages/cvxpy/problems/problem.py:1539: UserWarning: Solution may be inaccurate. Try another solver, adjusting the solver settings, or solve with verbose=True for more information.
  warnings.warn(
  全部                         n= 600  到达 90.33%±1.21  碰撞 0.00%  违规/局  1.18  紧急步   2.3%  位置进框(宽松) 91.8%
  clean（没训练过）                n= 600  到达 90.33%±1.21  碰撞 0.00%  违规/局  1.18  紧急步   2.3%  位置进框(宽松) 91.8%
  strict（真一眼没见过）             n= 600  到达 90.33%±1.21  碰撞 0.00%  违规/局  1.18  紧急步   2.3%  位置进框(宽松) 91.8%
      平滑: jerk 0.909 转艏Δ 0.0152 油门Δ 0.0040 路径 4244m ｜ 次网格细调率: 转艏 0.002 油门 0.002 ｜ 转艏|Δω|: 让路步 0.0026 其他步 0.0152
    · crossing（strict）       n= 395  到达 93.92%±1.20  碰撞 0.00%  违规/局  0.65  紧急步   1.5%  位置进框(宽松) 95.2%
    · head-on（strict）        n= 205  到达 83.41%±2.60  碰撞 0.00%  违规/局  2.20  紧急步   3.8%  位置进框(宽松) 85.4%

────────────────────────────────────────────────────────────────────────────────────────────────────────
▶ Continuous-safe_s1_F240abBPpoS1  臂=Continuous-safe kind=continuous seed=1 步=10158080
  …下载 200/1300（失败 0）
  …下载 400/1300（失败 0）
  …下载 600/1300（失败 0）
  …下载 800/1300（失败 0）
  …下载 1000/1300（失败 0）
  …下载 1200/1300（失败 0）
  [锚点] 自记测试集 N=100：记录 33.00% vs 重评 33.00%（差 0.00pt）✅ 逐位复现
/root/miniconda3/lib/python3.10/site-packages/cvxpy/problems/problem.py:1539: UserWarning: Solution may be inaccurate. Try another solver, adjusting the solver settings, or solve with verbose=True for more information.
  warnings.warn(
  全部                         n= 600  到达 32.00%±1.90  碰撞 0.00%  违规/局  0.69  紧急步   3.8%  位置进框(宽松) 64.3%
  clean（没训练过）                n= 600  到达 32.00%±1.90  碰撞 0.00%  违规/局  0.69  紧急步   3.8%  位置进框(宽松) 64.3%
  strict（真一眼没见过）             n= 600  到达 32.00%±1.90  碰撞 0.00%  违规/局  0.69  紧急步   3.8%  位置进框(宽松) 64.3%
      平滑: jerk 0.468 转艏Δ 0.0059 油门Δ 0.0113 路径 4288m ｜ 次网格细调率: 转艏 0.652 油门 0.691 ｜ 转艏|Δω|: 让路步 0.0031 其他步 0.0059
    · crossing（strict）       n= 395  到达 32.91%±2.36  碰撞 0.00%  违规/局  0.38  紧急步   4.3%  位置进框(宽松) 68.9%
    · head-on（strict）        n= 205  到达 30.24%±3.21  碰撞 0.00%  违规/局  1.28  紧急步   2.8%  位置进框(宽松) 55.6%

────────────────────────────────────────────────────────────────────────────────────────────────────────
▶ Continuous-safe_s1_F240abGPpoS1  臂=Continuous-safe kind=continuous seed=1 步=10158080
  …下载 200/1300（失败 0）
  …下载 400/1300（失败 0）
  …下载 600/1300（失败 0）
  …下载 800/1300（失败 0）
  …下载 1000/1300（失败 0）
  …下载 1200/1300（失败 0）
  [锚点] 自记测试集 N=100：记录 79.00% vs 重评 79.00%（差 0.00pt）✅ 逐位复现
/root/miniconda3/lib/python3.10/site-packages/cvxpy/problems/problem.py:1539: UserWarning: Solution may be inaccurate. Try another solver, adjusting the solver settings, or solve with verbose=True for more information.
  warnings.warn(
  全部                         n= 600  到达 75.67%±1.75  碰撞 0.00%  违规/局  0.87  紧急步   3.4%  位置进框(宽松) 81.8%
  clean（没训练过）                n= 600  到达 75.67%±1.75  碰撞 0.00%  违规/局  0.87  紧急步   3.4%  位置进框(宽松) 81.8%
  strict（真一眼没见过）             n= 600  到达 75.67%±1.75  碰撞 0.00%  违规/局  0.87  紧急步   3.4%  位置进框(宽松) 81.8%
      平滑: jerk 0.880 转艏Δ 0.0150 油门Δ 0.0030 路径 4299m ｜ 次网格细调率: 转艏 0.002 油门 0.003 ｜ 转艏|Δω|: 让路步 0.0036 其他步 0.0151
    · crossing（strict）       n= 395  到达 83.54%±1.87  碰撞 0.00%  违规/局  0.63  紧急步   3.7%  位置进框(宽松) 86.1%
    · head-on（strict）        n= 205  到达 60.49%±3.41  碰撞 0.00%  违规/局  1.34  紧急步   2.7%  位置进框(宽松) 73.7%

────────────────────────────────────────────────────────────────────────────────────────────────────────
■ 锚点汇总（8 个 ckpt）：平均有符号差 +0.00pt · 最大绝对差 0.00pt · 8 个逐位复现 / 0 偏高 / 0 偏低
  判读：平均差 ≈ 0 且正负混杂 ⟹ 只是浮点重放噪声，**eval 配置正确**；若平均差明显偏离 0 且方向一致 ⟹ 配置很可能真的错了，别信本次数字。

[reeval_official] 完成 → /root/trb/结果/正式-末段/g1.json
[轨迹] 8 个 checkpoint × 23 个场景 → /root/trb/结果/正式-末段/g1_traj.json
