========================================================================================================
[reeval_official r13-2026-07-27] 发现 8 个 checkpoint：
  Continuous-safe_s2_F240oursPpoS2                     臂=Continuous-safe  kind=continuous  seed=2 步=10158080 数据集=manifest_official_1300.json 末段到达=83.0
  Discrete-safe_s2_F240discPpoS2                       臂=Discrete-safe    kind=shielded    seed=2 步=10158080 数据集=manifest_official_1300.json 末段到达=92.0
  Base_s2_F240basePpoS2                                臂=Base             kind=unshielded  seed=2 步=10158080 数据集=manifest_official_1300.json 末段到达=97.0
  Rule-reward_s2_F240rrPpoS2                           臂=Rule-reward      kind=unshielded  seed=2 步=10158080 数据集=manifest_official_1300.json 末段到达=98.0
  Continuous-safe_s2_F240ushPpoS2                      臂=Continuous-safe  kind=continuous  seed=2 步=10158080 数据集=manifest_official_1300.json 末段到达=88.0
  Continuous-safe_s2_F240ab0PpoS2                      臂=Continuous-safe  kind=continuous  seed=2 步=10158080 数据集=manifest_official_1300.json 末段到达=88.0
  Continuous-safe_s2_F240abBPpoS2                      臂=Continuous-safe  kind=continuous  seed=2 步=10158080 数据集=manifest_official_1300.json 末段到达=86.0
  Continuous-safe_s2_F240abGPpoS2                      臂=Continuous-safe  kind=continuous  seed=2 步=10158080 数据集=manifest_official_1300.json 末段到达=16.0
========================================================================================================
[env] 连续臂 eval env：shield=True cone=None v_floor=2.0 augment_rho=False 去朝向门=False
  [数据集] Continuous-safe_s2_F240oursPpoS2 ← manifest_official_1300.json：训练 1300 / 验证 100
  [数据集] Discrete-safe_s2_F240discPpoS2 ← manifest_official_1300.json：训练 1300 / 验证 100
  [数据集] Base_s2_F240basePpoS2 ← manifest_official_1300.json：训练 1300 / 验证 100
  [数据集] Rule-reward_s2_F240rrPpoS2 ← manifest_official_1300.json：训练 1300 / 验证 100
  [数据集] Continuous-safe_s2_F240ushPpoS2 ← manifest_official_1300.json：训练 1300 / 验证 100
  [数据集] Continuous-safe_s2_F240ab0PpoS2 ← manifest_official_1300.json：训练 1300 / 验证 100
  [数据集] Continuous-safe_s2_F240abBPpoS2 ← manifest_official_1300.json：训练 1300 / 验证 100
  [数据集] Continuous-safe_s2_F240abGPpoS2 ← manifest_official_1300.json：训练 1300 / 验证 100
  …下载 200/600（失败 0）
  …下载 400/600（失败 0）
  …下载 600/600（失败 0）

[池] 官方 1400/600 划分的测试 600（官方 2000 无追越）：N=600（请求 600）·二项 SE@p=0.8 ≈ 1.63pt
[口径] 全部 600 − 训练泄漏 0 = **clean 600** ； 再 − 验证泄漏 0 = **strict 600**
[分型] {'crossing': 395, 'head-on': 205}
[轨迹] 记 ['1', '100', '1006', '1016', '1142', '1181', '1326', '1382', '1546', '1602', '1764', '1802', '190', '217', '371', '410', '5', '540', '608', '714', '852', '920', '992'] 这几个场景的逐步轨迹（`04 §1.5` 第⑥条·离散臂与连续臂同格式可叠图）

────────────────────────────────────────────────────────────────────────────────────────────────────────
▶ Continuous-safe_s2_F240oursPpoS2  臂=Continuous-safe kind=continuous seed=2 步=10158080
  …下载 200/1300（失败 0）
  …下载 400/1300（失败 0）
  …下载 600/1300（失败 0）
  …下载 800/1300（失败 0）
  …下载 1000/1300（失败 0）
  …下载 1200/1300（失败 0）
  [锚点] 自记测试集 N=100：记录 83.00% vs 重评 83.00%（差 0.00pt）✅ 逐位复现
  全部                         n= 600  到达 85.67%±1.43  碰撞 0.00%  违规/局  0.62  紧急步   2.8%  位置进框(宽松) 87.2%
  clean（没训练过）                n= 600  到达 85.67%±1.43  碰撞 0.00%  违规/局  0.62  紧急步   2.8%  位置进框(宽松) 87.2%
  strict（真一眼没见过）             n= 600  到达 85.67%±1.43  碰撞 0.00%  违规/局  0.62  紧急步   2.8%  位置进框(宽松) 87.2%
      平滑: jerk 0.401 转艏Δ 0.0051 油门Δ 0.0092 路径 4390m ｜ 次网格细调率: 转艏 0.698 油门 0.648 ｜ 转艏|Δω|: 让路步 0.0028 其他步 0.0052
    · crossing（strict）       n= 395  到达 86.33%±1.73  碰撞 0.00%  违规/局  0.38  紧急步   2.8%  位置进框(宽松) 87.8%
    · head-on（strict）        n= 205  到达 84.39%±2.53  碰撞 0.00%  违规/局  1.07  紧急步   2.8%  位置进框(宽松) 85.9%

────────────────────────────────────────────────────────────────────────────────────────────────────────
▶ Discrete-safe_s2_F240discPpoS2  臂=Discrete-safe kind=shielded seed=2 步=10158080
  …下载 200/1300（失败 0）
  …下载 400/1300（失败 0）
  …下载 600/1300（失败 0）
  …下载 800/1300（失败 0）
  …下载 1000/1300（失败 0）
  …下载 1200/1300（失败 0）
  [锚点] 自记测试集 N=100：记录 92.00% vs 重评 92.00%（差 0.00pt）✅ 逐位复现
  全部                         n= 600  到达 95.33%±0.86  碰撞 0.00%  违规/局  1.10  紧急步   4.4%
  clean（没训练过）                n= 600  到达 95.33%±0.86  碰撞 0.00%  违规/局  1.10  紧急步   4.4%
  strict（真一眼没见过）             n= 600  到达 95.33%±0.86  碰撞 0.00%  违规/局  1.10  紧急步   4.4%
      平滑: jerk 0.768 转艏Δ 0.0100 油门Δ 0.0183 路径 4247m ｜ 次网格细调率: 转艏 0.000 油门 0.000 ｜ 转艏|Δω|: 让路步 0.0057 其他步 0.0100
    · crossing（strict）       n= 395  到达 96.20%±0.96  碰撞 0.00%  违规/局  0.57  紧急步   4.3%
    · head-on（strict）        n= 205  到达 93.66%±1.70  碰撞 0.00%  违规/局  2.11  紧急步   4.6%

────────────────────────────────────────────────────────────────────────────────────────────────────────
▶ Base_s2_F240basePpoS2  臂=Base kind=unshielded seed=2 步=10158080
  …下载 200/1300（失败 0）
  …下载 400/1300（失败 0）
  …下载 600/1300（失败 0）
  …下载 800/1300（失败 0）
  …下载 1000/1300（失败 0）
  …下载 1200/1300（失败 0）
  [锚点] 自记测试集 N=100：记录 97.00% vs 重评 97.00%（差 0.00pt）✅ 逐位复现
  全部                         n= 600  到达 98.67%±0.47  碰撞 1.33%  违规/局  3.23  紧急步   0.0%
  clean（没训练过）                n= 600  到达 98.67%±0.47  碰撞 1.33%  违规/局  3.23  紧急步   0.0%
  strict（真一眼没见过）             n= 600  到达 98.67%±0.47  碰撞 1.33%  违规/局  3.23  紧急步   0.0%
      平滑: jerk 0.923 转艏Δ 0.0139 油门Δ 0.0158 路径 4038m ｜ 次网格细调率: 转艏 0.000 油门 0.000 ｜ 转艏|Δω|: 让路步 — 其他步 0.0139
    · crossing（strict）       n= 395  到达 99.75%±0.25  碰撞 0.25%  违规/局  1.75  紧急步   0.0%
    · head-on（strict）        n= 205  到达 96.59%±1.27  碰撞 3.41%  违规/局  6.10  紧急步   0.0%

────────────────────────────────────────────────────────────────────────────────────────────────────────
▶ Rule-reward_s2_F240rrPpoS2  臂=Rule-reward kind=unshielded seed=2 步=10158080
  …下载 200/1300（失败 0）
  …下载 400/1300（失败 0）
  …下载 600/1300（失败 0）
  …下载 800/1300（失败 0）
  …下载 1000/1300（失败 0）
  …下载 1200/1300（失败 0）
  [锚点] 自记测试集 N=100：记录 98.00% vs 重评 98.00%（差 0.00pt）✅ 逐位复现
  全部                         n= 600  到达 98.50%±0.50  碰撞 1.33%  违规/局  2.93  紧急步   0.0%
  clean（没训练过）                n= 600  到达 98.50%±0.50  碰撞 1.33%  违规/局  2.93  紧急步   0.0%
  strict（真一眼没见过）             n= 600  到达 98.50%±0.50  碰撞 1.33%  违规/局  2.93  紧急步   0.0%
      平滑: jerk 0.867 转艏Δ 0.0130 油门Δ 0.0145 路径 4037m ｜ 次网格细调率: 转艏 0.000 油门 0.000 ｜ 转艏|Δω|: 让路步 — 其他步 0.0130
    · crossing（strict）       n= 395  到达 99.75%±0.25  碰撞 0.00%  违规/局  1.33  紧急步   0.0%
    · head-on（strict）        n= 205  到达 96.10%±1.35  碰撞 3.90%  违规/局  6.00  紧急步   0.0%

────────────────────────────────────────────────────────────────────────────────────────────────────────
▶ Continuous-safe_s2_F240ushPpoS2  臂=Continuous-safe kind=continuous seed=2 步=10158080
  …下载 200/1300（失败 0）
  …下载 400/1300（失败 0）
  …下载 600/1300（失败 0）
  …下载 800/1300（失败 0）
  …下载 1000/1300（失败 0）
  …下载 1200/1300（失败 0）
  [锚点] 自记测试集 N=100：记录 88.00% vs 重评 88.00%（差 0.00pt）✅ 逐位复现
  全部                         n= 600  到达 90.17%±1.22  碰撞 0.17%  违规/局  1.15  紧急步   3.2%  位置进框(宽松) 94.3%
  clean（没训练过）                n= 600  到达 90.17%±1.22  碰撞 0.17%  违规/局  1.15  紧急步   3.2%  位置进框(宽松) 94.3%
  strict（真一眼没见过）             n= 600  到达 90.17%±1.22  碰撞 0.17%  违规/局  1.15  紧急步   3.2%  位置进框(宽松) 94.3%
      平滑: jerk 1.614 转艏Δ 0.0261 油门Δ 0.0125 路径 4244m ｜ 次网格细调率: 转艏 0.002 油门 0.004 ｜ 转艏|Δω|: 让路步 0.0052 其他步 0.0261
    · crossing（strict）       n= 395  到达 91.65%±1.39  碰撞 0.00%  违规/局  0.64  紧急步   2.1%  位置进框(宽松) 94.9%
    · head-on（strict）        n= 205  到达 87.32%±2.32  碰撞 0.49%  违规/局  2.13  紧急步   5.2%  位置进框(宽松) 93.2%

────────────────────────────────────────────────────────────────────────────────────────────────────────
▶ Continuous-safe_s2_F240ab0PpoS2  臂=Continuous-safe kind=continuous seed=2 步=10158080
  …下载 200/1300（失败 0）
  …下载 400/1300（失败 0）
  …下载 600/1300（失败 0）
  …下载 800/1300（失败 0）
  …下载 1000/1300（失败 0）
  …下载 1200/1300（失败 0）
  [锚点] 自记测试集 N=100：记录 88.00% vs 重评 88.00%（差 0.00pt）✅ 逐位复现
  全部                         n= 600  到达 91.67%±1.13  碰撞 0.00%  违规/局  1.01  紧急步   2.7%  位置进框(宽松) 95.7%
  clean（没训练过）                n= 600  到达 91.67%±1.13  碰撞 0.00%  违规/局  1.01  紧急步   2.7%  位置进框(宽松) 95.7%
  strict（真一眼没见过）             n= 600  到达 91.67%±1.13  碰撞 0.00%  违规/局  1.01  紧急步   2.7%  位置进框(宽松) 95.7%
      平滑: jerk 0.958 转艏Δ 0.0158 油门Δ 0.0049 路径 4297m ｜ 次网格细调率: 转艏 0.003 油门 0.003 ｜ 转艏|Δω|: 让路步 0.0032 其他步 0.0158
    · crossing（strict）       n= 395  到达 92.91%±1.29  碰撞 0.00%  违规/局  0.65  紧急步   1.8%  位置进框(宽松) 95.9%
    · head-on（strict）        n= 205  到达 89.27%±2.16  碰撞 0.00%  违规/局  1.70  紧急步   4.4%  位置进框(宽松) 95.1%

────────────────────────────────────────────────────────────────────────────────────────────────────────
▶ Continuous-safe_s2_F240abBPpoS2  臂=Continuous-safe kind=continuous seed=2 步=10158080
  …下载 200/1300（失败 0）
  …下载 400/1300（失败 0）
  …下载 600/1300（失败 0）
  …下载 800/1300（失败 0）
  …下载 1000/1300（失败 0）
  …下载 1200/1300（失败 0）
  [锚点] 自记测试集 N=100：记录 86.00% vs 重评 86.00%（差 0.00pt）✅ 逐位复现
/root/miniconda3/lib/python3.10/site-packages/cvxpy/problems/problem.py:1539: UserWarning: Solution may be inaccurate. Try another solver, adjusting the solver settings, or solve with verbose=True for more information.
  warnings.warn(
  全部                         n= 600  到达 89.17%±1.27  碰撞 0.17%  违规/局  0.70  紧急步   1.5%  位置进框(宽松) 90.2%
  clean（没训练过）                n= 600  到达 89.17%±1.27  碰撞 0.17%  违规/局  0.70  紧急步   1.5%  位置进框(宽松) 90.2%
  strict（真一眼没见过）             n= 600  到达 89.17%±1.27  碰撞 0.17%  违规/局  0.70  紧急步   1.5%  位置进框(宽松) 90.2%
      平滑: jerk 0.504 转艏Δ 0.0070 油门Δ 0.0092 路径 4209m ｜ 次网格细调率: 转艏 0.615 油门 0.718 ｜ 转艏|Δω|: 让路步 0.0022 其他步 0.0070
    · crossing（strict）       n= 395  到达 92.66%±1.31  碰撞 0.00%  违规/局  0.42  紧急步   1.5%  位置进框(宽松) 93.4%
    · head-on（strict）        n= 205  到达 82.44%±2.66  碰撞 0.49%  违规/局  1.24  紧急步   1.6%  位置进框(宽松) 83.9%

────────────────────────────────────────────────────────────────────────────────────────────────────────
▶ Continuous-safe_s2_F240abGPpoS2  臂=Continuous-safe kind=continuous seed=2 步=10158080
  …下载 200/1300（失败 0）
  …下载 400/1300（失败 0）
  …下载 600/1300（失败 0）
  …下载 800/1300（失败 0）
  …下载 1000/1300（失败 0）
  …下载 1200/1300（失败 0）
  [锚点] 自记测试集 N=100：记录 16.00% vs 重评 16.00%（差 0.00pt）✅ 逐位复现
/root/miniconda3/lib/python3.10/site-packages/cvxpy/problems/problem.py:1539: UserWarning: Solution may be inaccurate. Try another solver, adjusting the solver settings, or solve with verbose=True for more information.
  warnings.warn(
  全部                         n= 600  到达 15.00%±1.46  碰撞 0.00%  违规/局  0.98  紧急步   2.9%  位置进框(宽松) 96.7%
  clean（没训练过）                n= 600  到达 15.00%±1.46  碰撞 0.00%  违规/局  0.98  紧急步   2.9%  位置进框(宽松) 96.7%
  strict（真一眼没见过）             n= 600  到达 15.00%±1.46  碰撞 0.00%  违规/局  0.98  紧急步   2.9%  位置进框(宽松) 96.7%
      平滑: jerk 0.855 转艏Δ 0.0145 油门Δ 0.0033 路径 4276m ｜ 次网格细调率: 转艏 0.007 油门 0.004 ｜ 转艏|Δω|: 让路步 0.0027 其他步 0.0145
    · crossing（strict）       n= 395  到达 17.97%±1.93  碰撞 0.00%  违规/局  0.83  紧急步   3.5%  位置进框(宽松) 95.4%
    · head-on（strict）        n= 205  到达  9.27%±2.03  碰撞 0.00%  违规/局  1.27  紧急步   1.7%  位置进框(宽松) 99.0%

────────────────────────────────────────────────────────────────────────────────────────────────────────
■ 锚点汇总（8 个 ckpt）：平均有符号差 +0.00pt · 最大绝对差 0.00pt · 8 个逐位复现 / 0 偏高 / 0 偏低
  判读：平均差 ≈ 0 且正负混杂 ⟹ 只是浮点重放噪声，**eval 配置正确**；若平均差明显偏离 0 且方向一致 ⟹ 配置很可能真的错了，别信本次数字。

[reeval_official] 完成 → /root/trb/结果/正式-末段/g2.json
[轨迹] 8 个 checkpoint × 23 个场景 → /root/trb/结果/正式-末段/g2_traj.json
