========================================================================================================
[reeval_official r13-2026-07-27] 发现 8 个 checkpoint：
  Continuous-safe_s3_F240oursPpoS3                     臂=Continuous-safe  kind=continuous  seed=3 步=10158080 数据集=manifest_official_1300.json 末段到达=87.0
  Discrete-safe_s3_F240discPpoS3                       臂=Discrete-safe    kind=shielded    seed=3 步=10158080 数据集=manifest_official_1300.json 末段到达=93.0
  Base_s3_F240basePpoS3                                臂=Base             kind=unshielded  seed=3 步=10158080 数据集=manifest_official_1300.json 末段到达=97.0
  Rule-reward_s3_F240rrPpoS3                           臂=Rule-reward      kind=unshielded  seed=3 步=10158080 数据集=manifest_official_1300.json 末段到达=99.0
  Continuous-safe_s3_F240ushPpoS3                      臂=Continuous-safe  kind=continuous  seed=3 步=10158080 数据集=manifest_official_1300.json 末段到达=1.0
  Continuous-safe_s3_F240ab0PpoS3                      臂=Continuous-safe  kind=continuous  seed=3 步=10158080 数据集=manifest_official_1300.json 末段到达=88.0
  Continuous-safe_s3_F240abBPpoS3                      臂=Continuous-safe  kind=continuous  seed=3 步=10158080 数据集=manifest_official_1300.json 末段到达=83.0
  Continuous-safe_s3_F240abGPpoS3                      臂=Continuous-safe  kind=continuous  seed=3 步=10158080 数据集=manifest_official_1300.json 末段到达=75.0
========================================================================================================
[env] 连续臂 eval env：shield=True cone=None v_floor=2.0 augment_rho=False 去朝向门=False
  [数据集] Continuous-safe_s3_F240oursPpoS3 ← manifest_official_1300.json：训练 1300 / 验证 100
  [数据集] Discrete-safe_s3_F240discPpoS3 ← manifest_official_1300.json：训练 1300 / 验证 100
  [数据集] Base_s3_F240basePpoS3 ← manifest_official_1300.json：训练 1300 / 验证 100
  [数据集] Rule-reward_s3_F240rrPpoS3 ← manifest_official_1300.json：训练 1300 / 验证 100
  [数据集] Continuous-safe_s3_F240ushPpoS3 ← manifest_official_1300.json：训练 1300 / 验证 100
  [数据集] Continuous-safe_s3_F240ab0PpoS3 ← manifest_official_1300.json：训练 1300 / 验证 100
  [数据集] Continuous-safe_s3_F240abBPpoS3 ← manifest_official_1300.json：训练 1300 / 验证 100
  [数据集] Continuous-safe_s3_F240abGPpoS3 ← manifest_official_1300.json：训练 1300 / 验证 100
  …下载 200/600（失败 0）
  …下载 400/600（失败 0）
  …下载 600/600（失败 0）

[池] 官方 1400/600 划分的测试 600（官方 2000 无追越）：N=600（请求 600）·二项 SE@p=0.8 ≈ 1.63pt
[口径] 全部 600 − 训练泄漏 0 = **clean 600** ； 再 − 验证泄漏 0 = **strict 600**
[分型] {'crossing': 395, 'head-on': 205}
[轨迹] 记 ['1', '100', '1006', '1016', '1142', '1181', '1326', '1382', '1546', '1602', '1764', '1802', '190', '217', '371', '410', '5', '540', '608', '714', '852', '920', '992'] 这几个场景的逐步轨迹（`04 §1.5` 第⑥条·离散臂与连续臂同格式可叠图）

────────────────────────────────────────────────────────────────────────────────────────────────────────
▶ Continuous-safe_s3_F240oursPpoS3  臂=Continuous-safe kind=continuous seed=3 步=10158080
  …下载 200/1300（失败 0）
  …下载 400/1300（失败 0）
  …下载 600/1300（失败 0）
  …下载 800/1300（失败 0）
  …下载 1000/1300（失败 0）
  …下载 1200/1300（失败 0）
/root/miniconda3/lib/python3.10/site-packages/cvxpy/problems/problem.py:1539: UserWarning: Solution may be inaccurate. Try another solver, adjusting the solver settings, or solve with verbose=True for more information.
  warnings.warn(
  [锚点] 自记测试集 N=100：记录 87.00% vs 重评 87.00%（差 0.00pt）✅ 逐位复现
  全部                         n= 600  到达 87.83%±1.33  碰撞 0.17%  违规/局  0.52  紧急步   1.5%  位置进框(宽松) 90.5%
  clean（没训练过）                n= 600  到达 87.83%±1.33  碰撞 0.17%  违规/局  0.52  紧急步   1.5%  位置进框(宽松) 90.5%
  strict（真一眼没见过）             n= 600  到达 87.83%±1.33  碰撞 0.17%  违规/局  0.52  紧急步   1.5%  位置进框(宽松) 90.5%
      平滑: jerk 0.376 转艏Δ 0.0050 油门Δ 0.0084 路径 4338m ｜ 次网格细调率: 转艏 0.698 油门 0.788 ｜ 转艏|Δω|: 让路步 0.0014 其他步 0.0050
    · crossing（strict）       n= 395  到达 88.86%±1.58  碰撞 0.00%  违规/局  0.25  紧急步   1.9%  位置进框(宽松) 90.4%
    · head-on（strict）        n= 205  到达 85.85%±2.43  碰撞 0.49%  违规/局  1.05  紧急步   0.7%  位置进框(宽松) 90.7%

────────────────────────────────────────────────────────────────────────────────────────────────────────
▶ Discrete-safe_s3_F240discPpoS3  臂=Discrete-safe kind=shielded seed=3 步=10158080
  …下载 200/1300（失败 0）
  …下载 400/1300（失败 0）
  …下载 600/1300（失败 0）
  …下载 800/1300（失败 0）
  …下载 1000/1300（失败 0）
  …下载 1200/1300（失败 0）
  [锚点] 自记测试集 N=100：记录 93.00% vs 重评 93.00%（差 0.00pt）✅ 逐位复现
  全部                         n= 600  到达 90.83%±1.18  碰撞 0.00%  违规/局  1.18  紧急步   4.0%
  clean（没训练过）                n= 600  到达 90.83%±1.18  碰撞 0.00%  违规/局  1.18  紧急步   4.0%
  strict（真一眼没见过）             n= 600  到达 90.83%±1.18  碰撞 0.00%  违规/局  1.18  紧急步   4.0%
      平滑: jerk 0.906 转艏Δ 0.0126 油门Δ 0.0198 路径 4246m ｜ 次网格细调率: 转艏 0.000 油门 0.000 ｜ 转艏|Δω|: 让路步 0.0045 其他步 0.0126
    · crossing（strict）       n= 395  到达 93.16%±1.27  碰撞 0.00%  违规/局  0.65  紧急步   3.6%
    · head-on（strict）        n= 205  到达 86.34%±2.40  碰撞 0.00%  违规/局  2.19  紧急步   4.7%

────────────────────────────────────────────────────────────────────────────────────────────────────────
▶ Base_s3_F240basePpoS3  臂=Base kind=unshielded seed=3 步=10158080
  …下载 200/1300（失败 0）
  …下载 400/1300（失败 0）
  …下载 600/1300（失败 0）
  …下载 800/1300（失败 0）
  …下载 1000/1300（失败 0）
  …下载 1200/1300（失败 0）
  [锚点] 自记测试集 N=100：记录 97.00% vs 重评 97.00%（差 0.00pt）✅ 逐位复现
  全部                         n= 600  到达 98.17%±0.55  碰撞 1.83%  违规/局  2.54  紧急步   0.0%
  clean（没训练过）                n= 600  到达 98.17%±0.55  碰撞 1.83%  违规/局  2.54  紧急步   0.0%
  strict（真一眼没见过）             n= 600  到达 98.17%±0.55  碰撞 1.83%  违规/局  2.54  紧急步   0.0%
      平滑: jerk 0.868 转艏Δ 0.0140 油门Δ 0.0108 路径 4030m ｜ 次网格细调率: 转艏 0.000 油门 0.000 ｜ 转艏|Δω|: 让路步 — 其他步 0.0140
    · crossing（strict）       n= 395  到达 99.75%±0.25  碰撞 0.25%  违规/局  1.36  紧急步   0.0%
    · head-on（strict）        n= 205  到达 95.12%±1.50  碰撞 4.88%  违规/局  4.81  紧急步   0.0%

────────────────────────────────────────────────────────────────────────────────────────────────────────
▶ Rule-reward_s3_F240rrPpoS3  臂=Rule-reward kind=unshielded seed=3 步=10158080
  …下载 200/1300（失败 0）
  …下载 400/1300（失败 0）
  …下载 600/1300（失败 0）
  …下载 800/1300（失败 0）
  …下载 1000/1300（失败 0）
  …下载 1200/1300（失败 0）
  [锚点] 自记测试集 N=100：记录 99.00% vs 重评 99.00%（差 0.00pt）✅ 逐位复现
  全部                         n= 600  到达 97.67%±0.62  碰撞 2.33%  违规/局  2.74  紧急步   0.0%
  clean（没训练过）                n= 600  到达 97.67%±0.62  碰撞 2.33%  违规/局  2.74  紧急步   0.0%
  strict（真一眼没见过）             n= 600  到达 97.67%±0.62  碰撞 2.33%  违规/局  2.74  紧急步   0.0%
      平滑: jerk 0.833 转艏Δ 0.0124 油门Δ 0.0143 路径 4037m ｜ 次网格细调率: 转艏 0.000 油门 0.000 ｜ 转艏|Δω|: 让路步 — 其他步 0.0124
    · crossing（strict）       n= 395  到达 98.73%±0.56  碰撞 1.27%  违规/局  1.70  紧急步   0.0%
    · head-on（strict）        n= 205  到达 95.61%±1.43  碰撞 4.39%  违规/局  4.73  紧急步   0.0%

────────────────────────────────────────────────────────────────────────────────────────────────────────
▶ Continuous-safe_s3_F240ushPpoS3  臂=Continuous-safe kind=continuous seed=3 步=10158080
  …下载 200/1300（失败 0）
  …下载 400/1300（失败 0）
  …下载 600/1300（失败 0）
  …下载 800/1300（失败 0）
  …下载 1000/1300（失败 0）
  …下载 1200/1300（失败 0）
  [锚点] 自记测试集 N=100：记录 1.00% vs 重评 1.00%（差 0.00pt）✅ 逐位复现
  全部                         n= 600  到达  0.67%±0.33  碰撞 0.00%  违规/局  0.53  紧急步   3.2%  位置进框(宽松) 48.8%
  clean（没训练过）                n= 600  到达  0.67%±0.33  碰撞 0.00%  违规/局  0.53  紧急步   3.2%  位置进框(宽松) 48.8%
  strict（真一眼没见过）             n= 600  到达  0.67%±0.33  碰撞 0.00%  违规/局  0.53  紧急步   3.2%  位置进框(宽松) 48.8%
      平滑: jerk 1.717 转艏Δ 0.0266 油门Δ 0.0215 路径 5058m ｜ 次网格细调率: 转艏 0.009 油门 0.006 ｜ 转艏|Δω|: 让路步 0.0015 其他步 0.0270
    · crossing（strict）       n= 395  到达  0.25%±0.25  碰撞 0.00%  违规/局  0.44  紧急步   4.6%  位置进框(宽松) 41.8%
    · head-on（strict）        n= 205  到达  1.46%±0.84  碰撞 0.00%  违规/局  0.72  紧急步   0.4%  位置进框(宽松) 62.4%

────────────────────────────────────────────────────────────────────────────────────────────────────────
▶ Continuous-safe_s3_F240ab0PpoS3  臂=Continuous-safe kind=continuous seed=3 步=10158080
  …下载 200/1300（失败 0）
  …下载 400/1300（失败 0）
  …下载 600/1300（失败 0）
  …下载 800/1300（失败 0）
  …下载 1000/1300（失败 0）
  …下载 1200/1300（失败 0）
  [锚点] 自记测试集 N=100：记录 88.00% vs 重评 88.00%（差 0.00pt）✅ 逐位复现
  全部                         n= 600  到达 88.17%±1.32  碰撞 0.33%  违规/局  1.35  紧急步   3.6%  位置进框(宽松) 92.3%
  clean（没训练过）                n= 600  到达 88.17%±1.32  碰撞 0.33%  违规/局  1.35  紧急步   3.6%  位置进框(宽松) 92.3%
  strict（真一眼没见过）             n= 600  到达 88.17%±1.32  碰撞 0.33%  违规/局  1.35  紧急步   3.6%  位置进框(宽松) 92.3%
      平滑: jerk 0.934 转艏Δ 0.0157 油门Δ 0.0040 路径 4210m ｜ 次网格细调率: 转艏 0.002 油门 0.002 ｜ 转艏|Δω|: 让路步 0.0030 其他步 0.0157
    · crossing（strict）       n= 395  到达 91.90%±1.37  碰撞 0.25%  违规/局  0.87  紧急步   3.0%  位置进框(宽松) 93.9%
    · head-on（strict）        n= 205  到达 80.98%±2.74  碰撞 0.49%  违规/局  2.29  紧急步   4.9%  位置进框(宽松) 89.3%

────────────────────────────────────────────────────────────────────────────────────────────────────────
▶ Continuous-safe_s3_F240abBPpoS3  臂=Continuous-safe kind=continuous seed=3 步=10158080
  …下载 200/1300（失败 0）
  …下载 400/1300（失败 0）
  …下载 600/1300（失败 0）
  …下载 800/1300（失败 0）
  …下载 1000/1300（失败 0）
  …下载 1200/1300（失败 0）
  [锚点] 自记测试集 N=100：记录 83.00% vs 重评 83.00%（差 0.00pt）✅ 逐位复现
  全部                         n= 600  到达 86.50%±1.40  碰撞 0.17%  违规/局  0.75  紧急步   2.8%  位置进框(宽松) 89.8%
  clean（没训练过）                n= 600  到达 86.50%±1.40  碰撞 0.17%  违规/局  0.75  紧急步   2.8%  位置进框(宽松) 89.8%
  strict（真一眼没见过）             n= 600  到达 86.50%±1.40  碰撞 0.17%  违规/局  0.75  紧急步   2.8%  位置进框(宽松) 89.8%
      平滑: jerk 0.569 转艏Δ 0.0085 油门Δ 0.0093 路径 4151m ｜ 次网格细调率: 转艏 0.512 油门 0.786 ｜ 转艏|Δω|: 让路步 0.0018 其他步 0.0085
    · crossing（strict）       n= 395  到达 90.89%±1.45  碰撞 0.00%  违规/局  0.44  紧急步   2.2%  位置进框(宽松) 93.4%
    · head-on（strict）        n= 205  到达 78.05%±2.89  碰撞 0.49%  违规/局  1.36  紧急步   4.0%  位置进框(宽松) 82.9%

────────────────────────────────────────────────────────────────────────────────────────────────────────
▶ Continuous-safe_s3_F240abGPpoS3  臂=Continuous-safe kind=continuous seed=3 步=10158080
  …下载 200/1300（失败 0）
  …下载 400/1300（失败 0）
  …下载 600/1300（失败 0）
  …下载 800/1300（失败 0）
  …下载 1000/1300（失败 0）
  …下载 1200/1300（失败 0）
  [锚点] 自记测试集 N=100：记录 75.00% vs 重评 75.00%（差 0.00pt）✅ 逐位复现
/root/miniconda3/lib/python3.10/site-packages/cvxpy/problems/problem.py:1539: UserWarning: Solution may be inaccurate. Try another solver, adjusting the solver settings, or solve with verbose=True for more information.
  warnings.warn(
  全部                         n= 600  到达 76.67%±1.73  碰撞 0.00%  违规/局  0.76  紧急步   2.9%  位置进框(宽松) 83.0%
  clean（没训练过）                n= 600  到达 76.67%±1.73  碰撞 0.00%  违规/局  0.76  紧急步   2.9%  位置进框(宽松) 83.0%
  strict（真一眼没见过）             n= 600  到达 76.67%±1.73  碰撞 0.00%  违规/局  0.76  紧急步   2.9%  位置进框(宽松) 83.0%
      平滑: jerk 1.298 转艏Δ 0.0219 油门Δ 0.0056 路径 4276m ｜ 次网格细调率: 转艏 0.001 油门 0.002 ｜ 转艏|Δω|: 让路步 0.0052 其他步 0.0220
    · crossing（strict）       n= 395  到达 79.75%±2.02  碰撞 0.00%  违规/局  0.59  紧急步   3.3%  位置进框(宽松) 85.3%
    · head-on（strict）        n= 205  到达 70.73%±3.18  碰撞 0.00%  违规/局  1.07  紧急步   2.1%  位置进框(宽松) 78.5%

────────────────────────────────────────────────────────────────────────────────────────────────────────
■ 锚点汇总（8 个 ckpt）：平均有符号差 +0.00pt · 最大绝对差 0.00pt · 8 个逐位复现 / 0 偏高 / 0 偏低
  判读：平均差 ≈ 0 且正负混杂 ⟹ 只是浮点重放噪声，**eval 配置正确**；若平均差明显偏离 0 且方向一致 ⟹ 配置很可能真的错了，别信本次数字。

[reeval_official] 完成 → /root/trb/结果/正式-末段/g3.json
[轨迹] 8 个 checkpoint × 23 个场景 → /root/trb/结果/正式-末段/g3_traj.json
