========================================================================================================
[reeval_official r13-2026-07-27] 发现 8 个 checkpoint：
  Continuous-safe_s4_F240oursPpoS4                     臂=Continuous-safe  kind=continuous  seed=4 步=10158080 数据集=manifest_official_1300.json 末段到达=90.0
  Discrete-safe_s4_F240discPpoS4                       臂=Discrete-safe    kind=shielded    seed=4 步=10158080 数据集=manifest_official_1300.json 末段到达=94.0
  Base_s4_F240basePpoS4                                臂=Base             kind=unshielded  seed=4 步=10158080 数据集=manifest_official_1300.json 末段到达=95.0
  Rule-reward_s4_F240rrPpoS4                           臂=Rule-reward      kind=unshielded  seed=4 步=10158080 数据集=manifest_official_1300.json 末段到达=95.0
  Continuous-safe_s4_F240ushPpoS4                      臂=Continuous-safe  kind=continuous  seed=4 步=10158080 数据集=manifest_official_1300.json 末段到达=86.0
  Continuous-safe_s4_F240ab0PpoS4                      臂=Continuous-safe  kind=continuous  seed=4 步=10158080 数据集=manifest_official_1300.json 末段到达=1.0
  Continuous-safe_s4_F240abBPpoS4                      臂=Continuous-safe  kind=continuous  seed=4 步=10158080 数据集=manifest_official_1300.json 末段到达=95.0
  Continuous-safe_s4_F240abGPpoS4                      臂=Continuous-safe  kind=continuous  seed=4 步=10158080 数据集=manifest_official_1300.json 末段到达=0.0
========================================================================================================
[env] 连续臂 eval env：shield=True cone=None v_floor=2.0 augment_rho=False 去朝向门=False
  [数据集] Continuous-safe_s4_F240oursPpoS4 ← manifest_official_1300.json：训练 1300 / 验证 100
  [数据集] Discrete-safe_s4_F240discPpoS4 ← manifest_official_1300.json：训练 1300 / 验证 100
  [数据集] Base_s4_F240basePpoS4 ← manifest_official_1300.json：训练 1300 / 验证 100
  [数据集] Rule-reward_s4_F240rrPpoS4 ← manifest_official_1300.json：训练 1300 / 验证 100
  [数据集] Continuous-safe_s4_F240ushPpoS4 ← manifest_official_1300.json：训练 1300 / 验证 100
  [数据集] Continuous-safe_s4_F240ab0PpoS4 ← manifest_official_1300.json：训练 1300 / 验证 100
  [数据集] Continuous-safe_s4_F240abBPpoS4 ← manifest_official_1300.json：训练 1300 / 验证 100
  [数据集] Continuous-safe_s4_F240abGPpoS4 ← manifest_official_1300.json：训练 1300 / 验证 100
  …下载 200/600（失败 0）
  …下载 400/600（失败 0）
  …下载 600/600（失败 0）

[池] 官方 1400/600 划分的测试 600（官方 2000 无追越）：N=600（请求 600）·二项 SE@p=0.8 ≈ 1.63pt
[口径] 全部 600 − 训练泄漏 0 = **clean 600** ； 再 − 验证泄漏 0 = **strict 600**
[分型] {'crossing': 395, 'head-on': 205}
[轨迹] 记 ['1', '100', '1006', '1016', '1142', '1181', '1326', '1382', '1546', '1602', '1764', '1802', '190', '217', '371', '410', '5', '540', '608', '714', '852', '920', '992'] 这几个场景的逐步轨迹（`04 §1.5` 第⑥条·离散臂与连续臂同格式可叠图）

────────────────────────────────────────────────────────────────────────────────────────────────────────
▶ Continuous-safe_s4_F240oursPpoS4  臂=Continuous-safe kind=continuous seed=4 步=10158080
  …下载 200/1300（失败 0）
  …下载 400/1300（失败 0）
  …下载 600/1300（失败 0）
  …下载 800/1300（失败 0）
  …下载 1000/1300（失败 0）
  …下载 1200/1300（失败 0）
  [锚点] 自记测试集 N=100：记录 90.00% vs 重评 90.00%（差 0.00pt）✅ 逐位复现
/root/miniconda3/lib/python3.10/site-packages/cvxpy/problems/problem.py:1539: UserWarning: Solution may be inaccurate. Try another solver, adjusting the solver settings, or solve with verbose=True for more information.
  warnings.warn(
  全部                         n= 600  到达 91.00%±1.17  碰撞 0.33%  违规/局  0.66  紧急步   2.1%  位置进框(宽松) 92.8%
  clean（没训练过）                n= 600  到达 91.00%±1.17  碰撞 0.33%  违规/局  0.66  紧急步   2.1%  位置进框(宽松) 92.8%
  strict（真一眼没见过）             n= 600  到达 91.00%±1.17  碰撞 0.33%  违规/局  0.66  紧急步   2.1%  位置进框(宽松) 92.8%
      平滑: jerk 0.410 转艏Δ 0.0053 油门Δ 0.0093 路径 4314m ｜ 次网格细调率: 转艏 0.692 油门 0.732 ｜ 转艏|Δω|: 让路步 0.0027 其他步 0.0053
    · crossing（strict）       n= 395  到达 92.66%±1.31  碰撞 0.00%  违规/局  0.38  紧急步   2.3%  位置进框(宽松) 93.7%
    · head-on（strict）        n= 205  到达 87.80%±2.29  碰撞 0.98%  违规/局  1.19  紧急步   1.7%  位置进框(宽松) 91.2%

────────────────────────────────────────────────────────────────────────────────────────────────────────
▶ Discrete-safe_s4_F240discPpoS4  臂=Discrete-safe kind=shielded seed=4 步=10158080
  …下载 200/1300（失败 0）
  …下载 400/1300（失败 0）
  …下载 600/1300（失败 0）
  …下载 800/1300（失败 0）
  …下载 1000/1300（失败 0）
  …下载 1200/1300（失败 0）
  [锚点] 自记测试集 N=100：记录 94.00% vs 重评 94.00%（差 0.00pt）✅ 逐位复现
  全部                         n= 600  到达 94.17%±0.96  碰撞 0.17%  违规/局  1.09  紧急步   4.7%
  clean（没训练过）                n= 600  到达 94.17%±0.96  碰撞 0.17%  违规/局  1.09  紧急步   4.7%
  strict（真一眼没见过）             n= 600  到达 94.17%±0.96  碰撞 0.17%  违规/局  1.09  紧急步   4.7%
      平滑: jerk 0.817 转艏Δ 0.0107 油门Δ 0.0197 路径 4230m ｜ 次网格细调率: 转艏 0.000 油门 0.000 ｜ 转艏|Δω|: 让路步 0.0054 其他步 0.0107
    · crossing（strict）       n= 395  到达 95.44%±1.05  碰撞 0.00%  违规/局  0.59  紧急步   4.9%
    · head-on（strict）        n= 205  到达 91.71%±1.93  碰撞 0.49%  违规/局  2.05  紧急步   4.4%

────────────────────────────────────────────────────────────────────────────────────────────────────────
▶ Base_s4_F240basePpoS4  臂=Base kind=unshielded seed=4 步=10158080
  …下载 200/1300（失败 0）
  …下载 400/1300（失败 0）
  …下载 600/1300（失败 0）
  …下载 800/1300（失败 0）
  …下载 1000/1300（失败 0）
  …下载 1200/1300（失败 0）
  [锚点] 自记测试集 N=100：记录 95.00% vs 重评 95.00%（差 0.00pt）✅ 逐位复现
  全部                         n= 600  到达 98.00%±0.57  碰撞 1.67%  违规/局  3.25  紧急步   0.0%
  clean（没训练过）                n= 600  到达 98.00%±0.57  碰撞 1.67%  违规/局  3.25  紧急步   0.0%
  strict（真一眼没见过）             n= 600  到达 98.00%±0.57  碰撞 1.67%  违规/局  3.25  紧急步   0.0%
      平滑: jerk 0.900 转艏Δ 0.0128 油门Δ 0.0186 路径 4052m ｜ 次网格细调率: 转艏 0.000 油门 0.000 ｜ 转艏|Δω|: 让路步 — 其他步 0.0128
    · crossing（strict）       n= 395  到达 99.49%±0.36  碰撞 0.51%  违规/局  1.51  紧急步   0.0%
    · head-on（strict）        n= 205  到达 95.12%±1.50  碰撞 3.90%  违规/局  6.60  紧急步   0.0%

────────────────────────────────────────────────────────────────────────────────────────────────────────
▶ Rule-reward_s4_F240rrPpoS4  臂=Rule-reward kind=unshielded seed=4 步=10158080
  …下载 200/1300（失败 0）
  …下载 400/1300（失败 0）
  …下载 600/1300（失败 0）
  …下载 800/1300（失败 0）
  …下载 1000/1300（失败 0）
  …下载 1200/1300（失败 0）
  [锚点] 自记测试集 N=100：记录 95.00% vs 重评 95.00%（差 0.00pt）✅ 逐位复现
  全部                         n= 600  到达 98.17%±0.55  碰撞 1.67%  违规/局  3.34  紧急步   0.0%
  clean（没训练过）                n= 600  到达 98.17%±0.55  碰撞 1.67%  违规/局  3.34  紧急步   0.0%
  strict（真一眼没见过）             n= 600  到达 98.17%±0.55  碰撞 1.67%  违规/局  3.34  紧急步   0.0%
      平滑: jerk 0.887 转艏Δ 0.0128 油门Δ 0.0168 路径 4052m ｜ 次网格细调率: 转艏 0.000 油门 0.000 ｜ 转艏|Δω|: 让路步 — 其他步 0.0128
    · crossing（strict）       n= 395  到达 99.24%±0.44  碰撞 0.76%  违规/局  1.69  紧急步   0.0%
    · head-on（strict）        n= 205  到达 96.10%±1.35  碰撞 3.41%  违规/局  6.51  紧急步   0.0%

────────────────────────────────────────────────────────────────────────────────────────────────────────
▶ Continuous-safe_s4_F240ushPpoS4  臂=Continuous-safe kind=continuous seed=4 步=10158080
  …下载 200/1300（失败 0）
  …下载 400/1300（失败 0）
  …下载 600/1300（失败 0）
  …下载 800/1300（失败 0）
  …下载 1000/1300（失败 0）
  …下载 1200/1300（失败 0）
  [锚点] 自记测试集 N=100：记录 86.00% vs 重评 86.00%（差 0.00pt）✅ 逐位复现
/root/miniconda3/lib/python3.10/site-packages/cvxpy/problems/problem.py:1539: UserWarning: Solution may be inaccurate. Try another solver, adjusting the solver settings, or solve with verbose=True for more information.
  warnings.warn(
  全部                         n= 600  到达 85.00%±1.46  碰撞 0.00%  违规/局  1.31  紧急步   3.4%  位置进框(宽松) 89.3%
  clean（没训练过）                n= 600  到达 85.00%±1.46  碰撞 0.00%  违规/局  1.31  紧急步   3.4%  位置进框(宽松) 89.3%
  strict（真一眼没见过）             n= 600  到达 85.00%±1.46  碰撞 0.00%  违规/局  1.31  紧急步   3.4%  位置进框(宽松) 89.3%
      平滑: jerk 1.493 转艏Δ 0.0255 油门Δ 0.0059 路径 4206m ｜ 次网格细调率: 转艏 0.001 油门 0.002 ｜ 转艏|Δω|: 让路步 0.0054 其他步 0.0255
    · crossing（strict）       n= 395  到达 87.85%±1.64  碰撞 0.00%  违规/局  0.83  紧急步   3.3%  位置进框(宽松) 92.4%
    · head-on（strict）        n= 205  到达 79.51%±2.82  碰撞 0.00%  违规/局  2.23  紧急步   3.7%  位置进框(宽松) 83.4%

────────────────────────────────────────────────────────────────────────────────────────────────────────
▶ Continuous-safe_s4_F240ab0PpoS4  臂=Continuous-safe kind=continuous seed=4 步=10158080
  …下载 200/1300（失败 0）
  …下载 400/1300（失败 0）
  …下载 600/1300（失败 0）
  …下载 800/1300（失败 0）
  …下载 1000/1300（失败 0）
  …下载 1200/1300（失败 0）
  [锚点] 自记测试集 N=100：记录 1.00% vs 重评 1.00%（差 0.00pt）✅ 逐位复现
  全部                         n= 600  到达  0.50%±0.29  碰撞 0.33%  违规/局  0.58  紧急步   1.3%  位置进框(宽松) 49.0%
  clean（没训练过）                n= 600  到达  0.50%±0.29  碰撞 0.33%  违规/局  0.58  紧急步   1.3%  位置进框(宽松) 49.0%
  strict（真一眼没见过）             n= 600  到达  0.50%±0.29  碰撞 0.33%  违规/局  0.58  紧急步   1.3%  位置进框(宽松) 49.0%
      平滑: jerk 1.181 转艏Δ 0.0144 油门Δ 0.0262 路径 7766m ｜ 次网格细调率: 转艏 0.007 油门 0.043 ｜ 转艏|Δω|: 让路步 — 其他步 0.0144
    · crossing（strict）       n= 395  到达  0.51%±0.36  碰撞 0.51%  违规/局  0.54  紧急步   1.8%  位置进框(宽松) 56.5%
    · head-on（strict）        n= 205  到达  0.49%±0.49  碰撞 0.00%  违规/局  0.66  紧急步   0.4%  位置进框(宽松) 34.6%

────────────────────────────────────────────────────────────────────────────────────────────────────────
▶ Continuous-safe_s4_F240abBPpoS4  臂=Continuous-safe kind=continuous seed=4 步=10158080
  …下载 200/1300（失败 0）
  …下载 400/1300（失败 0）
  …下载 600/1300（失败 0）
  …下载 800/1300（失败 0）
  …下载 1000/1300（失败 0）
  …下载 1200/1300（失败 0）
  [锚点] 自记测试集 N=100：记录 95.00% vs 重评 95.00%（差 0.00pt）✅ 逐位复现
  全部                         n= 600  到达 92.83%±1.05  碰撞 0.17%  违规/局  0.67  紧急步   2.2%  位置进框(宽松) 94.8%
  clean（没训练过）                n= 600  到达 92.83%±1.05  碰撞 0.17%  违规/局  0.67  紧急步   2.2%  位置进框(宽松) 94.8%
  strict（真一眼没见过）             n= 600  到达 92.83%±1.05  碰撞 0.17%  违规/局  0.67  紧急步   2.2%  位置进框(宽松) 94.8%
      平滑: jerk 0.358 转艏Δ 0.0046 油门Δ 0.0083 路径 4193m ｜ 次网格细调率: 转艏 0.736 油门 0.812 ｜ 转艏|Δω|: 让路步 0.0020 其他步 0.0046
    · crossing（strict）       n= 395  到达 94.18%±1.18  碰撞 0.00%  违规/局  0.37  紧急步   1.7%  位置进框(宽松) 95.2%
    · head-on（strict）        n= 205  到达 90.24%±2.07  碰撞 0.49%  违规/局  1.23  紧急步   2.9%  位置进框(宽松) 94.1%

────────────────────────────────────────────────────────────────────────────────────────────────────────
▶ Continuous-safe_s4_F240abGPpoS4  臂=Continuous-safe kind=continuous seed=4 步=10158080
  …下载 200/1300（失败 0）
  …下载 400/1300（失败 0）
  …下载 600/1300（失败 0）
  …下载 800/1300（失败 0）
  …下载 1000/1300（失败 0）
  …下载 1200/1300（失败 0）
  [锚点] 自记测试集 N=100：记录 0.00% vs 重评 0.00%（差 0.00pt）✅ 逐位复现
/root/miniconda3/lib/python3.10/site-packages/cvxpy/problems/problem.py:1539: UserWarning: Solution may be inaccurate. Try another solver, adjusting the solver settings, or solve with verbose=True for more information.
  warnings.warn(
  全部                         n= 600  到达  0.67%±0.33  碰撞 0.00%  违规/局  0.97  紧急步   4.0%  位置进框(宽松) 43.0%
  clean（没训练过）                n= 600  到达  0.67%±0.33  碰撞 0.00%  违规/局  0.97  紧急步   4.0%  位置进框(宽松) 43.0%
  strict（真一眼没见过）             n= 600  到达  0.67%±0.33  碰撞 0.00%  违规/局  0.97  紧急步   4.0%  位置进框(宽松) 43.0%
      平滑: jerk 1.070 转艏Δ 0.0115 油门Δ 0.0255 路径 7350m ｜ 次网格细调率: 转艏 0.005 油门 0.026 ｜ 转艏|Δω|: 让路步 — 其他步 0.0115
    · crossing（strict）       n= 395  到达  1.01%±0.50  碰撞 0.00%  违规/局  0.71  紧急步   5.1%  位置进框(宽松) 55.4%
    · head-on（strict）        n= 205  到达  0.00%±0.00  碰撞 0.00%  违规/局  1.49  紧急步   1.9%  位置进框(宽松) 19.0%

────────────────────────────────────────────────────────────────────────────────────────────────────────
■ 锚点汇总（8 个 ckpt）：平均有符号差 +0.00pt · 最大绝对差 0.00pt · 8 个逐位复现 / 0 偏高 / 0 偏低
  判读：平均差 ≈ 0 且正负混杂 ⟹ 只是浮点重放噪声，**eval 配置正确**；若平均差明显偏离 0 且方向一致 ⟹ 配置很可能真的错了，别信本次数字。

[reeval_official] 完成 → /root/trb/结果/正式-末段/g4.json
[轨迹] 8 个 checkpoint × 23 个场景 → /root/trb/结果/正式-末段/g4_traj.json
