========================================================================================================
[reeval_official r13-2026-07-27] 发现 8 个 checkpoint：
  Continuous-safe_s5_F240oursPpoS5                     臂=Continuous-safe  kind=continuous  seed=5 步=10158080 数据集=manifest_official_1300.json 末段到达=92.0
  Discrete-safe_s5_F240discPpoS5                       臂=Discrete-safe    kind=shielded    seed=5 步=10158080 数据集=manifest_official_1300.json 末段到达=0.0
  Base_s5_F240basePpoS5                                臂=Base             kind=unshielded  seed=5 步=10158080 数据集=manifest_official_1300.json 末段到达=98.0
  Rule-reward_s5_F240rrPpoS5                           臂=Rule-reward      kind=unshielded  seed=5 步=10158080 数据集=manifest_official_1300.json 末段到达=95.0
  Continuous-safe_s5_F240ushPpoS5                      臂=Continuous-safe  kind=continuous  seed=5 步=10158080 数据集=manifest_official_1300.json 末段到达=74.0
  Continuous-safe_s5_F240ab0PpoS5                      臂=Continuous-safe  kind=continuous  seed=5 步=10158080 数据集=manifest_official_1300.json 末段到达=87.0
  Continuous-safe_s5_F240abBPpoS5                      臂=Continuous-safe  kind=continuous  seed=5 步=10158080 数据集=manifest_official_1300.json 末段到达=91.0
  Continuous-safe_s5_F240abGPpoS5                      臂=Continuous-safe  kind=continuous  seed=5 步=10158080 数据集=manifest_official_1300.json 末段到达=82.0
========================================================================================================
[env] 连续臂 eval env：shield=True cone=None v_floor=2.0 augment_rho=False 去朝向门=False
  [数据集] Continuous-safe_s5_F240oursPpoS5 ← manifest_official_1300.json：训练 1300 / 验证 100
  [数据集] Discrete-safe_s5_F240discPpoS5 ← manifest_official_1300.json：训练 1300 / 验证 100
  [数据集] Base_s5_F240basePpoS5 ← manifest_official_1300.json：训练 1300 / 验证 100
  [数据集] Rule-reward_s5_F240rrPpoS5 ← manifest_official_1300.json：训练 1300 / 验证 100
  [数据集] Continuous-safe_s5_F240ushPpoS5 ← manifest_official_1300.json：训练 1300 / 验证 100
  [数据集] Continuous-safe_s5_F240ab0PpoS5 ← manifest_official_1300.json：训练 1300 / 验证 100
  [数据集] Continuous-safe_s5_F240abBPpoS5 ← manifest_official_1300.json：训练 1300 / 验证 100
  [数据集] Continuous-safe_s5_F240abGPpoS5 ← manifest_official_1300.json：训练 1300 / 验证 100
  …下载 200/600（失败 0）
  …下载 400/600（失败 0）
  …下载 600/600（失败 0）

[池] 官方 1400/600 划分的测试 600（官方 2000 无追越）：N=600（请求 600）·二项 SE@p=0.8 ≈ 1.63pt
[口径] 全部 600 − 训练泄漏 0 = **clean 600** ； 再 − 验证泄漏 0 = **strict 600**
[分型] {'crossing': 395, 'head-on': 205}
[轨迹] 记 ['1', '100', '1006', '1016', '1142', '1181', '1326', '1382', '1546', '1602', '1764', '1802', '190', '217', '371', '410', '5', '540', '608', '714', '852', '920', '992'] 这几个场景的逐步轨迹（`04 §1.5` 第⑥条·离散臂与连续臂同格式可叠图）

────────────────────────────────────────────────────────────────────────────────────────────────────────
▶ Continuous-safe_s5_F240oursPpoS5  臂=Continuous-safe kind=continuous seed=5 步=10158080
  …下载 200/1300（失败 0）
  …下载 400/1300（失败 0）
  …下载 600/1300（失败 0）
  …下载 800/1300（失败 0）
  …下载 1000/1300（失败 0）
  …下载 1200/1300（失败 0）
  [锚点] 自记测试集 N=100：记录 92.00% vs 重评 92.00%（差 0.00pt）✅ 逐位复现
/root/miniconda3/lib/python3.10/site-packages/cvxpy/problems/problem.py:1539: UserWarning: Solution may be inaccurate. Try another solver, adjusting the solver settings, or solve with verbose=True for more information.
  warnings.warn(
  全部                         n= 600  到达 94.33%±0.94  碰撞 0.17%  违规/局  0.57  紧急步   1.2%  位置进框(宽松) 95.2%
  clean（没训练过）                n= 600  到达 94.33%±0.94  碰撞 0.17%  违规/局  0.57  紧急步   1.2%  位置进框(宽松) 95.2%
  strict（真一眼没见过）             n= 600  到达 94.33%±0.94  碰撞 0.17%  违规/局  0.57  紧急步   1.2%  位置进框(宽松) 95.2%
      平滑: jerk 0.439 转艏Δ 0.0059 油门Δ 0.0087 路径 4327m ｜ 次网格细调率: 转艏 0.664 油门 0.744 ｜ 转艏|Δω|: 让路步 0.0029 其他步 0.0060
    · crossing（strict）       n= 395  到达 95.19%±1.08  碰撞 0.00%  违规/局  0.30  紧急步   1.4%  位置进框(宽松) 96.2%
    · head-on（strict）        n= 205  到达 92.68%±1.82  碰撞 0.49%  违规/局  1.10  紧急步   0.8%  位置进框(宽松) 93.2%

────────────────────────────────────────────────────────────────────────────────────────────────────────
▶ Discrete-safe_s5_F240discPpoS5  臂=Discrete-safe kind=shielded seed=5 步=10158080
  …下载 200/1300（失败 0）
  …下载 400/1300（失败 0）
  …下载 600/1300（失败 0）
  …下载 800/1300（失败 0）
  …下载 1000/1300（失败 0）
  …下载 1200/1300（失败 0）
  [锚点] 自记测试集 N=100：记录 0.00% vs 重评 0.00%（差 0.00pt）✅ 逐位复现
  全部                         n= 600  到达  0.50%±0.29  碰撞 0.00%  违规/局  0.74  紧急步   1.8%
  clean（没训练过）                n= 600  到达  0.50%±0.29  碰撞 0.00%  违规/局  0.74  紧急步   1.8%
  strict（真一眼没见过）             n= 600  到达  0.50%±0.29  碰撞 0.00%  违规/局  0.74  紧急步   1.8%
      平滑: jerk 0.849 转艏Δ 0.0125 油门Δ 0.0180 路径 3980m ｜ 次网格细调率: 转艏 0.000 油门 0.000 ｜ 转艏|Δω|: 让路步 — 其他步 0.0125
    · crossing（strict）       n= 395  到达  0.76%±0.44  碰撞 0.00%  违规/局  0.48  紧急步   2.1%
    · head-on（strict）        n= 205  到达  0.00%±0.00  碰撞 0.00%  违规/局  1.25  紧急步   1.2%

────────────────────────────────────────────────────────────────────────────────────────────────────────
▶ Base_s5_F240basePpoS5  臂=Base kind=unshielded seed=5 步=10158080
  …下载 200/1300（失败 0）
  …下载 400/1300（失败 0）
  …下载 600/1300（失败 0）
  …下载 800/1300（失败 0）
  …下载 1000/1300（失败 0）
  …下载 1200/1300（失败 0）
  [锚点] 自记测试集 N=100：记录 98.00% vs 重评 98.00%（差 0.00pt）✅ 逐位复现
  全部                         n= 600  到达 99.00%±0.41  碰撞 1.00%  违规/局  2.94  紧急步   0.0%
  clean（没训练过）                n= 600  到达 99.00%±0.41  碰撞 1.00%  违规/局  2.94  紧急步   0.0%
  strict（真一眼没见过）             n= 600  到达 99.00%±0.41  碰撞 1.00%  违规/局  2.94  紧急步   0.0%
      平滑: jerk 0.878 转艏Δ 0.0127 油门Δ 0.0170 路径 4041m ｜ 次网格细调率: 转艏 0.000 油门 0.000 ｜ 转艏|Δω|: 让路步 — 其他步 0.0127
    · crossing（strict）       n= 395  到达 99.75%±0.25  碰撞 0.25%  违规/局  1.48  紧急步   0.0%
    · head-on（strict）        n= 205  到达 97.56%±1.08  碰撞 2.44%  违规/局  5.76  紧急步   0.0%

────────────────────────────────────────────────────────────────────────────────────────────────────────
▶ Rule-reward_s5_F240rrPpoS5  臂=Rule-reward kind=unshielded seed=5 步=10158080
  …下载 200/1300（失败 0）
  …下载 400/1300（失败 0）
  …下载 600/1300（失败 0）
  …下载 800/1300（失败 0）
  …下载 1000/1300（失败 0）
  …下载 1200/1300（失败 0）
  [锚点] 自记测试集 N=100：记录 95.00% vs 重评 95.00%（差 0.00pt）✅ 逐位复现
  全部                         n= 600  到达 98.83%±0.44  碰撞 1.17%  违规/局  3.23  紧急步   0.0%
  clean（没训练过）                n= 600  到达 98.83%±0.44  碰撞 1.17%  违规/局  3.23  紧急步   0.0%
  strict（真一眼没见过）             n= 600  到达 98.83%±0.44  碰撞 1.17%  违规/局  3.23  紧急步   0.0%
      平滑: jerk 0.862 转艏Δ 0.0127 油门Δ 0.0165 路径 4042m ｜ 次网格细调率: 转艏 0.000 油门 0.000 ｜ 转艏|Δω|: 让路步 — 其他步 0.0127
    · crossing（strict）       n= 395  到达 99.75%±0.25  碰撞 0.25%  违规/局  1.55  紧急步   0.0%
    · head-on（strict）        n= 205  到达 97.07%±1.18  碰撞 2.93%  违规/局  6.47  紧急步   0.0%

────────────────────────────────────────────────────────────────────────────────────────────────────────
▶ Continuous-safe_s5_F240ushPpoS5  臂=Continuous-safe kind=continuous seed=5 步=10158080
  …下载 200/1300（失败 0）
  …下载 400/1300（失败 0）
  …下载 600/1300（失败 0）
  …下载 800/1300（失败 0）
  …下载 1000/1300（失败 0）
  …下载 1200/1300（失败 0）
  [锚点] 自记测试集 N=100：记录 74.00% vs 重评 74.00%（差 0.00pt）✅ 逐位复现
  全部                         n= 600  到达 75.50%±1.76  碰撞 0.17%  违规/局  1.16  紧急步   3.0%  位置进框(宽松) 78.8%
  clean（没训练过）                n= 600  到达 75.50%±1.76  碰撞 0.17%  违规/局  1.16  紧急步   3.0%  位置进框(宽松) 78.8%
  strict（真一眼没见过）             n= 600  到达 75.50%±1.76  碰撞 0.17%  违规/局  1.16  紧急步   3.0%  位置进框(宽松) 78.8%
      平滑: jerk 1.573 转艏Δ 0.0253 油门Δ 0.0117 路径 4286m ｜ 次网格细调率: 转艏 0.002 油门 0.004 ｜ 转艏|Δω|: 让路步 0.0033 其他步 0.0253
    · crossing（strict）       n= 395  到达 71.90%±2.26  碰撞 0.00%  违规/局  0.63  紧急步   2.2%  位置进框(宽松) 75.2%
    · head-on（strict）        n= 205  到达 82.44%±2.66  碰撞 0.49%  违规/局  2.16  紧急步   4.6%  位置进框(宽松) 85.9%

────────────────────────────────────────────────────────────────────────────────────────────────────────
▶ Continuous-safe_s5_F240ab0PpoS5  臂=Continuous-safe kind=continuous seed=5 步=10158080
  …下载 200/1300（失败 0）
  …下载 400/1300（失败 0）
  …下载 600/1300（失败 0）
  …下载 800/1300（失败 0）
  …下载 1000/1300（失败 0）
  …下载 1200/1300（失败 0）
  [锚点] 自记测试集 N=100：记录 87.00% vs 重评 87.00%（差 0.00pt）✅ 逐位复现
  全部                         n= 600  到达 93.33%±1.02  碰撞 0.17%  违规/局  1.23  紧急步   2.6%  位置进框(宽松) 95.8%
  clean（没训练过）                n= 600  到达 93.33%±1.02  碰撞 0.17%  违规/局  1.23  紧急步   2.6%  位置进框(宽松) 95.8%
  strict（真一眼没见过）             n= 600  到达 93.33%±1.02  碰撞 0.17%  违规/局  1.23  紧急步   2.6%  位置进框(宽松) 95.8%
      平滑: jerk 0.890 转艏Δ 0.0152 油门Δ 0.0030 路径 4298m ｜ 次网格细调率: 转艏 0.001 油门 0.001 ｜ 转艏|Δω|: 让路步 0.0029 其他步 0.0152
    · crossing（strict）       n= 395  到达 94.43%±1.15  碰撞 0.00%  违规/局  0.66  紧急步   1.7%  位置进框(宽松) 97.2%
    · head-on（strict）        n= 205  到达 91.22%±1.98  碰撞 0.49%  违规/局  2.32  紧急步   4.3%  位置进框(宽松) 93.2%

────────────────────────────────────────────────────────────────────────────────────────────────────────
▶ Continuous-safe_s5_F240abBPpoS5  臂=Continuous-safe kind=continuous seed=5 步=10158080
  …下载 200/1300（失败 0）
  …下载 400/1300（失败 0）
  …下载 600/1300（失败 0）
  …下载 800/1300（失败 0）
  …下载 1000/1300（失败 0）
  …下载 1200/1300（失败 0）
  [锚点] 自记测试集 N=100：记录 91.00% vs 重评 91.00%（差 0.00pt）✅ 逐位复现
  全部                         n= 600  到达 91.67%±1.13  碰撞 0.00%  违规/局  0.66  紧急步   1.0%  位置进框(宽松) 93.8%
  clean（没训练过）                n= 600  到达 91.67%±1.13  碰撞 0.00%  违规/局  0.66  紧急步   1.0%  位置进框(宽松) 93.8%
  strict（真一眼没见过）             n= 600  到达 91.67%±1.13  碰撞 0.00%  违规/局  0.66  紧急步   1.0%  位置进框(宽松) 93.8%
      平滑: jerk 0.321 转艏Δ 0.0042 油门Δ 0.0069 路径 4196m ｜ 次网格细调率: 转艏 0.766 油门 0.779 ｜ 转艏|Δω|: 让路步 0.0018 其他步 0.0043
    · crossing（strict）       n= 395  到达 93.92%±1.20  碰撞 0.00%  违规/局  0.37  紧急步   0.7%  位置进框(宽松) 94.9%
    · head-on（strict）        n= 205  到达 87.32%±2.32  碰撞 0.00%  违规/局  1.21  紧急步   1.7%  位置进框(宽松) 91.7%

────────────────────────────────────────────────────────────────────────────────────────────────────────
▶ Continuous-safe_s5_F240abGPpoS5  臂=Continuous-safe kind=continuous seed=5 步=10158080
  …下载 200/1300（失败 0）
  …下载 400/1300（失败 0）
  …下载 600/1300（失败 0）
  …下载 800/1300（失败 0）
  …下载 1000/1300（失败 0）
  …下载 1200/1300（失败 0）
  [锚点] 自记测试集 N=100：记录 82.00% vs 重评 82.00%（差 0.00pt）✅ 逐位复现
  全部                         n= 600  到达 86.00%±1.42  碰撞 0.00%  违规/局  0.67  紧急步   1.6%  位置进框(宽松) 89.3%
  clean（没训练过）                n= 600  到达 86.00%±1.42  碰撞 0.00%  违规/局  0.67  紧急步   1.6%  位置进框(宽松) 89.3%
  strict（真一眼没见过）             n= 600  到达 86.00%±1.42  碰撞 0.00%  违规/局  0.67  紧急步   1.6%  位置进框(宽松) 89.3%
      平滑: jerk 1.015 转艏Δ 0.0169 油门Δ 0.0049 路径 4333m ｜ 次网格细调率: 转艏 0.002 油门 0.002 ｜ 转艏|Δω|: 让路步 0.0043 其他步 0.0170
    · crossing（strict）       n= 395  到达 88.10%±1.63  碰撞 0.00%  违规/局  0.47  紧急步   1.9%  位置进框(宽松) 91.4%
    · head-on（strict）        n= 205  到达 81.95%±2.69  碰撞 0.00%  违规/局  1.06  紧急步   1.2%  位置进框(宽松) 85.4%

────────────────────────────────────────────────────────────────────────────────────────────────────────
■ 锚点汇总（8 个 ckpt）：平均有符号差 +0.00pt · 最大绝对差 0.00pt · 8 个逐位复现 / 0 偏高 / 0 偏低
  判读：平均差 ≈ 0 且正负混杂 ⟹ 只是浮点重放噪声，**eval 配置正确**；若平均差明显偏离 0 且方向一致 ⟹ 配置很可能真的错了，别信本次数字。

[reeval_official] 完成 → /root/trb/结果/正式-末段/g5.json
[轨迹] 8 个 checkpoint × 23 个场景 → /root/trb/结果/正式-末段/g5_traj.json
