========================================================================================================
[reeval_official r13-2026-07-27] 发现 8 个 checkpoint：
  Continuous-safe_s8_F240oursPpoS8                     臂=Continuous-safe  kind=continuous  seed=8 步=10158080 数据集=manifest_official_1300.json 末段到达=93.0
  Discrete-safe_s8_F240discPpoS8                       臂=Discrete-safe    kind=shielded    seed=8 步=10158080 数据集=manifest_official_1300.json 末段到达=94.0
  Base_s8_F240basePpoS8                                臂=Base             kind=unshielded  seed=8 步=10158080 数据集=manifest_official_1300.json 末段到达=99.0
  Rule-reward_s8_F240rrPpoS8                           臂=Rule-reward      kind=unshielded  seed=8 步=10158080 数据集=manifest_official_1300.json 末段到达=98.0
  Continuous-safe_s8_F240ushPpoS8                      臂=Continuous-safe  kind=continuous  seed=8 步=10158080 数据集=manifest_official_1300.json 末段到达=10.0
  Continuous-safe_s8_F240ab0PpoS8                      臂=Continuous-safe  kind=continuous  seed=8 步=10158080 数据集=manifest_official_1300.json 末段到达=21.0
  Continuous-safe_s8_F240abBPpoS8                      臂=Continuous-safe  kind=continuous  seed=8 步=10158080 数据集=manifest_official_1300.json 末段到达=50.0
  Continuous-safe_s8_F240abGPpoS8                      臂=Continuous-safe  kind=continuous  seed=8 步=10158080 数据集=manifest_official_1300.json 末段到达=76.0
========================================================================================================
[env] 连续臂 eval env：shield=True cone=None v_floor=2.0 augment_rho=False 去朝向门=False
  [数据集] Continuous-safe_s8_F240oursPpoS8 ← manifest_official_1300.json：训练 1300 / 验证 100
  [数据集] Discrete-safe_s8_F240discPpoS8 ← manifest_official_1300.json：训练 1300 / 验证 100
  [数据集] Base_s8_F240basePpoS8 ← manifest_official_1300.json：训练 1300 / 验证 100
  [数据集] Rule-reward_s8_F240rrPpoS8 ← manifest_official_1300.json：训练 1300 / 验证 100
  [数据集] Continuous-safe_s8_F240ushPpoS8 ← manifest_official_1300.json：训练 1300 / 验证 100
  [数据集] Continuous-safe_s8_F240ab0PpoS8 ← manifest_official_1300.json：训练 1300 / 验证 100
  [数据集] Continuous-safe_s8_F240abBPpoS8 ← manifest_official_1300.json：训练 1300 / 验证 100
  [数据集] Continuous-safe_s8_F240abGPpoS8 ← manifest_official_1300.json：训练 1300 / 验证 100
  …下载 200/600（失败 0）
  …下载 400/600（失败 0）
  …下载 600/600（失败 0）

[池] 官方 1400/600 划分的测试 600（官方 2000 无追越）：N=600（请求 600）·二项 SE@p=0.8 ≈ 1.63pt
[口径] 全部 600 − 训练泄漏 0 = **clean 600** ； 再 − 验证泄漏 0 = **strict 600**
[分型] {'crossing': 395, 'head-on': 205}
[轨迹] 记 ['1', '100', '1006', '1016', '1142', '1181', '1326', '1382', '1546', '1602', '1764', '1802', '190', '217', '371', '410', '5', '540', '608', '714', '852', '920', '992'] 这几个场景的逐步轨迹（`04 §1.5` 第⑥条·离散臂与连续臂同格式可叠图）

────────────────────────────────────────────────────────────────────────────────────────────────────────
▶ Continuous-safe_s8_F240oursPpoS8  臂=Continuous-safe kind=continuous seed=8 步=10158080
  …下载 200/1300（失败 0）
  …下载 400/1300（失败 0）
  …下载 600/1300（失败 0）
  …下载 800/1300（失败 0）
  …下载 1000/1300（失败 0）
  …下载 1200/1300（失败 0）
  [锚点] 自记测试集 N=100：记录 93.00% vs 重评 93.00%（差 0.00pt）✅ 逐位复现
/root/miniconda3/lib/python3.10/site-packages/cvxpy/problems/problem.py:1539: UserWarning: Solution may be inaccurate. Try another solver, adjusting the solver settings, or solve with verbose=True for more information.
  warnings.warn(
  全部                         n= 600  到达 90.17%±1.22  碰撞 0.00%  违规/局  0.51  紧急步   2.4%  位置进框(宽松) 92.5%
  clean（没训练过）                n= 600  到达 90.17%±1.22  碰撞 0.00%  违规/局  0.51  紧急步   2.4%  位置进框(宽松) 92.5%
  strict（真一眼没见过）             n= 600  到达 90.17%±1.22  碰撞 0.00%  违规/局  0.51  紧急步   2.4%  位置进框(宽松) 92.5%
      平滑: jerk 0.322 转艏Δ 0.0045 油门Δ 0.0064 路径 4288m ｜ 次网格细调率: 转艏 0.746 油门 0.848 ｜ 转艏|Δω|: 让路步 0.0034 其他步 0.0045
    · crossing（strict）       n= 395  到达 90.89%±1.45  碰撞 0.00%  违规/局  0.33  紧急步   2.8%  位置进框(宽松) 93.4%
    · head-on（strict）        n= 205  到达 88.78%±2.20  碰撞 0.00%  违规/局  0.84  紧急步   1.7%  位置进框(宽松) 90.7%

────────────────────────────────────────────────────────────────────────────────────────────────────────
▶ Discrete-safe_s8_F240discPpoS8  臂=Discrete-safe kind=shielded seed=8 步=10158080
  …下载 200/1300（失败 0）
  …下载 400/1300（失败 0）
  …下载 600/1300（失败 0）
  …下载 800/1300（失败 0）
  …下载 1000/1300（失败 0）
  …下载 1200/1300（失败 0）
  [锚点] 自记测试集 N=100：记录 94.00% vs 重评 94.00%（差 0.00pt）✅ 逐位复现
  全部                         n= 600  到达 96.33%±0.77  碰撞 0.00%  违规/局  1.33  紧急步   4.3%
  clean（没训练过）                n= 600  到达 96.33%±0.77  碰撞 0.00%  违规/局  1.33  紧急步   4.3%
  strict（真一眼没见过）             n= 600  到达 96.33%±0.77  碰撞 0.00%  违规/局  1.33  紧急步   4.3%
      平滑: jerk 0.840 转艏Δ 0.0112 油门Δ 0.0201 路径 4219m ｜ 次网格细调率: 转艏 0.000 油门 0.000 ｜ 转艏|Δω|: 让路步 0.0061 其他步 0.0112
    · crossing（strict）       n= 395  到达 96.20%±0.96  碰撞 0.00%  违规/局  0.70  紧急步   4.5%
    · head-on（strict）        n= 205  到达 96.59%±1.27  碰撞 0.00%  违规/局  2.56  紧急步   4.0%

────────────────────────────────────────────────────────────────────────────────────────────────────────
▶ Base_s8_F240basePpoS8  臂=Base kind=unshielded seed=8 步=10158080
  …下载 200/1300（失败 0）
  …下载 400/1300（失败 0）
  …下载 600/1300（失败 0）
  …下载 800/1300（失败 0）
  …下载 1000/1300（失败 0）
  …下载 1200/1300（失败 0）
  [锚点] 自记测试集 N=100：记录 99.00% vs 重评 99.00%（差 0.00pt）✅ 逐位复现
  全部                         n= 600  到达 97.17%±0.68  碰撞 2.83%  违规/局  2.97  紧急步   0.0%
  clean（没训练过）                n= 600  到达 97.17%±0.68  碰撞 2.83%  违规/局  2.97  紧急步   0.0%
  strict（真一眼没见过）             n= 600  到达 97.17%±0.68  碰撞 2.83%  违规/局  2.97  紧急步   0.0%
      平滑: jerk 0.816 转艏Δ 0.0117 油门Δ 0.0154 路径 4046m ｜ 次网格细调率: 转艏 0.000 油门 0.000 ｜ 转艏|Δω|: 让路步 — 其他步 0.0117
    · crossing（strict）       n= 395  到达 98.73%±0.56  碰撞 1.27%  违规/局  1.76  紧急步   0.0%
    · head-on（strict）        n= 205  到达 94.15%±1.64  碰撞 5.85%  违规/局  5.31  紧急步   0.0%

────────────────────────────────────────────────────────────────────────────────────────────────────────
▶ Rule-reward_s8_F240rrPpoS8  臂=Rule-reward kind=unshielded seed=8 步=10158080
  …下载 200/1300（失败 0）
  …下载 400/1300（失败 0）
  …下载 600/1300（失败 0）
  …下载 800/1300（失败 0）
  …下载 1000/1300（失败 0）
  …下载 1200/1300（失败 0）
  [锚点] 自记测试集 N=100：记录 98.00% vs 重评 98.00%（差 0.00pt）✅ 逐位复现
  全部                         n= 600  到达 97.17%±0.68  碰撞 2.67%  违规/局  3.17  紧急步   0.0%
  clean（没训练过）                n= 600  到达 97.17%±0.68  碰撞 2.67%  违规/局  3.17  紧急步   0.0%
  strict（真一眼没见过）             n= 600  到达 97.17%±0.68  碰撞 2.67%  违规/局  3.17  紧急步   0.0%
      平滑: jerk 1.008 转艏Δ 0.0148 油门Δ 0.0185 路径 4036m ｜ 次网格细调率: 转艏 0.000 油门 0.000 ｜ 转艏|Δω|: 让路步 — 其他步 0.0148
    · crossing（strict）       n= 395  到达 98.99%±0.50  碰撞 1.01%  违规/局  1.81  紧急步   0.0%
    · head-on（strict）        n= 205  到达 93.66%±1.70  碰撞 5.85%  违规/局  5.79  紧急步   0.0%

────────────────────────────────────────────────────────────────────────────────────────────────────────
▶ Continuous-safe_s8_F240ushPpoS8  臂=Continuous-safe kind=continuous seed=8 步=10158080
  …下载 200/1300（失败 0）
  …下载 400/1300（失败 0）
  …下载 600/1300（失败 0）
  …下载 800/1300（失败 0）
  …下载 1000/1300（失败 0）
  …下载 1200/1300（失败 0）
  [锚点] 自记测试集 N=100：记录 10.00% vs 重评 10.00%（差 0.00pt）✅ 逐位复现
  全部                         n= 600  到达  6.00%±0.97  碰撞 0.17%  违规/局  1.11  紧急步   2.9%  位置进框(宽松) 94.7%
  clean（没训练过）                n= 600  到达  6.00%±0.97  碰撞 0.17%  违规/局  1.11  紧急步   2.9%  位置进框(宽松) 94.7%
  strict（真一眼没见过）             n= 600  到达  6.00%±0.97  碰撞 0.17%  违规/局  1.11  紧急步   2.9%  位置进框(宽松) 94.7%
      平滑: jerk 1.663 转艏Δ 0.0259 油门Δ 0.0153 路径 4323m ｜ 次网格细调率: 转艏 0.005 油门 0.005 ｜ 转艏|Δω|: 让路步 0.0034 其他步 0.0262
    · crossing（strict）       n= 395  到达  8.61%±1.41  碰撞 0.25%  违规/局  0.77  紧急步   3.5%  位置进框(宽松) 92.9%
    · head-on（strict）        n= 205  到达  0.98%±0.69  碰撞 0.00%  违规/局  1.78  紧急步   1.5%  位置进框(宽松) 98.0%

────────────────────────────────────────────────────────────────────────────────────────────────────────
▶ Continuous-safe_s8_F240ab0PpoS8  臂=Continuous-safe kind=continuous seed=8 步=10158080
  …下载 200/1300（失败 0）
  …下载 400/1300（失败 0）
  …下载 600/1300（失败 0）
  …下载 800/1300（失败 0）
  …下载 1000/1300（失败 0）
  …下载 1200/1300（失败 0）
  [锚点] 自记测试集 N=100：记录 21.00% vs 重评 21.00%（差 0.00pt）✅ 逐位复现
  全部                         n= 600  到达 14.83%±1.45  碰撞 0.17%  违规/局  1.14  紧急步   4.2%  位置进框(宽松) 50.3%
  clean（没训练过）                n= 600  到达 14.83%±1.45  碰撞 0.17%  违规/局  1.14  紧急步   4.2%  位置进框(宽松) 50.3%
  strict（真一眼没见过）             n= 600  到达 14.83%±1.45  碰撞 0.17%  违规/局  1.14  紧急步   4.2%  位置进框(宽松) 50.3%
      平滑: jerk 0.994 转艏Δ 0.0159 油门Δ 0.0072 路径 4056m ｜ 次网格细调率: 转艏 0.005 油门 0.006 ｜ 转艏|Δω|: 让路步 0.0017 其他步 0.0159
    · crossing（strict）       n= 395  到达 16.46%±1.87  碰撞 0.00%  违规/局  0.79  紧急步   4.2%  位置进框(宽松) 58.7%
    · head-on（strict）        n= 205  到达 11.71%±2.25  碰撞 0.49%  违规/局  1.81  紧急步   4.4%  位置进框(宽松) 34.1%

────────────────────────────────────────────────────────────────────────────────────────────────────────
▶ Continuous-safe_s8_F240abBPpoS8  臂=Continuous-safe kind=continuous seed=8 步=10158080
  …下载 200/1300（失败 0）
  …下载 400/1300（失败 0）
  …下载 600/1300（失败 0）
  …下载 800/1300（失败 0）
  …下载 1000/1300（失败 0）
  …下载 1200/1300（失败 0）
  [锚点] 自记测试集 N=100：记录 50.00% vs 重评 50.00%（差 0.00pt）✅ 逐位复现
  全部                         n= 600  到达 45.67%±2.03  碰撞 0.00%  违规/局  0.81  紧急步   3.4%  位置进框(宽松) 70.7%
  clean（没训练过）                n= 600  到达 45.67%±2.03  碰撞 0.00%  违规/局  0.81  紧急步   3.4%  位置进框(宽松) 70.7%
  strict（真一眼没见过）             n= 600  到达 45.67%±2.03  碰撞 0.00%  违规/局  0.81  紧急步   3.4%  位置进框(宽松) 70.7%
      平滑: jerk 0.457 转艏Δ 0.0068 油门Δ 0.0070 路径 4226m ｜ 次网格细调率: 转艏 0.624 油门 0.716 ｜ 转艏|Δω|: 让路步 0.0024 其他步 0.0068
    · crossing（strict）       n= 395  到达 46.08%±2.51  碰撞 0.00%  违规/局  0.52  紧急步   3.5%  位置进框(宽松) 71.1%
    · head-on（strict）        n= 205  到达 44.88%±3.47  碰撞 0.00%  违规/局  1.38  紧急步   3.1%  位置进框(宽松) 69.8%

────────────────────────────────────────────────────────────────────────────────────────────────────────
▶ Continuous-safe_s8_F240abGPpoS8  臂=Continuous-safe kind=continuous seed=8 步=10158080
  …下载 200/1300（失败 0）
  …下载 400/1300（失败 0）
  …下载 600/1300（失败 0）
  …下载 800/1300（失败 0）
  …下载 1000/1300（失败 0）
  …下载 1200/1300（失败 0）
  [锚点] 自记测试集 N=100：记录 76.00% vs 重评 76.00%（差 0.00pt）✅ 逐位复现
/root/miniconda3/lib/python3.10/site-packages/cvxpy/problems/problem.py:1539: UserWarning: Solution may be inaccurate. Try another solver, adjusting the solver settings, or solve with verbose=True for more information.
  warnings.warn(
  全部                         n= 600  到达 80.17%±1.63  碰撞 0.00%  违规/局  0.74  紧急步   2.0%  位置进框(宽松) 83.0%
  clean（没训练过）                n= 600  到达 80.17%±1.63  碰撞 0.00%  违规/局  0.74  紧急步   2.0%  位置进框(宽松) 83.0%
  strict（真一眼没见过）             n= 600  到达 80.17%±1.63  碰撞 0.00%  违规/局  0.74  紧急步   2.0%  位置进框(宽松) 83.0%
      平滑: jerk 1.207 转艏Δ 0.0205 油门Δ 0.0046 路径 4334m ｜ 次网格细调率: 转艏 0.002 油门 0.003 ｜ 转艏|Δω|: 让路步 0.0041 其他步 0.0207
    · crossing（strict）       n= 395  到达 79.24%±2.04  碰撞 0.00%  违规/局  0.44  紧急步   2.1%  位置进框(宽松) 82.0%
    · head-on（strict）        n= 205  到达 81.95%±2.69  碰撞 0.00%  违规/局  1.32  紧急步   1.6%  位置进框(宽松) 84.9%

────────────────────────────────────────────────────────────────────────────────────────────────────────
■ 锚点汇总（8 个 ckpt）：平均有符号差 +0.00pt · 最大绝对差 0.00pt · 8 个逐位复现 / 0 偏高 / 0 偏低
  判读：平均差 ≈ 0 且正负混杂 ⟹ 只是浮点重放噪声，**eval 配置正确**；若平均差明显偏离 0 且方向一致 ⟹ 配置很可能真的错了，别信本次数字。

[reeval_official] 完成 → /root/trb/结果/正式-末段/g6.json
[轨迹] 8 个 checkpoint × 23 个场景 → /root/trb/结果/正式-末段/g6_traj.json
