========================================================================================================
[reeval_official r13-2026-07-27] 发现 8 个 checkpoint：
  Continuous-safe_s9_F240oursPpoS9                     臂=Continuous-safe  kind=continuous  seed=9 步=10158080 数据集=manifest_official_1300.json 末段到达=81.0
  Discrete-safe_s9_F240discPpoS9                       臂=Discrete-safe    kind=shielded    seed=9 步=9650176 数据集=manifest_official_1300.json 末段到达=11.0
  Base_s9_F240basePpoS9                                臂=Base             kind=unshielded  seed=9 步=10158080 数据集=manifest_official_1300.json 末段到达=98.0
  Rule-reward_s9_F240rrPpoS9                           臂=Rule-reward      kind=unshielded  seed=9 步=10158080 数据集=manifest_official_1300.json 末段到达=98.0
  Continuous-safe_s9_F240ushPpoS9                      臂=Continuous-safe  kind=continuous  seed=9 步=10158080 数据集=manifest_official_1300.json 末段到达=83.0
  Continuous-safe_s9_F240ab0PpoS9                      臂=Continuous-safe  kind=continuous  seed=9 步=10158080 数据集=manifest_official_1300.json 末段到达=3.0
  Continuous-safe_s9_F240abBPpoS9                      臂=Continuous-safe  kind=continuous  seed=9 步=10158080 数据集=manifest_official_1300.json 末段到达=88.0
  Continuous-safe_s9_F240abGPpoS9                      臂=Continuous-safe  kind=continuous  seed=9 步=10158080 数据集=manifest_official_1300.json 末段到达=0.0
========================================================================================================
[env] 连续臂 eval env：shield=True cone=None v_floor=2.0 augment_rho=False 去朝向门=False
  [数据集] Continuous-safe_s9_F240oursPpoS9 ← manifest_official_1300.json：训练 1300 / 验证 100
  [数据集] Discrete-safe_s9_F240discPpoS9 ← manifest_official_1300.json：训练 1300 / 验证 100
  [数据集] Base_s9_F240basePpoS9 ← manifest_official_1300.json：训练 1300 / 验证 100
  [数据集] Rule-reward_s9_F240rrPpoS9 ← manifest_official_1300.json：训练 1300 / 验证 100
  [数据集] Continuous-safe_s9_F240ushPpoS9 ← manifest_official_1300.json：训练 1300 / 验证 100
  [数据集] Continuous-safe_s9_F240ab0PpoS9 ← manifest_official_1300.json：训练 1300 / 验证 100
  [数据集] Continuous-safe_s9_F240abBPpoS9 ← manifest_official_1300.json：训练 1300 / 验证 100
  [数据集] Continuous-safe_s9_F240abGPpoS9 ← manifest_official_1300.json：训练 1300 / 验证 100
  …下载 200/600（失败 0）
  …下载 400/600（失败 0）
  …下载 600/600（失败 0）

[池] 官方 1400/600 划分的测试 600（官方 2000 无追越）：N=600（请求 600）·二项 SE@p=0.8 ≈ 1.63pt
[口径] 全部 600 − 训练泄漏 0 = **clean 600** ； 再 − 验证泄漏 0 = **strict 600**
[分型] {'crossing': 395, 'head-on': 205}
[轨迹] 记 ['1', '100', '1006', '1016', '1142', '1181', '1326', '1382', '1546', '1602', '1764', '1802', '190', '217', '371', '410', '5', '540', '608', '714', '852', '920', '992'] 这几个场景的逐步轨迹（`04 §1.5` 第⑥条·离散臂与连续臂同格式可叠图）

────────────────────────────────────────────────────────────────────────────────────────────────────────
▶ Continuous-safe_s9_F240oursPpoS9  臂=Continuous-safe kind=continuous seed=9 步=10158080
  …下载 200/1300（失败 0）
  …下载 400/1300（失败 0）
  …下载 600/1300（失败 0）
  …下载 800/1300（失败 0）
  …下载 1000/1300（失败 0）
  …下载 1200/1300（失败 0）
  [锚点] 自记测试集 N=100：记录 81.00% vs 重评 81.00%（差 0.00pt）✅ 逐位复现
  全部                         n= 600  到达 89.50%±1.25  碰撞 0.00%  违规/局  0.50  紧急步   2.0%  位置进框(宽松) 91.7%
  clean（没训练过）                n= 600  到达 89.50%±1.25  碰撞 0.00%  违规/局  0.50  紧急步   2.0%  位置进框(宽松) 91.7%
  strict（真一眼没见过）             n= 600  到达 89.50%±1.25  碰撞 0.00%  违规/局  0.50  紧急步   2.0%  位置进框(宽松) 91.7%
      平滑: jerk 0.514 转艏Δ 0.0068 油门Δ 0.0119 路径 4275m ｜ 次网格细调率: 转艏 0.600 油门 0.722 ｜ 转艏|Δω|: 让路步 0.0026 其他步 0.0068
    · crossing（strict）       n= 395  到达 90.63%±1.47  碰撞 0.00%  违规/局  0.27  紧急步   2.4%  位置进框(宽松) 93.2%
    · head-on（strict）        n= 205  到达 87.32%±2.32  碰撞 0.00%  违规/局  0.96  紧急步   1.2%  位置进框(宽松) 88.8%

────────────────────────────────────────────────────────────────────────────────────────────────────────
▶ Discrete-safe_s9_F240discPpoS9  臂=Discrete-safe kind=shielded seed=9 步=9650176
  …下载 200/1300（失败 0）
  …下载 400/1300（失败 0）
  …下载 600/1300（失败 0）
  …下载 800/1300（失败 0）
  …下载 1000/1300（失败 0）
  …下载 1200/1300（失败 0）
  [锚点] 自记测试集 N=100：记录 11.00% vs 重评 11.00%（差 0.00pt）✅ 逐位复现
  全部                         n= 600  到达  7.50%±1.08  碰撞 1.33%  违规/局  1.21  紧急步   6.6%
  clean（没训练过）                n= 600  到达  7.50%±1.08  碰撞 1.33%  违规/局  1.21  紧急步   6.6%
  strict（真一眼没见过）             n= 600  到达  7.50%±1.08  碰撞 1.33%  违规/局  1.21  紧急步   6.6%
      平滑: jerk 0.857 转艏Δ 0.0113 油门Δ 0.0212 路径 4267m ｜ 次网格细调率: 转艏 0.000 油门 0.000 ｜ 转艏|Δω|: 让路步 0.0063 其他步 0.0114
    · crossing（strict）       n= 395  到达  9.11%±1.45  碰撞 2.03%  违规/局  1.16  紧急步   8.9%
    · head-on（strict）        n= 205  到达  4.39%±1.43  碰撞 0.00%  违规/局  1.30  紧急步   2.1%

────────────────────────────────────────────────────────────────────────────────────────────────────────
▶ Base_s9_F240basePpoS9  臂=Base kind=unshielded seed=9 步=10158080
  …下载 200/1300（失败 0）
  …下载 400/1300（失败 0）
  …下载 600/1300（失败 0）
  …下载 800/1300（失败 0）
  …下载 1000/1300（失败 0）
  …下载 1200/1300（失败 0）
  [锚点] 自记测试集 N=100：记录 98.00% vs 重评 98.00%（差 0.00pt）✅ 逐位复现
  全部                         n= 600  到达 97.17%±0.68  碰撞 2.67%  违规/局  3.05  紧急步   0.0%
  clean（没训练过）                n= 600  到达 97.17%±0.68  碰撞 2.67%  违规/局  3.05  紧急步   0.0%
  strict（真一眼没见过）             n= 600  到达 97.17%±0.68  碰撞 2.67%  违规/局  3.05  紧急步   0.0%
      平滑: jerk 0.844 转艏Δ 0.0126 油门Δ 0.0143 路径 4038m ｜ 次网格细调率: 转艏 0.000 油门 0.000 ｜ 转艏|Δω|: 让路步 — 其他步 0.0126
    · crossing（strict）       n= 395  到达 99.24%±0.44  碰撞 0.76%  违规/局  1.96  紧急步   0.0%
    · head-on（strict）        n= 205  到达 93.17%±1.76  碰撞 6.34%  违规/局  5.14  紧急步   0.0%

────────────────────────────────────────────────────────────────────────────────────────────────────────
▶ Rule-reward_s9_F240rrPpoS9  臂=Rule-reward kind=unshielded seed=9 步=10158080
  …下载 200/1300（失败 0）
  …下载 400/1300（失败 0）
  …下载 600/1300（失败 0）
  …下载 800/1300（失败 0）
  …下载 1000/1300（失败 0）
  …下载 1200/1300（失败 0）
  [锚点] 自记测试集 N=100：记录 98.00% vs 重评 98.00%（差 0.00pt）✅ 逐位复现
  全部                         n= 600  到达 98.67%±0.47  碰撞 1.17%  违规/局  3.02  紧急步   0.0%
  clean（没训练过）                n= 600  到达 98.67%±0.47  碰撞 1.17%  违规/局  3.02  紧急步   0.0%
  strict（真一眼没见过）             n= 600  到达 98.67%±0.47  碰撞 1.17%  违规/局  3.02  紧急步   0.0%
      平滑: jerk 0.934 转艏Δ 0.0141 油门Δ 0.0148 路径 4044m ｜ 次网格细调率: 转艏 0.000 油门 0.000 ｜ 转艏|Δω|: 让路步 — 其他步 0.0141
    · crossing（strict）       n= 395  到达 99.75%±0.25  碰撞 0.25%  违规/局  1.67  紧急步   0.0%
    · head-on（strict）        n= 205  到达 96.59%±1.27  碰撞 2.93%  违规/局  5.62  紧急步   0.0%

────────────────────────────────────────────────────────────────────────────────────────────────────────
▶ Continuous-safe_s9_F240ushPpoS9  臂=Continuous-safe kind=continuous seed=9 步=10158080
  …下载 200/1300（失败 0）
  …下载 400/1300（失败 0）
  …下载 600/1300（失败 0）
  …下载 800/1300（失败 0）
  …下载 1000/1300（失败 0）
  …下载 1200/1300（失败 0）
  [锚点] 自记测试集 N=100：记录 83.00% vs 重评 83.00%（差 0.00pt）✅ 逐位复现
  全部                         n= 600  到达 84.33%±1.48  碰撞 0.00%  违规/局  0.93  紧急步   2.9%  位置进框(宽松) 86.2%
  clean（没训练过）                n= 600  到达 84.33%±1.48  碰撞 0.00%  违规/局  0.93  紧急步   2.9%  位置进框(宽松) 86.2%
  strict（真一眼没见过）             n= 600  到达 84.33%±1.48  碰撞 0.00%  违规/局  0.93  紧急步   2.9%  位置进框(宽松) 86.2%
      平滑: jerk 1.620 转艏Δ 0.0249 油门Δ 0.0189 路径 4184m ｜ 次网格细调率: 转艏 0.002 油门 0.004 ｜ 转艏|Δω|: 让路步 0.0053 其他步 0.0249
    · crossing（strict）       n= 395  到达 87.59%±1.66  碰撞 0.00%  违规/局  0.59  紧急步   2.3%  位置进框(宽松) 88.6%
    · head-on（strict）        n= 205  到达 78.05%±2.89  碰撞 0.00%  违规/局  1.56  紧急步   3.9%  位置进框(宽松) 81.5%

────────────────────────────────────────────────────────────────────────────────────────────────────────
▶ Continuous-safe_s9_F240ab0PpoS9  臂=Continuous-safe kind=continuous seed=9 步=10158080
  …下载 200/1300（失败 0）
  …下载 400/1300（失败 0）
  …下载 600/1300（失败 0）
  …下载 800/1300（失败 0）
  …下载 1000/1300（失败 0）
  …下载 1200/1300（失败 0）
  [锚点] 自记测试集 N=100：记录 3.00% vs 重评 3.00%（差 0.00pt）✅ 逐位复现
  全部                         n= 600  到达  2.00%±0.57  碰撞 0.00%  违规/局  1.10  紧急步   3.9%  位置进框(宽松) 92.5%
  clean（没训练过）                n= 600  到达  2.00%±0.57  碰撞 0.00%  违规/局  1.10  紧急步   3.9%  位置进框(宽松) 92.5%
  strict（真一眼没见过）             n= 600  到达  2.00%±0.57  碰撞 0.00%  违规/局  1.10  紧急步   3.9%  位置进框(宽松) 92.5%
      平滑: jerk 0.886 转艏Δ 0.0109 油门Δ 0.0157 路径 6410m ｜ 次网格细调率: 转艏 0.002 油门 0.008 ｜ 转艏|Δω|: 让路步 — 其他步 0.0109
    · crossing（strict）       n= 395  到达  1.77%±0.66  碰撞 0.00%  违规/局  0.85  紧急步   5.1%  位置进框(宽松) 88.9%
    · head-on（strict）        n= 205  到达  2.44%±1.08  碰撞 0.00%  违规/局  1.60  紧急步   1.7%  位置进框(宽松) 99.5%

────────────────────────────────────────────────────────────────────────────────────────────────────────
▶ Continuous-safe_s9_F240abBPpoS9  臂=Continuous-safe kind=continuous seed=9 步=10158080
  …下载 200/1300（失败 0）
  …下载 400/1300（失败 0）
  …下载 600/1300（失败 0）
  …下载 800/1300（失败 0）
  …下载 1000/1300（失败 0）
  …下载 1200/1300（失败 0）
  [锚点] 自记测试集 N=100：记录 88.00% vs 重评 88.00%（差 0.00pt）✅ 逐位复现
/root/miniconda3/lib/python3.10/site-packages/cvxpy/problems/problem.py:1539: UserWarning: Solution may be inaccurate. Try another solver, adjusting the solver settings, or solve with verbose=True for more information.
  warnings.warn(
  全部                         n= 600  到达 92.83%±1.05  碰撞 0.67%  违规/局  0.92  紧急步   3.0%  位置进框(宽松) 94.2%
  clean（没训练过）                n= 600  到达 92.83%±1.05  碰撞 0.67%  违规/局  0.92  紧急步   3.0%  位置进框(宽松) 94.2%
  strict（真一眼没见过）             n= 600  到达 92.83%±1.05  碰撞 0.67%  违规/局  0.92  紧急步   3.0%  位置进框(宽松) 94.2%
      平滑: jerk 0.362 转艏Δ 0.0049 油门Δ 0.0076 路径 4230m ｜ 次网格细调率: 转艏 0.699 油门 0.814 ｜ 转艏|Δω|: 让路步 0.0032 其他步 0.0049
    · crossing（strict）       n= 395  到达 94.18%±1.18  碰撞 0.00%  违规/局  0.50  紧急步   2.2%  位置进框(宽松) 94.7%
    · head-on（strict）        n= 205  到达 90.24%±2.07  碰撞 1.95%  违规/局  1.74  紧急步   4.5%  位置进框(宽松) 93.2%

────────────────────────────────────────────────────────────────────────────────────────────────────────
▶ Continuous-safe_s9_F240abGPpoS9  臂=Continuous-safe kind=continuous seed=9 步=10158080
  …下载 200/1300（失败 0）
  …下载 400/1300（失败 0）
  …下载 600/1300（失败 0）
  …下载 800/1300（失败 0）
  …下载 1000/1300（失败 0）
  …下载 1200/1300（失败 0）
  [锚点] 自记测试集 N=100：记录 0.00% vs 重评 0.00%（差 0.00pt）✅ 逐位复现
/root/miniconda3/lib/python3.10/site-packages/cvxpy/problems/problem.py:1539: UserWarning: Solution may be inaccurate. Try another solver, adjusting the solver settings, or solve with verbose=True for more information.
  warnings.warn(
  全部                         n= 600  到达  1.67%±0.52  碰撞 0.17%  违规/局  0.62  紧急步   3.3%  位置进框(宽松) 86.8%
  clean（没训练过）                n= 600  到达  1.67%±0.52  碰撞 0.17%  违规/局  0.62  紧急步   3.3%  位置进框(宽松) 86.8%
  strict（真一眼没见过）             n= 600  到达  1.67%±0.52  碰撞 0.17%  违规/局  0.62  紧急步   3.3%  位置进框(宽松) 86.8%
      平滑: jerk 1.189 转艏Δ 0.0137 油门Δ 0.0241 路径 6148m ｜ 次网格细调率: 转艏 0.004 油门 0.017 ｜ 转艏|Δω|: 让路步 — 其他步 0.0137
    · crossing（strict）       n= 395  到达  1.52%±0.62  碰撞 0.25%  违规/局  0.51  紧急步   4.8%  位置进框(宽松) 84.1%
    · head-on（strict）        n= 205  到达  1.95%±0.97  碰撞 0.00%  违规/局  0.83  紧急步   0.3%  位置进框(宽松) 92.2%

────────────────────────────────────────────────────────────────────────────────────────────────────────
■ 锚点汇总（8 个 ckpt）：平均有符号差 +0.00pt · 最大绝对差 0.00pt · 8 个逐位复现 / 0 偏高 / 0 偏低
  判读：平均差 ≈ 0 且正负混杂 ⟹ 只是浮点重放噪声，**eval 配置正确**；若平均差明显偏离 0 且方向一致 ⟹ 配置很可能真的错了，别信本次数字。

[reeval_official] 完成 → /root/trb/结果/正式-末段/g7.json
[轨迹] 8 个 checkpoint × 23 个场景 → /root/trb/结果/正式-末段/g7_traj.json
