========================================================================================================
[reeval_official r13-2026-07-27] 发现 8 个 checkpoint：
  Continuous-safe_s0_F240unsPpoS0                      臂=Continuous-safe  kind=continuous  seed=0 步=10158080 数据集=manifest_official_1300.json 末段到达=97.0
  Continuous-safe_s1_F240unsPpoS1                      臂=Continuous-safe  kind=continuous  seed=1 步=10158080 数据集=manifest_official_1300.json 末段到达=98.0
  Continuous-safe_s2_F240unsPpoS2                      臂=Continuous-safe  kind=continuous  seed=2 步=10158080 数据集=manifest_official_1300.json 末段到达=97.0
  Continuous-safe_s3_F240unsPpoS3                      臂=Continuous-safe  kind=continuous  seed=3 步=10158080 数据集=manifest_official_1300.json 末段到达=98.0
  Continuous-safe_s4_F240unsPpoS4                      臂=Continuous-safe  kind=continuous  seed=4 步=10158080 数据集=manifest_official_1300.json 末段到达=97.0
  Continuous-safe_s5_F240unsPpoS5                      臂=Continuous-safe  kind=continuous  seed=5 步=10158080 数据集=manifest_official_1300.json 末段到达=94.0
  Continuous-safe_s8_F240unsPpoS8                      臂=Continuous-safe  kind=continuous  seed=8 步=10158080 数据集=manifest_official_1300.json 末段到达=97.0
  Continuous-safe_s9_F240unsPpoS9                      臂=Continuous-safe  kind=continuous  seed=9 步=10158080 数据集=manifest_official_1300.json 末段到达=1.0
========================================================================================================
[env] 连续臂 eval env：shield=False cone=None v_floor=2.0 augment_rho=False 去朝向门=False
  [数据集] Continuous-safe_s0_F240unsPpoS0 ← manifest_official_1300.json：训练 1300 / 验证 100
  [数据集] Continuous-safe_s1_F240unsPpoS1 ← manifest_official_1300.json：训练 1300 / 验证 100
  [数据集] Continuous-safe_s2_F240unsPpoS2 ← manifest_official_1300.json：训练 1300 / 验证 100
  [数据集] Continuous-safe_s3_F240unsPpoS3 ← manifest_official_1300.json：训练 1300 / 验证 100
  [数据集] Continuous-safe_s4_F240unsPpoS4 ← manifest_official_1300.json：训练 1300 / 验证 100
  [数据集] Continuous-safe_s5_F240unsPpoS5 ← manifest_official_1300.json：训练 1300 / 验证 100
  [数据集] Continuous-safe_s8_F240unsPpoS8 ← manifest_official_1300.json：训练 1300 / 验证 100
  [数据集] Continuous-safe_s9_F240unsPpoS9 ← manifest_official_1300.json：训练 1300 / 验证 100
  …下载 200/600（失败 0）
  …下载 400/600（失败 0）
  …下载 600/600（失败 0）

[池] 官方 1400/600 划分的测试 600（官方 2000 无追越）：N=600（请求 600）·二项 SE@p=0.8 ≈ 1.63pt
[口径] 全部 600 − 训练泄漏 0 = **clean 600** ； 再 − 验证泄漏 0 = **strict 600**
[分型] {'crossing': 395, 'head-on': 205}
[轨迹] 记 ['1', '100', '1006', '1016', '1142', '1181', '1326', '1382', '1546', '1602', '1764', '1802', '190', '217', '371', '410', '5', '540', '608', '714', '852', '920', '992'] 这几个场景的逐步轨迹（`04 §1.5` 第⑥条·离散臂与连续臂同格式可叠图）

────────────────────────────────────────────────────────────────────────────────────────────────────────
▶ Continuous-safe_s0_F240unsPpoS0  臂=Continuous-safe kind=continuous seed=0 步=10158080
  …下载 200/1300（失败 0）
  …下载 400/1300（失败 0）
  …下载 600/1300（失败 0）
  …下载 800/1300（失败 0）
  …下载 1000/1300（失败 0）
  …下载 1200/1300（失败 0）
  [锚点] 自记测试集 N=100：记录 97.00% vs 重评 97.00%（差 0.00pt）✅ 逐位复现
  全部                         n= 600  到达 98.50%±0.50  碰撞 1.50%  违规/局  4.78  紧急步   0.0%  位置进框(宽松) 98.5%
  clean（没训练过）                n= 600  到达 98.50%±0.50  碰撞 1.50%  违规/局  4.78  紧急步   0.0%  位置进框(宽松) 98.5%
  strict（真一眼没见过）             n= 600  到达 98.50%±0.50  碰撞 1.50%  违规/局  4.78  紧急步   0.0%  位置进框(宽松) 98.5%
      平滑: jerk 1.676 转艏Δ 0.0279 油门Δ 0.0103 路径 4042m ｜ 次网格细调率: 转艏 0.001 油门 0.002 ｜ 转艏|Δω|: 让路步 — 其他步 0.0279
    · crossing（strict）       n= 395  到达 99.75%±0.25  碰撞 0.25%  违规/局  2.65  紧急步   0.0%  位置进框(宽松) 99.7%
    · head-on（strict）        n= 205  到达 96.10%±1.35  碰撞 3.90%  违规/局  8.90  紧急步   0.0%  位置进框(宽松) 96.1%

────────────────────────────────────────────────────────────────────────────────────────────────────────
▶ Continuous-safe_s1_F240unsPpoS1  臂=Continuous-safe kind=continuous seed=1 步=10158080
  …下载 200/1300（失败 0）
  …下载 400/1300（失败 0）
  …下载 600/1300（失败 0）
  …下载 800/1300（失败 0）
  …下载 1000/1300（失败 0）
  …下载 1200/1300（失败 0）
  [锚点] 自记测试集 N=100：记录 98.00% vs 重评 98.00%（差 0.00pt）✅ 逐位复现
  全部                         n= 600  到达 99.17%±0.37  碰撞 0.83%  违规/局  4.40  紧急步   0.0%  位置进框(宽松) 99.2%
  clean（没训练过）                n= 600  到达 99.17%±0.37  碰撞 0.83%  违规/局  4.40  紧急步   0.0%  位置进框(宽松) 99.2%
  strict（真一眼没见过）             n= 600  到达 99.17%±0.37  碰撞 0.83%  违规/局  4.40  紧急步   0.0%  位置进框(宽松) 99.2%
      平滑: jerk 1.673 转艏Δ 0.0281 油门Δ 0.0095 路径 4050m ｜ 次网格细调率: 转艏 0.003 油门 0.004 ｜ 转艏|Δω|: 让路步 — 其他步 0.0281
    · crossing（strict）       n= 395  到达 100.00%±0.00  碰撞 0.00%  违规/局  2.60  紧急步   0.0%  位置进框(宽松) 100.0%
    · head-on（strict）        n= 205  到达 97.56%±1.08  碰撞 2.44%  违规/局  7.87  紧急步   0.0%  位置进框(宽松) 97.6%

────────────────────────────────────────────────────────────────────────────────────────────────────────
▶ Continuous-safe_s2_F240unsPpoS2  臂=Continuous-safe kind=continuous seed=2 步=10158080
  …下载 200/1300（失败 0）
  …下载 400/1300（失败 0）
  …下载 600/1300（失败 0）
  …下载 800/1300（失败 0）
  …下载 1000/1300（失败 0）
  …下载 1200/1300（失败 0）
  [锚点] 自记测试集 N=100：记录 97.00% vs 重评 97.00%（差 0.00pt）✅ 逐位复现
  全部                         n= 600  到达 98.83%±0.44  碰撞 1.17%  违规/局  4.45  紧急步   0.0%  位置进框(宽松) 98.8%
  clean（没训练过）                n= 600  到达 98.83%±0.44  碰撞 1.17%  违规/局  4.45  紧急步   0.0%  位置进框(宽松) 98.8%
  strict（真一眼没见过）             n= 600  到达 98.83%±0.44  碰撞 1.17%  违规/局  4.45  紧急步   0.0%  位置进框(宽松) 98.8%
      平滑: jerk 1.573 转艏Δ 0.0264 油门Δ 0.0080 路径 4060m ｜ 次网格细调率: 转艏 0.002 油门 0.004 ｜ 转艏|Δω|: 让路步 — 其他步 0.0264
    · crossing（strict）       n= 395  到达 100.00%±0.00  碰撞 0.00%  违规/局  2.61  紧急步   0.0%  位置进框(宽松) 100.0%
    · head-on（strict）        n= 205  到达 96.59%±1.27  碰撞 3.41%  违规/局  8.00  紧急步   0.0%  位置进框(宽松) 96.6%

────────────────────────────────────────────────────────────────────────────────────────────────────────
▶ Continuous-safe_s3_F240unsPpoS3  臂=Continuous-safe kind=continuous seed=3 步=10158080
  …下载 200/1300（失败 0）
  …下载 400/1300（失败 0）
  …下载 600/1300（失败 0）
  …下载 800/1300（失败 0）
  …下载 1000/1300（失败 0）
  …下载 1200/1300（失败 0）
  [锚点] 自记测试集 N=100：记录 98.00% vs 重评 98.00%（差 0.00pt）✅ 逐位复现
  全部                         n= 600  到达 98.83%±0.44  碰撞 1.00%  违规/局  4.68  紧急步   0.0%  位置进框(宽松) 99.0%
  clean（没训练过）                n= 600  到达 98.83%±0.44  碰撞 1.00%  违规/局  4.68  紧急步   0.0%  位置进框(宽松) 99.0%
  strict（真一眼没见过）             n= 600  到达 98.83%±0.44  碰撞 1.00%  违规/局  4.68  紧急步   0.0%  位置进框(宽松) 99.0%
      平滑: jerk 1.644 转艏Δ 0.0231 油门Δ 0.0204 路径 4344m ｜ 次网格细调率: 转艏 0.005 油门 0.013 ｜ 转艏|Δω|: 让路步 — 其他步 0.0231
    · crossing（strict）       n= 395  到达 99.75%±0.25  碰撞 0.25%  违规/局  3.12  紧急步   0.0%  位置进框(宽松) 99.7%
    · head-on（strict）        n= 205  到达 97.07%±1.18  碰撞 2.44%  违规/局  7.69  紧急步   0.0%  位置进框(宽松) 97.6%

────────────────────────────────────────────────────────────────────────────────────────────────────────
▶ Continuous-safe_s4_F240unsPpoS4  臂=Continuous-safe kind=continuous seed=4 步=10158080
  …下载 200/1300（失败 0）
  …下载 400/1300（失败 0）
  …下载 600/1300（失败 0）
  …下载 800/1300（失败 0）
  …下载 1000/1300（失败 0）
  …下载 1200/1300（失败 0）
  [锚点] 自记测试集 N=100：记录 97.00% vs 重评 97.00%（差 0.00pt）✅ 逐位复现
  全部                         n= 600  到达 97.00%±0.70  碰撞 2.50%  违规/局  4.83  紧急步   0.0%  位置进框(宽松) 97.0%
  clean（没训练过）                n= 600  到达 97.00%±0.70  碰撞 2.50%  违规/局  4.83  紧急步   0.0%  位置进框(宽松) 97.0%
  strict（真一眼没见过）             n= 600  到达 97.00%±0.70  碰撞 2.50%  违规/局  4.83  紧急步   0.0%  位置进框(宽松) 97.0%
      平滑: jerk 1.582 转艏Δ 0.0269 油门Δ 0.0077 路径 4051m ｜ 次网格细调率: 转艏 0.001 油门 0.004 ｜ 转艏|Δω|: 让路步 — 其他步 0.0269
    · crossing（strict）       n= 395  到达 99.24%±0.44  碰撞 0.51%  违规/局  2.55  紧急步   0.0%  位置进框(宽松) 99.2%
    · head-on（strict）        n= 205  到达 92.68%±1.82  碰撞 6.34%  违规/局  9.21  紧急步   0.0%  位置进框(宽松) 92.7%

────────────────────────────────────────────────────────────────────────────────────────────────────────
▶ Continuous-safe_s5_F240unsPpoS5  臂=Continuous-safe kind=continuous seed=5 步=10158080
  …下载 200/1300（失败 0）
  …下载 400/1300（失败 0）
  …下载 600/1300（失败 0）
  …下载 800/1300（失败 0）
  …下载 1000/1300（失败 0）
  …下载 1200/1300（失败 0）
  [锚点] 自记测试集 N=100：记录 94.00% vs 重评 94.00%（差 0.00pt）✅ 逐位复现
  全部                         n= 600  到达 98.67%±0.47  碰撞 0.83%  违规/局  4.42  紧急步   0.0%  位置进框(宽松) 98.7%
  clean（没训练过）                n= 600  到达 98.67%±0.47  碰撞 0.83%  违规/局  4.42  紧急步   0.0%  位置进框(宽松) 98.7%
  strict（真一眼没见过）             n= 600  到达 98.67%±0.47  碰撞 0.83%  违规/局  4.42  紧急步   0.0%  位置进框(宽松) 98.7%
      平滑: jerk 1.617 转艏Δ 0.0277 油门Δ 0.0072 路径 4037m ｜ 次网格细调率: 转艏 0.005 油门 0.012 ｜ 转艏|Δω|: 让路步 — 其他步 0.0277
    · crossing（strict）       n= 395  到达 99.75%±0.25  碰撞 0.00%  违规/局  2.43  紧急步   0.0%  位置进框(宽松) 99.7%
    · head-on（strict）        n= 205  到达 96.59%±1.27  碰撞 2.44%  违规/局  8.26  紧急步   0.0%  位置进框(宽松) 96.6%

────────────────────────────────────────────────────────────────────────────────────────────────────────
▶ Continuous-safe_s8_F240unsPpoS8  臂=Continuous-safe kind=continuous seed=8 步=10158080
  …下载 200/1300（失败 0）
  …下载 400/1300（失败 0）
  …下载 600/1300（失败 0）
  …下载 800/1300（失败 0）
  …下载 1000/1300（失败 0）
  …下载 1200/1300（失败 0）
  [锚点] 自记测试集 N=100：记录 97.00% vs 重评 97.00%（差 0.00pt）✅ 逐位复现
  全部                         n= 600  到达 97.17%±0.68  碰撞 2.83%  违规/局  4.76  紧急步   0.0%  位置进框(宽松) 97.2%
  clean（没训练过）                n= 600  到达 97.17%±0.68  碰撞 2.83%  违规/局  4.76  紧急步   0.0%  位置进框(宽松) 97.2%
  strict（真一眼没见过）             n= 600  到达 97.17%±0.68  碰撞 2.83%  违规/局  4.76  紧急步   0.0%  位置进框(宽松) 97.2%
      平滑: jerk 1.626 转艏Δ 0.0274 油门Δ 0.0084 路径 4048m ｜ 次网格细调率: 转艏 0.001 油门 0.005 ｜ 转艏|Δω|: 让路步 — 其他步 0.0274
    · crossing（strict）       n= 395  到达 98.73%±0.56  碰撞 1.27%  违规/局  2.98  紧急步   0.0%  位置进框(宽松) 98.7%
    · head-on（strict）        n= 205  到达 94.15%±1.64  碰撞 5.85%  违规/局  8.18  紧急步   0.0%  位置进框(宽松) 94.1%

────────────────────────────────────────────────────────────────────────────────────────────────────────
▶ Continuous-safe_s9_F240unsPpoS9  臂=Continuous-safe kind=continuous seed=9 步=10158080
  …下载 200/1300（失败 0）
  …下载 400/1300（失败 0）
  …下载 600/1300（失败 0）
  …下载 800/1300（失败 0）
  …下载 1000/1300（失败 0）
  …下载 1200/1300（失败 0）
  [锚点] 自记测试集 N=100：记录 1.00% vs 重评 1.00%（差 0.00pt）✅ 逐位复现
  全部                         n= 600  到达  3.00%±0.70  碰撞 4.00%  违规/局  6.11  紧急步   0.0%  位置进框(宽松) 96.5%
  clean（没训练过）                n= 600  到达  3.00%±0.70  碰撞 4.00%  违规/局  6.11  紧急步   0.0%  位置进框(宽松) 96.5%
  strict（真一眼没见过）             n= 600  到达  3.00%±0.70  碰撞 4.00%  违规/局  6.11  紧急步   0.0%  位置进框(宽松) 96.5%
      平滑: jerk 1.610 转艏Δ 0.0164 油门Δ 0.0404 路径 5040m ｜ 次网格细调率: 转艏 0.012 油门 0.028 ｜ 转艏|Δω|: 让路步 — 其他步 0.0164
    · crossing（strict）       n= 395  到达  3.80%±0.96  碰撞 2.53%  违规/局  5.12  紧急步   0.0%  位置进框(宽松) 98.2%
    · head-on（strict）        n= 205  到达  1.46%±0.84  碰撞 6.83%  违规/局  8.01  紧急步   0.0%  位置进框(宽松) 93.2%

────────────────────────────────────────────────────────────────────────────────────────────────────────
■ 锚点汇总（8 个 ckpt）：平均有符号差 +0.00pt · 最大绝对差 0.00pt · 8 个逐位复现 / 0 偏高 / 0 偏低
  判读：平均差 ≈ 0 且正负混杂 ⟹ 只是浮点重放噪声，**eval 配置正确**；若平均差明显偏离 0 且方向一致 ⟹ 配置很可能真的错了，别信本次数字。

[reeval_official] 完成 → /root/trb/结果/正式-末段/g8.json
[轨迹] 8 个 checkpoint × 23 个场景 → /root/trb/结果/正式-末段/g8_traj.json
