========================================================================================================
[reeval_official r5-2026-07-26] 发现 4 个 checkpoint：
  Continuous-safe_s6_L1rateON_ppo_s6                   臂=Continuous-safe  kind=continuous  seed=6 步=5079040 数据集=manifest_hocr_200.json 末段到达=0.0
  Continuous-safe_s7_L1rateON_ppo_s7                   臂=Continuous-safe  kind=continuous  seed=7 步=5079040 数据集=manifest_hocr_200.json 末段到达=77.5
  Continuous-safe_s8_L1rateON_ppo_s8                   臂=Continuous-safe  kind=continuous  seed=8 步=5079040 数据集=manifest_hocr_200.json 末段到达=70.0
  Continuous-safe_s9_L1rateON_ppo_s9                   臂=Continuous-safe  kind=continuous  seed=9 步=5079040 数据集=manifest_hocr_200.json 末段到达=87.5
========================================================================================================
[env] 连续臂 eval env：shield=True cone=None v_floor=2.0 augment_rho=False 去朝向门=False
  [数据集] Continuous-safe_s6_L1rateON_ppo_s6 ← manifest_hocr_200.json：训练 94 / 验证 40
  [数据集] Continuous-safe_s7_L1rateON_ppo_s7 ← manifest_hocr_200.json：训练 94 / 验证 40
  [数据集] Continuous-safe_s8_L1rateON_ppo_s8 ← manifest_hocr_200.json：训练 94 / 验证 40
  [数据集] Continuous-safe_s9_L1rateON_ppo_s9 ← manifest_hocr_200.json：训练 94 / 验证 40
  …下载 200/600（失败 0）
  …下载 400/600（失败 0）
  …下载 600/600（失败 0）

[池] 官方 1400/600 划分的测试 600（官方 2000 无追越）：N=600（请求 600）·二项 SE@p=0.8 ≈ 1.63pt
[口径] 全部 600 − 训练泄漏 23 = **clean 577** ； 再 − 验证泄漏 14 = **strict 563**
[分型] {'crossing': 395, 'head-on': 205}

────────────────────────────────────────────────────────────────────────────────────────────────────────
▶ Continuous-safe_s6_L1rateON_ppo_s6  臂=Continuous-safe kind=continuous seed=6 步=5079040
  [锚点] 自记测试集 N=40：记录 0.00% vs 重评 0.00%（差 0.00pt）✅ 逐位复现
  全部                         n= 600  到达  0.17%±0.17  碰撞 0.17%  违规/局  1.02  紧急步   3.2%  位置进框(宽松) 57.3%
  clean（没训练过）                n= 577  到达  0.17%±0.17  碰撞 0.17%  违规/局  1.03  紧急步   3.3%  位置进框(宽松) 57.2%
  strict（真一眼没见过）             n= 563  到达  0.18%±0.18  碰撞 0.18%  违规/局  1.06  紧急步   3.4%  位置进框(宽松) 57.4%
      平滑: jerk 1.424 转艏Δ 0.0172 油门Δ 0.0367 路径 6986m ｜ 次网格细调率: 转艏 0.493 油门 0.427 ｜ 转艏|Δω|: 让路步 — 其他步 0.0135
  对照：训练/验证见过的                n=  37  到达  0.00%±0.00  碰撞 0.00%  违规/局  0.49  紧急步   0.5%  位置进框(宽松) 56.8%
    · crossing               n= 384  到达  0.00%±0.00  碰撞 0.00%  违规/局  0.89  紧急步   4.4%  位置进框(宽松) 50.3%
    · head-on                n= 193  到达  0.52%±0.52  碰撞 0.52%  违规/局  1.33  紧急步   1.2%  位置进框(宽松) 71.0%

────────────────────────────────────────────────────────────────────────────────────────────────────────
▶ Continuous-safe_s7_L1rateON_ppo_s7  臂=Continuous-safe kind=continuous seed=7 步=5079040
  [锚点] 自记测试集 N=40：记录 77.50% vs 重评 77.50%（差 0.00pt）✅ 逐位复现
/root/miniconda3/lib/python3.10/site-packages/cvxpy/problems/problem.py:1539: UserWarning: Solution may be inaccurate. Try another solver, adjusting the solver settings, or solve with verbose=True for more information.
  warnings.warn(
  全部                         n= 600  到达 72.50%±1.82  碰撞 0.00%  违规/局  1.59  紧急步   4.4%  位置进框(宽松) 78.5%
  clean（没训练过）                n= 577  到达 72.27%±1.86  碰撞 0.00%  违规/局  1.59  紧急步   4.5%  位置进框(宽松) 78.3%
  strict（真一眼没见过）             n= 563  到达 71.94%±1.89  碰撞 0.00%  违规/局  1.60  紧急步   4.6%  位置进框(宽松) 78.0%
      平滑: jerk 0.881 转艏Δ 0.0151 油门Δ 0.0027 路径 4139m ｜ 次网格细调率: 转艏 0.583 油门 0.440 ｜ 转艏|Δω|: 让路步 — 其他步 0.0104
  对照：训练/验证见过的                n=  37  到达 81.08%±6.44  碰撞 0.00%  违规/局  1.49  紧急步   1.3%  位置进框(宽松) 86.5%
    · crossing               n= 384  到达 77.34%±2.14  碰撞 0.00%  违规/局  0.98  紧急步   4.4%  位置进框(宽松) 81.2%
    · head-on                n= 193  到达 62.18%±3.49  碰撞 0.00%  违规/局  2.80  紧急步   4.6%  位置进框(宽松) 72.5%

────────────────────────────────────────────────────────────────────────────────────────────────────────
▶ Continuous-safe_s8_L1rateON_ppo_s8  臂=Continuous-safe kind=continuous seed=8 步=5079040
  [锚点] 自记测试集 N=40：记录 70.00% vs 重评 70.00%（差 0.00pt）✅ 逐位复现
  全部                         n= 600  到达 65.67%±1.94  碰撞 0.00%  违规/局  1.83  紧急步   5.6%  位置进框(宽松) 69.7%
  clean（没训练过）                n= 577  到达 65.16%±1.98  碰撞 0.00%  违规/局  1.82  紧急步   5.7%  位置进框(宽松) 69.2%
  strict（真一眼没见过）             n= 563  到达 64.65%±2.01  碰撞 0.00%  违规/局  1.83  紧急步   5.8%  位置进框(宽松) 68.7%
      平滑: jerk 0.997 转艏Δ 0.0172 油门Δ 0.0031 路径 4171m ｜ 次网格细调率: 转艏 0.472 油门 0.361 ｜ 转艏|Δω|: 让路步 — 其他步 0.0142
  对照：训练/验证见过的                n=  37  到达 81.08%±6.44  碰撞 0.00%  违规/局  1.81  紧急步   1.9%  位置进框(宽松) 83.8%
    · crossing               n= 384  到达 67.45%±2.39  碰撞 0.00%  违规/局  1.07  紧急步   5.5%  位置进框(宽松) 70.8%
    · head-on                n= 193  到达 60.62%±3.52  碰撞 0.00%  违规/局  3.32  紧急步   6.2%  位置进框(宽松) 65.8%

────────────────────────────────────────────────────────────────────────────────────────────────────────
▶ Continuous-safe_s9_L1rateON_ppo_s9  臂=Continuous-safe kind=continuous seed=9 步=5079040
  [锚点] 自记测试集 N=40：记录 87.50% vs 重评 87.50%（差 0.00pt）✅ 逐位复现
  全部                         n= 600  到达 82.00%±1.57  碰撞 0.17%  违规/局  1.33  紧急步   3.4%  位置进框(宽松) 83.2%
  clean（没训练过）                n= 577  到达 81.98%±1.60  碰撞 0.17%  违规/局  1.35  紧急步   3.5%  位置进框(宽松) 83.2%
  strict（真一眼没见过）             n= 563  到达 81.71%±1.63  碰撞 0.18%  违规/局  1.35  紧急步   3.6%  位置进框(宽松) 82.9%
      平滑: jerk 0.799 转艏Δ 0.0138 油门Δ 0.0027 路径 4288m ｜ 次网格细调率: 转艏 0.596 油门 0.361 ｜ 转艏|Δω|: 让路步 — 其他步 0.0106
  对照：训练/验证见过的                n=  37  到达 86.49%±5.62  碰撞 0.00%  违规/局  1.00  紧急步   0.5%  位置进框(宽松) 86.5%
    · crossing               n= 384  到达 85.68%±1.79  碰撞 0.00%  违规/局  0.86  紧急步   3.3%  位置进框(宽松) 86.2%
    · head-on                n= 193  到达 74.61%±3.13  碰撞 0.52%  违规/局  2.33  紧急步   3.9%  位置进框(宽松) 77.2%

────────────────────────────────────────────────────────────────────────────────────────────────────────
■ 锚点汇总（4 个 ckpt）：平均有符号差 +0.00pt · 最大绝对差 0.00pt · 4 个逐位复现 / 0 偏高 / 0 偏低
  判读：平均差 ≈ 0 且正负混杂 ⟹ 只是浮点重放噪声，**eval 配置正确**；若平均差明显偏离 0 且方向一致 ⟹ 配置很可能真的错了，别信本次数字。

[reeval_official] 完成 → /root/trb/reeval_official_gd2.json
