========================================================================================================
[reeval_official r5-2026-07-26] 发现 9 个 checkpoint：
  Continuous-safe_s0_mpP0_ppo_s0                       臂=Continuous-safe  kind=continuous  seed=0 步=4571136 数据集=manifest_hocr_200.json 末段到达=100.0
  Continuous-safe_s1_mpP0_ppo_s1                       臂=Continuous-safe  kind=continuous  seed=1 步=4571136 数据集=manifest_hocr_200.json 末段到达=97.5
  Continuous-safe_s2_mpP0_ppo_s2                       臂=Continuous-safe  kind=continuous  seed=2 步=4571136 数据集=manifest_hocr_200.json 末段到达=100.0
  Continuous-safe_s0_mpP2_ppo_s0                       臂=Continuous-safe  kind=continuous  seed=0 步=4571136 数据集=manifest_hocr_200.json 末段到达=87.5
  Continuous-safe_s1_mpP2_ppo_s1                       臂=Continuous-safe  kind=continuous  seed=1 步=4571136 数据集=manifest_hocr_200.json 末段到达=95.0
  Continuous-safe_s2_mpP2_ppo_s2                       臂=Continuous-safe  kind=continuous  seed=2 步=4571136 数据集=manifest_hocr_200.json 末段到达=95.0
  Continuous-safe_s0_mpP7_ppo_s0                       臂=Continuous-safe  kind=continuous  seed=0 步=4571136 数据集=manifest_hocr_200.json 末段到达=87.5
  Continuous-safe_s1_mpP7_ppo_s1                       臂=Continuous-safe  kind=continuous  seed=1 步=4571136 数据集=manifest_hocr_200.json 末段到达=85.0
  Continuous-safe_s2_mpP7_ppo_s2                       臂=Continuous-safe  kind=continuous  seed=2 步=4571136 数据集=manifest_hocr_200.json 末段到达=80.0
========================================================================================================
[env] 连续臂 eval env：shield=True cone=None v_floor=2.0 augment_rho=False 去朝向门=False
  [数据集] Continuous-safe_s0_mpP0_ppo_s0 ← manifest_hocr_200.json：训练 94 / 验证 40
  [数据集] Continuous-safe_s1_mpP0_ppo_s1 ← manifest_hocr_200.json：训练 94 / 验证 40
  [数据集] Continuous-safe_s2_mpP0_ppo_s2 ← manifest_hocr_200.json：训练 94 / 验证 40
  [数据集] Continuous-safe_s0_mpP2_ppo_s0 ← manifest_hocr_200.json：训练 94 / 验证 40
  [数据集] Continuous-safe_s1_mpP2_ppo_s1 ← manifest_hocr_200.json：训练 94 / 验证 40
  [数据集] Continuous-safe_s2_mpP2_ppo_s2 ← manifest_hocr_200.json：训练 94 / 验证 40
  [数据集] Continuous-safe_s0_mpP7_ppo_s0 ← manifest_hocr_200.json：训练 94 / 验证 40
  [数据集] Continuous-safe_s1_mpP7_ppo_s1 ← manifest_hocr_200.json：训练 94 / 验证 40
  [数据集] Continuous-safe_s2_mpP7_ppo_s2 ← manifest_hocr_200.json：训练 94 / 验证 40
  …下载 200/600（失败 0）
  …下载 400/600（失败 0）
  …下载 600/600（失败 0）

[池] 官方 1400/600 划分的测试 600（官方 2000 无追越）：N=600（请求 600）·二项 SE@p=0.8 ≈ 1.63pt
[口径] 全部 600 − 训练泄漏 23 = **clean 577** ； 再 − 验证泄漏 14 = **strict 563**
[分型] {'crossing': 395, 'head-on': 205}

────────────────────────────────────────────────────────────────────────────────────────────────────────
▶ Continuous-safe_s0_mpP0_ppo_s0  臂=Continuous-safe kind=continuous seed=0 步=4571136
  [锚点] 自记测试集 N=40：记录 100.00% vs 重评 100.00%（差 0.00pt）✅ 逐位复现
  全部                         n= 600  到达 93.50%±1.01  碰撞 0.17%  违规/局  1.76  紧急步   4.8%  位置进框(宽松) 96.3%
  clean（没训练过）                n= 577  到达 93.24%±1.05  碰撞 0.17%  违规/局  1.78  紧急步   5.0%  位置进框(宽松) 96.2%
  strict（真一眼没见过）             n= 563  到达 93.07%±1.07  碰撞 0.18%  违规/局  1.76  紧急步   5.0%  位置进框(宽松) 96.1%
      平滑: jerk 0.864 转艏Δ 0.0137 油门Δ 0.0064 路径 4344m ｜ 次网格细调率: 转艏 0.780 油门 0.572 ｜ 转艏|Δω|: 让路步 — 其他步 0.0049
  对照：训练/验证见过的                n=  37  到达 100.00%±0.00  碰撞 0.00%  违规/局  1.84  紧急步   2.5%  位置进框(宽松) 100.0%
    · crossing               n= 384  到达 93.75%±1.24  碰撞 0.00%  违规/局  1.14  紧急步   4.7%  位置进框(宽松) 96.6%
    · head-on                n= 193  到达 92.23%±1.93  碰撞 0.52%  违规/局  3.06  紧急步   5.4%  位置进框(宽松) 95.3%

────────────────────────────────────────────────────────────────────────────────────────────────────────
▶ Continuous-safe_s1_mpP0_ppo_s1  臂=Continuous-safe kind=continuous seed=1 步=4571136
  [锚点] 自记测试集 N=40：记录 97.50% vs 重评 100.00%（差 2.50pt）🟡 差 1 局（实测重放噪声内·`03` L192-C）
/root/miniconda3/lib/python3.10/site-packages/cvxpy/problems/problem.py:1539: UserWarning: Solution may be inaccurate. Try another solver, adjusting the solver settings, or solve with verbose=True for more information.
  warnings.warn(
  全部                         n= 600  到达 94.83%±0.90  碰撞 0.17%  违规/局  1.67  紧急步   4.4%  位置进框(宽松) 97.0%
  clean（没训练过）                n= 577  到达 94.63%±0.94  碰撞 0.17%  违规/局  1.68  紧急步   4.6%  位置进框(宽松) 96.9%
  strict（真一眼没见过）             n= 563  到达 94.49%±0.96  碰撞 0.18%  违规/局  1.71  紧急步   4.7%  位置进框(宽松) 96.8%
      平滑: jerk 0.834 转艏Δ 0.0138 油门Δ 0.0042 路径 4363m ｜ 次网格细调率: 转艏 0.810 油门 0.733 ｜ 转艏|Δω|: 让路步 0.0131 其他步 0.0031
  对照：训练/验证见过的                n=  37  到达 100.00%±0.00  碰撞 0.00%  违规/局  1.05  紧急步   0.7%  位置进框(宽松) 100.0%
    · crossing               n= 384  到达 95.83%±1.02  碰撞 0.00%  违规/局  1.11  紧急步   3.7%  位置进框(宽松) 96.9%
    · head-on                n= 193  到达 92.23%±1.93  碰撞 0.52%  违规/局  2.82  紧急步   6.2%  位置进框(宽松) 96.9%

────────────────────────────────────────────────────────────────────────────────────────────────────────
▶ Continuous-safe_s2_mpP0_ppo_s2  臂=Continuous-safe kind=continuous seed=2 步=4571136
  [锚点] 自记测试集 N=40：记录 100.00% vs 重评 100.00%（差 0.00pt）✅ 逐位复现
/root/miniconda3/lib/python3.10/site-packages/cvxpy/problems/problem.py:1539: UserWarning: Solution may be inaccurate. Try another solver, adjusting the solver settings, or solve with verbose=True for more information.
  warnings.warn(
  全部                         n= 600  到达 94.67%±0.92  碰撞 0.00%  违规/局  1.71  紧急步   4.6%  位置进框(宽松) 96.3%
  clean（没训练过）                n= 577  到达 94.45%±0.95  碰撞 0.00%  违规/局  1.73  紧急步   4.7%  位置进框(宽松) 96.2%
  strict（真一眼没见过）             n= 563  到达 94.32%±0.98  碰撞 0.00%  违规/局  1.73  紧急步   4.8%  位置进框(宽松) 96.1%
      平滑: jerk 0.999 转艏Δ 0.0168 油门Δ 0.0043 路径 4316m ｜ 次网格细调率: 转艏 0.787 油门 0.701 ｜ 转艏|Δω|: 让路步 0.0131 其他步 0.0040
  对照：训练/验证见过的                n=  37  到达 100.00%±0.00  碰撞 0.00%  违规/局  1.38  紧急步   1.4%  位置进框(宽松) 100.0%
    · crossing               n= 384  到达 95.31%±1.08  碰撞 0.00%  违规/局  1.07  紧急步   4.2%  位置进框(宽松) 96.4%
    · head-on                n= 193  到达 92.75%±1.87  碰撞 0.00%  违规/局  3.05  紧急步   5.8%  位置进框(宽松) 95.9%

────────────────────────────────────────────────────────────────────────────────────────────────────────
▶ Continuous-safe_s0_mpP2_ppo_s0  臂=Continuous-safe kind=continuous seed=0 步=4571136
  [锚点] 自记测试集 N=40：记录 87.50% vs 重评 87.50%（差 0.00pt）✅ 逐位复现
/root/miniconda3/lib/python3.10/site-packages/cvxpy/problems/problem.py:1539: UserWarning: Solution may be inaccurate. Try another solver, adjusting the solver settings, or solve with verbose=True for more information.
  warnings.warn(
  全部                         n= 600  到达 85.83%±1.42  碰撞 0.17%  违规/局  1.91  紧急步   5.8%  位置进框(宽松) 90.8%
  clean（没训练过）                n= 577  到达 85.44%±1.47  碰撞 0.17%  违规/局  1.92  紧急步   6.0%  位置进框(宽松) 90.6%
  strict（真一眼没见过）             n= 563  到达 85.26%±1.49  碰撞 0.18%  违规/局  1.94  紧急步   6.1%  位置进框(宽松) 90.6%
      平滑: jerk 0.849 转艏Δ 0.0145 油门Δ 0.0027 路径 4209m ｜ 次网格细调率: 转艏 0.785 油门 0.933 ｜ 转艏|Δω|: 让路步 — 其他步 0.0027
  对照：训练/验证见过的                n=  37  到达 94.59%±3.72  碰撞 0.00%  违规/局  1.46  紧急步   1.5%  位置进框(宽松) 94.6%
    · crossing               n= 384  到达 88.28%±1.64  碰撞 0.26%  违规/局  1.23  紧急步   5.4%  位置进框(宽松) 91.7%
    · head-on                n= 193  到达 79.79%±2.89  碰撞 0.00%  违规/局  3.30  紧急步   7.2%  位置进框(宽松) 88.6%

────────────────────────────────────────────────────────────────────────────────────────────────────────
▶ Continuous-safe_s1_mpP2_ppo_s1  臂=Continuous-safe kind=continuous seed=1 步=4571136
  [锚点] 自记测试集 N=40：记录 95.00% vs 重评 97.50%（差 2.50pt）🟡 差 1 局（实测重放噪声内·`03` L192-C）
  全部                         n= 600  到达 85.83%±1.42  碰撞 0.00%  违规/局  1.67  紧急步   4.2%  位置进框(宽松) 94.5%
  clean（没训练过）                n= 577  到达 85.44%±1.47  碰撞 0.00%  违规/局  1.69  紧急步   4.3%  位置进框(宽松) 94.3%
  strict（真一眼没见过）             n= 563  到达 85.08%±1.50  碰撞 0.00%  违规/局  1.67  紧急步   4.3%  位置进框(宽松) 94.1%
      平滑: jerk 0.794 转艏Δ 0.0133 油门Δ 0.0037 路径 4281m ｜ 次网格细调率: 转艏 0.776 油门 0.813 ｜ 转艏|Δω|: 让路步 — 其他步 0.0036
  对照：训练/验证见过的                n=  37  到达 97.30%±2.67  碰撞 0.00%  违规/局  1.65  紧急步   2.4%  位置进框(宽松) 100.0%
    · crossing               n= 384  到达 88.54%±1.63  碰撞 0.00%  违规/局  0.91  紧急步   3.4%  位置进框(宽松) 96.6%
    · head-on                n= 193  到达 79.27%±2.92  碰撞 0.00%  违规/局  3.23  紧急步   6.1%  位置进框(宽松) 89.6%

────────────────────────────────────────────────────────────────────────────────────────────────────────
▶ Continuous-safe_s2_mpP2_ppo_s2  臂=Continuous-safe kind=continuous seed=2 步=4571136
  [锚点] 自记测试集 N=40：记录 95.00% vs 重评 90.00%（差 5.00pt）🟡 差 2 局（实测重放噪声内·`03` L192-C）
  全部                         n= 600  到达 80.33%±1.62  碰撞 0.17%  违规/局  1.74  紧急步   4.8%  位置进框(宽松) 87.3%
  clean（没训练过）                n= 577  到达 79.90%±1.67  碰撞 0.17%  违规/局  1.76  紧急步   5.0%  位置进框(宽松) 87.2%
  strict（真一眼没见过）             n= 563  到达 79.57%±1.70  碰撞 0.18%  违规/局  1.77  紧急步   5.1%  位置进框(宽松) 87.0%
      平滑: jerk 0.837 转艏Δ 0.0143 油门Δ 0.0027 路径 4218m ｜ 次网格细调率: 转艏 0.847 油门 0.945 ｜ 转艏|Δω|: 让路步 — 其他步 0.0017
  对照：训练/验证见过的                n=  37  到达 91.89%±4.49  碰撞 0.00%  违规/局  1.24  紧急步   0.9%  位置进框(宽松) 91.9%
    · crossing               n= 384  到达 82.29%±1.95  碰撞 0.00%  违规/局  1.10  紧急步   4.0%  位置进框(宽松) 89.3%
    · head-on                n= 193  到达 75.13%±3.11  碰撞 0.52%  违规/局  3.07  紧急步   7.0%  位置进框(宽松) 82.9%

────────────────────────────────────────────────────────────────────────────────────────────────────────
▶ Continuous-safe_s0_mpP7_ppo_s0  臂=Continuous-safe kind=continuous seed=0 步=4571136
  [锚点] 自记测试集 N=40：记录 87.50% vs 重评 87.50%（差 0.00pt）✅ 逐位复现
  全部                         n= 600  到达 82.00%±1.57  碰撞 0.17%  违规/局  1.64  紧急步   5.5%  位置进框(宽松) 86.7%
  clean（没训练过）                n= 577  到达 81.46%±1.62  碰撞 0.17%  违规/局  1.65  紧急步   5.6%  位置进框(宽松) 86.3%
  strict（真一眼没见过）             n= 563  到达 81.17%±1.65  碰撞 0.18%  违规/局  1.64  紧急步   5.6%  位置进框(宽松) 86.1%
      平滑: jerk 0.877 转艏Δ 0.0149 油门Δ 0.0031 路径 4287m ｜ 次网格细调率: 转艏 0.859 油门 0.864 ｜ 转艏|Δω|: 让路步 — 其他步 0.0025
  对照：训练/验证见过的                n=  37  到达 94.59%±3.72  碰撞 0.00%  违规/局  1.65  紧急步   3.4%  位置进框(宽松) 94.6%
    · crossing               n= 384  到达 80.99%±2.00  碰撞 0.26%  违规/局  0.94  紧急步   5.0%  位置进框(宽松) 84.9%
    · head-on                n= 193  到达 82.38%±2.74  碰撞 0.00%  违规/局  3.06  紧急步   6.9%  位置进框(宽松) 89.1%

────────────────────────────────────────────────────────────────────────────────────────────────────────
▶ Continuous-safe_s1_mpP7_ppo_s1  臂=Continuous-safe kind=continuous seed=1 步=4571136
  [锚点] 自记测试集 N=40：记录 85.00% vs 重评 82.50%（差 2.50pt）🟡 差 1 局（实测重放噪声内·`03` L192-C）
  全部                         n= 600  到达 85.33%±1.44  碰撞 0.00%  违规/局  1.72  紧急步   6.1%  位置进框(宽松) 90.0%
  clean（没训练过）                n= 577  到达 85.10%±1.48  碰撞 0.00%  违规/局  1.73  紧急步   6.3%  位置进框(宽松) 89.9%
  strict（真一眼没见过）             n= 563  到达 84.90%±1.51  碰撞 0.00%  违规/局  1.73  紧急步   6.4%  位置进框(宽松) 89.9%
      平滑: jerk 0.843 转艏Δ 0.0145 油门Δ 0.0025 路径 4315m ｜ 次网格细调率: 转艏 0.791 油门 0.838 ｜ 转艏|Δω|: 让路步 — 其他步 0.0042
  对照：训练/验证见过的                n=  37  到达 91.89%±4.49  碰撞 0.00%  违规/局  1.49  紧急步   1.9%  位置进框(宽松) 91.9%
    · crossing               n= 384  到达 86.72%±1.73  碰撞 0.00%  违规/局  1.04  紧急步   6.0%  位置进框(宽松) 91.4%
    · head-on                n= 193  到达 81.87%±2.77  碰撞 0.00%  违规/局  3.10  紧急步   7.0%  位置进框(宽松) 87.0%

────────────────────────────────────────────────────────────────────────────────────────────────────────
▶ Continuous-safe_s2_mpP7_ppo_s2  臂=Continuous-safe kind=continuous seed=2 步=4571136
  [锚点] 自记测试集 N=40：记录 80.00% vs 重评 80.00%（差 0.00pt）✅ 逐位复现
  全部                         n= 600  到达 81.67%±1.58  碰撞 0.33%  违规/局  1.86  紧急步   5.5%  位置进框(宽松) 89.3%
  clean（没训练过）                n= 577  到达 80.94%±1.64  碰撞 0.35%  违规/局  1.88  紧急步   5.7%  位置进框(宽松) 88.9%
  strict（真一眼没见过）             n= 563  到达 80.99%±1.65  碰撞 0.36%  违规/局  1.88  紧急步   5.7%  位置进框(宽松) 89.2%
      平滑: jerk 0.806 转艏Δ 0.0138 油门Δ 0.0025 路径 4256m ｜ 次网格细调率: 转艏 0.816 油门 0.983 ｜ 转艏|Δω|: 让路步 — 其他步 0.0020
  对照：训练/验证见过的                n=  37  到达 91.89%±4.49  碰撞 0.00%  违规/局  1.57  紧急步   2.6%  位置进框(宽松) 91.9%
    · crossing               n= 384  到达 84.90%±1.83  碰撞 0.26%  违规/局  1.13  紧急步   5.3%  位置进框(宽松) 90.9%
    · head-on                n= 193  到达 73.06%±3.19  碰撞 0.52%  违规/局  3.35  紧急步   6.4%  位置进框(宽松) 85.0%

────────────────────────────────────────────────────────────────────────────────────────────────────────
■ 锚点汇总（9 个 ckpt）：平均有符号差 -0.28pt · 最大绝对差 5.00pt · 5 个逐位复现 / 2 偏高 / 2 偏低
  判读：平均差 ≈ 0 且正负混杂 ⟹ 只是浮点重放噪声，**eval 配置正确**；若平均差明显偏离 0 且方向一致 ⟹ 配置很可能真的错了，别信本次数字。

[reeval_official] 完成 → /root/trb/reeval_official_mp.json
