========================================================================================================
[reeval_official r5-2026-07-26] 发现 10 个 checkpoint：
  Continuous-safe_s0_wsHOCRppo_s0                      臂=Continuous-safe  kind=continuous  seed=0 步=3047424 数据集=manifest_hocr_200.json 末段到达=100.0
  Continuous-safe_s1_wsHOCRppo_s1                      臂=Continuous-safe  kind=continuous  seed=1 步=2539520 数据集=manifest_hocr_200.json 末段到达=90.0
  Continuous-safe_s2_wsHOCRppo_s2                      臂=Continuous-safe  kind=continuous  seed=2 步=3047424 数据集=manifest_hocr_200.json 末段到达=97.5
  Continuous-safe_s3_wsHOCRppo_s3                      臂=Continuous-safe  kind=continuous  seed=3 步=2539520 数据集=manifest_hocr_200.json 末段到达=97.5
  Continuous-safe_s4_wsHOCRppo_s4                      臂=Continuous-safe  kind=continuous  seed=4 步=2539520 数据集=manifest_hocr_200.json 末段到达=100.0
  Continuous-safe_s5_wsHOCRppo_s5                      臂=Continuous-safe  kind=continuous  seed=5 步=2539520 数据集=manifest_hocr_200.json 末段到达=82.5
  Continuous-safe_s6_wsHOCRppo_s6                      臂=Continuous-safe  kind=continuous  seed=6 步=3047424 数据集=manifest_hocr_200.json 末段到达=100.0
  Continuous-safe_s7_wsHOCRppo_s7                      臂=Continuous-safe  kind=continuous  seed=7 步=2539520 数据集=manifest_hocr_200.json 末段到达=97.5
  Continuous-safe_s8_wsHOCRppo_s8                      臂=Continuous-safe  kind=continuous  seed=8 步=3047424 数据集=manifest_hocr_200.json 末段到达=97.5
  Continuous-safe_s9_wsHOCRppo_s9                      臂=Continuous-safe  kind=continuous  seed=9 步=3047424 数据集=manifest_hocr_200.json 末段到达=95.0
========================================================================================================
[env] 连续臂 eval env：shield=True cone=None v_floor=2.0 augment_rho=False 去朝向门=False
  [数据集] Continuous-safe_s0_wsHOCRppo_s0 ← manifest_hocr_200.json：训练 94 / 验证 40
  [数据集] Continuous-safe_s1_wsHOCRppo_s1 ← manifest_hocr_200.json：训练 94 / 验证 40
  [数据集] Continuous-safe_s2_wsHOCRppo_s2 ← manifest_hocr_200.json：训练 94 / 验证 40
  [数据集] Continuous-safe_s3_wsHOCRppo_s3 ← manifest_hocr_200.json：训练 94 / 验证 40
  [数据集] Continuous-safe_s4_wsHOCRppo_s4 ← manifest_hocr_200.json：训练 94 / 验证 40
  [数据集] Continuous-safe_s5_wsHOCRppo_s5 ← manifest_hocr_200.json：训练 94 / 验证 40
  [数据集] Continuous-safe_s6_wsHOCRppo_s6 ← manifest_hocr_200.json：训练 94 / 验证 40
  [数据集] Continuous-safe_s7_wsHOCRppo_s7 ← manifest_hocr_200.json：训练 94 / 验证 40
  [数据集] Continuous-safe_s8_wsHOCRppo_s8 ← manifest_hocr_200.json：训练 94 / 验证 40
  [数据集] Continuous-safe_s9_wsHOCRppo_s9 ← manifest_hocr_200.json：训练 94 / 验证 40
  …下载 200/600（失败 0）
  …下载 400/600（失败 0）
  …下载 600/600（失败 0）

[池] 官方 1400/600 划分的测试 600（官方 2000 无追越）：N=600（请求 600）·二项 SE@p=0.8 ≈ 1.63pt
[口径] 全部 600 − 训练泄漏 23 = **clean 577** ； 再 − 验证泄漏 14 = **strict 563**
[分型] {'crossing': 395, 'head-on': 205}

────────────────────────────────────────────────────────────────────────────────────────────────────────
▶ Continuous-safe_s0_wsHOCRppo_s0  臂=Continuous-safe kind=continuous seed=0 步=3047424
  [锚点] 自记测试集 N=40：记录 100.00% vs 重评 100.00%（差 0.00pt）✅ 逐位复现
/root/miniconda3/lib/python3.10/site-packages/cvxpy/problems/problem.py:1539: UserWarning: Solution may be inaccurate. Try another solver, adjusting the solver settings, or solve with verbose=True for more information.
  warnings.warn(
  全部                         n= 600  到达 93.83%±0.98  碰撞 0.00%  违规/局  1.20  紧急步   3.1%  位置进框(宽松) 95.2%
  clean（没训练过）                n= 577  到达 93.76%±1.01  碰撞 0.00%  违规/局  1.21  紧急步   3.2%  位置进框(宽松) 95.0%
  strict（真一眼没见过）             n= 563  到达 93.61%±1.03  碰撞 0.00%  违规/局  1.20  紧急步   3.2%  位置进框(宽松) 94.8%
      平滑: jerk 0.886 转艏Δ 0.0150 油门Δ 0.0038 路径 4260m ｜ 次网格细调率: 转艏 0.621 油门 0.507 ｜ 转艏|Δω|: 让路步 — 其他步 0.0086
  对照：训练/验证见过的                n=  37  到达 97.30%±2.67  碰撞 0.00%  违规/局  1.32  紧急步   1.2%  位置进框(宽松) 100.0%
    · crossing               n= 384  到达 95.05%±1.11  碰撞 0.00%  违规/局  0.67  紧急步   2.4%  位置进框(宽松) 96.1%
    · head-on                n= 193  到达 91.19%±2.04  碰撞 0.00%  违规/局  2.26  紧急步   4.9%  位置进框(宽松) 92.7%

────────────────────────────────────────────────────────────────────────────────────────────────────────
▶ Continuous-safe_s1_wsHOCRppo_s1  臂=Continuous-safe kind=continuous seed=1 步=2539520
  [锚点] 自记测试集 N=40：记录 90.00% vs 重评 95.00%（差 5.00pt）🟡 差 2 局（实测重放噪声内·`03` L192-C）
/root/miniconda3/lib/python3.10/site-packages/cvxpy/problems/problem.py:1539: UserWarning: Solution may be inaccurate. Try another solver, adjusting the solver settings, or solve with verbose=True for more information.
  warnings.warn(
  全部                         n= 600  到达 90.67%±1.19  碰撞 0.00%  违规/局  1.64  紧急步   4.3%  位置进框(宽松) 94.2%
  clean（没训练过）                n= 577  到达 90.47%±1.22  碰撞 0.00%  违规/局  1.64  紧急步   4.3%  位置进框(宽松) 94.1%
  strict（真一眼没见过）             n= 563  到达 90.59%±1.23  碰撞 0.00%  违规/局  1.63  紧急步   4.2%  位置进框(宽松) 94.3%
      平滑: jerk 0.781 转艏Δ 0.0132 油门Δ 0.0034 路径 4249m ｜ 次网格细调率: 转艏 0.673 油门 0.507 ｜ 转艏|Δω|: 让路步 — 其他步 0.0074
  对照：训练/验证见过的                n=  37  到达 91.89%±4.49  碰撞 0.00%  违规/局  1.76  紧急步   4.9%  位置进框(宽松) 91.9%
    · crossing               n= 384  到达 93.75%±1.24  碰撞 0.00%  违规/局  1.02  紧急步   3.3%  位置进框(宽松) 96.1%
    · head-on                n= 193  到达 83.94%±2.64  碰撞 0.00%  违规/局  2.87  紧急步   6.5%  位置进框(宽松) 90.2%

────────────────────────────────────────────────────────────────────────────────────────────────────────
▶ Continuous-safe_s2_wsHOCRppo_s2  臂=Continuous-safe kind=continuous seed=2 步=3047424
  [锚点] 自记测试集 N=40：记录 97.50% vs 重评 97.50%（差 0.00pt）✅ 逐位复现
  全部                         n= 600  到达 92.67%±1.06  碰撞 0.00%  违规/局  1.43  紧急步   4.4%  位置进框(宽松) 95.3%
  clean（没训练过）                n= 577  到达 92.55%±1.09  碰撞 0.00%  违规/局  1.42  紧急步   4.4%  位置进框(宽松) 95.1%
  strict（真一眼没见过）             n= 563  到达 92.36%±1.12  碰撞 0.00%  违规/局  1.43  紧急步   4.5%  位置进框(宽松) 95.0%
      平滑: jerk 0.947 转艏Δ 0.0162 油门Δ 0.0035 路径 4269m ｜ 次网格细调率: 转艏 0.703 油门 0.613 ｜ 转艏|Δω|: 让路步 — 其他步 0.0067
  对照：训练/验证见过的                n=  37  到达 97.30%±2.67  碰撞 0.00%  违规/局  1.43  紧急步   2.7%  位置进框(宽松) 100.0%
    · crossing               n= 384  到达 94.53%±1.16  碰撞 0.00%  违规/局  0.88  紧急步   3.5%  位置进框(宽松) 96.4%
    · head-on                n= 193  到达 88.60%±2.29  碰撞 0.00%  违规/局  2.52  紧急步   6.2%  位置进框(宽松) 92.7%

────────────────────────────────────────────────────────────────────────────────────────────────────────
▶ Continuous-safe_s3_wsHOCRppo_s3  臂=Continuous-safe kind=continuous seed=3 步=2539520
  [锚点] 自记测试集 N=40：记录 97.50% vs 重评 97.50%（差 0.00pt）✅ 逐位复现
  全部                         n= 600  到达 91.17%±1.16  碰撞 0.00%  违规/局  1.32  紧急步   3.2%  位置进框(宽松) 93.5%
  clean（没训练过）                n= 577  到达 90.81%±1.20  碰撞 0.00%  违规/局  1.33  紧急步   3.2%  位置进框(宽松) 93.2%
  strict（真一眼没见过）             n= 563  到达 90.59%±1.23  碰撞 0.00%  违规/局  1.32  紧急步   3.3%  位置进框(宽松) 93.1%
      平滑: jerk 0.799 转艏Δ 0.0135 油门Δ 0.0034 路径 4258m ｜ 次网格细调率: 转艏 0.643 油门 0.542 ｜ 转艏|Δω|: 让路步 — 其他步 0.0088
  对照：训练/验证见过的                n=  37  到达 100.00%±0.00  碰撞 0.00%  违规/局  1.30  紧急步   1.4%  位置进框(宽松) 100.0%
    · crossing               n= 384  到达 93.75%±1.24  碰撞 0.00%  违规/局  0.82  紧急步   2.5%  位置进框(宽松) 95.3%
    · head-on                n= 193  到达 84.97%±2.57  碰撞 0.00%  违规/局  2.33  紧急步   4.7%  位置进框(宽松) 89.1%

────────────────────────────────────────────────────────────────────────────────────────────────────────
▶ Continuous-safe_s4_wsHOCRppo_s4  臂=Continuous-safe kind=continuous seed=4 步=2539520
  [锚点] 自记测试集 N=40：记录 100.00% vs 重评 97.50%（差 2.50pt）🟡 差 1 局（实测重放噪声内·`03` L192-C）
  全部                         n= 600  到达 92.83%±1.05  碰撞 0.33%  违规/局  1.44  紧急步   3.7%  位置进框(宽松) 94.0%
  clean（没训练过）                n= 577  到达 92.55%±1.09  碰撞 0.35%  违规/局  1.45  紧急步   3.7%  位置进框(宽松) 93.8%
  strict（真一眼没见过）             n= 563  到达 92.36%±1.12  碰撞 0.36%  违规/局  1.45  紧急步   3.8%  位置进框(宽松) 93.6%
      平滑: jerk 0.953 转艏Δ 0.0164 油门Δ 0.0032 路径 4265m ｜ 次网格细调率: 转艏 0.613 油门 0.435 ｜ 转艏|Δω|: 让路步 — 其他步 0.0093
  对照：训练/验证见过的                n=  37  到达 100.00%±0.00  碰撞 0.00%  违规/局  1.27  紧急步   1.6%  位置进框(宽松) 100.0%
    · crossing               n= 384  到达 93.49%±1.26  碰撞 0.26%  违规/局  0.78  紧急步   2.8%  位置进框(宽松) 94.8%
    · head-on                n= 193  到达 90.67%±2.09  碰撞 0.52%  违规/局  2.78  紧急步   5.6%  位置进框(宽松) 91.7%

────────────────────────────────────────────────────────────────────────────────────────────────────────
▶ Continuous-safe_s5_wsHOCRppo_s5  臂=Continuous-safe kind=continuous seed=5 步=2539520
  [锚点] 自记测试集 N=40：记录 82.50% vs 重评 82.50%（差 0.00pt）✅ 逐位复现
  全部                         n= 600  到达 83.67%±1.51  碰撞 0.17%  违规/局  1.50  紧急步   3.6%  位置进框(宽松) 85.0%
  clean（没训练过）                n= 577  到达 83.71%±1.54  碰撞 0.00%  违规/局  1.50  紧急步   3.4%  位置进框(宽松) 84.9%
  strict（真一眼没见过）             n= 563  到达 83.48%±1.57  碰撞 0.00%  违规/局  1.47  紧急步   3.5%  位置进框(宽松) 84.7%
      平滑: jerk 0.865 转艏Δ 0.0149 油门Δ 0.0032 路径 4250m ｜ 次网格细调率: 转艏 0.596 油门 0.462 ｜ 转艏|Δω|: 让路步 — 其他步 0.0096
  对照：训练/验证见过的                n=  37  到达 86.49%±5.62  碰撞 2.70%  违规/局  1.97  紧急步   4.8%  位置进框(宽松) 89.2%
    · crossing               n= 384  到达 86.20%±1.76  碰撞 0.00%  违规/局  0.75  紧急步   2.7%  位置进框(宽松) 87.2%
    · head-on                n= 193  到达 78.76%±2.94  碰撞 0.00%  违规/局  2.98  紧急步   5.0%  位置进框(宽松) 80.3%

────────────────────────────────────────────────────────────────────────────────────────────────────────
▶ Continuous-safe_s6_wsHOCRppo_s6  臂=Continuous-safe kind=continuous seed=6 步=3047424
  [锚点] 自记测试集 N=40：记录 100.00% vs 重评 100.00%（差 0.00pt）✅ 逐位复现
  全部                         n= 600  到达 94.83%±0.90  碰撞 0.00%  违规/局  1.38  紧急步   2.7%  位置进框(宽松) 96.0%
  clean（没训练过）                n= 577  到达 94.63%±0.94  碰撞 0.00%  违规/局  1.38  紧急步   2.7%  位置进框(宽松) 95.8%
  strict（真一眼没见过）             n= 563  到达 94.49%±0.96  碰撞 0.00%  违规/局  1.39  紧急步   2.8%  位置进框(宽松) 95.7%
      平滑: jerk 0.793 转艏Δ 0.0134 油门Δ 0.0036 路径 4259m ｜ 次网格细调率: 转艏 0.668 油门 0.583 ｜ 转艏|Δω|: 让路步 — 其他步 0.0072
  对照：训练/验证见过的                n=  37  到达 100.00%±0.00  碰撞 0.00%  违规/局  1.24  紧急步   2.1%  位置进框(宽松) 100.0%
    · crossing               n= 384  到达 96.09%±0.99  碰撞 0.00%  违规/局  0.80  紧急步   2.0%  位置进框(宽松) 97.1%
    · head-on                n= 193  到达 91.71%±1.98  碰撞 0.00%  违规/局  2.55  紧急步   4.3%  位置进框(宽松) 93.3%

────────────────────────────────────────────────────────────────────────────────────────────────────────
▶ Continuous-safe_s7_wsHOCRppo_s7  臂=Continuous-safe kind=continuous seed=7 步=2539520
  [锚点] 自记测试集 N=40：记录 97.50% vs 重评 97.50%（差 0.00pt）✅ 逐位复现
/root/miniconda3/lib/python3.10/site-packages/cvxpy/problems/problem.py:1539: UserWarning: Solution may be inaccurate. Try another solver, adjusting the solver settings, or solve with verbose=True for more information.
  warnings.warn(
  全部                         n= 600  到达 93.17%±1.03  碰撞 0.00%  违规/局  1.27  紧急步   3.0%  位置进框(宽松) 94.5%
  clean（没训练过）                n= 577  到达 93.24%±1.05  碰撞 0.00%  违规/局  1.26  紧急步   3.1%  位置进框(宽松) 94.5%
  strict（真一眼没见过）             n= 563  到达 93.07%±1.07  碰撞 0.00%  违规/局  1.26  紧急步   3.1%  位置进框(宽松) 94.3%
      平滑: jerk 0.885 转艏Δ 0.0151 油门Δ 0.0033 路径 4239m ｜ 次网格细调率: 转艏 0.623 油门 0.540 ｜ 转艏|Δω|: 让路步 — 其他步 0.0091
  对照：训练/验证见过的                n=  37  到达 94.59%±3.72  碰撞 0.00%  违规/局  1.32  紧急步   1.3%  位置进框(宽松) 97.3%
    · crossing               n= 384  到达 95.83%±1.02  碰撞 0.00%  违规/局  0.77  紧急步   2.3%  位置进框(宽松) 97.1%
    · head-on                n= 193  到达 88.08%±2.33  碰撞 0.00%  违规/局  2.24  紧急步   4.8%  位置进框(宽松) 89.1%

────────────────────────────────────────────────────────────────────────────────────────────────────────
▶ Continuous-safe_s8_wsHOCRppo_s8  臂=Continuous-safe kind=continuous seed=8 步=3047424
  [锚点] 自记测试集 N=40：记录 97.50% vs 重评 92.50%（差 5.00pt）🟡 差 2 局（实测重放噪声内·`03` L192-C）
  全部                         n= 600  到达 87.67%±1.34  碰撞 0.00%  违规/局  1.63  紧急步   5.0%  位置进框(宽松) 90.5%
  clean（没训练过）                n= 577  到达 87.35%±1.38  碰撞 0.00%  违规/局  1.63  紧急步   5.1%  位置进框(宽松) 90.1%
  strict（真一眼没见过）             n= 563  到达 87.03%±1.42  碰撞 0.00%  违规/局  1.60  紧急步   5.1%  位置进框(宽松) 89.9%
      平滑: jerk 0.943 转艏Δ 0.0162 油门Δ 0.0032 路径 4244m ｜ 次网格细调率: 转艏 0.630 油门 0.609 ｜ 转艏|Δω|: 让路步 — 其他步 0.0082
  对照：训练/验证见过的                n=  37  到达 97.30%±2.67  碰撞 0.00%  违规/局  2.11  紧急步   3.6%  位置进框(宽松) 100.0%
    · crossing               n= 384  到达 89.32%±1.58  碰撞 0.00%  违规/局  0.93  紧急步   4.0%  位置进框(宽松) 90.9%
    · head-on                n= 193  到达 83.42%±2.68  碰撞 0.00%  违规/局  3.03  紧急步   7.5%  位置进框(宽松) 88.6%

────────────────────────────────────────────────────────────────────────────────────────────────────────
▶ Continuous-safe_s9_wsHOCRppo_s9  臂=Continuous-safe kind=continuous seed=9 步=3047424
/root/miniconda3/lib/python3.10/site-packages/cvxpy/problems/problem.py:1539: UserWarning: Solution may be inaccurate. Try another solver, adjusting the solver settings, or solve with verbose=True for more information.
  warnings.warn(
  [锚点] 自记测试集 N=40：记录 95.00% vs 重评 95.00%（差 0.00pt）✅ 逐位复现
  全部                         n= 600  到达 91.83%±1.12  碰撞 0.17%  违规/局  1.74  紧急步   5.4%  位置进框(宽松) 94.0%
  clean（没训练过）                n= 577  到达 91.68%±1.15  碰撞 0.17%  违规/局  1.75  紧急步   5.6%  位置进框(宽松) 93.9%
  strict（真一眼没见过）             n= 563  到达 91.47%±1.18  碰撞 0.18%  违规/局  1.75  紧急步   5.7%  位置进框(宽松) 93.8%
      平滑: jerk 0.967 转艏Δ 0.0166 油门Δ 0.0036 路径 4271m ｜ 次网格细调率: 转艏 0.674 油门 0.616 ｜ 转艏|Δω|: 让路步 — 其他步 0.0082
  对照：训练/验证见过的                n=  37  到达 97.30%±2.67  碰撞 0.00%  违规/局  1.51  紧急步   1.0%  位置进框(宽松) 97.3%
    · crossing               n= 384  到达 94.01%±1.21  碰撞 0.00%  违规/局  1.16  紧急步   5.2%  位置进框(宽松) 95.3%
    · head-on                n= 193  到达 87.05%±2.42  碰撞 0.52%  违规/局  2.91  紧急步   6.4%  位置进框(宽松) 91.2%

────────────────────────────────────────────────────────────────────────────────────────────────────────
■ 锚点汇总（10 个 ckpt）：平均有符号差 -0.25pt · 最大绝对差 5.00pt · 7 个逐位复现 / 1 偏高 / 2 偏低
  判读：平均差 ≈ 0 且正负混杂 ⟹ 只是浮点重放噪声，**eval 配置正确**；若平均差明显偏离 0 且方向一致 ⟹ 配置很可能真的错了，别信本次数字。

[reeval_official] 完成 → /root/trb/reeval_official_ws.json
