========================================================================================================
[reeval_official r5-2026-07-26] 发现 5 个 checkpoint：
  Discrete-safe_s0_discStdW0_s0                        臂=Discrete-safe    kind=shielded    seed=0 步=5079040 数据集=manifest_hocr_200.json 末段到达=5.0
  Discrete-safe_s1_discStdW0_s1                        臂=Discrete-safe    kind=shielded    seed=1 步=5079040 数据集=manifest_hocr_200.json 末段到达=0.0
  Discrete-safe_s2_discStdW0_s2                        臂=Discrete-safe    kind=shielded    seed=2 步=5079040 数据集=manifest_hocr_200.json 末段到达=100.0
  Discrete-safe_s3_discStdW0_s3                        臂=Discrete-safe    kind=shielded    seed=3 步=5079040 数据集=manifest_hocr_200.json 末段到达=67.5
  Discrete-safe_s4_discStdW0_s4                        臂=Discrete-safe    kind=shielded    seed=4 步=5079040 数据集=manifest_hocr_200.json 末段到达=95.0
========================================================================================================
[env] 连续臂 eval env：shield=True cone=None v_floor=2.0 augment_rho=False 去朝向门=False
  [数据集] Discrete-safe_s0_discStdW0_s0 ← manifest_hocr_200.json：训练 94 / 验证 40
  [数据集] Discrete-safe_s1_discStdW0_s1 ← manifest_hocr_200.json：训练 94 / 验证 40
  [数据集] Discrete-safe_s2_discStdW0_s2 ← manifest_hocr_200.json：训练 94 / 验证 40
  [数据集] Discrete-safe_s3_discStdW0_s3 ← manifest_hocr_200.json：训练 94 / 验证 40
  [数据集] Discrete-safe_s4_discStdW0_s4 ← manifest_hocr_200.json：训练 94 / 验证 40
  …下载 200/600（失败 0）
  …下载 400/600（失败 0）
  …下载 600/600（失败 0）

[池] 官方 1400/600 划分的测试 600（官方 2000 无追越）：N=600（请求 600）·二项 SE@p=0.8 ≈ 1.63pt
[口径] 全部 600 − 训练泄漏 23 = **clean 577** ； 再 − 验证泄漏 14 = **strict 563**
[分型] {'crossing': 395, 'head-on': 205}

────────────────────────────────────────────────────────────────────────────────────────────────────────
▶ Discrete-safe_s0_discStdW0_s0  臂=Discrete-safe kind=shielded seed=0 步=5079040
  [锚点] 自记测试集 N=40：记录 5.00% vs 重评 5.00%（差 0.00pt）✅ 逐位复现
  全部                         n= 600  到达  3.00%±0.70  碰撞 0.00%  违规/局  2.02  紧急步   6.6%
  clean（没训练过）                n= 577  到达  3.12%±0.72  碰撞 0.00%  违规/局  2.03  紧急步   6.8%
  strict（真一眼没见过）             n= 563  到达  3.02%±0.72  碰撞 0.00%  违规/局  2.02  紧急步   7.0%
      平滑: jerk 0.799 转艏Δ 0.0103 油门Δ 0.0197 路径 4604m ｜ 次网格细调率: 转艏 0.055 油门 0.000 ｜ 转艏|Δω|: 让路步 0.0000 其他步 0.0103
  对照：训练/验证见过的                n=  37  到达  2.70%±2.67  碰撞 0.00%  违规/局  2.08  紧急步   1.5%
    · crossing               n= 384  到达  4.43%±1.05  碰撞 0.00%  违规/局  1.17  紧急步   8.7%
    · head-on                n= 193  到达  0.52%±0.52  碰撞 0.00%  违规/局  3.75  紧急步   3.1%

────────────────────────────────────────────────────────────────────────────────────────────────────────
▶ Discrete-safe_s1_discStdW0_s1  臂=Discrete-safe kind=shielded seed=1 步=5079040
  [锚点] 自记测试集 N=40：记录 0.00% vs 重评 0.00%（差 0.00pt）✅ 逐位复现
  全部                         n= 600  到达  0.33%±0.24  碰撞 0.17%  违规/局  1.07  紧急步   5.8%
  clean（没训练过）                n= 577  到达  0.35%±0.24  碰撞 0.17%  违规/局  1.09  紧急步   5.9%
  strict（真一眼没见过）             n= 563  到达  0.36%±0.25  碰撞 0.18%  违规/局  1.06  紧急步   6.0%
      平滑: jerk 0.916 转艏Δ 0.0105 油门Δ 0.0277 路径 6618m ｜ 次网格细调率: 转艏 0.121 油门 0.000 ｜ 转艏|Δω|: 让路步 — 其他步 0.0105
  对照：训练/验证见过的                n=  37  到达  0.00%±0.00  碰撞 0.00%  违规/局  1.14  紧急步   4.1%
    · crossing               n= 384  到达  0.26%±0.26  碰撞 0.26%  违规/局  0.77  紧急步   7.7%
    · head-on                n= 193  到达  0.52%±0.52  碰撞 0.00%  违规/局  1.73  紧急步   2.2%

────────────────────────────────────────────────────────────────────────────────────────────────────────
▶ Discrete-safe_s2_discStdW0_s2  臂=Discrete-safe kind=shielded seed=2 步=5079040
  [锚点] 自记测试集 N=40：记录 100.00% vs 重评 100.00%（差 0.00pt）✅ 逐位复现
  全部                         n= 600  到达 94.33%±0.94  碰撞 0.00%  违规/局  1.49  紧急步   6.4%
  clean（没训练过）                n= 577  到达 94.11%±0.98  碰撞 0.00%  违规/局  1.50  紧急步   6.6%
  strict（真一眼没见过）             n= 563  到达 93.96%±1.00  碰撞 0.00%  违规/局  1.50  紧急步   6.7%
      平滑: jerk 0.901 转艏Δ 0.0125 油门Δ 0.0185 路径 4232m ｜ 次网格细调率: 转艏 0.025 油门 0.000 ｜ 转艏|Δω|: 让路步 0.0053 其他步 0.0126
  对照：训练/验证见过的                n=  37  到达 100.00%±0.00  碰撞 0.00%  违规/局  1.35  紧急步   1.5%
    · crossing               n= 384  到达 95.05%±1.11  碰撞 0.00%  违规/局  1.07  紧急步   6.3%
    · head-on                n= 193  到达 92.23%±1.93  碰撞 0.00%  违规/局  2.35  紧急步   7.3%

────────────────────────────────────────────────────────────────────────────────────────────────────────
▶ Discrete-safe_s3_discStdW0_s3  臂=Discrete-safe kind=shielded seed=3 步=5079040
  [锚点] 自记测试集 N=40：记录 67.50% vs 重评 67.50%（差 0.00pt）✅ 逐位复现
  全部                         n= 600  到达 55.50%±2.03  碰撞 0.17%  违规/局  1.04  紧急步   6.9%
  clean（没训练过）                n= 577  到达 55.29%±2.07  碰撞 0.17%  违规/局  1.06  紧急步   7.1%
  strict（真一眼没见过）             n= 563  到达 54.88%±2.10  碰撞 0.18%  违规/局  1.05  紧急步   7.2%
      平滑: jerk 0.990 转艏Δ 0.0137 油门Δ 0.0223 路径 4102m ｜ 次网格细调率: 转艏 0.037 油门 0.000 ｜ 转艏|Δω|: 让路步 0.0048 其他步 0.0138
  对照：训练/验证见过的                n=  37  到达 64.86%±7.85  碰撞 0.00%  违规/局  0.84  紧急步   2.7%
    · crossing               n= 384  到达 56.25%±2.53  碰撞 0.00%  违规/局  0.77  紧急步   7.0%
    · head-on                n= 193  到达 53.37%±3.59  碰撞 0.52%  违规/局  1.63  紧急步   7.2%

────────────────────────────────────────────────────────────────────────────────────────────────────────
▶ Discrete-safe_s4_discStdW0_s4  臂=Discrete-safe kind=shielded seed=4 步=5079040
  [锚点] 自记测试集 N=40：记录 95.00% vs 重评 95.00%（差 0.00pt）✅ 逐位复现
  全部                         n= 600  到达 91.33%±1.15  碰撞 0.00%  违规/局  1.18  紧急步   6.9%
  clean（没训练过）                n= 577  到达 90.99%±1.19  碰撞 0.00%  违规/局  1.20  紧急步   7.2%
  strict（真一眼没见过）             n= 563  到达 90.94%±1.21  碰撞 0.00%  违规/局  1.21  紧急步   7.3%
      平滑: jerk 0.957 转艏Δ 0.0138 油门Δ 0.0189 路径 4245m ｜ 次网格细调率: 转艏 0.033 油门 0.000 ｜ 转艏|Δω|: 让路步 0.0053 其他步 0.0138
  对照：训练/验证见过的                n=  37  到达 97.30%±2.67  碰撞 0.00%  违规/局  0.59  紧急步   0.9%
    · crossing               n= 384  到达 89.84%±1.54  碰撞 0.00%  违规/局  0.80  紧急步   7.7%
    · head-on                n= 193  到达 93.26%±1.80  碰撞 0.00%  违规/局  2.00  紧急步   6.1%

────────────────────────────────────────────────────────────────────────────────────────────────────────
■ 锚点汇总（5 个 ckpt）：平均有符号差 +0.00pt · 最大绝对差 0.00pt · 5 个逐位复现 / 0 偏高 / 0 偏低
  判读：平均差 ≈ 0 且正负混杂 ⟹ 只是浮点重放噪声，**eval 配置正确**；若平均差明显偏离 0 且方向一致 ⟹ 配置很可能真的错了，别信本次数字。

[reeval_official] 完成 → /root/trb/reeval_official_ds.json
