========================================================================================================
[run_baselines_official rb2-2026-07-27] runner=b3-2026-07-27 · reeval=r13-2026-07-27
  方法=['vo', 'cbf', 'pd'] · 箱=['rl', 'full'] · 变体=['colregs'] · 标称=pd
  产物 → /root/trb/结果/baselines_official_new.json（目录已就绪·可写）
  ⚠️ 提示：`full` 档（全物理量程）下【平顺度族 + 次网格族】指标必然为空——过滤门写死在 RL 箱内，full 档没有一步落在箱内。这是设计使然、不是缺陷；平顺度只在 `rl` 档报（L226-J）。
[env] 外部基线 env：shield=False（固定）· 去朝向门=False · augment_rho=False · clip_velocity=True（同 replay_eval 默认）
[泄漏集] {'manifest_official_1300.json': {'训练': 1300, '验证': 100}} → 训练键 1300 · 验证键 100
  …下载 200/600（失败 0）
  …下载 400/600（失败 0）
  …下载 600/600（失败 0）
[口径] 全部 600 − 训练泄漏 0 = **clean 600** ； 再 − 验证泄漏 0 = **strict 600**
  ⚠️ 没给 BASELINE_KEYS_REF → 分母只靠 577/563 计数断言，**没有与主线 json 逐键比对**（强烈建议指过去：BASELINE_KEYS_REF=结果/结果0725-大数据集测试/reeval_official_ws.json）
[分型] {'crossing': 395, 'head-on': 205}

[配置] 共 30 个（扫参=on）

[调参池] 官方训练 1400 等距抽 100（**与报数的 563 完全不重叠**） → N=100
  vo|rl|colregs|margin=0,tau=30 n= 100  到达 55.00%±4.97  碰撞 12.00%  违规/局 10.88  紧急步   0.0%  位置进框(宽松) 95.0%
  vo|rl|colregs|margin=175,tau=30 n= 100  到达 56.00%±4.96  碰撞 0.00%  违规/局 10.33  紧急步   0.0%  位置进框(宽松) 96.0%
  vo|rl|colregs|margin=0,tau=60 n= 100  到达 55.00%±4.97  碰撞 14.00%  违规/局 10.88  紧急步   0.0%  位置进框(宽松) 95.0%
  vo|rl|colregs|margin=175,tau=60 n= 100  到达 56.00%±4.96  碰撞 0.00%  违规/局 10.50  紧急步   0.0%  位置进框(宽松) 96.0%
  vo|rl|colregs|margin=0,tau=120 n= 100  到达 55.00%±4.97  碰撞 14.00%  违规/局 10.93  紧急步   0.0%  位置进框(宽松) 95.0%
  vo|rl|colregs|margin=175,tau=120 n= 100  到达 58.00%±4.94  碰撞 0.00%  违规/局 10.40  紧急步   0.0%  位置进框(宽松) 97.0%
  vo|rl|colregs|margin=0,tau=180 n= 100  到达 59.00%±4.92  碰撞 9.00%  违规/局  9.86  紧急步   0.0%  位置进框(宽松) 99.0%
  vo|rl|colregs|margin=175,tau=180 n= 100  到达 56.00%±4.96  碰撞 0.00%  违规/局  8.36  紧急步   0.0%  位置进框(宽松) 99.0%
  vo|full|colregs|margin=0,tau=30 n= 100  到达 45.00%±4.97  碰撞 3.00%  违规/局  5.24  紧急步   0.0%  位置进框(宽松) 100.0%
  vo|full|colregs|margin=175,tau=30 n= 100  到达 45.00%±4.97  碰撞 0.00%  违规/局  5.13  紧急步   0.0%  位置进框(宽松) 100.0%
  vo|full|colregs|margin=0,tau=60 n= 100  到达 45.00%±4.97  碰撞 2.00%  违规/局  5.24  紧急步   0.0%  位置进框(宽松) 100.0%
  vo|full|colregs|margin=175,tau=60 n= 100  到达 46.00%±4.98  碰撞 0.00%  违规/局  5.21  紧急步   0.0%  位置进框(宽松) 100.0%
  vo|full|colregs|margin=0,tau=120 n= 100  到达 45.00%±4.97  碰撞 2.00%  违规/局  5.26  紧急步   0.0%  位置进框(宽松) 100.0%
  vo|full|colregs|margin=175,tau=120 n= 100  到达 45.00%±4.97  碰撞 0.00%  违规/局  5.12  紧急步   0.0%  位置进框(宽松) 100.0%
  vo|full|colregs|margin=0,tau=180 n= 100  到达 45.00%±4.97  碰撞 3.00%  违规/局  5.50  紧急步   0.0%  位置进框(宽松) 100.0%
  vo|full|colregs|margin=175,tau=180 n= 100  到达 47.00%±4.99  碰撞 0.00%  违规/局  5.42  紧急步   0.0%  位置进框(宽松) 100.0%
  cbf|rl|colregs|a1=0.02,a2=0.02,margin=0 n= 100  到达 75.00%±4.33  碰撞 0.00%  违规/局  4.67  紧急步   0.0%  位置进框(宽松) 99.0%
  cbf|rl|colregs|a1=0.02,a2=0.02,margin=175 n= 100  到达 74.00%±4.39  碰撞 0.00%  违规/局  4.28  紧急步   0.0%  位置进框(宽松) 100.0%
  cbf|rl|colregs|a1=0.05,a2=0.05,margin=0 n= 100  到达 68.00%±4.66  碰撞 2.00%  违规/局  9.30  紧急步   0.0%  位置进框(宽松) 98.0%
  cbf|rl|colregs|a1=0.05,a2=0.05,margin=175 n= 100  到达 68.00%±4.66  碰撞 0.00%  违规/局  9.08  紧急步   0.0%  位置进框(宽松) 98.0%
  cbf|rl|colregs|a1=0.1,a2=0.1,margin=0 n= 100  到达 68.00%±4.66  碰撞 6.00%  违规/局  9.10  紧急步   0.0%  位置进框(宽松) 98.0%
  cbf|rl|colregs|a1=0.1,a2=0.1,margin=175 n= 100  到达 67.00%±4.70  碰撞 0.00%  违规/局  8.65  紧急步   0.0%  位置进框(宽松) 98.0%
  cbf|full|colregs|a1=0.02,a2=0.02,margin=0 n= 100  到达 72.00%±4.49  碰撞 0.00%  违规/局  5.13  紧急步   0.0%  位置进框(宽松) 100.0%
  cbf|full|colregs|a1=0.02,a2=0.02,margin=175 n= 100  到达 70.00%±4.58  碰撞 0.00%  违规/局  5.44  紧急步   0.0%  位置进框(宽松) 99.0%
  cbf|full|colregs|a1=0.05,a2=0.05,margin=0 n= 100  到达 61.00%±4.88  碰撞 0.00%  违规/局  6.61  紧急步   0.0%  位置进框(宽松) 100.0%
  cbf|full|colregs|a1=0.05,a2=0.05,margin=175 n= 100  到达 61.00%±4.88  碰撞 0.00%  违规/局  6.45  紧急步   0.0%  位置进框(宽松) 100.0%
  cbf|full|colregs|a1=0.1,a2=0.1,margin=0 n= 100  到达 62.00%±4.85  碰撞 3.00%  违规/局  6.42  紧急步   0.0%  位置进框(宽松) 100.0%
  cbf|full|colregs|a1=0.1,a2=0.1,margin=175 n= 100  到达 61.00%±4.88  碰撞 0.00%  违规/局  6.19  紧急步   0.0%  位置进框(宽松) 100.0%
  pd|rl|colregs              n= 100  到达 64.00%±4.80  碰撞 19.00%  违规/局  9.26  紧急步   0.0%  位置进框(宽松) 96.0%
  pd|full|colregs            n= 100  到达 59.00%±4.92  碰撞 16.00%  违规/局  6.50  紧急步   0.0%  位置进框(宽松) 98.0%
  · ('cbf', 'full', 'colregs') 选中 ['cbf|full|colregs|a1=0.02,a2=0.02,margin=0']
  · ('cbf', 'rl', 'colregs') 选中 ['cbf|rl|colregs|a1=0.02,a2=0.02,margin=0', 'cbf|rl|colregs|a1=0.02,a2=0.02,margin=175']
  · ('pd', 'full', 'colregs') 选中 ['pd|full|colregs']
  · ('pd', 'rl', 'colregs') 选中 ['pd|rl|colregs']
  · ('vo', 'full', 'colregs') 选中 ['vo|full|colregs|margin=175,tau=120', 'vo|full|colregs|margin=175,tau=180', 'vo|full|colregs|margin=175,tau=30']
    ⚠️ 因 BASELINE_FINAL_MAX=3 丢掉了同样在前沿上的：['vo|full|colregs|margin=175,tau=60']（想全跑就调大 FINAL_MAX）
  · ('vo', 'rl', 'colregs') 选中 ['vo|rl|colregs|margin=0,tau=180', 'vo|rl|colregs|margin=175,tau=180', 'vo|rl|colregs|margin=175,tau=30']
    ⚠️ 因 BASELINE_FINAL_MAX=3 丢掉了同样在前沿上的：['vo|rl|colregs|margin=175,tau=120']（想全跑就调大 FINAL_MAX）

========================================================================================================
■ 报数阶段：11 个配置 × N=600

────────────────────────────────────────────────────────────────────────────────────────────────────────
▶ cbf|full|colregs|a1=0.02,a2=0.02,margin=0
  全部                         n= 600  到达 69.33%±1.88  碰撞 0.00%  违规/局  6.48  紧急步   0.0%  位置进框(宽松) 99.7%
  clean（我们没训练过）              n= 600  到达 69.33%±1.88  碰撞 0.00%  违规/局  6.48  紧急步   0.0%  位置进框(宽松) 99.7%
  strict（与四臂同分母）             n= 600  到达 69.33%±1.88  碰撞 0.00%  违规/局  6.48  紧急步   0.0%  位置进框(宽松) 99.7%
      平滑: jerk 0.036 转艏Δ 0.0003 油门Δ 0.0010 路径 4577m ｜ 次网格细调率: 转艏 0.466 油门 0.651 ｜ 转艏|Δω|: 让路步 — 其他步 0.0003
      耗时 88.5s（0.15s/局 × 600 局） · 本趟累计 89s
      不可行步%（VO 锥外无候选 / CBF QP 无解）: 0.00%
    · crossing（strict 563）   n= 395  到达 87.85%±1.64  碰撞 0.00%  违规/局  3.14  紧急步   0.0%  位置进框(宽松) 99.7%
    · head-on（strict 563）    n= 205  到达 33.66%±3.30  碰撞 0.00%  违规/局 12.93  紧急步   0.0%  位置进框(宽松) 99.5%

────────────────────────────────────────────────────────────────────────────────────────────────────────
▶ cbf|rl|colregs|a1=0.02,a2=0.02,margin=0
  全部                         n= 600  到达 70.17%±1.87  碰撞 0.00%  违规/局  4.95  紧急步   0.0%  位置进框(宽松) 99.3%
  clean（我们没训练过）              n= 600  到达 70.17%±1.87  碰撞 0.00%  违规/局  4.95  紧急步   0.0%  位置进框(宽松) 99.3%
  strict（与四臂同分母）             n= 600  到达 70.17%±1.87  碰撞 0.00%  违规/局  4.95  紧急步   0.0%  位置进框(宽松) 99.3%
      平滑: jerk 0.072 转艏Δ 0.0009 油门Δ 0.0012 路径 4480m ｜ 次网格细调率: 转艏 0.472 油门 0.622 ｜ 转艏|Δω|: 让路步 — 其他步 0.0009
      耗时 83.0s（0.14s/局 × 600 局） · 本趟累计 172s
      不可行步%（VO 锥外无候选 / CBF QP 无解）: 0.00%
    · crossing（strict 563）   n= 395  到达 87.59%±1.66  碰撞 0.00%  违规/局  2.35  紧急步   0.0%  位置进框(宽松) 99.7%
    · head-on（strict 563）    n= 205  到达 36.59%±3.36  碰撞 0.00%  违规/局  9.97  紧急步   0.0%  位置进框(宽松) 98.5%

────────────────────────────────────────────────────────────────────────────────────────────────────────
▶ cbf|rl|colregs|a1=0.02,a2=0.02,margin=175
  全部                         n= 600  到达 69.83%±1.87  碰撞 0.00%  违规/局  4.49  紧急步   0.0%  位置进框(宽松) 99.3%
  clean（我们没训练过）              n= 600  到达 69.83%±1.87  碰撞 0.00%  违规/局  4.49  紧急步   0.0%  位置进框(宽松) 99.3%
  strict（与四臂同分母）             n= 600  到达 69.83%±1.87  碰撞 0.00%  违规/局  4.49  紧急步   0.0%  位置进框(宽松) 99.3%
      平滑: jerk 0.070 转艏Δ 0.0008 油门Δ 0.0012 路径 4576m ｜ 次网格细调率: 转艏 0.477 油门 0.619 ｜ 转艏|Δω|: 让路步 — 其他步 0.0008
      耗时 83.6s（0.14s/局 × 600 局） · 本趟累计 256s
      不可行步%（VO 锥外无候选 / CBF QP 无解）: 0.00%
    · crossing（strict 563）   n= 395  到达 87.34%±1.67  碰撞 0.00%  违规/局  2.13  紧急步   0.0%  位置进框(宽松) 99.7%
    · head-on（strict 563）    n= 205  到达 36.10%±3.35  碰撞 0.00%  违规/局  9.03  紧急步   0.0%  位置进框(宽松) 98.5%

────────────────────────────────────────────────────────────────────────────────────────────────────────
▶ pd|full|colregs
  全部                         n= 600  到达 57.67%±2.02  碰撞 16.67%  违规/局  8.10  紧急步   0.0%  位置进框(宽松) 98.2%
  clean（我们没训练过）              n= 600  到达 57.67%±2.02  碰撞 16.67%  违规/局  8.10  紧急步   0.0%  位置进框(宽松) 98.2%
  strict（与四臂同分母）             n= 600  到达 57.67%±2.02  碰撞 16.67%  违规/局  8.10  紧急步   0.0%  位置进框(宽松) 98.2%
      平滑: jerk 0.026 转艏Δ 0.0001 油门Δ 0.0010 路径 4313m ｜ 次网格细调率: 转艏 0.383 油门 0.577 ｜ 转艏|Δω|: 让路步 — 其他步 0.0001
      耗时 87.6s（0.15s/局 × 600 局） · 本趟累计 343s
      不可行步%（VO 锥外无候选 / CBF QP 无解）: 0.00%
    · crossing（strict 563）   n= 395  到达 80.51%±1.99  碰撞 5.32%  违规/局  3.05  紧急步   0.0%  位置进框(宽松) 99.2%
    · head-on（strict 563）    n= 205  到达 13.66%±2.40  碰撞 38.54%  违规/局 17.83  紧急步   0.0%  位置进框(宽松) 96.1%

────────────────────────────────────────────────────────────────────────────────────────────────────────
▶ pd|rl|colregs
  全部                         n= 600  到达 58.83%±2.01  碰撞 18.00%  违规/局  9.79  紧急步   0.0%  位置进框(宽松) 96.8%
  clean（我们没训练过）              n= 600  到达 58.83%±2.01  碰撞 18.00%  违规/局  9.79  紧急步   0.0%  位置进框(宽松) 96.8%
  strict（与四臂同分母）             n= 600  到达 58.83%±2.01  碰撞 18.00%  违规/局  9.79  紧急步   0.0%  位置进框(宽松) 96.8%
      平滑: jerk 0.080 转艏Δ 0.0010 油门Δ 0.0012 路径 4303m ｜ 次网格细调率: 转艏 0.396 油门 0.559 ｜ 转艏|Δω|: 让路步 — 其他步 0.0010
      耗时 83.3s（0.14s/局 × 600 局） · 本趟累计 427s
      不可行步%（VO 锥外无候选 / CBF QP 无解）: 0.00%
    · crossing（strict 563）   n= 395  到达 82.28%±1.92  碰撞 9.37%  违规/局  4.94  紧急步   0.0%  位置进框(宽松) 98.7%
    · head-on（strict 563）    n= 205  到达 13.66%±2.40  碰撞 34.63%  违规/局 19.12  紧急步   0.0%  位置进框(宽松) 93.2%

────────────────────────────────────────────────────────────────────────────────────────────────────────
▶ vo|full|colregs|margin=175,tau=30
  全部                         n= 600  到达 38.33%±1.98  碰撞 0.17%  违规/局  7.78  紧急步   0.0%  位置进框(宽松) 99.3%
  clean（我们没训练过）              n= 600  到达 38.33%±1.98  碰撞 0.17%  违规/局  7.78  紧急步   0.0%  位置进框(宽松) 99.3%
  strict（与四臂同分母）             n= 600  到达 38.33%±1.98  碰撞 0.17%  违规/局  7.78  紧急步   0.0%  位置进框(宽松) 99.3%
      平滑: jerk 0.044 转艏Δ 0.0008 油门Δ 0.0000 路径 4255m ｜ 次网格细调率: 转艏 0.000 油门 0.000 ｜ 转艏|Δω|: 让路步 — 其他步 0.0008
      耗时 662.8s（1.10s/局 × 600 局） · 本趟累计 1090s
      不可行步%（VO 锥外无候选 / CBF QP 无解）: 0.02%
    · crossing（strict 563）   n= 395  到达 54.94%±2.50  碰撞 0.25%  违规/局  5.06  紧急步   0.0%  位置进框(宽松) 99.7%
    · head-on（strict 563）    n= 205  到达  6.34%±1.70  碰撞 0.00%  违规/局 13.00  紧急步   0.0%  位置进框(宽松) 98.5%

────────────────────────────────────────────────────────────────────────────────────────────────────────
▶ vo|full|colregs|margin=175,tau=120
  全部                         n= 600  到达 38.83%±1.99  碰撞 0.00%  违规/局  7.75  紧急步   0.0%  位置进框(宽松) 99.3%
  clean（我们没训练过）              n= 600  到达 38.83%±1.99  碰撞 0.00%  违规/局  7.75  紧急步   0.0%  位置进框(宽松) 99.3%
  strict（与四臂同分母）             n= 600  到达 38.83%±1.99  碰撞 0.00%  违规/局  7.75  紧急步   0.0%  位置进框(宽松) 99.3%
      平滑: jerk 0.045 转艏Δ 0.0008 油门Δ 0.0000 路径 4341m ｜ 次网格细调率: 转艏 0.000 油门 0.000 ｜ 转艏|Δω|: 让路步 — 其他步 0.0008
      耗时 688.7s（1.15s/局 × 600 局） · 本趟累计 1779s
      不可行步%（VO 锥外无候选 / CBF QP 无解）: 0.00%
    · crossing（strict 563）   n= 395  到达 55.70%±2.50  碰撞 0.00%  违规/局  5.06  紧急步   0.0%  位置进框(宽松) 99.7%
    · head-on（strict 563）    n= 205  到达  6.34%±1.70  碰撞 0.00%  违规/局 12.95  紧急步   0.0%  位置进框(宽松) 98.5%

────────────────────────────────────────────────────────────────────────────────────────────────────────
▶ vo|full|colregs|margin=175,tau=180
  全部                         n= 600  到达 42.67%±2.02  碰撞 0.00%  违规/局  8.06  紧急步   0.0%  位置进框(宽松) 99.2%
  clean（我们没训练过）              n= 600  到达 42.67%±2.02  碰撞 0.00%  违规/局  8.06  紧急步   0.0%  位置进框(宽松) 99.2%
  strict（与四臂同分母）             n= 600  到达 42.67%±2.02  碰撞 0.00%  违规/局  8.06  紧急步   0.0%  位置进框(宽松) 99.2%
      平滑: jerk 0.050 转艏Δ 0.0009 油门Δ 0.0000 路径 4688m ｜ 次网格细调率: 转艏 0.000 油门 0.000 ｜ 转艏|Δω|: 让路步 — 其他步 0.0009
      耗时 664.6s（1.11s/局 × 600 局） · 本趟累计 2443s
      不可行步%（VO 锥外无候选 / CBF QP 无解）: 0.00%
    · crossing（strict 563）   n= 395  到达 58.48%±2.48  碰撞 0.00%  违规/局  5.32  紧急步   0.0%  位置进框(宽松) 99.7%
    · head-on（strict 563）    n= 205  到达 12.20%±2.29  碰撞 0.00%  违规/局 13.35  紧急步   0.0%  位置进框(宽松) 98.0%

────────────────────────────────────────────────────────────────────────────────────────────────────────
▶ vo|rl|colregs|margin=175,tau=30
  全部                         n= 600  到达 50.83%±2.04  碰撞 0.00%  违规/局 10.70  紧急步   0.0%  位置进框(宽松) 97.3%
  clean（我们没训练过）              n= 600  到达 50.83%±2.04  碰撞 0.00%  违规/局 10.70  紧急步   0.0%  位置进框(宽松) 97.3%
  strict（与四臂同分母）             n= 600  到达 50.83%±2.04  碰撞 0.00%  违规/局 10.70  紧急步   0.0%  位置进框(宽松) 97.3%
      平滑: jerk 0.117 转艏Δ 0.0017 油门Δ 0.0012 路径 4702m ｜ 次网格细调率: 转艏 0.120 油门 0.000 ｜ 转艏|Δω|: 让路步 — 其他步 0.0017
      耗时 592.7s（0.99s/局 × 600 局） · 本趟累计 3036s
      不可行步%（VO 锥外无候选 / CBF QP 无解）: 0.15%
    · crossing（strict 563）   n= 395  到达 70.89%±2.29  碰撞 0.00%  违规/局  6.25  紧急步   0.0%  位置进框(宽松) 99.0%
    · head-on（strict 563）    n= 205  到达 12.20%±2.29  碰撞 0.00%  违规/局 19.28  紧急步   0.0%  位置进框(宽松) 94.1%

────────────────────────────────────────────────────────────────────────────────────────────────────────
▶ vo|rl|colregs|margin=0,tau=180
  全部                         n= 600  到达 54.33%±2.03  碰撞 10.33%  违规/局  9.45  紧急步   0.0%  位置进框(宽松) 98.3%
  clean（我们没训练过）              n= 600  到达 54.33%±2.03  碰撞 10.33%  违规/局  9.45  紧急步   0.0%  位置进框(宽松) 98.3%
  strict（与四臂同分母）             n= 600  到达 54.33%±2.03  碰撞 10.33%  违规/局  9.45  紧急步   0.0%  位置进框(宽松) 98.3%
      平滑: jerk 0.132 转艏Δ 0.0019 油门Δ 0.0014 路径 4795m ｜ 次网格细调率: 转艏 0.131 油门 0.000 ｜ 转艏|Δω|: 让路步 — 其他步 0.0019
      耗时 513.1s（0.86s/局 × 600 局） · 本趟累计 3550s
      不可行步%（VO 锥外无候选 / CBF QP 无解）: 0.01%
    · crossing（strict 563）   n= 395  到达 72.15%±2.26  碰撞 7.85%  违规/局  5.86  紧急步   0.0%  位置进框(宽松) 99.2%
    · head-on（strict 563）    n= 205  到达 20.00%±2.79  碰撞 15.12%  违规/局 16.36  紧急步   0.0%  位置进框(宽松) 96.6%

────────────────────────────────────────────────────────────────────────────────────────────────────────
▶ vo|rl|colregs|margin=175,tau=180
  全部                         n= 600  到达 57.00%±2.02  碰撞 0.00%  违规/局  8.20  紧急步   0.0%  位置进框(宽松) 98.3%
  clean（我们没训练过）              n= 600  到达 57.00%±2.02  碰撞 0.00%  违规/局  8.20  紧急步   0.0%  位置进框(宽松) 98.3%
  strict（与四臂同分母）             n= 600  到达 57.00%±2.02  碰撞 0.00%  违规/局  8.20  紧急步   0.0%  位置进框(宽松) 98.3%
      平滑: jerk 0.123 转艏Δ 0.0017 油门Δ 0.0014 路径 4765m ｜ 次网格细调率: 转艏 0.143 油门 0.000 ｜ 转艏|Δω|: 让路步 — 其他步 0.0017
      耗时 517.7s（0.86s/局 × 600 局） · 本趟累计 4067s
      不可行步%（VO 锥外无候选 / CBF QP 无解）: 0.02%
    · crossing（strict 563）   n= 395  到达 75.70%±2.16  碰撞 0.00%  违规/局  5.17  紧急步   0.0%  位置进框(宽松) 100.0%
    · head-on（strict 563）    n= 205  到达 20.98%±2.84  碰撞 0.00%  违规/局 14.04  紧急步   0.0%  位置进框(宽松) 95.1%

────────────────────────────────────────────────────────────────────────────────────────────────────────
■ Pareto 前沿（strict·动作箱 full·目标 ['碰撞率%', '违规次数/局', '到达率%']）：['cbf|full|colregs|a1=0.02,a2=0.02,margin=0']
■ Pareto 前沿（strict·动作箱 rl·目标 ['碰撞率%', '违规次数/局', '到达率%']）：['cbf|rl|colregs|a1=0.02,a2=0.02,margin=0', 'cbf|rl|colregs|a1=0.02,a2=0.02,margin=175']

[run_baselines_official] 完成 → /root/trb/结果/baselines_official_new.json
