═══ 重评 PASS=formal_last ═══ 有盾/离散 64 条 + 无盾单独组 8 条 = 72 条 · 期望 strict=600
===== [闸门 0] 环境与存档 =====
  ✅ 72 条臂的存档全在
===== [闸门 0.5] 还原存档时间戳（锚点自检的前提）=====
  时间戳还原：1956 个成功 · 0 个 size 不符(未动) · 0 个无指纹/无 zip
===== [闸门 1] 分 8 组并行评 64 条臂 =====
  组 0: 8 条
  组 1: 8 条
  组 2: 8 条
  组 3: 8 条
  组 4: 8 条
  组 5: 8 条
  组 6: 8 条
  组 7: 8 条
  组 8【无盾·单独进程·STEP4E_CONTINUOUS_SHIELD=0】: 8 条
  全部组结束
===== [闸门 2] 同分母核对 + 合并 =====
  ✅ 各组 strict 键列表逐位相同 · n = 600（本趟声明期望 600）
  ✅ 合并得 72 条臂（期望 72）
  → /root/trb/结果/正式-末段/all.json

===== 完成。把整个 /root/trb/结果/正式-末段 目录回传即可 =====
