========================================================================================================
[reeval_official r13-2026-07-27] 发现 7 个 checkpoint：
  Continuous-safe_s0_A231betaPpoS0                     臂=Continuous-safe  kind=continuous  seed=0 步=5079040 数据集=manifest_hocr_200.json 末段到达=100.0
  Continuous-safe_s0_C231bothPpoS0                     臂=Continuous-safe  kind=continuous  seed=0 步=5079040 数据集=manifest_hocr_200.json 末段到达=97.5
  Continuous-safe_s8_C231bothPpoS8                     臂=Continuous-safe  kind=continuous  seed=8 步=5079040 数据集=manifest_hocr_200.json 末段到达=95.0
  Continuous-safe_s6_L1rateON_ppo_s6                   臂=Continuous-safe  kind=continuous  seed=6 步=5079040 数据集=manifest_hocr_200.json 末段到达=0.0
  Continuous-safe_s4_wsHOCRppo_s4                      臂=Continuous-safe  kind=continuous  seed=4 步=2539520 数据集=manifest_hocr_200.json 末段到达=100.0
  Continuous-safe_s4_wsBIGppo_s4                       臂=Continuous-safe  kind=continuous  seed=4 步=2539520 数据集=manifest_official_1300.json 末段到达=70.0
  Base_s2_baseW0_s2                                    臂=Base             kind=unshielded  seed=2 步=5079040 数据集=manifest_hocr_200.json 末段到达=97.5
========================================================================================================
[env] 连续臂 eval env：shield=True cone=None v_floor=2.0 augment_rho=False 去朝向门=False
  [数据集] Continuous-safe_s0_A231betaPpoS0 ← manifest_hocr_200.json：训练 94 / 验证 40
  [数据集] Continuous-safe_s0_C231bothPpoS0 ← manifest_hocr_200.json：训练 94 / 验证 40
  [数据集] Continuous-safe_s8_C231bothPpoS8 ← manifest_hocr_200.json：训练 94 / 验证 40
  [数据集] Continuous-safe_s6_L1rateON_ppo_s6 ← manifest_hocr_200.json：训练 94 / 验证 40
  [数据集] Continuous-safe_s4_wsHOCRppo_s4 ← manifest_hocr_200.json：训练 94 / 验证 40
  [数据集] Continuous-safe_s4_wsBIGppo_s4 ← manifest_official_1300.json：训练 1300 / 验证 100
  [数据集] Base_s2_baseW0_s2 ← manifest_hocr_200.json：训练 94 / 验证 40
  ⚠️⚠️ 被评的 checkpoint 用了【不同数据集】{'Continuous-safe_s0_A231betaPpoS0': 'manifest_hocr_200.json', 'Continuous-safe_s0_C231bothPpoS0': 'manifest_hocr_200.json', 'Continuous-safe_s8_C231bothPpoS8': 'manifest_hocr_200.json', 'Continuous-safe_s6_L1rateON_ppo_s6': 'manifest_hocr_200.json', 'Continuous-safe_s4_wsHOCRppo_s4': 'manifest_hocr_200.json', 'Continuous-safe_s4_wsBIGppo_s4': 'manifest_official_1300.json', 'Base_s2_baseW0_s2': 'manifest_hocr_200.json'} → 泄漏取并集剔除（clean 更小但所有臂同分母·可比）
  …下载 200/600（失败 0）
  …下载 400/600（失败 0）
  …下载 600/600（失败 0）

[池] 官方 1400/600 划分的测试 600（官方 2000 无追越）：N=600（请求 600）·二项 SE@p=0.8 ≈ 1.63pt
[口径] 全部 600 − 训练泄漏 23 = **clean 577** ； 再 − 验证泄漏 14 = **strict 563**
[分型] {'crossing': 395, 'head-on': 205}
[轨迹] 记 ['1', '100', '1006', '1016'] 这几个场景的逐步轨迹（`04 §1.5` 第⑥条·离散臂与连续臂同格式可叠图）

────────────────────────────────────────────────────────────────────────────────────────────────────────
▶ Continuous-safe_s0_A231betaPpoS0  臂=Continuous-safe kind=continuous seed=0 步=5079040
  [锚点] 自记测试集 N=40：记录 100.00% vs 重评 100.00%（差 0.00pt）✅ 逐位复现
/root/miniconda3/lib/python3.10/site-packages/cvxpy/problems/problem.py:1539: UserWarning: Solution may be inaccurate. Try another solver, adjusting the solver settings, or solve with verbose=True for more information.
  warnings.warn(
  全部                         n= 600  到达 92.50%±1.08  碰撞 0.33%  违规/局  0.80  紧急步   3.6%  位置进框(宽松) 94.0%
  clean（没训练过）                n= 577  到达 92.20%±1.12  碰撞 0.35%  违规/局  0.82  紧急步   3.7%  位置进框(宽松) 93.8%
  strict（真一眼没见过）             n= 563  到达 92.01%±1.14  碰撞 0.36%  违规/局  0.84  紧急步   3.8%  位置进框(宽松) 93.6%
      平滑: jerk 0.241 转艏Δ 0.0035 油门Δ 0.0040 路径 4237m ｜ 次网格细调率: 转艏 0.802 油门 0.920 ｜ 转艏|Δω|: 让路步 0.0016 其他步 0.0035
  对照：训练/验证见过的                n=  37  到达 100.00%±0.00  碰撞 0.00%  违规/局  0.30  紧急步   0.3%  位置进框(宽松) 100.0%
    · crossing（strict）       n= 376  到达 93.35%±1.28  碰撞 0.00%  违规/局  0.48  紧急步   3.7%  位置进框(宽松) 95.2%
    · head-on（strict）        n= 187  到达 89.30%±2.26  碰撞 1.07%  违规/局  1.55  紧急步   4.1%  位置进框(宽松) 90.4%

────────────────────────────────────────────────────────────────────────────────────────────────────────
▶ Continuous-safe_s0_C231bothPpoS0  臂=Continuous-safe kind=continuous seed=0 步=5079040
  [锚点] 自记测试集 N=40：记录 97.50% vs 重评 97.50%（差 0.00pt）✅ 逐位复现
/root/miniconda3/lib/python3.10/site-packages/cvxpy/problems/problem.py:1539: UserWarning: Solution may be inaccurate. Try another solver, adjusting the solver settings, or solve with verbose=True for more information.
  warnings.warn(
  全部                         n= 600  到达 94.50%±0.93  碰撞 0.17%  违规/局  0.67  紧急步   3.3%  位置进框(宽松) 96.0%
  clean（没训练过）                n= 577  到达 94.28%±0.97  碰撞 0.17%  违规/局  0.69  紧急步   3.4%  位置进框(宽松) 95.8%
  strict（真一眼没见过）             n= 563  到达 94.14%±0.99  碰撞 0.18%  违规/局  0.69  紧急步   3.5%  位置进框(宽松) 95.7%
      平滑: jerk 0.188 转艏Δ 0.0025 油门Δ 0.0039 路径 4296m ｜ 次网格细调率: 转艏 0.864 油门 0.840 ｜ 转艏|Δω|: 让路步 0.0025 其他步 0.0025
  对照：训练/验证见过的                n=  37  到达 100.00%±0.00  碰撞 0.00%  违规/局  0.35  紧急步   0.4%  位置进框(宽松) 100.0%
    · crossing（strict）       n= 376  到达 93.62%±1.26  碰撞 0.00%  违规/局  0.39  紧急步   3.9%  位置进框(宽松) 96.0%
    · head-on（strict）        n= 187  到达 95.19%±1.57  碰撞 0.53%  违规/局  1.29  紧急步   2.6%  位置进框(宽松) 95.2%

────────────────────────────────────────────────────────────────────────────────────────────────────────
▶ Continuous-safe_s8_C231bothPpoS8  臂=Continuous-safe kind=continuous seed=8 步=5079040
  [锚点] 自记测试集 N=40：记录 95.00% vs 重评 95.00%（差 0.00pt）✅ 逐位复现
  全部                         n= 600  到达 95.67%±0.83  碰撞 0.00%  违规/局  0.53  紧急步   3.0%  位置进框(宽松) 96.2%
  clean（没训练过）                n= 577  到达 95.49%±0.86  碰撞 0.00%  违规/局  0.54  紧急步   3.1%  位置进框(宽松) 96.0%
  strict（真一眼没见过）             n= 563  到达 95.56%±0.87  碰撞 0.00%  违规/局  0.55  紧急步   3.2%  位置进框(宽松) 96.1%
      平滑: jerk 0.189 转艏Δ 0.0025 油门Δ 0.0040 路径 4298m ｜ 次网格细调率: 转艏 0.862 油门 0.903 ｜ 转艏|Δω|: 让路步 0.0021 其他步 0.0025
  对照：训练/验证见过的                n=  37  到达 97.30%±2.67  碰撞 0.00%  违规/局  0.24  紧急步   0.2%  位置进框(宽松) 97.3%
    · crossing（strict）       n= 376  到达 94.68%±1.16  碰撞 0.00%  违规/局  0.37  紧急步   4.1%  位置进框(宽松) 95.5%
    · head-on（strict）        n= 187  到达 97.33%±1.18  碰撞 0.00%  违规/局  0.90  紧急步   1.3%  位置进框(宽松) 97.3%

────────────────────────────────────────────────────────────────────────────────────────────────────────
▶ Continuous-safe_s6_L1rateON_ppo_s6  臂=Continuous-safe kind=continuous seed=6 步=5079040
  [锚点] 自记测试集 N=40：记录 0.00% vs 重评 0.00%（差 0.00pt）✅ 逐位复现
  全部                         n= 600  到达  0.17%±0.17  碰撞 0.17%  违规/局  1.02  紧急步   3.2%  位置进框(宽松) 57.3%
  clean（没训练过）                n= 577  到达  0.17%±0.17  碰撞 0.17%  违规/局  1.03  紧急步   3.3%  位置进框(宽松) 57.2%
  strict（真一眼没见过）             n= 563  到达  0.18%±0.18  碰撞 0.18%  违规/局  1.06  紧急步   3.4%  位置进框(宽松) 57.4%
      平滑: jerk 1.424 转艏Δ 0.0172 油门Δ 0.0367 路径 6986m ｜ 次网格细调率: 转艏 0.135 油门 0.270 ｜ 转艏|Δω|: 让路步 — 其他步 0.0172
  对照：训练/验证见过的                n=  37  到达  0.00%±0.00  碰撞 0.00%  违规/局  0.49  紧急步   0.5%  位置进框(宽松) 56.8%
    · crossing（strict）       n= 376  到达  0.00%±0.00  碰撞 0.00%  违规/局  0.90  紧急步   4.5%  位置进框(宽松) 50.5%
    · head-on（strict）        n= 187  到达  0.53%±0.53  碰撞 0.53%  违规/局  1.36  紧急步   1.2%  位置进框(宽松) 71.1%

────────────────────────────────────────────────────────────────────────────────────────────────────────
▶ Continuous-safe_s4_wsHOCRppo_s4  臂=Continuous-safe kind=continuous seed=4 步=2539520
  [锚点] 自记测试集 N=40：记录 100.00% vs 重评 97.50%（差 2.50pt）🟡 差 1 局（实测重放噪声内·`03` L192-C）
  全部                         n= 600  到达 92.83%±1.05  碰撞 0.33%  违规/局  1.44  紧急步   3.7%  位置进框(宽松) 94.0%
  clean（没训练过）                n= 577  到达 92.55%±1.09  碰撞 0.35%  违规/局  1.45  紧急步   3.7%  位置进框(宽松) 93.8%
  strict（真一眼没见过）             n= 563  到达 92.36%±1.12  碰撞 0.36%  违规/局  1.45  紧急步   3.8%  位置进框(宽松) 93.6%
      平滑: jerk 0.953 转艏Δ 0.0164 油门Δ 0.0032 路径 4265m ｜ 次网格细调率: 转艏 0.076 油门 0.027 ｜ 转艏|Δω|: 让路步 0.0035 其他步 0.0165
  对照：训练/验证见过的                n=  37  到达 100.00%±0.00  碰撞 0.00%  违规/局  1.27  紧急步   1.6%  位置进框(宽松) 100.0%
    · crossing（strict）       n= 376  到达 93.35%±1.28  碰撞 0.27%  违规/局  0.79  紧急步   2.9%  位置进框(宽松) 94.7%
    · head-on（strict）        n= 187  到达 90.37%±2.16  碰撞 0.53%  违规/局  2.78  紧急步   5.6%  位置进框(宽松) 91.4%

────────────────────────────────────────────────────────────────────────────────────────────────────────
▶ Continuous-safe_s4_wsBIGppo_s4  臂=Continuous-safe kind=continuous seed=4 步=2539520
  …下载 200/1300（失败 0）
  …下载 400/1300（失败 0）
  …下载 600/1300（失败 0）
  …下载 800/1300（失败 0）
  …下载 1000/1300（失败 0）
  …下载 1200/1300（失败 0）
  [锚点] 自记测试集 N=100：记录 70.00% vs 重评 70.00%（差 0.00pt）✅ 逐位复现
  全部                         n= 600  到达 77.00%±1.72  碰撞 0.00%  违规/局  0.72  紧急步   0.8%  位置进框(宽松) 77.7%
  clean（没训练过）                n= 577  到达 77.30%±1.74  碰撞 0.00%  违规/局  0.73  紧急步   0.8%  位置进框(宽松) 78.0%
  strict（真一眼没见过）             n= 563  到达 76.91%±1.78  碰撞 0.00%  违规/局  0.74  紧急步   0.8%  位置进框(宽松) 77.6%
      平滑: jerk 1.035 转艏Δ 0.0178 油门Δ 0.0038 路径 4231m ｜ 次网格细调率: 转艏 0.031 油门 0.033 ｜ 转艏|Δω|: 让路步 0.0021 其他步 0.0178
  对照：训练/验证见过的                n=  37  到达 78.38%±6.77  碰撞 0.00%  违规/局  0.41  紧急步   0.3%  位置进框(宽松) 78.4%
    · crossing（strict）       n= 376  到达 85.37%±1.82  碰撞 0.00%  违规/局  0.42  紧急步   0.7%  位置进框(宽松) 85.4%
    · head-on（strict）        n= 187  到达 59.89%±3.58  碰撞 0.00%  违规/局  1.39  紧急步   1.0%  位置进框(宽松) 62.0%

────────────────────────────────────────────────────────────────────────────────────────────────────────
▶ Base_s2_baseW0_s2  臂=Base kind=unshielded seed=2 步=5079040
  [锚点] 自记测试集 N=40：记录 97.50% vs 重评 97.50%（差 0.00pt）✅ 逐位复现
  全部                         n= 600  到达 98.17%±0.55  碰撞 1.83%  违规/局  2.26  紧急步   0.0%
  clean（没训练过）                n= 577  到达 98.09%±0.57  碰撞 1.91%  违规/局  2.26  紧急步   0.0%
  strict（真一眼没见过）             n= 563  到达 98.05%±0.58  碰撞 1.95%  违规/局  2.25  紧急步   0.0%
      平滑: jerk 0.886 转艏Δ 0.0131 油门Δ 0.0147 路径 4034m ｜ 次网格细调率: 转艏 0.000 油门 0.000 ｜ 转艏|Δω|: 让路步 — 其他步 0.0131
  对照：训练/验证见过的                n=  37  到达 100.00%±0.00  碰撞 0.00%  违规/局  2.49  紧急步   0.0%
    · crossing（strict）       n= 376  到达 99.73%±0.27  碰撞 0.27%  违规/局  1.40  紧急步   0.0%
    · head-on（strict）        n= 187  到达 94.65%±1.65  碰撞 5.35%  违规/局  3.94  紧急步   0.0%

────────────────────────────────────────────────────────────────────────────────────────────────────────
■ 锚点汇总（7 个 ckpt）：平均有符号差 -0.36pt · 最大绝对差 2.50pt · 6 个逐位复现 / 0 偏高 / 1 偏低
  判读：平均差 ≈ 0 且正负混杂 ⟹ 只是浮点重放噪声，**eval 配置正确**；若平均差明显偏离 0 且方向一致 ⟹ 配置很可能真的错了，别信本次数字。

[reeval_official] 完成 → /root/trb/结果/结果0729-59臂同趟重评/g3.json
[轨迹] 7 个 checkpoint × 4 个场景 → /root/trb/结果/结果0729-59臂同趟重评/g3_traj.json
