========================================================================================================
[reeval_official r13-2026-07-27] 发现 7 个 checkpoint：
  Continuous-safe_s5_A231betaPpoS5                     臂=Continuous-safe  kind=continuous  seed=5 步=5079040 数据集=manifest_hocr_200.json 末段到达=100.0
  Continuous-safe_s3_C231bothPpoS3                     臂=Continuous-safe  kind=continuous  seed=3 步=5079040 数据集=manifest_hocr_200.json 末段到达=87.5
  Continuous-safe_s1_L1rateON_ppo_s1                   臂=Continuous-safe  kind=continuous  seed=1 步=5079040 数据集=manifest_hocr_200.json 末段到达=90.0
  Continuous-safe_s9_L1rateON_ppo_s9                   臂=Continuous-safe  kind=continuous  seed=9 步=5079040 数据集=manifest_hocr_200.json 末段到达=87.5
  Continuous-safe_s7_wsHOCRppo_s7                      臂=Continuous-safe  kind=continuous  seed=7 步=2539520 数据集=manifest_hocr_200.json 末段到达=97.5
  Discrete-safe_s2_discStdW0_s2                        臂=Discrete-safe    kind=shielded    seed=2 步=5079040 数据集=manifest_hocr_200.json 末段到达=100.0
  Rule-reward_s0_rrW0_s0                               臂=Rule-reward      kind=unshielded  seed=0 步=5079040 数据集=manifest_hocr_200.json 末段到达=100.0
========================================================================================================
[env] 连续臂 eval env：shield=True cone=None v_floor=2.0 augment_rho=False 去朝向门=False
  [数据集] Continuous-safe_s5_A231betaPpoS5 ← manifest_hocr_200.json：训练 94 / 验证 40
  [数据集] Continuous-safe_s3_C231bothPpoS3 ← manifest_hocr_200.json：训练 94 / 验证 40
  [数据集] Continuous-safe_s1_L1rateON_ppo_s1 ← manifest_hocr_200.json：训练 94 / 验证 40
  [数据集] Continuous-safe_s9_L1rateON_ppo_s9 ← manifest_hocr_200.json：训练 94 / 验证 40
  [数据集] Continuous-safe_s7_wsHOCRppo_s7 ← manifest_hocr_200.json：训练 94 / 验证 40
  [数据集] Discrete-safe_s2_discStdW0_s2 ← manifest_hocr_200.json：训练 94 / 验证 40
  [数据集] Rule-reward_s0_rrW0_s0 ← manifest_hocr_200.json：训练 94 / 验证 40
  …下载 200/600（失败 0）
  …下载 400/600（失败 0）
  …下载 600/600（失败 0）

[池] 官方 1400/600 划分的测试 600（官方 2000 无追越）：N=600（请求 600）·二项 SE@p=0.8 ≈ 1.63pt
[口径] 全部 600 − 训练泄漏 23 = **clean 577** ； 再 − 验证泄漏 14 = **strict 563**
[分型] {'crossing': 395, 'head-on': 205}
[轨迹] 记 ['1', '100', '1006', '1016'] 这几个场景的逐步轨迹（`04 §1.5` 第⑥条·离散臂与连续臂同格式可叠图）

────────────────────────────────────────────────────────────────────────────────────────────────────────
▶ Continuous-safe_s5_A231betaPpoS5  臂=Continuous-safe kind=continuous seed=5 步=5079040
  [锚点] 自记测试集 N=40：记录 100.00% vs 重评 100.00%（差 0.00pt）✅ 逐位复现
/root/miniconda3/lib/python3.10/site-packages/cvxpy/problems/problem.py:1539: UserWarning: Solution may be inaccurate. Try another solver, adjusting the solver settings, or solve with verbose=True for more information.
  warnings.warn(
  全部                         n= 600  到达 95.50%±0.85  碰撞 0.00%  违规/局  0.82  紧急步   2.9%  位置进框(宽松) 96.8%
  clean（没训练过）                n= 577  到达 95.32%±0.88  碰撞 0.00%  违规/局  0.84  紧急步   3.0%  位置进框(宽松) 96.7%
  strict（真一眼没见过）             n= 563  到达 95.20%±0.90  碰撞 0.00%  违规/局  0.85  紧急步   3.0%  位置进框(宽松) 96.6%
      平滑: jerk 0.165 转艏Δ 0.0021 油门Δ 0.0034 路径 4253m ｜ 次网格细调率: 转艏 0.885 油门 0.944 ｜ 转艏|Δω|: 让路步 0.0027 其他步 0.0021
  对照：训练/验证见过的                n=  37  到达 100.00%±0.00  碰撞 0.00%  违规/局  0.30  紧急步   0.4%  位置进框(宽松) 100.0%
    · crossing（strict）       n= 376  到达 94.95%±1.13  碰撞 0.00%  违规/局  0.67  紧急步   2.9%  位置进框(宽松) 96.5%
    · head-on（strict）        n= 187  到达 95.72%±1.48  碰撞 0.00%  违规/局  1.22  紧急步   3.3%  位置进框(宽松) 96.8%

────────────────────────────────────────────────────────────────────────────────────────────────────────
▶ Continuous-safe_s3_C231bothPpoS3  臂=Continuous-safe kind=continuous seed=3 步=5079040
  [锚点] 自记测试集 N=40：记录 87.50% vs 重评 87.50%（差 0.00pt）✅ 逐位复现
  全部                         n= 600  到达 89.50%±1.25  碰撞 0.17%  违规/局  0.81  紧急步   3.2%  位置进框(宽松) 91.5%
  clean（没训练过）                n= 577  到达 89.08%±1.30  碰撞 0.17%  违规/局  0.83  紧急步   3.4%  位置进框(宽松) 91.2%
  strict（真一眼没见过）             n= 563  到达 88.99%±1.32  碰撞 0.18%  违规/局  0.84  紧急步   3.5%  位置进框(宽松) 91.1%
      平滑: jerk 0.182 转艏Δ 0.0024 油门Δ 0.0038 路径 4202m ｜ 次网格细调率: 转艏 0.860 油门 0.918 ｜ 转艏|Δω|: 让路步 0.0034 其他步 0.0024
  对照：训练/验证见过的                n=  37  到达 97.30%±2.67  碰撞 0.00%  违规/局  0.30  紧急步   0.0%  位置进框(宽松) 97.3%
    · crossing（strict）       n= 376  到达 90.69%±1.50  碰撞 0.00%  违规/局  0.44  紧急步   3.5%  位置进框(宽松) 92.6%
    · head-on（strict）        n= 187  到达 85.56%±2.57  碰撞 0.53%  违规/局  1.66  紧急步   3.4%  位置进框(宽松) 88.2%

────────────────────────────────────────────────────────────────────────────────────────────────────────
▶ Continuous-safe_s1_L1rateON_ppo_s1  臂=Continuous-safe kind=continuous seed=1 步=5079040
  [锚点] 自记测试集 N=40：记录 90.00% vs 重评 90.00%（差 0.00pt）✅ 逐位复现
  全部                         n= 600  到达 88.17%±1.32  碰撞 0.00%  违规/局  1.22  紧急步   3.2%  位置进框(宽松) 90.5%
  clean（没训练过）                n= 577  到达 88.04%±1.35  碰撞 0.00%  违规/局  1.22  紧急步   3.2%  位置进框(宽松) 90.3%
  strict（真一眼没见过）             n= 563  到达 87.92%±1.37  碰撞 0.00%  违规/局  1.20  紧急步   3.3%  位置进框(宽松) 90.2%
      平滑: jerk 0.898 转艏Δ 0.0155 油门Δ 0.0028 路径 4194m ｜ 次网格细调率: 转艏 0.116 油门 0.033 ｜ 转艏|Δω|: 让路步 0.0044 其他步 0.0155
  对照：训练/验证见过的                n=  37  到达 91.89%±4.49  碰撞 0.00%  违规/局  1.51  紧急步   2.3%  位置进框(宽松) 94.6%
    · crossing（strict）       n= 376  到达 93.09%±1.31  碰撞 0.00%  违规/局  0.69  紧急步   2.6%  位置进框(宽松) 94.9%
    · head-on（strict）        n= 187  到达 77.54%±3.05  碰撞 0.00%  违规/局  2.25  紧急步   4.6%  位置进框(宽松) 80.7%

────────────────────────────────────────────────────────────────────────────────────────────────────────
▶ Continuous-safe_s9_L1rateON_ppo_s9  臂=Continuous-safe kind=continuous seed=9 步=5079040
  [锚点] 自记测试集 N=40：记录 87.50% vs 重评 87.50%（差 0.00pt）✅ 逐位复现
  全部                         n= 600  到达 82.00%±1.57  碰撞 0.17%  违规/局  1.33  紧急步   3.4%  位置进框(宽松) 83.2%
  clean（没训练过）                n= 577  到达 81.98%±1.60  碰撞 0.17%  违规/局  1.35  紧急步   3.5%  位置进框(宽松) 83.2%
  strict（真一眼没见过）             n= 563  到达 81.71%±1.63  碰撞 0.18%  违规/局  1.35  紧急步   3.6%  位置进框(宽松) 82.9%
      平滑: jerk 0.799 转艏Δ 0.0138 油门Δ 0.0027 路径 4288m ｜ 次网格细调率: 转艏 0.048 油门 0.029 ｜ 转艏|Δω|: 让路步 0.0027 其他步 0.0138
  对照：训练/验证见过的                n=  37  到达 86.49%±5.62  碰撞 0.00%  违规/局  1.00  紧急步   0.5%  位置进框(宽松) 86.5%
    · crossing（strict）       n= 376  到达 85.37%±1.82  碰撞 0.00%  违规/局  0.87  紧急步   3.3%  位置进框(宽松) 85.9%
    · head-on（strict）        n= 187  到达 74.33%±3.19  碰撞 0.53%  违规/局  2.33  紧急步   4.0%  位置进框(宽松) 77.0%

────────────────────────────────────────────────────────────────────────────────────────────────────────
▶ Continuous-safe_s7_wsHOCRppo_s7  臂=Continuous-safe kind=continuous seed=7 步=2539520
  [锚点] 自记测试集 N=40：记录 97.50% vs 重评 97.50%（差 0.00pt）✅ 逐位复现
/root/miniconda3/lib/python3.10/site-packages/cvxpy/problems/problem.py:1539: UserWarning: Solution may be inaccurate. Try another solver, adjusting the solver settings, or solve with verbose=True for more information.
  warnings.warn(
  全部                         n= 600  到达 93.17%±1.03  碰撞 0.00%  违规/局  1.27  紧急步   3.0%  位置进框(宽松) 94.5%
  clean（没训练过）                n= 577  到达 93.24%±1.05  碰撞 0.00%  违规/局  1.26  紧急步   3.1%  位置进框(宽松) 94.5%
  strict（真一眼没见过）             n= 563  到达 93.07%±1.07  碰撞 0.00%  违规/局  1.26  紧急步   3.1%  位置进框(宽松) 94.3%
      平滑: jerk 0.885 转艏Δ 0.0151 油门Δ 0.0033 路径 4239m ｜ 次网格细调率: 转艏 0.059 油门 0.027 ｜ 转艏|Δω|: 让路步 0.0030 其他步 0.0151
  对照：训练/验证见过的                n=  37  到达 94.59%±3.72  碰撞 0.00%  违规/局  1.32  紧急步   1.3%  位置进框(宽松) 97.3%
    · crossing（strict）       n= 376  到达 95.74%±1.04  碰撞 0.00%  违规/局  0.79  紧急步   2.3%  位置进框(宽松) 97.1%
    · head-on（strict）        n= 187  到达 87.70%±2.40  碰撞 0.00%  违规/局  2.22  紧急步   4.8%  位置进框(宽松) 88.8%

────────────────────────────────────────────────────────────────────────────────────────────────────────
▶ Discrete-safe_s2_discStdW0_s2  臂=Discrete-safe kind=shielded seed=2 步=5079040
  [锚点] 自记测试集 N=40：记录 100.00% vs 重评 100.00%（差 0.00pt）✅ 逐位复现
  全部                         n= 600  到达 94.33%±0.94  碰撞 0.00%  违规/局  1.49  紧急步   6.4%
  clean（没训练过）                n= 577  到达 94.11%±0.98  碰撞 0.00%  违规/局  1.50  紧急步   6.6%
  strict（真一眼没见过）             n= 563  到达 93.96%±1.00  碰撞 0.00%  违规/局  1.50  紧急步   6.7%
      平滑: jerk 0.901 转艏Δ 0.0125 油门Δ 0.0185 路径 4232m ｜ 次网格细调率: 转艏 0.000 油门 0.000 ｜ 转艏|Δω|: 让路步 0.0053 其他步 0.0126
  对照：训练/验证见过的                n=  37  到达 100.00%±0.00  碰撞 0.00%  违规/局  1.35  紧急步   1.5%
    · crossing（strict）       n= 376  到达 94.95%±1.13  碰撞 0.00%  违规/局  1.09  紧急步   6.4%
    · head-on（strict）        n= 187  到达 91.98%±1.99  碰撞 0.00%  违规/局  2.31  紧急步   7.4%

────────────────────────────────────────────────────────────────────────────────────────────────────────
▶ Rule-reward_s0_rrW0_s0  臂=Rule-reward kind=unshielded seed=0 步=5079040
  [锚点] 自记测试集 N=40：记录 100.00% vs 重评 100.00%（差 0.00pt）✅ 逐位复现
  全部                         n= 600  到达 98.67%±0.47  碰撞 1.33%  违规/局  2.13  紧急步   0.0%
  clean（没训练过）                n= 577  到达 98.61%±0.49  碰撞 1.39%  违规/局  2.14  紧急步   0.0%
  strict（真一眼没见过）             n= 563  到达 98.58%±0.50  碰撞 1.42%  违规/局  2.10  紧急步   0.0%
      平滑: jerk 0.865 转艏Δ 0.0135 油门Δ 0.0123 路径 4027m ｜ 次网格细调率: 转艏 0.000 油门 0.000 ｜ 转艏|Δω|: 让路步 — 其他步 0.0135
  对照：训练/验证见过的                n=  37  到达 100.00%±0.00  碰撞 0.00%  违规/局  2.73  紧急步   0.0%
    · crossing（strict）       n= 376  到达 100.00%±0.00  碰撞 0.00%  违规/局  1.11  紧急步   0.0%
    · head-on（strict）        n= 187  到达 95.72%±1.48  碰撞 4.28%  违规/局  4.08  紧急步   0.0%

────────────────────────────────────────────────────────────────────────────────────────────────────────
■ 锚点汇总（7 个 ckpt）：平均有符号差 +0.00pt · 最大绝对差 0.00pt · 7 个逐位复现 / 0 偏高 / 0 偏低
  判读：平均差 ≈ 0 且正负混杂 ⟹ 只是浮点重放噪声，**eval 配置正确**；若平均差明显偏离 0 且方向一致 ⟹ 配置很可能真的错了，别信本次数字。

[reeval_official] 完成 → /root/trb/结果/结果0729-59臂同趟重评/g6.json
[轨迹] 7 个 checkpoint × 4 个场景 → /root/trb/结果/结果0729-59臂同趟重评/g6_traj.json
