========================================================================================================
[reeval_official r13-2026-07-27] 发现 8 个 checkpoint：
  Continuous-safe_s1_D232bigCppoS1                     臂=Continuous-safe  kind=continuous  seed=1 步=5079040 数据集=manifest_official_1300.json 末段到达=68.0
  Continuous-safe_s0_B231gwsymPpoS0                    臂=Continuous-safe  kind=continuous  seed=0 步=5079040 数据集=manifest_hocr_200.json 末段到达=72.5
  Continuous-safe_s5_C231bothPpoS5                     臂=Continuous-safe  kind=continuous  seed=5 步=5079040 数据集=manifest_hocr_200.json 末段到达=92.5
  Continuous-safe_s3_L1rateON_ppo_s3                   臂=Continuous-safe  kind=continuous  seed=3 步=5079040 数据集=manifest_hocr_200.json 末段到达=72.5
  Continuous-safe_s1_wsHOCRppo_s1                      臂=Continuous-safe  kind=continuous  seed=1 步=2539520 数据集=manifest_hocr_200.json 末段到达=90.0
  Continuous-safe_s9_wsHOCRppo_s9                      臂=Continuous-safe  kind=continuous  seed=9 步=3047424 数据集=manifest_hocr_200.json 末段到达=95.0
  Discrete-safe_s4_discStdW0_s4                        臂=Discrete-safe    kind=shielded    seed=4 步=5079040 数据集=manifest_hocr_200.json 末段到达=95.0
  Rule-reward_s2_rrW0_s2                               臂=Rule-reward      kind=unshielded  seed=2 步=5079040 数据集=manifest_hocr_200.json 末段到达=100.0
========================================================================================================
[env] 连续臂 eval env：shield=True cone=None v_floor=2.0 augment_rho=False 去朝向门=False
  [数据集] Continuous-safe_s1_D232bigCppoS1 ← manifest_official_1300.json：训练 1300 / 验证 100
  [数据集] Continuous-safe_s0_B231gwsymPpoS0 ← manifest_hocr_200.json：训练 94 / 验证 40
  [数据集] Continuous-safe_s5_C231bothPpoS5 ← manifest_hocr_200.json：训练 94 / 验证 40
  [数据集] Continuous-safe_s3_L1rateON_ppo_s3 ← manifest_hocr_200.json：训练 94 / 验证 40
  [数据集] Continuous-safe_s1_wsHOCRppo_s1 ← manifest_hocr_200.json：训练 94 / 验证 40
  [数据集] Continuous-safe_s9_wsHOCRppo_s9 ← manifest_hocr_200.json：训练 94 / 验证 40
  [数据集] Discrete-safe_s4_discStdW0_s4 ← manifest_hocr_200.json：训练 94 / 验证 40
  [数据集] Rule-reward_s2_rrW0_s2 ← manifest_hocr_200.json：训练 94 / 验证 40
  ⚠️⚠️ 被评的 checkpoint 用了【不同数据集】{'Continuous-safe_s1_D232bigCppoS1': 'manifest_official_1300.json', 'Continuous-safe_s0_B231gwsymPpoS0': 'manifest_hocr_200.json', 'Continuous-safe_s5_C231bothPpoS5': 'manifest_hocr_200.json', 'Continuous-safe_s3_L1rateON_ppo_s3': 'manifest_hocr_200.json', 'Continuous-safe_s1_wsHOCRppo_s1': 'manifest_hocr_200.json', 'Continuous-safe_s9_wsHOCRppo_s9': 'manifest_hocr_200.json', 'Discrete-safe_s4_discStdW0_s4': 'manifest_hocr_200.json', 'Rule-reward_s2_rrW0_s2': 'manifest_hocr_200.json'} → 泄漏取并集剔除（clean 更小但所有臂同分母·可比）
  …下载 200/600（失败 0）
  …下载 400/600（失败 0）
  …下载 600/600（失败 0）

[池] 官方 1400/600 划分的测试 600（官方 2000 无追越）：N=600（请求 600）·二项 SE@p=0.8 ≈ 1.63pt
[口径] 全部 600 − 训练泄漏 23 = **clean 577** ； 再 − 验证泄漏 14 = **strict 563**
[分型] {'crossing': 395, 'head-on': 205}
[轨迹] 记 ['1', '100', '1006', '1016'] 这几个场景的逐步轨迹（`04 §1.5` 第⑥条·离散臂与连续臂同格式可叠图）

────────────────────────────────────────────────────────────────────────────────────────────────────────
▶ Continuous-safe_s1_D232bigCppoS1  臂=Continuous-safe kind=continuous seed=1 步=5079040
  …下载 200/1300（失败 0）
  …下载 400/1300（失败 0）
  …下载 600/1300（失败 0）
  …下载 800/1300（失败 0）
  …下载 1000/1300（失败 0）
  …下载 1200/1300（失败 0）
  [锚点] 自记测试集 N=100：记录 68.00% vs 重评 68.00%（差 0.00pt）✅ 逐位复现
  全部                         n= 600  到达 72.50%±1.82  碰撞 0.17%  违规/局  0.44  紧急步   2.3%  位置进框(宽松) 80.2%
  clean（没训练过）                n= 577  到达 73.14%±1.85  碰撞 0.17%  违规/局  0.44  紧急步   2.3%  位置进框(宽松) 80.8%
  strict（真一眼没见过）             n= 563  到达 73.00%±1.87  碰撞 0.18%  违规/局  0.44  紧急步   2.4%  位置进框(宽松) 80.8%
      平滑: jerk 0.235 转艏Δ 0.0030 油门Δ 0.0060 路径 4454m ｜ 次网格细调率: 转艏 0.849 油门 0.903 ｜ 转艏|Δω|: 让路步 0.0030 其他步 0.0030
  对照：训练/验证见过的                n=  37  到达 64.86%±7.85  碰撞 0.00%  违规/局  0.38  紧急步   0.8%  位置进框(宽松) 70.3%
    · crossing（strict）       n= 376  到达 68.88%±2.39  碰撞 0.00%  违规/局  0.30  紧急步   3.1%  位置进框(宽松) 79.0%
    · head-on（strict）        n= 187  到达 81.28%±2.85  碰撞 0.53%  违规/局  0.73  紧急步   0.9%  位置进框(宽松) 84.5%

────────────────────────────────────────────────────────────────────────────────────────────────────────
▶ Continuous-safe_s0_B231gwsymPpoS0  臂=Continuous-safe kind=continuous seed=0 步=5079040
  [锚点] 自记测试集 N=40：记录 72.50% vs 重评 72.50%（差 0.00pt）✅ 逐位复现
/root/miniconda3/lib/python3.10/site-packages/cvxpy/problems/problem.py:1539: UserWarning: Solution may be inaccurate. Try another solver, adjusting the solver settings, or solve with verbose=True for more information.
  warnings.warn(
  全部                         n= 600  到达 82.50%±1.55  碰撞 0.00%  违规/局  0.87  紧急步   3.0%  位置进框(宽松) 85.7%
  clean（没训练过）                n= 577  到达 82.67%±1.58  碰撞 0.00%  违规/局  0.85  紧急步   3.1%  位置进框(宽松) 85.8%
  strict（真一眼没见过）             n= 563  到达 82.95%±1.59  碰撞 0.00%  违规/局  0.86  紧急步   3.1%  位置进框(宽松) 86.1%
      平滑: jerk 0.935 转艏Δ 0.0160 油门Δ 0.0035 路径 4321m ｜ 次网格细调率: 转艏 0.075 油门 0.047 ｜ 转艏|Δω|: 让路步 0.0039 其他步 0.0161
  对照：训练/验证见过的                n=  37  到达 75.68%±7.05  碰撞 0.00%  违规/局  0.97  紧急步   0.6%  位置进框(宽松) 78.4%
    · crossing（strict）       n= 376  到达 85.37%±1.82  碰撞 0.00%  违规/局  0.58  紧急步   4.1%  位置进框(宽松) 87.0%
    · head-on（strict）        n= 187  到达 78.07%±3.03  碰撞 0.00%  违规/局  1.43  紧急步   1.2%  位置进框(宽松) 84.5%

────────────────────────────────────────────────────────────────────────────────────────────────────────
▶ Continuous-safe_s5_C231bothPpoS5  臂=Continuous-safe kind=continuous seed=5 步=5079040
  [锚点] 自记测试集 N=40：记录 92.50% vs 重评 92.50%（差 0.00pt）✅ 逐位复现
  全部                         n= 600  到达 94.17%±0.96  碰撞 0.17%  违规/局  0.68  紧急步   3.8%  位置进框(宽松) 95.3%
  clean（没训练过）                n= 577  到达 93.93%±0.99  碰撞 0.17%  违规/局  0.70  紧急步   3.9%  位置进框(宽松) 95.1%
  strict（真一眼没见过）             n= 563  到达 93.96%±1.00  碰撞 0.18%  违规/局  0.71  紧急步   4.0%  位置进框(宽松) 95.2%
      平滑: jerk 0.171 转艏Δ 0.0021 油门Δ 0.0041 路径 4252m ｜ 次网格细调率: 转艏 0.881 油门 0.932 ｜ 转艏|Δω|: 让路步 0.0030 其他步 0.0021
  对照：训练/验证见过的                n=  37  到达 97.30%±2.67  碰撞 0.00%  违规/局  0.32  紧急步   0.9%  位置进框(宽松) 97.3%
    · crossing（strict）       n= 376  到达 93.35%±1.28  碰撞 0.27%  违规/局  0.45  紧急步   4.7%  位置进框(宽松) 94.4%
    · head-on（strict）        n= 187  到达 95.19%±1.57  碰撞 0.00%  违规/局  1.23  紧急步   2.6%  位置进框(宽松) 96.8%

────────────────────────────────────────────────────────────────────────────────────────────────────────
▶ Continuous-safe_s3_L1rateON_ppo_s3  臂=Continuous-safe kind=continuous seed=3 步=5079040
  [锚点] 自记测试集 N=40：记录 72.50% vs 重评 72.50%（差 0.00pt）✅ 逐位复现
/root/miniconda3/lib/python3.10/site-packages/cvxpy/problems/problem.py:1539: UserWarning: Solution may be inaccurate. Try another solver, adjusting the solver settings, or solve with verbose=True for more information.
  warnings.warn(
  全部                         n= 600  到达 70.83%±1.86  碰撞 0.17%  违规/局  1.59  紧急步   5.7%  位置进框(宽松) 73.8%
  clean（没训练过）                n= 577  到达 70.88%±1.89  碰撞 0.17%  违规/局  1.58  紧急步   5.7%  位置进框(宽松) 73.8%
  strict（真一眼没见过）             n= 563  到达 70.69%±1.92  碰撞 0.18%  违规/局  1.58  紧急步   5.8%  位置进框(宽松) 73.7%
      平滑: jerk 0.856 转艏Δ 0.0144 油门Δ 0.0037 路径 4240m ｜ 次网格细调率: 转艏 0.038 油门 0.040 ｜ 转艏|Δω|: 让路步 0.0050 其他步 0.0145
  对照：训练/验证见过的                n=  37  到达 72.97%±7.30  碰撞 0.00%  违规/局  1.73  紧急步   4.6%  位置进框(宽松) 75.7%
    · crossing（strict）       n= 376  到达 71.81%±2.32  碰撞 0.27%  违规/局  0.94  紧急步   5.1%  位置进框(宽松) 75.3%
    · head-on（strict）        n= 187  到达 68.45%±3.40  碰撞 0.00%  违规/局  2.85  紧急步   7.2%  位置进框(宽松) 70.6%

────────────────────────────────────────────────────────────────────────────────────────────────────────
▶ Continuous-safe_s1_wsHOCRppo_s1  臂=Continuous-safe kind=continuous seed=1 步=2539520
  [锚点] 自记测试集 N=40：记录 90.00% vs 重评 95.00%（差 5.00pt）🟡 差 2 局（实测重放噪声内·`03` L192-C）
/root/miniconda3/lib/python3.10/site-packages/cvxpy/problems/problem.py:1539: UserWarning: Solution may be inaccurate. Try another solver, adjusting the solver settings, or solve with verbose=True for more information.
  warnings.warn(
  全部                         n= 600  到达 90.67%±1.19  碰撞 0.00%  违规/局  1.64  紧急步   4.3%  位置进框(宽松) 94.2%
  clean（没训练过）                n= 577  到达 90.47%±1.22  碰撞 0.00%  违规/局  1.64  紧急步   4.3%  位置进框(宽松) 94.1%
  strict（真一眼没见过）             n= 563  到达 90.59%±1.23  碰撞 0.00%  违规/局  1.63  紧急步   4.2%  位置进框(宽松) 94.3%
      平滑: jerk 0.781 转艏Δ 0.0132 油门Δ 0.0034 路径 4249m ｜ 次网格细调率: 转艏 0.074 油门 0.032 ｜ 转艏|Δω|: 让路步 0.0046 其他步 0.0132
  对照：训练/验证见过的                n=  37  到达 91.89%±4.49  碰撞 0.00%  违规/局  1.76  紧急步   4.9%  位置进框(宽松) 91.9%
    · crossing（strict）       n= 376  到达 93.88%±1.24  碰撞 0.00%  违规/局  1.03  紧急步   3.1%  位置进框(宽松) 96.3%
    · head-on（strict）        n= 187  到达 83.96%±2.68  碰撞 0.00%  违规/局  2.83  紧急步   6.5%  位置进框(宽松) 90.4%

────────────────────────────────────────────────────────────────────────────────────────────────────────
▶ Continuous-safe_s9_wsHOCRppo_s9  臂=Continuous-safe kind=continuous seed=9 步=3047424
/root/miniconda3/lib/python3.10/site-packages/cvxpy/problems/problem.py:1539: UserWarning: Solution may be inaccurate. Try another solver, adjusting the solver settings, or solve with verbose=True for more information.
  warnings.warn(
  [锚点] 自记测试集 N=40：记录 95.00% vs 重评 95.00%（差 0.00pt）✅ 逐位复现
  全部                         n= 600  到达 91.83%±1.12  碰撞 0.17%  违规/局  1.74  紧急步   5.4%  位置进框(宽松) 94.0%
  clean（没训练过）                n= 577  到达 91.68%±1.15  碰撞 0.17%  违规/局  1.75  紧急步   5.6%  位置进框(宽松) 93.9%
  strict（真一眼没见过）             n= 563  到达 91.47%±1.18  碰撞 0.18%  违规/局  1.75  紧急步   5.7%  位置进框(宽松) 93.8%
      平滑: jerk 0.967 转艏Δ 0.0166 油门Δ 0.0036 路径 4271m ｜ 次网格细调率: 转艏 0.049 油门 0.024 ｜ 转艏|Δω|: 让路步 0.0056 其他步 0.0166
  对照：训练/验证见过的                n=  37  到达 97.30%±2.67  碰撞 0.00%  违规/局  1.51  紧急步   1.0%  位置进框(宽松) 97.3%
    · crossing（strict）       n= 376  到达 93.88%±1.24  碰撞 0.00%  违规/局  1.18  紧急步   5.3%  位置进框(宽松) 95.2%
    · head-on（strict）        n= 187  到达 86.63%±2.49  碰撞 0.53%  违规/局  2.90  紧急步   6.5%  位置进框(宽松) 90.9%

────────────────────────────────────────────────────────────────────────────────────────────────────────
▶ Discrete-safe_s4_discStdW0_s4  臂=Discrete-safe kind=shielded seed=4 步=5079040
  [锚点] 自记测试集 N=40：记录 95.00% vs 重评 95.00%（差 0.00pt）✅ 逐位复现
  全部                         n= 600  到达 91.33%±1.15  碰撞 0.00%  违规/局  1.18  紧急步   6.9%
  clean（没训练过）                n= 577  到达 90.99%±1.19  碰撞 0.00%  违规/局  1.20  紧急步   7.2%
  strict（真一眼没见过）             n= 563  到达 90.94%±1.21  碰撞 0.00%  违规/局  1.21  紧急步   7.3%
      平滑: jerk 0.957 转艏Δ 0.0138 油门Δ 0.0189 路径 4245m ｜ 次网格细调率: 转艏 0.000 油门 0.000 ｜ 转艏|Δω|: 让路步 0.0053 其他步 0.0138
  对照：训练/验证见过的                n=  37  到达 97.30%±2.67  碰撞 0.00%  违规/局  0.59  紧急步   0.9%
    · crossing（strict）       n= 376  到达 89.89%±1.55  碰撞 0.00%  违规/局  0.81  紧急步   7.9%
    · head-on（strict）        n= 187  到达 93.05%±1.86  碰撞 0.00%  违规/局  2.03  紧急步   6.1%

────────────────────────────────────────────────────────────────────────────────────────────────────────
▶ Rule-reward_s2_rrW0_s2  臂=Rule-reward kind=unshielded seed=2 步=5079040
  [锚点] 自记测试集 N=40：记录 100.00% vs 重评 100.00%（差 0.00pt）✅ 逐位复现
  全部                         n= 600  到达 98.17%±0.55  碰撞 1.67%  违规/局  2.07  紧急步   0.0%
  clean（没训练过）                n= 577  到达 98.27%±0.54  碰撞 1.56%  违规/局  2.07  紧急步   0.0%
  strict（真一眼没见过）             n= 563  到达 98.22%±0.56  碰撞 1.60%  违规/局  2.06  紧急步   0.0%
      平滑: jerk 0.862 转艏Δ 0.0131 油门Δ 0.0129 路径 4022m ｜ 次网格细调率: 转艏 0.000 油门 0.000 ｜ 转艏|Δω|: 让路步 — 其他步 0.0131
  对照：训练/验证见过的                n=  37  到达 97.30%±2.67  碰撞 2.70%  违规/局  2.24  紧急步   0.0%
    · crossing（strict）       n= 376  到达 100.00%±0.00  碰撞 0.00%  违规/局  1.20  紧急步   0.0%
    · head-on（strict）        n= 187  到达 94.65%±1.65  碰撞 4.81%  违规/局  3.77  紧急步   0.0%

────────────────────────────────────────────────────────────────────────────────────────────────────────
■ 锚点汇总（8 个 ckpt）：平均有符号差 +0.62pt · 最大绝对差 5.00pt · 7 个逐位复现 / 1 偏高 / 0 偏低
  判读：平均差 ≈ 0 且正负混杂 ⟹ 只是浮点重放噪声，**eval 配置正确**；若平均差明显偏离 0 且方向一致 ⟹ 配置很可能真的错了，别信本次数字。

[reeval_official] 完成 → /root/trb/结果/结果0729-59臂同趟重评/g0.json
[轨迹] 8 个 checkpoint × 4 个场景 → /root/trb/结果/结果0729-59臂同趟重评/g0_traj.json
