========================================================================================================
[reeval_official r13-2026-07-27] 发现 8 个 checkpoint：
  Continuous-safe_s4_D232bigCppoS4                     臂=Continuous-safe  kind=continuous  seed=4 步=5079040 数据集=manifest_official_1300.json 末段到达=84.0
  Continuous-safe_s2_B231gwsymPpoS2                    臂=Continuous-safe  kind=continuous  seed=2 步=5079040 数据集=manifest_hocr_200.json 末段到达=42.5
  Continuous-safe_s7_C231bothPpoS7                     臂=Continuous-safe  kind=continuous  seed=7 步=5079040 数据集=manifest_hocr_200.json 末段到达=92.5
  Continuous-safe_s5_L1rateON_ppo_s5                   臂=Continuous-safe  kind=continuous  seed=5 步=5079040 数据集=manifest_hocr_200.json 末段到达=2.5
  Continuous-safe_s3_wsHOCRppo_s3                      臂=Continuous-safe  kind=continuous  seed=3 步=2539520 数据集=manifest_hocr_200.json 末段到达=97.5
  Continuous-safe_s3_wsBIGppo_s3                       臂=Continuous-safe  kind=continuous  seed=3 步=2539520 数据集=manifest_official_1300.json 末段到达=90.0
  Base_s1_baseW0_s1                                    臂=Base             kind=unshielded  seed=1 步=5079040 数据集=manifest_hocr_200.json 末段到达=100.0
  Rule-reward_s4_rrW0_s4                               臂=Rule-reward      kind=unshielded  seed=4 步=5079040 数据集=manifest_hocr_200.json 末段到达=100.0
========================================================================================================
[env] 连续臂 eval env：shield=True cone=None v_floor=2.0 augment_rho=False 去朝向门=False
  [数据集] Continuous-safe_s4_D232bigCppoS4 ← manifest_official_1300.json：训练 1300 / 验证 100
  [数据集] Continuous-safe_s2_B231gwsymPpoS2 ← manifest_hocr_200.json：训练 94 / 验证 40
  [数据集] Continuous-safe_s7_C231bothPpoS7 ← manifest_hocr_200.json：训练 94 / 验证 40
  [数据集] Continuous-safe_s5_L1rateON_ppo_s5 ← manifest_hocr_200.json：训练 94 / 验证 40
  [数据集] Continuous-safe_s3_wsHOCRppo_s3 ← manifest_hocr_200.json：训练 94 / 验证 40
  [数据集] Continuous-safe_s3_wsBIGppo_s3 ← manifest_official_1300.json：训练 1300 / 验证 100
  [数据集] Base_s1_baseW0_s1 ← manifest_hocr_200.json：训练 94 / 验证 40
  [数据集] Rule-reward_s4_rrW0_s4 ← manifest_hocr_200.json：训练 94 / 验证 40
  ⚠️⚠️ 被评的 checkpoint 用了【不同数据集】{'Continuous-safe_s4_D232bigCppoS4': 'manifest_official_1300.json', 'Continuous-safe_s2_B231gwsymPpoS2': 'manifest_hocr_200.json', 'Continuous-safe_s7_C231bothPpoS7': 'manifest_hocr_200.json', 'Continuous-safe_s5_L1rateON_ppo_s5': 'manifest_hocr_200.json', 'Continuous-safe_s3_wsHOCRppo_s3': 'manifest_hocr_200.json', 'Continuous-safe_s3_wsBIGppo_s3': 'manifest_official_1300.json', 'Base_s1_baseW0_s1': 'manifest_hocr_200.json', 'Rule-reward_s4_rrW0_s4': 'manifest_hocr_200.json'} → 泄漏取并集剔除（clean 更小但所有臂同分母·可比）
  …下载 200/600（失败 0）
  …下载 400/600（失败 0）
  …下载 600/600（失败 0）

[池] 官方 1400/600 划分的测试 600（官方 2000 无追越）：N=600（请求 600）·二项 SE@p=0.8 ≈ 1.63pt
[口径] 全部 600 − 训练泄漏 23 = **clean 577** ； 再 − 验证泄漏 14 = **strict 563**
[分型] {'crossing': 395, 'head-on': 205}
[轨迹] 记 ['1', '100', '1006', '1016'] 这几个场景的逐步轨迹（`04 §1.5` 第⑥条·离散臂与连续臂同格式可叠图）

────────────────────────────────────────────────────────────────────────────────────────────────────────
▶ Continuous-safe_s4_D232bigCppoS4  臂=Continuous-safe kind=continuous seed=4 步=5079040
  …下载 200/1300（失败 0）
  …下载 400/1300（失败 0）
  …下载 600/1300（失败 0）
  …下载 800/1300（失败 0）
  …下载 1000/1300（失败 0）
  …下载 1200/1300（失败 0）
  [锚点] 自记测试集 N=100：记录 84.00% vs 重评 84.00%（差 0.00pt）✅ 逐位复现
  全部                         n= 600  到达 82.33%±1.56  碰撞 0.00%  违规/局  0.54  紧急步   3.1%  位置进框(宽松) 86.3%
  clean（没训练过）                n= 577  到达 82.50%±1.58  碰撞 0.00%  违规/局  0.55  紧急步   3.1%  位置进框(宽松) 86.3%
  strict（真一眼没见过）             n= 563  到达 82.06%±1.62  碰撞 0.00%  违规/局  0.56  紧急步   3.2%  位置进框(宽松) 86.0%
      平滑: jerk 0.395 转艏Δ 0.0058 油门Δ 0.0069 路径 4228m ｜ 次网格细调率: 转艏 0.690 油门 0.854 ｜ 转艏|Δω|: 让路步 0.0032 其他步 0.0058
  对照：训练/验证见过的                n=  37  到达 86.49%±5.62  碰撞 0.00%  违规/局  0.24  紧急步   1.1%  位置进框(宽松) 91.9%
    · crossing（strict）       n= 376  到达 81.91%±1.98  碰撞 0.00%  违规/局  0.33  紧急步   3.0%  位置进框(宽松) 86.2%
    · head-on（strict）        n= 187  到达 82.35%±2.79  碰撞 0.00%  违规/局  1.04  紧急步   3.6%  位置进框(宽松) 85.6%

────────────────────────────────────────────────────────────────────────────────────────────────────────
▶ Continuous-safe_s2_B231gwsymPpoS2  臂=Continuous-safe kind=continuous seed=2 步=5079040
  [锚点] 自记测试集 N=40：记录 42.50% vs 重评 42.50%（差 0.00pt）✅ 逐位复现
/root/miniconda3/lib/python3.10/site-packages/cvxpy/problems/problem.py:1539: UserWarning: Solution may be inaccurate. Try another solver, adjusting the solver settings, or solve with verbose=True for more information.
  warnings.warn(
  全部                         n= 600  到达 27.50%±1.82  碰撞 0.33%  违规/局  1.13  紧急步   6.7%  位置进框(宽松) 59.7%
  clean（没训练过）                n= 577  到达 27.73%±1.86  碰撞 0.17%  违规/局  1.15  紧急步   6.9%  位置进框(宽松) 59.3%
  strict（真一眼没见过）             n= 563  到达 26.82%±1.87  碰撞 0.18%  违规/局  1.17  紧急步   7.1%  位置进框(宽松) 59.0%
      平滑: jerk 0.974 转艏Δ 0.0156 油门Δ 0.0072 路径 4185m ｜ 次网格细调率: 转艏 0.036 油门 0.047 ｜ 转艏|Δω|: 让路步 0.0051 其他步 0.0157
  对照：训练/验证见过的                n=  37  到达 37.84%±7.97  碰撞 2.70%  违规/局  0.54  紧急步   0.9%  位置进框(宽松) 70.3%
    · crossing（strict）       n= 376  到达 30.05%±2.36  碰撞 0.27%  违规/局  1.00  紧急步   8.6%  位置进框(宽松) 59.0%
    · head-on（strict）        n= 187  到达 20.32%±2.94  碰撞 0.00%  违规/局  1.52  紧急步   3.9%  位置进框(宽松) 58.8%

────────────────────────────────────────────────────────────────────────────────────────────────────────
▶ Continuous-safe_s7_C231bothPpoS7  臂=Continuous-safe kind=continuous seed=7 步=5079040
  [锚点] 自记测试集 N=40：记录 92.50% vs 重评 92.50%（差 0.00pt）✅ 逐位复现
/root/miniconda3/lib/python3.10/site-packages/cvxpy/problems/problem.py:1539: UserWarning: Solution may be inaccurate. Try another solver, adjusting the solver settings, or solve with verbose=True for more information.
  warnings.warn(
  全部                         n= 600  到达 95.17%±0.88  碰撞 0.17%  违规/局  0.67  紧急步   2.6%  位置进框(宽松) 96.0%
  clean（没训练过）                n= 577  到达 94.97%±0.91  碰撞 0.17%  违规/局  0.68  紧急步   2.7%  位置进框(宽松) 95.8%
  strict（真一眼没见过）             n= 563  到达 95.03%±0.92  碰撞 0.18%  违规/局  0.69  紧急步   2.7%  位置进框(宽松) 95.9%
      平滑: jerk 0.194 转艏Δ 0.0024 油门Δ 0.0047 路径 4315m ｜ 次网格细调率: 转艏 0.868 油门 0.902 ｜ 转艏|Δω|: 让路步 0.0028 其他步 0.0024
  对照：训练/验证见过的                n=  37  到达 97.30%±2.67  碰撞 0.00%  违规/局  0.30  紧急步   2.3%  位置进框(宽松) 97.3%
    · crossing（strict）       n= 376  到达 93.88%±1.24  碰撞 0.00%  违规/局  0.45  紧急步   3.4%  位置进框(宽松) 95.2%
    · head-on（strict）        n= 187  到达 97.33%±1.18  碰撞 0.53%  违规/局  1.16  紧急步   1.2%  位置进框(宽松) 97.3%

────────────────────────────────────────────────────────────────────────────────────────────────────────
▶ Continuous-safe_s5_L1rateON_ppo_s5  臂=Continuous-safe kind=continuous seed=5 步=5079040
  [锚点] 自记测试集 N=40：记录 2.50% vs 重评 2.50%（差 0.00pt）✅ 逐位复现
  全部                         n= 600  到达  0.83%±0.37  碰撞 0.00%  违规/局  0.72  紧急步   1.1%  位置进框(宽松) 43.7%
  clean（没训练过）                n= 577  到达  0.87%±0.39  碰撞 0.00%  违规/局  0.73  紧急步   1.2%  位置进框(宽松) 44.2%
  strict（真一眼没见过）             n= 563  到达  0.89%±0.40  碰撞 0.00%  违规/局  0.74  紧急步   1.2%  位置进框(宽松) 44.8%
      平滑: jerk 1.139 转艏Δ 0.0189 油门Δ 0.0104 路径 4084m ｜ 次网格细调率: 转艏 0.280 油门 0.300 ｜ 转艏|Δω|: 让路步 — 其他步 0.0189
  对照：训练/验证见过的                n=  37  到达  0.00%±0.00  碰撞 0.00%  违规/局  0.41  紧急步   0.2%  位置进框(宽松) 27.0%
    · crossing（strict）       n= 376  到达  1.06%±0.53  碰撞 0.00%  违规/局  0.39  紧急步   1.5%  位置进框(宽松) 44.9%
    · head-on（strict）        n= 187  到达  0.53%±0.53  碰撞 0.00%  违规/局  1.45  紧急步   0.4%  位置进框(宽松) 44.4%

────────────────────────────────────────────────────────────────────────────────────────────────────────
▶ Continuous-safe_s3_wsHOCRppo_s3  臂=Continuous-safe kind=continuous seed=3 步=2539520
  [锚点] 自记测试集 N=40：记录 97.50% vs 重评 97.50%（差 0.00pt）✅ 逐位复现
  全部                         n= 600  到达 91.17%±1.16  碰撞 0.00%  违规/局  1.32  紧急步   3.2%  位置进框(宽松) 93.5%
  clean（没训练过）                n= 577  到达 90.81%±1.20  碰撞 0.00%  违规/局  1.33  紧急步   3.2%  位置进框(宽松) 93.2%
  strict（真一眼没见过）             n= 563  到达 90.59%±1.23  碰撞 0.00%  违规/局  1.32  紧急步   3.3%  位置进框(宽松) 93.1%
      平滑: jerk 0.799 转艏Δ 0.0135 油门Δ 0.0034 路径 4258m ｜ 次网格细调率: 转艏 0.074 油门 0.024 ｜ 转艏|Δω|: 让路步 0.0028 其他步 0.0135
  对照：训练/验证见过的                n=  37  到达 100.00%±0.00  碰撞 0.00%  违规/局  1.30  紧急步   1.4%  位置进框(宽松) 100.0%
    · crossing（strict）       n= 376  到达 93.62%±1.26  碰撞 0.00%  违规/局  0.84  紧急步   2.6%  位置进框(宽松) 95.2%
    · head-on（strict）        n= 187  到达 84.49%±2.65  碰撞 0.00%  违规/局  2.29  紧急步   4.7%  位置进框(宽松) 88.8%

────────────────────────────────────────────────────────────────────────────────────────────────────────
▶ Continuous-safe_s3_wsBIGppo_s3  臂=Continuous-safe kind=continuous seed=3 步=2539520
  …下载 200/1300（失败 0）
  …下载 400/1300（失败 0）
  …下载 600/1300（失败 0）
  …下载 800/1300（失败 0）
  …下载 1000/1300（失败 0）
  …下载 1200/1300（失败 0）
  [锚点] 自记测试集 N=100：记录 90.00% vs 重评 90.00%（差 0.00pt）✅ 逐位复现
  全部                         n= 600  到达 91.50%±1.14  碰撞 0.00%  违规/局  1.17  紧急步   2.4%  位置进框(宽松) 93.2%
  clean（没训练过）                n= 577  到达 91.33%±1.17  碰撞 0.00%  违规/局  1.17  紧急步   2.5%  位置进框(宽松) 93.1%
  strict（真一眼没见过）             n= 563  到达 91.12%±1.20  碰撞 0.00%  违规/局  1.17  紧急步   2.5%  位置进框(宽松) 92.9%
      平滑: jerk 0.863 转艏Δ 0.0147 油门Δ 0.0033 路径 4209m ｜ 次网格细调率: 转艏 0.028 油门 0.014 ｜ 转艏|Δω|: 让路步 0.0035 其他步 0.0147
  对照：训练/验证见过的                n=  37  到达 97.30%±2.67  碰撞 0.00%  违规/局  1.19  紧急步   0.8%  位置进框(宽松) 97.3%
    · crossing（strict）       n= 376  到达 94.41%±1.18  碰撞 0.00%  违规/局  0.76  紧急步   2.1%  位置进框(宽松) 95.2%
    · head-on（strict）        n= 187  到达 84.49%±2.65  碰撞 0.00%  违规/局  1.99  紧急步   3.4%  位置进框(宽松) 88.2%

────────────────────────────────────────────────────────────────────────────────────────────────────────
▶ Base_s1_baseW0_s1  臂=Base kind=unshielded seed=1 步=5079040
  [锚点] 自记测试集 N=40：记录 100.00% vs 重评 100.00%（差 0.00pt）✅ 逐位复现
  全部                         n= 600  到达 97.67%±0.62  碰撞 2.17%  违规/局  2.47  紧急步   0.0%
  clean（没训练过）                n= 577  到达 97.57%±0.64  碰撞 2.25%  违规/局  2.50  紧急步   0.0%
  strict（真一眼没见过）             n= 563  到达 97.51%±0.66  碰撞 2.31%  违规/局  2.47  紧急步   0.0%
      平滑: jerk 0.940 转艏Δ 0.0150 油门Δ 0.0122 路径 4039m ｜ 次网格细调率: 转艏 0.000 油门 0.000 ｜ 转艏|Δω|: 让路步 — 其他步 0.0150
  对照：训练/验证见过的                n=  37  到达 100.00%±0.00  碰撞 0.00%  违规/局  2.49  紧急步   0.0%
    · crossing（strict）       n= 376  到达 98.94%±0.53  碰撞 1.06%  违规/局  1.59  紧急步   0.0%
    · head-on（strict）        n= 187  到达 94.65%±1.65  碰撞 4.81%  违规/局  4.25  紧急步   0.0%

────────────────────────────────────────────────────────────────────────────────────────────────────────
▶ Rule-reward_s4_rrW0_s4  臂=Rule-reward kind=unshielded seed=4 步=5079040
  [锚点] 自记测试集 N=40：记录 100.00% vs 重评 100.00%（差 0.00pt）✅ 逐位复现
  全部                         n= 600  到达 99.00%±0.41  碰撞 1.00%  违规/局  2.26  紧急步   0.0%
  clean（没训练过）                n= 577  到达 98.96%±0.42  碰撞 1.04%  违规/局  2.27  紧急步   0.0%
  strict（真一眼没见过）             n= 563  到达 98.93%±0.43  碰撞 1.07%  违规/局  2.27  紧急步   0.0%
      平滑: jerk 0.853 转艏Δ 0.0130 油门Δ 0.0139 路径 4025m ｜ 次网格细调率: 转艏 0.000 油门 0.000 ｜ 转艏|Δω|: 让路步 — 其他步 0.0130
  对照：训练/验证见过的                n=  37  到达 100.00%±0.00  碰撞 0.00%  违规/局  2.19  紧急步   0.0%
    · crossing（strict）       n= 376  到达 100.00%±0.00  碰撞 0.00%  违规/局  1.20  紧急步   0.0%
    · head-on（strict）        n= 187  到达 96.79%±1.29  碰撞 3.21%  违规/局  4.42  紧急步   0.0%

────────────────────────────────────────────────────────────────────────────────────────────────────────
■ 锚点汇总（8 个 ckpt）：平均有符号差 +0.00pt · 最大绝对差 0.00pt · 8 个逐位复现 / 0 偏高 / 0 偏低
  判读：平均差 ≈ 0 且正负混杂 ⟹ 只是浮点重放噪声，**eval 配置正确**；若平均差明显偏离 0 且方向一致 ⟹ 配置很可能真的错了，别信本次数字。

[reeval_official] 完成 → /root/trb/结果/结果0729-59臂同趟重评/g2.json
[轨迹] 8 个 checkpoint × 4 个场景 → /root/trb/结果/结果0729-59臂同趟重评/g2_traj.json
