========================================================================================================
[reeval_official r13-2026-07-27] 发现 7 个 checkpoint：
  Continuous-safe_s6_A231betaPpoS6                     臂=Continuous-safe  kind=continuous  seed=6 步=5079040 数据集=manifest_hocr_200.json 末段到达=2.5
  Continuous-safe_s4_C231bothPpoS4                     臂=Continuous-safe  kind=continuous  seed=4 步=5079040 数据集=manifest_hocr_200.json 末段到达=90.0
  Continuous-safe_s2_L1rateON_ppo_s2                   臂=Continuous-safe  kind=continuous  seed=2 步=5079040 数据集=manifest_hocr_200.json 末段到达=65.0
  Continuous-safe_s0_wsHOCRppo_s0                      臂=Continuous-safe  kind=continuous  seed=0 步=3047424 数据集=manifest_hocr_200.json 末段到达=100.0
  Continuous-safe_s8_wsHOCRppo_s8                      臂=Continuous-safe  kind=continuous  seed=8 步=3047424 数据集=manifest_hocr_200.json 末段到达=97.5
  Discrete-safe_s3_discStdW0_s3                        臂=Discrete-safe    kind=shielded    seed=3 步=5079040 数据集=manifest_hocr_200.json 末段到达=67.5
  Rule-reward_s1_rrW0_s1                               臂=Rule-reward      kind=unshielded  seed=1 步=5079040 数据集=manifest_hocr_200.json 末段到达=97.5
========================================================================================================
[env] 连续臂 eval env：shield=True cone=None v_floor=2.0 augment_rho=False 去朝向门=False
  [数据集] Continuous-safe_s6_A231betaPpoS6 ← manifest_hocr_200.json：训练 94 / 验证 40
  [数据集] Continuous-safe_s4_C231bothPpoS4 ← manifest_hocr_200.json：训练 94 / 验证 40
  [数据集] Continuous-safe_s2_L1rateON_ppo_s2 ← manifest_hocr_200.json：训练 94 / 验证 40
  [数据集] Continuous-safe_s0_wsHOCRppo_s0 ← manifest_hocr_200.json：训练 94 / 验证 40
  [数据集] Continuous-safe_s8_wsHOCRppo_s8 ← manifest_hocr_200.json：训练 94 / 验证 40
  [数据集] Discrete-safe_s3_discStdW0_s3 ← manifest_hocr_200.json：训练 94 / 验证 40
  [数据集] Rule-reward_s1_rrW0_s1 ← manifest_hocr_200.json：训练 94 / 验证 40
  …下载 200/600（失败 0）
  …下载 400/600（失败 0）
  …下载 600/600（失败 0）

[池] 官方 1400/600 划分的测试 600（官方 2000 无追越）：N=600（请求 600）·二项 SE@p=0.8 ≈ 1.63pt
[口径] 全部 600 − 训练泄漏 23 = **clean 577** ； 再 − 验证泄漏 14 = **strict 563**
[分型] {'crossing': 395, 'head-on': 205}
[轨迹] 记 ['1', '100', '1006', '1016'] 这几个场景的逐步轨迹（`04 §1.5` 第⑥条·离散臂与连续臂同格式可叠图）

────────────────────────────────────────────────────────────────────────────────────────────────────────
▶ Continuous-safe_s6_A231betaPpoS6  臂=Continuous-safe kind=continuous seed=6 步=5079040
  [锚点] 自记测试集 N=40：记录 2.50% vs 重评 2.50%（差 0.00pt）✅ 逐位复现
  全部                         n= 600  到达  0.33%±0.24  碰撞 0.00%  违规/局  0.43  紧急步   1.5%  位置进框(宽松) 55.0%
  clean（没训练过）                n= 577  到达  0.35%±0.24  碰撞 0.00%  违规/局  0.44  紧急步   1.5%  位置进框(宽松) 54.8%
  strict（真一眼没见过）             n= 563  到达  0.36%±0.25  碰撞 0.00%  违规/局  0.44  紧急步   1.6%  位置进框(宽松) 54.7%
      平滑: jerk 0.928 转艏Δ 0.0138 油门Δ 0.0159 路径 4417m ｜ 次网格细调率: 转艏 0.365 油门 0.565 ｜ 转艏|Δω|: 让路步 — 其他步 0.0138
  对照：训练/验证见过的                n=  37  到达  0.00%±0.00  碰撞 0.00%  违规/局  0.43  紧急步   0.1%  位置进框(宽松) 59.5%
    · crossing（strict）       n= 376  到达  0.27%±0.27  碰撞 0.00%  违规/局  0.29  紧急步   2.1%  位置进框(宽松) 48.9%
    · head-on（strict）        n= 187  到达  0.53%±0.53  碰撞 0.00%  违规/局  0.72  紧急步   0.5%  位置进框(宽松) 66.3%

────────────────────────────────────────────────────────────────────────────────────────────────────────
▶ Continuous-safe_s4_C231bothPpoS4  臂=Continuous-safe kind=continuous seed=4 步=5079040
  [锚点] 自记测试集 N=40：记录 90.00% vs 重评 90.00%（差 0.00pt）✅ 逐位复现
  全部                         n= 600  到达 91.50%±1.14  碰撞 0.00%  违规/局  0.80  紧急步   3.6%  位置进框(宽松) 93.7%
  clean（没训练过）                n= 577  到达 91.51%±1.16  碰撞 0.00%  违规/局  0.82  紧急步   3.8%  位置进框(宽松) 93.6%
  strict（真一眼没见过）             n= 563  到达 91.47%±1.18  碰撞 0.00%  违规/局  0.83  紧急步   3.8%  位置进框(宽松) 93.6%
      平滑: jerk 0.197 转艏Δ 0.0027 油门Δ 0.0039 路径 4319m ｜ 次网格细调率: 转艏 0.847 油门 0.906 ｜ 转艏|Δω|: 让路步 0.0031 其他步 0.0027
  对照：训练/验证见过的                n=  37  到达 91.89%±4.49  碰撞 0.00%  违规/局  0.43  紧急步   0.0%  位置进框(宽松) 94.6%
    · crossing（strict）       n= 376  到达 90.16%±1.54  碰撞 0.00%  违规/局  0.60  紧急步   4.9%  位置进框(宽松) 91.5%
    · head-on（strict）        n= 187  到达 94.12%±1.72  碰撞 0.00%  违规/局  1.28  紧急步   1.7%  位置进框(宽松) 97.9%

────────────────────────────────────────────────────────────────────────────────────────────────────────
▶ Continuous-safe_s2_L1rateON_ppo_s2  臂=Continuous-safe kind=continuous seed=2 步=5079040
  [锚点] 自记测试集 N=40：记录 65.00% vs 重评 65.00%（差 0.00pt）✅ 逐位复现
  全部                         n= 600  到达 57.50%±2.02  碰撞 0.17%  违规/局  1.42  紧急步   4.2%  位置进框(宽松) 71.8%
  clean（没训练过）                n= 577  到达 57.37%±2.06  碰撞 0.17%  违规/局  1.44  紧急步   4.4%  位置进框(宽松) 71.9%
  strict（真一眼没见过）             n= 563  到达 56.84%±2.09  碰撞 0.18%  违规/局  1.44  紧急步   4.4%  位置进框(宽松) 71.8%
      平滑: jerk 0.888 转艏Δ 0.0154 油门Δ 0.0025 路径 4153m ｜ 次网格细调率: 转艏 0.056 油门 0.011 ｜ 转艏|Δω|: 让路步 0.0031 其他步 0.0154
  对照：训练/验证见过的                n=  37  到达 67.57%±7.70  碰撞 0.00%  违规/局  1.16  紧急步   0.7%  位置进框(宽松) 73.0%
    · crossing（strict）       n= 376  到达 65.16%±2.46  碰撞 0.00%  违规/局  0.76  紧急步   4.0%  位置进框(宽松) 77.7%
    · head-on（strict）        n= 187  到达 40.11%±3.58  碰撞 0.53%  违规/局  2.81  紧急步   5.3%  位置进框(宽松) 59.9%

────────────────────────────────────────────────────────────────────────────────────────────────────────
▶ Continuous-safe_s0_wsHOCRppo_s0  臂=Continuous-safe kind=continuous seed=0 步=3047424
  [锚点] 自记测试集 N=40：记录 100.00% vs 重评 100.00%（差 0.00pt）✅ 逐位复现
/root/miniconda3/lib/python3.10/site-packages/cvxpy/problems/problem.py:1539: UserWarning: Solution may be inaccurate. Try another solver, adjusting the solver settings, or solve with verbose=True for more information.
  warnings.warn(
  全部                         n= 600  到达 93.83%±0.98  碰撞 0.00%  违规/局  1.20  紧急步   3.1%  位置进框(宽松) 95.2%
  clean（没训练过）                n= 577  到达 93.76%±1.01  碰撞 0.00%  违规/局  1.21  紧急步   3.2%  位置进框(宽松) 95.0%
  strict（真一眼没见过）             n= 563  到达 93.61%±1.03  碰撞 0.00%  违规/局  1.20  紧急步   3.2%  位置进框(宽松) 94.8%
      平滑: jerk 0.886 转艏Δ 0.0150 油门Δ 0.0038 路径 4260m ｜ 次网格细调率: 转艏 0.074 油门 0.024 ｜ 转艏|Δω|: 让路步 0.0041 其他步 0.0151
  对照：训练/验证见过的                n=  37  到达 97.30%±2.67  碰撞 0.00%  违规/局  1.32  紧急步   1.2%  位置进框(宽松) 100.0%
    · crossing（strict）       n= 376  到达 94.95%±1.13  碰撞 0.00%  违规/局  0.69  紧急步   2.4%  位置进框(宽松) 96.0%
    · head-on（strict）        n= 187  到达 90.91%±2.10  碰撞 0.00%  违规/局  2.22  紧急步   4.9%  位置进框(宽松) 92.5%

────────────────────────────────────────────────────────────────────────────────────────────────────────
▶ Continuous-safe_s8_wsHOCRppo_s8  臂=Continuous-safe kind=continuous seed=8 步=3047424
  [锚点] 自记测试集 N=40：记录 97.50% vs 重评 92.50%（差 5.00pt）🟡 差 2 局（实测重放噪声内·`03` L192-C）
  全部                         n= 600  到达 87.67%±1.34  碰撞 0.00%  违规/局  1.63  紧急步   5.0%  位置进框(宽松) 90.5%
  clean（没训练过）                n= 577  到达 87.35%±1.38  碰撞 0.00%  违规/局  1.63  紧急步   5.1%  位置进框(宽松) 90.1%
  strict（真一眼没见过）             n= 563  到达 87.03%±1.42  碰撞 0.00%  违规/局  1.60  紧急步   5.1%  位置进框(宽松) 89.9%
      平滑: jerk 0.943 转艏Δ 0.0162 油门Δ 0.0032 路径 4244m ｜ 次网格细调率: 转艏 0.042 油门 0.013 ｜ 转艏|Δω|: 让路步 0.0027 其他步 0.0163
  对照：训练/验证见过的                n=  37  到达 97.30%±2.67  碰撞 0.00%  违规/局  2.11  紧急步   3.6%  位置进框(宽松) 100.0%
    · crossing（strict）       n= 376  到达 89.10%±1.61  碰撞 0.00%  违规/局  0.94  紧急步   4.0%  位置进框(宽松) 90.7%
    · head-on（strict）        n= 187  到达 82.89%±2.75  碰撞 0.00%  违规/局  2.91  紧急步   7.3%  位置进框(宽松) 88.2%

────────────────────────────────────────────────────────────────────────────────────────────────────────
▶ Discrete-safe_s3_discStdW0_s3  臂=Discrete-safe kind=shielded seed=3 步=5079040
  [锚点] 自记测试集 N=40：记录 67.50% vs 重评 67.50%（差 0.00pt）✅ 逐位复现
  全部                         n= 600  到达 55.50%±2.03  碰撞 0.17%  违规/局  1.04  紧急步   6.9%
  clean（没训练过）                n= 577  到达 55.29%±2.07  碰撞 0.17%  违规/局  1.06  紧急步   7.1%
  strict（真一眼没见过）             n= 563  到达 54.88%±2.10  碰撞 0.18%  违规/局  1.05  紧急步   7.2%
      平滑: jerk 0.990 转艏Δ 0.0137 油门Δ 0.0223 路径 4102m ｜ 次网格细调率: 转艏 0.000 油门 0.000 ｜ 转艏|Δω|: 让路步 0.0048 其他步 0.0138
  对照：训练/验证见过的                n=  37  到达 64.86%±7.85  碰撞 0.00%  违规/局  0.84  紧急步   2.7%
    · crossing（strict）       n= 376  到达 55.85%±2.56  碰撞 0.00%  违规/局  0.78  紧急步   7.2%
    · head-on（strict）        n= 187  到达 52.94%±3.65  碰撞 0.53%  违规/局  1.59  紧急步   7.2%

────────────────────────────────────────────────────────────────────────────────────────────────────────
▶ Rule-reward_s1_rrW0_s1  臂=Rule-reward kind=unshielded seed=1 步=5079040
  [锚点] 自记测试集 N=40：记录 97.50% vs 重评 97.50%（差 0.00pt）✅ 逐位复现
  全部                         n= 600  到达 98.00%±0.57  碰撞 1.83%  违规/局  2.86  紧急步   0.0%
  clean（没训练过）                n= 577  到达 97.92%±0.59  碰撞 1.91%  违规/局  2.86  紧急步   0.0%
  strict（真一眼没见过）             n= 563  到达 97.87%±0.61  碰撞 1.95%  违规/局  2.88  紧急步   0.0%
      平滑: jerk 0.912 转艏Δ 0.0143 油门Δ 0.0125 路径 4023m ｜ 次网格细调率: 转艏 0.000 油门 0.000 ｜ 转艏|Δω|: 让路步 — 其他步 0.0143
  对照：训练/验证见过的                n=  37  到达 100.00%±0.00  碰撞 0.00%  违规/局  2.59  紧急步   0.0%
    · crossing（strict）       n= 376  到达 98.94%±0.53  碰撞 0.80%  违规/局  1.64  紧急步   0.0%
    · head-on（strict）        n= 187  到达 95.72%±1.48  碰撞 4.28%  违规/局  5.36  紧急步   0.0%

────────────────────────────────────────────────────────────────────────────────────────────────────────
■ 锚点汇总（7 个 ckpt）：平均有符号差 -0.71pt · 最大绝对差 5.00pt · 6 个逐位复现 / 0 偏高 / 1 偏低
  判读：平均差 ≈ 0 且正负混杂 ⟹ 只是浮点重放噪声，**eval 配置正确**；若平均差明显偏离 0 且方向一致 ⟹ 配置很可能真的错了，别信本次数字。

[reeval_official] 完成 → /root/trb/结果/结果0729-59臂同趟重评/g7.json
[轨迹] 7 个 checkpoint × 4 个场景 → /root/trb/结果/结果0729-59臂同趟重评/g7_traj.json
