========================================================================================================
[reeval_official r13-2026-07-27] 发现 2 个 checkpoint：
  Continuous-safe_s0_wsHOCRppo_s0                      臂=Continuous-safe  kind=continuous  seed=0 步=3047424 数据集=manifest_hocr_200.json 末段到达=100.0
  Continuous-safe_s6_wsHOCRppo_s6                      臂=Continuous-safe  kind=continuous  seed=6 步=3047424 数据集=manifest_hocr_200.json 末段到达=100.0
========================================================================================================
[env] 连续臂 eval env：shield=True cone=None v_floor=2.0 augment_rho=False 去朝向门=False
  [数据集] Continuous-safe_s0_wsHOCRppo_s0 ← manifest_hocr_200.json：训练 94 / 验证 40
  [数据集] Continuous-safe_s6_wsHOCRppo_s6 ← manifest_hocr_200.json：训练 94 / 验证 40
  …下载 200/600（失败 0）
  …下载 400/600（失败 0）
  …下载 600/600（失败 0）

[池] 官方 1400/600 划分的测试 600（官方 2000 无追越）：N=600（请求 600）·二项 SE@p=0.8 ≈ 1.63pt
[口径] 全部 600 − 训练泄漏 23 = **clean 577** ； 再 − 验证泄漏 14 = **strict 563**
[分型] {'crossing': 395, 'head-on': 205}

────────────────────────────────────────────────────────────────────────────────────────────────────────
▶ Continuous-safe_s0_wsHOCRppo_s0  臂=Continuous-safe kind=continuous seed=0 步=3047424
  [锚点] 自记测试集 N=40：记录 100.00% vs 重评 100.00%（差 0.00pt）✅ 逐位复现
  ── 转向低通 α=1（=不施加·对照组）
/root/miniconda3/lib/python3.10/site-packages/cvxpy/problems/problem.py:1539: UserWarning: Solution may be inaccurate. Try another solver, adjusting the solver settings, or solve with verbose=True for more information.
  warnings.warn(
  全部                         n= 600  到达 93.83%±0.98  碰撞 0.00%  违规/局  1.20  紧急步   3.1%  位置进框(宽松) 95.2%
  clean（没训练过）                n= 577  到达 93.76%±1.01  碰撞 0.00%  违规/局  1.21  紧急步   3.2%  位置进框(宽松) 95.0%
  strict（真一眼没见过）             n= 563  到达 93.61%±1.03  碰撞 0.00%  违规/局  1.20  紧急步   3.2%  位置进框(宽松) 94.8%
      平滑: jerk 0.886 转艏Δ 0.0150 油门Δ 0.0038 路径 4260m ｜ 次网格细调率: 转艏 0.086 油门 0.213 ｜ 转艏|Δω|: 让路步 — 其他步 0.0086
      平滑诊断：步数=32462 · 读到真实舵位=32462（100.0%） · 参考被夹回箱=1421
  对照：训练/验证见过的                n=  37  到达 97.30%±2.67  碰撞 0.00%  违规/局  1.32  紧急步   1.2%  位置进框(宽松) 100.0%
    · crossing（strict）       n= 376  到达 94.95%±1.13  碰撞 0.00%  违规/局  0.69  紧急步   2.4%  位置进框(宽松) 96.0%
    · head-on（strict）        n= 187  到达 90.91%±2.10  碰撞 0.00%  违规/局  2.22  紧急步   4.9%  位置进框(宽松) 92.5%
  ── 转向低通 α=0.7
  全部                         n= 600  到达 91.17%±1.16  碰撞 0.00%  违规/局  0.93  紧急步   2.6%  位置进框(宽松) 95.2%
  clean（没训练过）                n= 577  到达 90.81%±1.20  碰撞 0.00%  违规/局  0.93  紧急步   2.7%  位置进框(宽松) 95.0%
  strict（真一眼没见过）             n= 563  到达 90.59%±1.23  碰撞 0.00%  违规/局  0.94  紧急步   2.7%  位置进框(宽松) 94.8%
      平滑: jerk 0.544 转艏Δ 0.0088 油门Δ 0.0037 路径 4300m ｜ 次网格细调率: 转艏 0.479 油门 0.251 ｜ 转艏|Δω|: 让路步 — 其他步 0.0056
      平滑诊断：步数=33468 · 读到真实舵位=33468（100.0%） · 参考被夹回箱=1066
  对照：训练/验证见过的                n=  37  到达 100.00%±0.00  碰撞 0.00%  违规/局  0.73  紧急步   0.0%  位置进框(宽松) 100.0%
    · crossing（strict）       n= 376  到达 91.76%±1.42  碰撞 0.00%  违规/局  0.51  紧急步   2.1%  位置进框(宽松) 95.5%
    · head-on（strict）        n= 187  到达 88.24%±2.36  碰撞 0.00%  违规/局  1.79  紧急步   4.0%  位置进框(宽松) 93.6%
  ── 转向低通 α=0.5
  全部                         n= 600  到达 81.00%±1.60  碰撞 0.00%  违规/局  0.82  紧急步   2.9%  位置进框(宽松) 92.2%
  clean（没训练过）                n= 577  到达 80.94%±1.64  碰撞 0.00%  违规/局  0.83  紧急步   3.0%  位置进框(宽松) 92.2%
  strict（真一眼没见过）             n= 563  到达 80.64%±1.67  碰撞 0.00%  违规/局  0.82  紧急步   3.1%  位置进框(宽松) 92.2%
      平滑: jerk 0.402 转艏Δ 0.0061 油门Δ 0.0040 路径 4328m ｜ 次网格细调率: 转艏 0.647 油门 0.318 ｜ 转艏|Δω|: 让路步 — 其他步 0.0036
      平滑诊断：步数=35285 · 读到真实舵位=35285（100.0%） · 参考被夹回箱=1092
  对照：训练/验证见过的                n=  37  到达 86.49%±5.62  碰撞 0.00%  违规/局  0.81  紧急步   0.3%  位置进框(宽松) 91.9%
    · crossing（strict）       n= 376  到达 77.39%±2.16  碰撞 0.00%  违规/局  0.45  紧急步   3.0%  位置进框(宽松) 92.0%
    · head-on（strict）        n= 187  到达 87.17%±2.45  碰撞 0.00%  违规/局  1.57  紧急步   3.1%  位置进框(宽松) 92.5%
  ── 转向低通 α=0.3
  全部                         n= 600  到达 36.83%±1.97  碰撞 0.17%  违规/局  0.88  紧急步   3.8%  位置进框(宽松) 71.0%
  clean（没训练过）                n= 577  到达 37.09%±2.01  碰撞 0.17%  违规/局  0.89  紧急步   4.0%  位置进框(宽松) 71.4%
  strict（真一眼没见过）             n= 563  到达 37.12%±2.04  碰撞 0.18%  违规/局  0.89  紧急步   3.9%  位置进框(宽松) 71.4%
      平滑: jerk 0.287 转艏Δ 0.0039 油门Δ 0.0044 路径 4432m ｜ 次网格细调率: 转艏 0.809 油门 0.407 ｜ 转艏|Δω|: 让路步 — 其他步 0.0022
      平滑诊断：步数=39520 · 读到真实舵位=39520（100.0%） · 参考被夹回箱=1824
  对照：训练/验证见过的                n=  37  到达 32.43%±7.70  碰撞 0.00%  违规/局  0.73  紧急步   2.4%  位置进框(宽松) 64.9%
    · crossing（strict）       n= 376  到达 30.85%±2.38  碰撞 0.00%  违规/局  0.48  紧急步   4.1%  位置进框(宽松) 66.8%
    · head-on（strict）        n= 187  到达 49.73%±3.66  碰撞 0.53%  违规/局  1.73  紧急步   3.6%  位置进框(宽松) 80.7%
  ── 舵速率限制 系数=0.5
  全部                         n= 600  到达 89.83%±1.23  碰撞 0.00%  违规/局  1.19  紧急步   2.8%  位置进框(宽松) 94.0%
  clean（没训练过）                n= 577  到达 89.77%±1.26  碰撞 0.00%  违规/局  1.21  紧急步   2.8%  位置进框(宽松) 93.8%
  strict（真一眼没见过）             n= 563  到达 89.70%±1.28  碰撞 0.00%  违规/局  1.22  紧急步   2.9%  位置进框(宽松) 93.6%
      平滑: jerk 0.608 转艏Δ 0.0099 油门Δ 0.0040 路径 4320m ｜ 次网格细调率: 转艏 0.112 油门 0.219 ｜ 转艏|Δω|: 让路步 — 其他步 0.0057
      平滑诊断：步数=33961 · 读到真实舵位=33961（100.0%） · 参考被夹回箱=1410 · 被限速切=9578
  对照：训练/验证见过的                n=  37  到达 91.89%±4.49  碰撞 0.00%  违规/局  0.70  紧急步   0.5%  位置进框(宽松) 100.0%
    · crossing（strict）       n= 376  到达 89.89%±1.55  碰撞 0.00%  违规/局  0.82  紧急步   2.8%  位置进框(宽松) 94.4%
    · head-on（strict）        n= 187  到达 89.30%±2.26  碰撞 0.00%  违规/局  2.02  紧急步   3.1%  位置进框(宽松) 92.0%
  ── 舵速率限制 系数=0.33
  全部                         n= 600  到达 79.17%±1.66  碰撞 0.00%  违规/局  1.18  紧急步   4.6%  位置进框(宽松) 91.7%
  clean（没训练过）                n= 577  到达 79.20%±1.69  碰撞 0.00%  违规/局  1.20  紧急步   4.8%  位置进框(宽松) 91.7%
  strict（真一眼没见过）             n= 563  到达 78.86%±1.72  碰撞 0.00%  违规/局  1.21  紧急步   4.8%  位置进框(宽松) 91.5%
      平滑: jerk 0.469 转艏Δ 0.0073 油门Δ 0.0043 路径 4411m ｜ 次网格细调率: 转艏 0.095 油门 0.313 ｜ 转艏|Δω|: 让路步 — 其他步 0.0044
      平滑诊断：步数=36456 · 读到真实舵位=36456（100.0%） · 参考被夹回箱=1754 · 被限速切=20119
  对照：训练/验证见过的                n=  37  到达 83.78%±6.06  碰撞 0.00%  违规/局  0.76  紧急步   2.5%  位置进框(宽松) 94.6%
    · crossing（strict）       n= 376  到达 77.93%±2.14  碰撞 0.00%  违规/局  0.86  紧急步   4.9%  位置进框(宽松) 92.6%
    · head-on（strict）        n= 187  到达 80.75%±2.88  碰撞 0.00%  违规/局  1.90  紧急步   4.6%  位置进框(宽松) 89.3%
  ── 舵速率限制 系数=0.25
  全部                         n= 600  到达 60.67%±1.99  碰撞 0.00%  违规/局  1.32  紧急步   4.9%  位置进框(宽松) 81.3%
  clean（没训练过）                n= 577  到达 59.62%±2.04  碰撞 0.00%  违规/局  1.35  紧急步   5.0%  位置进框(宽松) 80.8%
  strict（真一眼没见过）             n= 563  到达 58.97%±2.07  碰撞 0.00%  违规/局  1.35  紧急步   5.1%  位置进框(宽松) 80.5%
      平滑: jerk 0.403 转艏Δ 0.0059 油门Δ 0.0047 路径 4510m ｜ 次网格细调率: 转艏 0.088 油门 0.300 ｜ 转艏|Δω|: 让路步 — 其他步 0.0037
      平滑诊断：步数=38478 · 读到真实舵位=38478（100.0%） · 参考被夹回箱=2297 · 被限速切=19674
  对照：训练/验证见过的                n=  37  到达 86.49%±5.62  碰撞 0.00%  违规/局  0.92  紧急步   0.7%  位置进框(宽松) 94.6%
    · crossing（strict）       n= 376  到达 55.85%±2.56  碰撞 0.00%  违规/局  0.94  紧急步   5.5%  位置进框(宽松) 77.9%
    · head-on（strict）        n= 187  到达 65.24%±3.48  碰撞 0.00%  违规/局  2.16  紧急步   4.4%  位置进框(宽松) 85.6%

────────────────────────────────────────────────────────────────────────────────────────────────────────
▶ Continuous-safe_s6_wsHOCRppo_s6  臂=Continuous-safe kind=continuous seed=6 步=3047424
  [锚点] 自记测试集 N=40：记录 100.00% vs 重评 100.00%（差 0.00pt）✅ 逐位复现
  ── 转向低通 α=1（=不施加·对照组）
  全部                         n= 600  到达 94.83%±0.90  碰撞 0.00%  违规/局  1.38  紧急步   2.7%  位置进框(宽松) 96.0%
  clean（没训练过）                n= 577  到达 94.63%±0.94  碰撞 0.00%  违规/局  1.38  紧急步   2.7%  位置进框(宽松) 95.8%
  strict（真一眼没见过）             n= 563  到达 94.49%±0.96  碰撞 0.00%  违规/局  1.39  紧急步   2.8%  位置进框(宽松) 95.7%
      平滑: jerk 0.793 转艏Δ 0.0134 油门Δ 0.0036 路径 4259m ｜ 次网格细调率: 转艏 0.147 油门 0.209 ｜ 转艏|Δω|: 让路步 — 其他步 0.0072
      平滑诊断：步数=32329 · 读到真实舵位=32329（100.0%） · 参考被夹回箱=1375
  对照：训练/验证见过的                n=  37  到达 100.00%±0.00  碰撞 0.00%  违规/局  1.24  紧急步   2.1%  位置进框(宽松) 100.0%
    · crossing（strict）       n= 376  到达 96.01%±1.01  碰撞 0.00%  违规/局  0.81  紧急步   2.0%  位置进框(宽松) 97.1%
    · head-on（strict）        n= 187  到达 91.44%±2.05  碰撞 0.00%  违规/局  2.54  紧急步   4.3%  位置进框(宽松) 93.0%
  ── 转向低通 α=0.7
/root/miniconda3/lib/python3.10/site-packages/cvxpy/problems/problem.py:1539: UserWarning: Solution may be inaccurate. Try another solver, adjusting the solver settings, or solve with verbose=True for more information.
  warnings.warn(
  全部                         n= 600  到达 94.00%±0.97  碰撞 0.00%  违规/局  0.99  紧急步   2.3%  位置进框(宽松) 95.3%
  clean（没训练过）                n= 577  到达 93.76%±1.01  碰撞 0.00%  违规/局  1.00  紧急步   2.3%  位置进框(宽松) 95.1%
  strict（真一眼没见过）             n= 563  到达 93.61%±1.03  碰撞 0.00%  违规/局  1.00  紧急步   2.4%  位置进框(宽松) 95.0%
      平滑: jerk 0.522 转艏Δ 0.0085 油门Δ 0.0036 路径 4290m ｜ 次网格细调率: 转艏 0.487 油门 0.299 ｜ 转艏|Δω|: 让路步 — 其他步 0.0050
      平滑诊断：步数=33172 · 读到真实舵位=33172（100.0%） · 参考被夹回箱=1149
  对照：训练/验证见过的                n=  37  到达 100.00%±0.00  碰撞 0.00%  违规/局  0.78  紧急步   0.3%  位置进框(宽松) 100.0%
    · crossing（strict）       n= 376  到达 94.68%±1.16  碰撞 0.00%  违规/局  0.57  紧急步   1.9%  位置进框(宽松) 96.0%
    · head-on（strict）        n= 187  到达 91.44%±2.05  碰撞 0.00%  违规/局  1.88  紧急步   3.4%  位置进框(宽松) 93.0%
  ── 转向低通 α=0.5
  全部                         n= 600  到达 86.00%±1.42  碰撞 0.00%  违规/局  0.95  紧急步   2.5%  位置进框(宽松) 94.7%
  clean（没训练过）                n= 577  到达 85.44%±1.47  碰撞 0.00%  违规/局  0.96  紧急步   2.6%  位置进框(宽松) 94.5%
  strict（真一眼没见过）             n= 563  到达 85.26%±1.49  碰撞 0.00%  违规/局  0.95  紧急步   2.6%  位置进框(宽松) 94.3%
      平滑: jerk 0.399 转艏Δ 0.0061 油门Δ 0.0041 路径 4317m ｜ 次网格细调率: 转艏 0.596 油门 0.337 ｜ 转艏|Δω|: 让路步 — 其他步 0.0040
      平滑诊断：步数=35289 · 读到真实舵位=35289（100.0%） · 参考被夹回箱=1064
  对照：训练/验证见过的                n=  37  到达 97.30%±2.67  碰撞 0.00%  违规/局  0.89  紧急步   0.8%  位置进框(宽松) 100.0%
    · crossing（strict）       n= 376  到达 84.84%±1.85  碰撞 0.00%  违规/局  0.55  紧急步   2.4%  位置进框(宽松) 94.7%
    · head-on（strict）        n= 187  到达 86.10%±2.53  碰撞 0.00%  违规/局  1.78  紧急步   3.1%  位置进框(宽松) 93.6%
  ── 转向低通 α=0.3
  全部                         n= 600  到达 52.17%±2.04  碰撞 0.17%  违规/局  0.94  紧急步   3.2%  位置进框(宽松) 86.0%
  clean（没训练过）                n= 577  到达 52.86%±2.08  碰撞 0.17%  违规/局  0.95  紧急步   3.3%  位置进框(宽松) 85.6%
  strict（真一眼没见过）             n= 563  到达 52.40%±2.10  碰撞 0.18%  违规/局  0.96  紧急步   3.4%  位置进框(宽松) 85.4%
      平滑: jerk 0.298 转艏Δ 0.0037 油门Δ 0.0056 路径 4516m ｜ 次网格细调率: 转艏 0.855 油门 0.496 ｜ 转艏|Δω|: 让路步 — 其他步 0.0023
      平滑诊断：步数=39878 · 读到真实舵位=39878（100.0%） · 参考被夹回箱=1162
  对照：训练/验证见过的                n=  37  到达 48.65%±8.22  碰撞 0.00%  违规/局  0.73  紧急步   0.9%  位置进框(宽松) 94.6%
    · crossing（strict）       n= 376  到达 43.62%±2.56  碰撞 0.00%  违规/局  0.52  紧急步   3.1%  位置进框(宽松) 84.3%
    · head-on（strict）        n= 187  到达 70.05%±3.35  碰撞 0.53%  违规/局  1.83  紧急步   3.8%  位置进框(宽松) 87.7%
  ── 舵速率限制 系数=0.5
  全部                         n= 600  到达 92.83%±1.05  碰撞 0.00%  违规/局  1.20  紧急步   2.8%  位置进框(宽松) 94.7%
  clean（没训练过）                n= 577  到达 92.72%±1.08  碰撞 0.00%  违规/局  1.21  紧急步   2.8%  位置进框(宽松) 94.6%
  strict（真一眼没见过）             n= 563  到达 92.54%±1.11  碰撞 0.00%  违规/局  1.20  紧急步   2.8%  位置进框(宽松) 94.5%
      平滑: jerk 0.592 转艏Δ 0.0097 油门Δ 0.0038 路径 4300m ｜ 次网格细调率: 转艏 0.132 油门 0.262 ｜ 转艏|Δω|: 让路步 0.0000 其他步 0.0065
      平滑诊断：步数=33703 · 读到真实舵位=33703（100.0%） · 参考被夹回箱=1087 · 被限速切=8800
  对照：训练/验证见过的                n=  37  到达 97.30%±2.67  碰撞 0.00%  违规/局  1.08  紧急步   2.1%  位置进框(宽松) 97.3%
    · crossing（strict）       n= 376  到达 92.55%±1.35  碰撞 0.00%  违规/局  0.85  紧急步   2.6%  位置进框(宽松) 95.2%
    · head-on（strict）        n= 187  到达 92.51%±1.92  碰撞 0.00%  违规/局  1.92  紧急步   3.4%  位置进框(宽松) 93.0%
  ── 舵速率限制 系数=0.33
  全部                         n= 600  到达 86.67%±1.39  碰撞 0.17%  违规/局  1.30  紧急步   3.5%  位置进框(宽松) 93.3%
  clean（没训练过）                n= 577  到达 86.31%±1.43  碰撞 0.17%  违规/局  1.33  紧急步   3.6%  位置进框(宽松) 93.1%
  strict（真一眼没见过）             n= 563  到达 86.15%±1.46  碰撞 0.18%  违规/局  1.32  紧急步   3.6%  位置进框(宽松) 93.1%
      平滑: jerk 0.464 转艏Δ 0.0072 油门Δ 0.0043 路径 4400m ｜ 次网格细调率: 转艏 0.099 油门 0.318 ｜ 转艏|Δω|: 让路步 — 其他步 0.0047
      平滑诊断：步数=35370 · 读到真实舵位=35370（100.0%） · 参考被夹回箱=1510 · 被限速切=18898
  对照：训练/验证见过的                n=  37  到达 94.59%±3.72  碰撞 0.00%  违规/局  0.97  紧急步   1.2%  位置进框(宽松) 97.3%
    · crossing（strict）       n= 376  到达 84.31%±1.88  碰撞 0.00%  违规/局  0.88  紧急步   2.8%  位置进框(宽松) 92.6%
    · head-on（strict）        n= 187  到达 89.84%±2.21  碰撞 0.53%  违规/局  2.21  紧急步   5.1%  位置进框(宽松) 94.1%
  ── 舵速率限制 系数=0.25
  全部                         n= 600  到达 74.50%±1.78  碰撞 0.17%  违规/局  1.44  紧急步   4.6%  位置进框(宽松) 90.0%
  clean（没训练过）                n= 577  到达 74.70%±1.81  碰撞 0.17%  违规/局  1.47  紧急步   4.7%  位置进框(宽松) 90.1%
  strict（真一眼没见过）             n= 563  到达 74.60%±1.83  碰撞 0.18%  违规/局  1.47  紧急步   4.8%  位置进框(宽松) 90.1%
      平滑: jerk 0.404 转艏Δ 0.0058 油门Δ 0.0051 路径 4466m ｜ 次网格细调率: 转艏 0.062 油门 0.350 ｜ 转艏|Δω|: 让路步 0.0131 其他步 0.0037
      平滑诊断：步数=38443 · 读到真实舵位=38443（100.0%） · 参考被夹回箱=2024 · 被限速切=19274
  对照：训练/验证见过的                n=  37  到达 72.97%±7.30  碰撞 0.00%  违规/局  1.05  紧急步   1.7%  位置进框(宽松) 89.2%
    · crossing（strict）       n= 376  到达 73.14%±2.29  碰撞 0.27%  违规/局  0.99  紧急步   4.7%  位置进框(宽松) 89.6%
    · head-on（strict）        n= 187  到达 77.54%±3.05  碰撞 0.00%  违规/局  2.44  紧急步   4.9%  位置进框(宽松) 90.9%

────────────────────────────────────────────────────────────────────────────────────────────────────────
■ 锚点汇总（2 个 ckpt）：平均有符号差 +0.00pt · 最大绝对差 0.00pt · 2 个逐位复现 / 0 偏高 / 0 偏低
  判读：平均差 ≈ 0 且正负混杂 ⟹ 只是浮点重放噪声，**eval 配置正确**；若平均差明显偏离 0 且方向一致 ⟹ 配置很可能真的错了，别信本次数字。

[reeval_official] 完成 → /root/trb/结果0727-平滑扫参/smooth_sweep.json
