=== step4e [FULL（非SMOKE；场景数看 N_TOTAL，非必=全2000）] | parties=['Continuous-safe'] | N_TOTAL=2000 test_frac=0.3 | steps=2500000 seeds=[4] n_seg=5 n_envs=8 | ent_coef=0.01(恒定·关退火) clip_reward=10(默认) norm_reward=True(默认) ===
  …下载 200/1300（失败 0）
  …下载 400/1300（失败 0）
  …下载 600/1300（失败 0）
  …下载 800/1300（失败 0）
  …下载 1000/1300（失败 0）
  …下载 1200/1300（失败 0）
均衡数据集模式（manifest）：训练 1300（head-on/crossing 1300 + overtaking 0）+ 测试 100（head-on/crossing 100 + overtaking 0）← /root/trb/balanced_pool/manifest_official_1300.json
实际可用：训练 1300/1300 / 测试 100/100
📋 静态元数据 → run_metadata_wsBIGppo_s4.json（论文参数全记齐）

>>> Continuous-safe (env=continuous, colregs_weight=0.0) seed=4 训练中…
✅ 热启动源配置校验通过（sidecar 交集 20 键全等）: /root/trb/ws_src/Continuous-safe_s1_L1rateON_ppo_s1
/root/miniconda3/lib/python3.10/site-packages/cvxpy/problems/problem.py:1539: UserWarning: Solution may be inaccurate. Try another solver, adjusting the solver settings, or solve with verbose=True for more information.
  warnings.warn(
/root/miniconda3/lib/python3.10/site-packages/cvxpy/problems/problem.py:1539: UserWarning: Solution may be inaccurate. Try another solver, adjusting the solver settings, or solve with verbose=True for more information.
  warnings.warn(
/root/miniconda3/lib/python3.10/site-packages/cvxpy/problems/problem.py:1539: UserWarning: Solution may be inaccurate. Try another solver, adjusting the solver settings, or solve with verbose=True for more information.
  warnings.warn(
/root/miniconda3/lib/python3.10/site-packages/cvxpy/problems/problem.py:1539: UserWarning: Solution may be inaccurate. Try another solver, adjusting the solver settings, or solve with verbose=True for more information.
  warnings.warn(
    [Continuous-safe seed4]   500000步 | 到达  84.0% 碰撞  0.0% 违规  1.58 紧急  3.9% 兜底  0.5% Ep   540s
/root/miniconda3/lib/python3.10/site-packages/cvxpy/problems/problem.py:1539: UserWarning: Solution may be inaccurate. Try another solver, adjusting the solver settings, or solve with verbose=True for more information.
  warnings.warn(
/root/miniconda3/lib/python3.10/site-packages/cvxpy/problems/problem.py:1539: UserWarning: Solution may be inaccurate. Try another solver, adjusting the solver settings, or solve with verbose=True for more information.
  warnings.warn(
/root/miniconda3/lib/python3.10/site-packages/cvxpy/problems/problem.py:1539: UserWarning: Solution may be inaccurate. Try another solver, adjusting the solver settings, or solve with verbose=True for more information.
  warnings.warn(
    [Continuous-safe seed4]  1000000步 | 到达  88.0% 碰撞  0.0% 违规  0.90 紧急  3.5% 兜底  0.3% Ep   536s
    [Continuous-safe seed4]  1500000步 | 到达  80.0% 碰撞  0.0% 违规  0.72 紧急  1.5% 兜底  0.2% Ep   534s
    [Continuous-safe seed4]  2000000步 | 到达  68.0% 碰撞  0.0% 违规  0.94 紧急  3.2% 兜底  0.3% Ep   559s
    [Continuous-safe seed4]  2500000步 | 到达  70.0% 碰撞  0.0% 违规  0.67 紧急  1.8% 兜底  0.2% Ep   562s
    [Continuous-safe seed4] ✅ 训练 3538s = 707 fps + 评估 166s（评估占 wall 4%；满量 3M 预计 1.2h/种子）

# step4e Table III [FULL（非SMOKE；场景数看 N_TOTAL，非必=全2000）] | N_TOTAL=2000 70/30 选取=均衡数据集 manifest(manifest_official_1300.json) | 实际 训练 1300 / 测试 100 | steps=2500000 | seeds=[4] | 均值±样本std
# 四方同口径配方：同 env/场景/评估(ViolationCounter)/VecNormalize(obs+reward·clip 见下行配置)/gamma0.99；离散三方=MaskablePPO+ent_coef（配置见下行，03 D22/D25/L21）、Continuous-safe=SAC(ent_coef auto·无退火)+连续投影盾(丢 r_colregs·紧急步%两臂 pre-step rho_acting 同口径·另有「兜底步%」列见 jsonl，C2/L46)
# ent/clip/normR 配置：（旧记录未标 → 未知）
# 本次 run 耗时 3723s（续跑/并行场景非累计）

Party          |         到达率% |         碰撞率% |         违规/局 |         紧急步% |         Ep长s | seeds
------------------------------------------------------------------------------------------------
Base           | （未完成）
Rule-reward    | （未完成）
Discrete-safe  | （未完成）
Continuous-safe |     70.0±0.0 |      0.0±0.0 |    0.67±0.00 |      1.8±0.0 |        562±0 | 1

✅ 完成。Table III → /root/trb/代码/../结果/table3_wsBIGppo_s4.txt（partial → /root/trb/代码/../结果/step4e_partial_wsBIGppo_s4.jsonl）
⭐ 把 结果/table3.txt 发我核对是否过 Phase 1 通过门（对齐 Krasowski）。
