=== step4e [SMOKE（冒烟）] | parties=['Continuous-safe'] | N_TOTAL=2000 test_frac=0.3 | steps=8000 seeds=[0] n_seg=1 n_envs=8 | ent_coef=0.01(恒定·关退火) clip_reward=10(默认) norm_reward=True(默认) ===
  …下载 200/1300（失败 0）
  …下载 400/1300（失败 0）
  …下载 600/1300（失败 0）
  …下载 800/1300（失败 0）
  …下载 1000/1300（失败 0）
  …下载 1200/1300（失败 0）
均衡数据集模式（manifest）：训练 1300（head-on/crossing 1300 + overtaking 0）+ 测试 100（head-on/crossing 100 + overtaking 0）← /root/trb/balanced_pool/manifest_official_1300.json
实际可用：训练 1300/1300 / 测试 100/100
📋 静态元数据 → run_metadata_smkD232bigppo.json（论文参数全记齐）

>>> Continuous-safe (env=continuous, colregs_weight=0.0) seed=0 训练中…
    [Continuous-safe seed0]     8000步 | 到达   3.0% 碰撞  0.0% 违规  0.64 紧急 10.7% 兜底  0.1% Ep  1667s
    [Continuous-safe seed0] ✅ 训练 33s = 244 fps + 评估 95s（评估占 wall 74%；满量 3M 预计 3.4h/种子）

# step4e Table III [SMOKE（冒烟）] | N_TOTAL=2000 70/30 选取=均衡数据集 manifest(manifest_official_1300.json) | 实际 训练 1300 / 测试 100 | steps=8000 | seeds=[0] | 均值±样本std
# 四方同口径配方：同 env/场景/评估(ViolationCounter)/VecNormalize(obs+reward·clip 见下行配置)/gamma0.99；离散三方=MaskablePPO+ent_coef（配置见下行，03 D22/D25/L21）、Continuous-safe=SAC(ent_coef auto·无退火)+连续投影盾(丢 r_colregs·紧急步%两臂 pre-step rho_acting 同口径·另有「兜底步%」列见 jsonl，C2/L46)
# ent/clip/normR 配置：（旧记录未标 → 未知）
# 本次 run 耗时 161s（续跑/并行场景非累计）

Party          |         到达率% |         碰撞率% |         违规/局 |         紧急步% |         Ep长s | seeds
------------------------------------------------------------------------------------------------
Base           | （未完成）
Rule-reward    | （未完成）
Discrete-safe  | （未完成）
Continuous-safe |      3.0±0.0 |      0.0±0.0 |    0.64±0.00 |     10.7±0.0 |       1667±0 | 1

✅ 完成。Table III → /root/trb/代码/../结果/table3_smkD232bigppo.txt（partial → /root/trb/代码/../结果/step4e_partial_smkD232bigppo.jsonl）
⭐ 把 结果/table3.txt 发我核对是否过 Phase 1 通过门（对齐 Krasowski）。
