=== step4e [FULL（非SMOKE；场景数看 N_TOTAL，非必=全2000）] | parties=['Continuous-safe'] | N_TOTAL=2000 test_frac=0.3 | steps=5000000 seeds=[3] n_seg=10 n_envs=8 | ent_coef=0.01(恒定·关退火) clip_reward=10(默认) norm_reward=True(默认) ===
  …下载 200/1300（失败 0）
  …下载 400/1300（失败 0）
  …下载 600/1300（失败 0）
  …下载 800/1300（失败 0）
  …下载 1000/1300（失败 0）
  …下载 1200/1300（失败 0）
均衡数据集模式（manifest）：训练 1300（head-on/crossing 1300 + overtaking 0）+ 测试 100（head-on/crossing 100 + overtaking 0）← /root/trb/balanced_pool/manifest_official_1300.json
实际可用：训练 1300/1300 / 测试 100/100
📋 静态元数据 → run_metadata_D232bigCppoS3.json（论文参数全记齐）

>>> Continuous-safe (env=continuous, colregs_weight=0.0) seed=3 训练中…
/root/miniconda3/lib/python3.10/site-packages/cvxpy/problems/problem.py:1539: UserWarning: Solution may be inaccurate. Try another solver, adjusting the solver settings, or solve with verbose=True for more information.
  warnings.warn(
    [Continuous-safe seed3]   500000步 | 到达   3.0% 碰撞  1.0% 违规  0.97 紧急 10.6% 兜底  0.2% Ep  1659s
    [Continuous-safe seed3]  1000000步 | 到达   4.0% 碰撞  1.0% 违规  1.59 紧急 18.1% 兜底  0.2% Ep  1682s
    [Continuous-safe seed3]  1500000步 | 到达   2.0% 碰撞  0.0% 违规  2.26 紧急 12.5% 兜底  0.2% Ep  1695s
    [Continuous-safe seed3]  2000000步 | 到达   0.0% 碰撞  1.0% 违规  3.33 紧急 16.2% 兜底  0.1% Ep  1688s
    [Continuous-safe seed3]  2500000步 | 到达   0.0% 碰撞  0.0% 违规  3.02 紧急 17.4% 兜底  0.1% Ep  1696s
/root/miniconda3/lib/python3.10/site-packages/cvxpy/problems/problem.py:1539: UserWarning: Solution may be inaccurate. Try another solver, adjusting the solver settings, or solve with verbose=True for more information.
  warnings.warn(
/root/miniconda3/lib/python3.10/site-packages/cvxpy/problems/problem.py:1539: UserWarning: Solution may be inaccurate. Try another solver, adjusting the solver settings, or solve with verbose=True for more information.
  warnings.warn(
    [Continuous-safe seed3]  3000000步 | 到达   3.0% 碰撞  0.0% 违规  2.75 紧急 14.1% 兜底  0.1% Ep  1592s
/root/miniconda3/lib/python3.10/site-packages/cvxpy/problems/problem.py:1539: UserWarning: Solution may be inaccurate. Try another solver, adjusting the solver settings, or solve with verbose=True for more information.
  warnings.warn(
/root/miniconda3/lib/python3.10/site-packages/cvxpy/problems/problem.py:1539: UserWarning: Solution may be inaccurate. Try another solver, adjusting the solver settings, or solve with verbose=True for more information.
  warnings.warn(
    [Continuous-safe seed3]  3500000步 | 到达  13.0% 碰撞  1.0% 违规  2.74 紧急 11.1% 兜底  0.1% Ep  1182s
    [Continuous-safe seed3]  4000000步 | 到达   2.0% 碰撞  0.0% 违规  1.89 紧急  7.5% 兜底  0.0% Ep   994s
    [Continuous-safe seed3]  4500000步 | 到达   6.0% 碰撞  0.0% 违规  0.92 紧急  4.5% 兜底  0.1% Ep   872s
    [Continuous-safe seed3]  5000000步 | 到达  17.0% 碰撞  0.0% 违规  1.00 紧急  2.8% 兜底  0.2% Ep   795s
    [Continuous-safe seed3] ✅ 训练 12481s = 401 fps + 评估 1224s（评估占 wall 9%；满量 3M 预计 2.1h/种子）

# step4e Table III [FULL（非SMOKE；场景数看 N_TOTAL，非必=全2000）] | N_TOTAL=2000 70/30 选取=均衡数据集 manifest(manifest_official_1300.json) | 实际 训练 1300 / 测试 100 | steps=5000000 | seeds=[3] | 均值±样本std
# 四方同口径配方：同 env/场景/评估(ViolationCounter)/VecNormalize(obs+reward·clip 见下行配置)/gamma0.99；离散三方=MaskablePPO+ent_coef（配置见下行，03 D22/D25/L21）、Continuous-safe=SAC(ent_coef auto·无退火)+连续投影盾(丢 r_colregs·紧急步%两臂 pre-step rho_acting 同口径·另有「兜底步%」列见 jsonl，C2/L46)
# ent/clip/normR 配置：（旧记录未标 → 未知）
# 本次 run 耗时 13743s（续跑/并行场景非累计）

Party          |         到达率% |         碰撞率% |         违规/局 |         紧急步% |         Ep长s | seeds
------------------------------------------------------------------------------------------------
Base           | （未完成）
Rule-reward    | （未完成）
Discrete-safe  | （未完成）
Continuous-safe |     17.0±0.0 |      0.0±0.0 |    1.00±0.00 |      2.8±0.0 |        795±0 | 1

✅ 完成。Table III → /root/trb/代码/../结果/table3_D232bigCppoS3.txt（partial → /root/trb/代码/../结果/step4e_partial_D232bigCppoS3.jsonl）
⭐ 把 结果/table3.txt 发我核对是否过 Phase 1 通过门（对齐 Krasowski）。
