===== [闸门 0] 路径 + 代码已同步（含 L231 新开关）=====
  ✅ 路径对 · 新模块在 · 两个开关都在 · 前瞻一致性补丁在
===== [闸门 0.3] 清单自洽（六项必须全 ✅）=====
【校验】/root/trb/balanced_pool/manifest_official_1300.json
  [✅] 训练 + 验证 = 官方训练 1400（无遗漏无重复） 训练 1300 + 验证 100 = 1400
  [✅] 验证集大小 ≈ 请求的 100 实得 100
  [✅] 训练集 ∩ 官方测试 600 = 0（本清单自己不贡献任何泄漏） 交集 0
  [✅] 验证集 ∩ 官方测试 600 = 0（训练期评估不碰报数集） 交集 0
  [✅] 追越为空（官方库无追越·`03` L111） 
  [✅] 两类都非空（验证集没被某一类抽空） 对遇验证 36 · 交叉验证 64
===== [闸门 0.6] 存档不撞名（防覆盖已有 56 条臂）=====
  ✅ 3 个目标存档名均不与既有臂冲突
===== [闸门 1] 预下载场景（官方 1400 全量·缓存则秒过）=====
  …下载 200/1300（失败 0）
  …下载 400/1300（失败 0）
  …下载 600/1300（失败 0）
  …下载 800/1300（失败 0）
  …下载 1000/1300（失败 0）
  …下载 1200/1300（失败 0）
✅ 预下载完成（均衡模式）：训练 1300 + 测试 100（head-on/crossing 1300 + overtaking 0 | head-on/crossing 100 + overtaking 0）→ /root/trb/scenarios + OT 池
===== [闸门 2] 冒烟 1 次（~2-3min）·验【两个开关 + 大集清单】三样都真落地 =====
  ✅ 冒烟全过：beta + symmetric + 治抖ON + 训练集=官方1300
===== [闸门 3] 起 3 个 run（从零 5M · 并发≤3）=====
  [完] _D232bigCppoS3
  [完] _D232bigCppoS1
  [完] _D232bigCppoS4
===== 全部结束 =====
3

🔴 评估纪律：这条臂自己【不贡献泄漏】，单独评会得 strict 600、既有 56 臂是 563 ⟹ 600≠563，
   单独评了把数字塞进主表就是错的。必须把它加进 代码/tests/run_reeval_all.sh 的 ARMS 数组，
   与既有 56 条臂【同一趟】评（同趟取泄漏并集 ⟹ 仍是 563 ⟹ 同分母可比）。
