========================================================================================================
[reeval_official r13-2026-07-27] 发现 8 个 checkpoint：
  Base_s0_F240basePpoS0@s05                            臂=Base             kind=unshielded  seed=0 步=3047424 数据集=manifest_official_1300.json 末段到达=97.0
  Continuous-safe_s0_F240ab0PpoS0@s16                  臂=Continuous-safe  kind=continuous  seed=0 步=8634368 数据集=manifest_official_1300.json 末段到达=87.0
  Continuous-safe_s1_F240oursPpoS1@s14                 臂=Continuous-safe  kind=continuous  seed=1 步=7618560 数据集=manifest_official_1300.json 末段到达=81.0
  Continuous-safe_s3_F240abBPpoS3@s15                  臂=Continuous-safe  kind=continuous  seed=3 步=8126464 数据集=manifest_official_1300.json 末段到达=90.0
  Continuous-safe_s4_F240ushPpoS4@s17                  臂=Continuous-safe  kind=continuous  seed=4 步=9142272 数据集=manifest_official_1300.json 末段到达=90.0
  Continuous-safe_s8_F240abGPpoS8@s17                  臂=Continuous-safe  kind=continuous  seed=8 步=9142272 数据集=manifest_official_1300.json 末段到达=86.0
  Discrete-safe_s0_F240discPpoS0@s12                   臂=Discrete-safe    kind=shielded    seed=0 步=6602752 数据集=manifest_official_1300.json 末段到达=97.0
  Rule-reward_s0_F240rrPpoS0@s01                       臂=Rule-reward      kind=unshielded  seed=0 步=1015808 数据集=manifest_official_1300.json 末段到达=98.0
========================================================================================================
[env] 连续臂 eval env：shield=True cone=None v_floor=2.0 augment_rho=False 去朝向门=False
  [数据集] Base_s0_F240basePpoS0@s05 ← manifest_official_1300.json：训练 1300 / 验证 100
  [数据集] Continuous-safe_s0_F240ab0PpoS0@s16 ← manifest_official_1300.json：训练 1300 / 验证 100
  [数据集] Continuous-safe_s1_F240oursPpoS1@s14 ← manifest_official_1300.json：训练 1300 / 验证 100
  [数据集] Continuous-safe_s3_F240abBPpoS3@s15 ← manifest_official_1300.json：训练 1300 / 验证 100
  [数据集] Continuous-safe_s4_F240ushPpoS4@s17 ← manifest_official_1300.json：训练 1300 / 验证 100
  [数据集] Continuous-safe_s8_F240abGPpoS8@s17 ← manifest_official_1300.json：训练 1300 / 验证 100
  [数据集] Discrete-safe_s0_F240discPpoS0@s12 ← manifest_official_1300.json：训练 1300 / 验证 100
  [数据集] Rule-reward_s0_F240rrPpoS0@s01 ← manifest_official_1300.json：训练 1300 / 验证 100
  …下载 200/600（失败 0）
  …下载 400/600（失败 0）
  …下载 600/600（失败 0）

[池] 官方 1400/600 划分的测试 600（官方 2000 无追越）：N=600（请求 600）·二项 SE@p=0.8 ≈ 1.63pt
[口径] 全部 600 − 训练泄漏 0 = **clean 600** ； 再 − 验证泄漏 0 = **strict 600**
[分型] {'crossing': 395, 'head-on': 205}
[轨迹] 记 ['1', '100', '1006', '1016', '1142', '1181', '1326', '1382', '1546', '1602', '1764', '1802', '190', '217', '371', '410', '5', '540', '608', '714', '852', '920', '992'] 这几个场景的逐步轨迹（`04 §1.5` 第⑥条·离散臂与连续臂同格式可叠图）

────────────────────────────────────────────────────────────────────────────────────────────────────────
▶ Base_s0_F240basePpoS0@s05  臂=Base kind=unshielded seed=0 步=3047424
  …下载 200/1300（失败 0）
  …下载 400/1300（失败 0）
  …下载 600/1300（失败 0）
  …下载 800/1300（失败 0）
  …下载 1000/1300（失败 0）
  …下载 1200/1300（失败 0）
  [锚点] 自记测试集 N=100：记录 97.00% vs 重评 97.00%（差 0.00pt）✅ 逐位复现
  全部                         n= 600  到达 98.33%±0.52  碰撞 1.50%  违规/局  2.77  紧急步   0.0%
  clean（没训练过）                n= 600  到达 98.33%±0.52  碰撞 1.50%  违规/局  2.77  紧急步   0.0%
  strict（真一眼没见过）             n= 600  到达 98.33%±0.52  碰撞 1.50%  违规/局  2.77  紧急步   0.0%
      平滑: jerk 0.959 转艏Δ 0.0146 油门Δ 0.0162 路径 4021m ｜ 次网格细调率: 转艏 0.000 油门 0.000 ｜ 转艏|Δω|: 让路步 — 其他步 0.0146
    · crossing（strict）       n= 395  到达 99.75%±0.25  碰撞 0.25%  违规/局  1.59  紧急步   0.0%
    · head-on（strict）        n= 205  到达 95.61%±1.43  碰撞 3.90%  违规/局  5.05  紧急步   0.0%

────────────────────────────────────────────────────────────────────────────────────────────────────────
▶ Continuous-safe_s0_F240ab0PpoS0@s16  臂=Continuous-safe kind=continuous seed=0 步=8634368
  …下载 200/1300（失败 0）
  …下载 400/1300（失败 0）
  …下载 600/1300（失败 0）
  …下载 800/1300（失败 0）
  …下载 1000/1300（失败 0）
  …下载 1200/1300（失败 0）
  [锚点] 自记测试集 N=100：记录 87.00% vs 重评 87.00%（差 0.00pt）✅ 逐位复现
/root/miniconda3/lib/python3.10/site-packages/cvxpy/problems/problem.py:1539: UserWarning: Solution may be inaccurate. Try another solver, adjusting the solver settings, or solve with verbose=True for more information.
  warnings.warn(
  全部                         n= 600  到达 82.33%±1.56  碰撞 0.00%  违规/局  1.13  紧急步   3.1%  位置进框(宽松) 84.7%
  clean（没训练过）                n= 600  到达 82.33%±1.56  碰撞 0.00%  违规/局  1.13  紧急步   3.1%  位置进框(宽松) 84.7%
  strict（真一眼没见过）             n= 600  到达 82.33%±1.56  碰撞 0.00%  违规/局  1.13  紧急步   3.1%  位置进框(宽松) 84.7%
      平滑: jerk 0.863 转艏Δ 0.0148 油门Δ 0.0026 路径 4250m ｜ 次网格细调率: 转艏 0.005 油门 0.002 ｜ 转艏|Δω|: 让路步 0.0023 其他步 0.0149
    · crossing（strict）       n= 395  到达 85.06%±1.79  碰撞 0.00%  违规/局  0.79  紧急步   2.8%  位置进框(宽松) 87.1%
    · head-on（strict）        n= 205  到达 77.07%±2.94  碰撞 0.00%  违规/局  1.77  紧急步   3.7%  位置进框(宽松) 80.0%

────────────────────────────────────────────────────────────────────────────────────────────────────────
▶ Continuous-safe_s1_F240oursPpoS1@s14  臂=Continuous-safe kind=continuous seed=1 步=7618560
  …下载 200/1300（失败 0）
  …下载 400/1300（失败 0）
  …下载 600/1300（失败 0）
  …下载 800/1300（失败 0）
  …下载 1000/1300（失败 0）
  …下载 1200/1300（失败 0）
  [锚点] 自记测试集 N=100：记录 81.00% vs 重评 81.00%（差 0.00pt）✅ 逐位复现
  全部                         n= 600  到达 81.67%±1.58  碰撞 0.00%  违规/局  0.56  紧急步   2.8%  位置进框(宽松) 89.8%
  clean（没训练过）                n= 600  到达 81.67%±1.58  碰撞 0.00%  违规/局  0.56  紧急步   2.8%  位置进框(宽松) 89.8%
  strict（真一眼没见过）             n= 600  到达 81.67%±1.58  碰撞 0.00%  违规/局  0.56  紧急步   2.8%  位置进框(宽松) 89.8%
      平滑: jerk 0.365 转艏Δ 0.0049 油门Δ 0.0082 路径 4394m ｜ 次网格细调率: 转艏 0.735 油门 0.837 ｜ 转艏|Δω|: 让路步 0.0031 其他步 0.0049
    · crossing（strict）       n= 395  到达 79.49%±2.03  碰撞 0.00%  违规/局  0.39  紧急步   3.9%  位置进框(宽松) 89.1%
    · head-on（strict）        n= 205  到达 85.85%±2.43  碰撞 0.00%  违规/局  0.87  紧急步   0.7%  位置进框(宽松) 91.2%

────────────────────────────────────────────────────────────────────────────────────────────────────────
▶ Continuous-safe_s3_F240abBPpoS3@s15  臂=Continuous-safe kind=continuous seed=3 步=8126464
  …下载 200/1300（失败 0）
  …下载 400/1300（失败 0）
  …下载 600/1300（失败 0）
  …下载 800/1300（失败 0）
  …下载 1000/1300（失败 0）
  …下载 1200/1300（失败 0）
  [锚点] 自记测试集 N=100：记录 90.00% vs 重评 90.00%（差 0.00pt）✅ 逐位复现
/root/miniconda3/lib/python3.10/site-packages/cvxpy/problems/problem.py:1539: UserWarning: Solution may be inaccurate. Try another solver, adjusting the solver settings, or solve with verbose=True for more information.
  warnings.warn(
  全部                         n= 600  到达 91.50%±1.14  碰撞 0.17%  违规/局  0.62  紧急步   2.2%  位置进框(宽松) 92.8%
  clean（没训练过）                n= 600  到达 91.50%±1.14  碰撞 0.17%  违规/局  0.62  紧急步   2.2%  位置进框(宽松) 92.8%
  strict（真一眼没见过）             n= 600  到达 91.50%±1.14  碰撞 0.17%  违规/局  0.62  紧急步   2.2%  位置进框(宽松) 92.8%
      平滑: jerk 0.451 转艏Δ 0.0064 油门Δ 0.0093 路径 4241m ｜ 次网格细调率: 转艏 0.634 油门 0.786 ｜ 转艏|Δω|: 让路步 0.0024 其他步 0.0064
    · crossing（strict）       n= 395  到达 93.67%±1.23  碰撞 0.00%  违规/局  0.43  紧急步   2.0%  位置进框(宽松) 95.7%
    · head-on（strict）        n= 205  到达 87.32%±2.32  碰撞 0.49%  违规/局  1.00  紧急步   2.5%  位置进框(宽松) 87.3%

────────────────────────────────────────────────────────────────────────────────────────────────────────
▶ Continuous-safe_s4_F240ushPpoS4@s17  臂=Continuous-safe kind=continuous seed=4 步=9142272
  …下载 200/1300（失败 0）
  …下载 400/1300（失败 0）
  …下载 600/1300（失败 0）
  …下载 800/1300（失败 0）
  …下载 1000/1300（失败 0）
  …下载 1200/1300（失败 0）
  [锚点] 自记测试集 N=100：记录 90.00% vs 重评 90.00%（差 0.00pt）✅ 逐位复现
/root/miniconda3/lib/python3.10/site-packages/cvxpy/problems/problem.py:1539: UserWarning: Solution may be inaccurate. Try another solver, adjusting the solver settings, or solve with verbose=True for more information.
  warnings.warn(
  全部                         n= 600  到达 89.83%±1.23  碰撞 0.17%  违规/局  1.17  紧急步   2.7%  位置进框(宽松) 91.7%
  clean（没训练过）                n= 600  到达 89.83%±1.23  碰撞 0.17%  违规/局  1.17  紧急步   2.7%  位置进框(宽松) 91.7%
  strict（真一眼没见过）             n= 600  到达 89.83%±1.23  碰撞 0.17%  违规/局  1.17  紧急步   2.7%  位置进框(宽松) 91.7%
      平滑: jerk 1.554 转艏Δ 0.0263 油门Δ 0.0076 路径 4250m ｜ 次网格细调率: 转艏 0.002 油门 0.003 ｜ 转艏|Δω|: 让路步 0.0024 其他步 0.0263
    · crossing（strict）       n= 395  到达 91.65%±1.39  碰撞 0.00%  违规/局  0.74  紧急步   2.3%  位置进框(宽松) 92.9%
    · head-on（strict）        n= 205  到达 86.34%±2.40  碰撞 0.49%  违规/局  1.99  紧急步   3.6%  位置进框(宽松) 89.3%

────────────────────────────────────────────────────────────────────────────────────────────────────────
▶ Continuous-safe_s8_F240abGPpoS8@s17  臂=Continuous-safe kind=continuous seed=8 步=9142272
  …下载 200/1300（失败 0）
  …下载 400/1300（失败 0）
  …下载 600/1300（失败 0）
  …下载 800/1300（失败 0）
  …下载 1000/1300（失败 0）
  …下载 1200/1300（失败 0）
  [锚点] 自记测试集 N=100：记录 86.00% vs 重评 86.00%（差 0.00pt）✅ 逐位复现
  全部                         n= 600  到达 79.00%±1.66  碰撞 0.17%  违规/局  0.90  紧急步   2.2%  位置进框(宽松) 80.8%
  clean（没训练过）                n= 600  到达 79.00%±1.66  碰撞 0.17%  违规/局  0.90  紧急步   2.2%  位置进框(宽松) 80.8%
  strict（真一眼没见过）             n= 600  到达 79.00%±1.66  碰撞 0.17%  违规/局  0.90  紧急步   2.2%  位置进框(宽松) 80.8%
      平滑: jerk 1.136 转艏Δ 0.0194 油门Δ 0.0038 路径 4303m ｜ 次网格细调率: 转艏 0.004 油门 0.003 ｜ 转艏|Δω|: 让路步 0.0049 其他步 0.0196
    · crossing（strict）       n= 395  到达 82.28%±1.92  碰撞 0.25%  违规/局  0.63  紧急步   2.1%  位置进框(宽松) 83.5%
    · head-on（strict）        n= 205  到达 72.68%±3.11  碰撞 0.00%  违规/局  1.43  紧急步   2.5%  位置进框(宽松) 75.6%

────────────────────────────────────────────────────────────────────────────────────────────────────────
▶ Discrete-safe_s0_F240discPpoS0@s12  臂=Discrete-safe kind=shielded seed=0 步=6602752
  …下载 200/1300（失败 0）
  …下载 400/1300（失败 0）
  …下载 600/1300（失败 0）
  …下载 800/1300（失败 0）
  …下载 1000/1300（失败 0）
  …下载 1200/1300（失败 0）
  [锚点] 自记测试集 N=100：记录 97.00% vs 重评 97.00%（差 0.00pt）✅ 逐位复现
  全部                         n= 600  到达 95.17%±0.88  碰撞 0.00%  违规/局  1.08  紧急步   4.5%
  clean（没训练过）                n= 600  到达 95.17%±0.88  碰撞 0.00%  违规/局  1.08  紧急步   4.5%
  strict（真一眼没见过）             n= 600  到达 95.17%±0.88  碰撞 0.00%  违规/局  1.08  紧急步   4.5%
      平滑: jerk 0.813 转艏Δ 0.0111 油门Δ 0.0179 路径 4205m ｜ 次网格细调率: 转艏 0.000 油门 0.000 ｜ 转艏|Δω|: 让路步 0.0056 其他步 0.0111
    · crossing（strict）       n= 395  到达 95.44%±1.05  碰撞 0.00%  违规/局  0.81  紧急步   4.1%
    · head-on（strict）        n= 205  到达 94.63%±1.57  碰撞 0.00%  违规/局  1.60  紧急步   5.2%

────────────────────────────────────────────────────────────────────────────────────────────────────────
▶ Rule-reward_s0_F240rrPpoS0@s01  臂=Rule-reward kind=unshielded seed=0 步=1015808
  …下载 200/1300（失败 0）
  …下载 400/1300（失败 0）
  …下载 600/1300（失败 0）
  …下载 800/1300（失败 0）
  …下载 1000/1300（失败 0）
  …下载 1200/1300（失败 0）
  [锚点] 自记测试集 N=100：记录 98.00% vs 重评 98.00%（差 0.00pt）✅ 逐位复现
  全部                         n= 600  到达 97.00%±0.70  碰撞 0.83%  违规/局  2.87  紧急步   0.0%
  clean（没训练过）                n= 600  到达 97.00%±0.70  碰撞 0.83%  违规/局  2.87  紧急步   0.0%
  strict（真一眼没见过）             n= 600  到达 97.00%±0.70  碰撞 0.83%  违规/局  2.87  紧急步   0.0%
      平滑: jerk 0.942 转艏Δ 0.0137 油门Δ 0.0193 路径 3972m ｜ 次网格细调率: 转艏 0.000 油门 0.000 ｜ 转艏|Δω|: 让路步 — 其他步 0.0137
    · crossing（strict）       n= 395  到达 98.23%±0.66  碰撞 0.00%  违规/局  1.62  紧急步   0.0%
    · head-on（strict）        n= 205  到达 94.63%±1.57  碰撞 2.44%  违规/局  5.29  紧急步   0.0%

────────────────────────────────────────────────────────────────────────────────────────────────────────
■ 锚点汇总（8 个 ckpt）：平均有符号差 +0.00pt · 最大绝对差 0.00pt · 8 个逐位复现 / 0 偏高 / 0 偏低
  判读：平均差 ≈ 0 且正负混杂 ⟹ 只是浮点重放噪声，**eval 配置正确**；若平均差明显偏离 0 且方向一致 ⟹ 配置很可能真的错了，别信本次数字。

[reeval_official] 完成 → /root/trb/结果/正式-最佳/g0.json
[轨迹] 8 个 checkpoint × 23 个场景 → /root/trb/结果/正式-最佳/g0_traj.json
