========================================================================================================
[reeval_official r13-2026-07-27] 发现 8 个 checkpoint：
  Base_s1_F240basePpoS1@s08                            臂=Base             kind=unshielded  seed=1 步=4571136 数据集=manifest_official_1300.json 末段到达=100.0
  Continuous-safe_s0_F240abBPpoS0@s17                  臂=Continuous-safe  kind=continuous  seed=0 步=9142272 数据集=manifest_official_1300.json 末段到达=90.0
  Continuous-safe_s1_F240ushPpoS1@s03                  臂=Continuous-safe  kind=continuous  seed=1 步=2031616 数据集=manifest_official_1300.json 末段到达=9.0
  Continuous-safe_s3_F240abGPpoS3@s17                  臂=Continuous-safe  kind=continuous  seed=3 步=9142272 数据集=manifest_official_1300.json 末段到达=73.0
  Continuous-safe_s5_F240ab0PpoS5@s17                  臂=Continuous-safe  kind=continuous  seed=5 步=9142272 数据集=manifest_official_1300.json 末段到达=92.0
  Continuous-safe_s8_F240oursPpoS8@s18                 臂=Continuous-safe  kind=continuous  seed=8 步=9650176 数据集=manifest_official_1300.json 末段到达=91.0
  Discrete-safe_s1_F240discPpoS1@s17                   臂=Discrete-safe    kind=shielded    seed=1 步=9142272 数据集=manifest_official_1300.json 末段到达=91.0
  Rule-reward_s1_F240rrPpoS1@s03                       臂=Rule-reward      kind=unshielded  seed=1 步=2031616 数据集=manifest_official_1300.json 末段到达=1.0
========================================================================================================
[env] 连续臂 eval env：shield=True cone=None v_floor=2.0 augment_rho=False 去朝向门=False
  [数据集] Base_s1_F240basePpoS1@s08 ← manifest_official_1300.json：训练 1300 / 验证 100
  [数据集] Continuous-safe_s0_F240abBPpoS0@s17 ← manifest_official_1300.json：训练 1300 / 验证 100
  [数据集] Continuous-safe_s1_F240ushPpoS1@s03 ← manifest_official_1300.json：训练 1300 / 验证 100
  [数据集] Continuous-safe_s3_F240abGPpoS3@s17 ← manifest_official_1300.json：训练 1300 / 验证 100
  [数据集] Continuous-safe_s5_F240ab0PpoS5@s17 ← manifest_official_1300.json：训练 1300 / 验证 100
  [数据集] Continuous-safe_s8_F240oursPpoS8@s18 ← manifest_official_1300.json：训练 1300 / 验证 100
  [数据集] Discrete-safe_s1_F240discPpoS1@s17 ← manifest_official_1300.json：训练 1300 / 验证 100
  [数据集] Rule-reward_s1_F240rrPpoS1@s03 ← manifest_official_1300.json：训练 1300 / 验证 100
  …下载 200/600（失败 0）
  …下载 400/600（失败 0）
  …下载 600/600（失败 0）

[池] 官方 1400/600 划分的测试 600（官方 2000 无追越）：N=600（请求 600）·二项 SE@p=0.8 ≈ 1.63pt
[口径] 全部 600 − 训练泄漏 0 = **clean 600** ； 再 − 验证泄漏 0 = **strict 600**
[分型] {'crossing': 395, 'head-on': 205}
[轨迹] 记 ['1', '100', '1006', '1016', '1142', '1181', '1326', '1382', '1546', '1602', '1764', '1802', '190', '217', '371', '410', '5', '540', '608', '714', '852', '920', '992'] 这几个场景的逐步轨迹（`04 §1.5` 第⑥条·离散臂与连续臂同格式可叠图）

────────────────────────────────────────────────────────────────────────────────────────────────────────
▶ Base_s1_F240basePpoS1@s08  臂=Base kind=unshielded seed=1 步=4571136
  …下载 200/1300（失败 0）
  …下载 400/1300（失败 0）
  …下载 600/1300（失败 0）
  …下载 800/1300（失败 0）
  …下载 1000/1300（失败 0）
  …下载 1200/1300（失败 0）
  [锚点] 自记测试集 N=100：记录 100.00% vs 重评 100.00%（差 0.00pt）✅ 逐位复现
  全部                         n= 600  到达 97.33%±0.66  碰撞 2.67%  违规/局  3.02  紧急步   0.0%
  clean（没训练过）                n= 600  到达 97.33%±0.66  碰撞 2.67%  违规/局  3.02  紧急步   0.0%
  strict（真一眼没见过）             n= 600  到达 97.33%±0.66  碰撞 2.67%  违规/局  3.02  紧急步   0.0%
      平滑: jerk 0.973 转艏Δ 0.0145 油门Δ 0.0174 路径 4026m ｜ 次网格细调率: 转艏 0.000 油门 0.000 ｜ 转艏|Δω|: 让路步 — 其他步 0.0145
    · crossing（strict）       n= 395  到达 98.99%±0.50  碰撞 1.01%  违规/局  2.09  紧急步   0.0%
    · head-on（strict）        n= 205  到达 94.15%±1.64  碰撞 5.85%  违规/局  4.82  紧急步   0.0%

────────────────────────────────────────────────────────────────────────────────────────────────────────
▶ Continuous-safe_s0_F240abBPpoS0@s17  臂=Continuous-safe kind=continuous seed=0 步=9142272
  …下载 200/1300（失败 0）
  …下载 400/1300（失败 0）
  …下载 600/1300（失败 0）
  …下载 800/1300（失败 0）
  …下载 1000/1300（失败 0）
  …下载 1200/1300（失败 0）
  [锚点] 自记测试集 N=100：记录 90.00% vs 重评 90.00%（差 0.00pt）✅ 逐位复现
/root/miniconda3/lib/python3.10/site-packages/cvxpy/problems/problem.py:1539: UserWarning: Solution may be inaccurate. Try another solver, adjusting the solver settings, or solve with verbose=True for more information.
  warnings.warn(
  全部                         n= 600  到达 87.67%±1.34  碰撞 0.17%  违规/局  0.56  紧急步   1.7%  位置进框(宽松) 90.2%
  clean（没训练过）                n= 600  到达 87.67%±1.34  碰撞 0.17%  违规/局  0.56  紧急步   1.7%  位置进框(宽松) 90.2%
  strict（真一眼没见过）             n= 600  到达 87.67%±1.34  碰撞 0.17%  违规/局  0.56  紧急步   1.7%  位置进框(宽松) 90.2%
      平滑: jerk 0.358 转艏Δ 0.0050 油门Δ 0.0068 路径 4259m ｜ 次网格细调率: 转艏 0.696 油门 0.750 ｜ 转艏|Δω|: 让路步 0.0020 其他步 0.0050
    · crossing（strict）       n= 395  到达 89.62%±1.53  碰撞 0.00%  违规/局  0.31  紧急步   1.7%  位置进框(宽松) 91.9%
    · head-on（strict）        n= 205  到达 83.90%±2.57  碰撞 0.49%  违规/局  1.06  紧急步   1.7%  位置进框(宽松) 86.8%

────────────────────────────────────────────────────────────────────────────────────────────────────────
▶ Continuous-safe_s1_F240ushPpoS1@s03  臂=Continuous-safe kind=continuous seed=1 步=2031616
  …下载 200/1300（失败 0）
  …下载 400/1300（失败 0）
  …下载 600/1300（失败 0）
  …下载 800/1300（失败 0）
  …下载 1000/1300（失败 0）
  …下载 1200/1300（失败 0）
  [锚点] 自记测试集 N=100：记录 9.00% vs 重评 9.00%（差 0.00pt）✅ 逐位复现
  全部                         n= 600  到达 10.33%±1.24  碰撞 0.50%  违规/局  0.41  紧急步   2.6%  位置进框(宽松) 90.7%
  clean（没训练过）                n= 600  到达 10.33%±1.24  碰撞 0.50%  违规/局  0.41  紧急步   2.6%  位置进框(宽松) 90.7%
  strict（真一眼没见过）             n= 600  到达 10.33%±1.24  碰撞 0.50%  违规/局  0.41  紧急步   2.6%  位置进框(宽松) 90.7%
      平滑: jerk 0.269 转艏Δ 0.0038 油门Δ 0.0059 路径 4725m ｜ 次网格细调率: 转艏 0.767 油门 0.802 ｜ 转艏|Δω|: 让路步 — 其他步 0.0038
    · crossing（strict）       n= 395  到达 14.18%±1.76  碰撞 0.51%  违规/局  0.31  紧急步   3.6%  位置进框(宽松) 86.1%
    · head-on（strict）        n= 205  到达  2.93%±1.18  碰撞 0.49%  违规/局  0.61  紧急步   0.6%  位置进框(宽松) 99.5%

────────────────────────────────────────────────────────────────────────────────────────────────────────
▶ Continuous-safe_s3_F240abGPpoS3@s17  臂=Continuous-safe kind=continuous seed=3 步=9142272
  …下载 200/1300（失败 0）
  …下载 400/1300（失败 0）
  …下载 600/1300（失败 0）
  …下载 800/1300（失败 0）
  …下载 1000/1300（失败 0）
  …下载 1200/1300（失败 0）
  [锚点] 自记测试集 N=100：记录 73.00% vs 重评 73.00%（差 0.00pt）✅ 逐位复现
  全部                         n= 600  到达 72.00%±1.83  碰撞 0.00%  违规/局  0.77  紧急步   2.2%  位置进框(宽松) 78.7%
  clean（没训练过）                n= 600  到达 72.00%±1.83  碰撞 0.00%  违规/局  0.77  紧急步   2.2%  位置进框(宽松) 78.7%
  strict（真一眼没见过）             n= 600  到达 72.00%±1.83  碰撞 0.00%  违规/局  0.77  紧急步   2.2%  位置进框(宽松) 78.7%
      平滑: jerk 1.252 转艏Δ 0.0212 油门Δ 0.0052 路径 4219m ｜ 次网格细调率: 转艏 0.002 油门 0.002 ｜ 转艏|Δω|: 让路步 0.0047 其他步 0.0213
    · crossing（strict）       n= 395  到达 75.95%±2.15  碰撞 0.00%  违规/局  0.58  紧急步   2.7%  位置进框(宽松) 83.5%
    · head-on（strict）        n= 205  到达 64.39%±3.34  碰撞 0.00%  违规/局  1.15  紧急步   1.4%  位置进框(宽松) 69.3%

────────────────────────────────────────────────────────────────────────────────────────────────────────
▶ Continuous-safe_s5_F240ab0PpoS5@s17  臂=Continuous-safe kind=continuous seed=5 步=9142272
  …下载 200/1300（失败 0）
  …下载 400/1300（失败 0）
  …下载 600/1300（失败 0）
  …下载 800/1300（失败 0）
  …下载 1000/1300（失败 0）
  …下载 1200/1300（失败 0）
  [锚点] 自记测试集 N=100：记录 92.00% vs 重评 92.00%（差 0.00pt）✅ 逐位复现
/root/miniconda3/lib/python3.10/site-packages/cvxpy/problems/problem.py:1539: UserWarning: Solution may be inaccurate. Try another solver, adjusting the solver settings, or solve with verbose=True for more information.
  warnings.warn(
  全部                         n= 600  到达 90.50%±1.20  碰撞 0.00%  违规/局  1.29  紧急步   2.8%  位置进框(宽松) 93.0%
  clean（没训练过）                n= 600  到达 90.50%±1.20  碰撞 0.00%  违规/局  1.29  紧急步   2.8%  位置进框(宽松) 93.0%
  strict（真一眼没见过）             n= 600  到达 90.50%±1.20  碰撞 0.00%  违规/局  1.29  紧急步   2.8%  位置进框(宽松) 93.0%
      平滑: jerk 0.782 转艏Δ 0.0132 油门Δ 0.0029 路径 4299m ｜ 次网格细调率: 转艏 0.003 油门 0.002 ｜ 转艏|Δω|: 让路步 0.0027 其他步 0.0133
    · crossing（strict）       n= 395  到达 91.39%±1.41  碰撞 0.00%  违规/局  0.65  紧急步   2.0%  位置进框(宽松) 93.9%
    · head-on（strict）        n= 205  到达 88.78%±2.20  碰撞 0.00%  违规/局  2.54  紧急步   4.4%  位置进框(宽松) 91.2%

────────────────────────────────────────────────────────────────────────────────────────────────────────
▶ Continuous-safe_s8_F240oursPpoS8@s18  臂=Continuous-safe kind=continuous seed=8 步=9650176
  …下载 200/1300（失败 0）
  …下载 400/1300（失败 0）
  …下载 600/1300（失败 0）
  …下载 800/1300（失败 0）
  …下载 1000/1300（失败 0）
  …下载 1200/1300（失败 0）
  [锚点] 自记测试集 N=100：记录 91.00% vs 重评 91.00%（差 0.00pt）✅ 逐位复现
/root/miniconda3/lib/python3.10/site-packages/cvxpy/problems/problem.py:1539: UserWarning: Solution may be inaccurate. Try another solver, adjusting the solver settings, or solve with verbose=True for more information.
  warnings.warn(
  全部                         n= 600  到达 90.50%±1.20  碰撞 0.17%  违规/局  0.50  紧急步   2.3%  位置进框(宽松) 93.5%
  clean（没训练过）                n= 600  到达 90.50%±1.20  碰撞 0.17%  违规/局  0.50  紧急步   2.3%  位置进框(宽松) 93.5%
  strict（真一眼没见过）             n= 600  到达 90.50%±1.20  碰撞 0.17%  违规/局  0.50  紧急步   2.3%  位置进框(宽松) 93.5%
      平滑: jerk 0.425 转艏Δ 0.0057 油门Δ 0.0095 路径 4302m ｜ 次网格细调率: 转艏 0.678 油门 0.781 ｜ 转艏|Δω|: 让路步 0.0036 其他步 0.0057
    · crossing（strict）       n= 395  到达 89.87%±1.52  碰撞 0.00%  违规/局  0.34  紧急步   2.7%  位置进框(宽松) 92.7%
    · head-on（strict）        n= 205  到达 91.71%±1.93  碰撞 0.49%  违规/局  0.82  紧急步   1.5%  位置进框(宽松) 95.1%

────────────────────────────────────────────────────────────────────────────────────────────────────────
▶ Discrete-safe_s1_F240discPpoS1@s17  臂=Discrete-safe kind=shielded seed=1 步=9142272
  …下载 200/1300（失败 0）
  …下载 400/1300（失败 0）
  …下载 600/1300（失败 0）
  …下载 800/1300（失败 0）
  …下载 1000/1300（失败 0）
  …下载 1200/1300（失败 0）
  [锚点] 自记测试集 N=100：记录 91.00% vs 重评 91.00%（差 0.00pt）✅ 逐位复现
  全部                         n= 600  到达 84.67%±1.47  碰撞 0.00%  违规/局  1.06  紧急步   5.0%
  clean（没训练过）                n= 600  到达 84.67%±1.47  碰撞 0.00%  违规/局  1.06  紧急步   5.0%
  strict（真一眼没见过）             n= 600  到达 84.67%±1.47  碰撞 0.00%  违规/局  1.06  紧急步   5.0%
      平滑: jerk 0.871 转艏Δ 0.0122 油门Δ 0.0190 路径 4229m ｜ 次网格细调率: 转艏 0.000 油门 0.000 ｜ 转艏|Δω|: 让路步 0.0036 其他步 0.0122
    · crossing（strict）       n= 395  到达 86.08%±1.74  碰撞 0.00%  违规/局  0.64  紧急步   4.7%
    · head-on（strict）        n= 205  到达 81.95%±2.69  碰撞 0.00%  违规/局  1.86  紧急步   5.6%

────────────────────────────────────────────────────────────────────────────────────────────────────────
▶ Rule-reward_s1_F240rrPpoS1@s03  臂=Rule-reward kind=unshielded seed=1 步=2031616
  …下载 200/1300（失败 0）
  …下载 400/1300（失败 0）
  …下载 600/1300（失败 0）
  …下载 800/1300（失败 0）
  …下载 1000/1300（失败 0）
  …下载 1200/1300（失败 0）
  [锚点] 自记测试集 N=100：记录 1.00% vs 重评 1.00%（差 0.00pt）✅ 逐位复现
  全部                         n= 600  到达  0.00%±0.00  碰撞 2.83%  违规/局  3.56  紧急步   0.0%
  clean（没训练过）                n= 600  到达  0.00%±0.00  碰撞 2.83%  违规/局  3.56  紧急步   0.0%
  strict（真一眼没见过）             n= 600  到达  0.00%±0.00  碰撞 2.83%  违规/局  3.56  紧急步   0.0%
      平滑: jerk 0.889 转艏Δ 0.0109 油门Δ 0.0253 路径 7066m ｜ 次网格细调率: 转艏 0.000 油门 0.000 ｜ 转艏|Δω|: 让路步 — 其他步 0.0109
    · crossing（strict）       n= 395  到达  0.00%±0.00  碰撞 1.01%  违规/局  2.76  紧急步   0.0%
    · head-on（strict）        n= 205  到达  0.00%±0.00  碰撞 6.34%  违规/局  5.10  紧急步   0.0%

────────────────────────────────────────────────────────────────────────────────────────────────────────
■ 锚点汇总（8 个 ckpt）：平均有符号差 +0.00pt · 最大绝对差 0.00pt · 8 个逐位复现 / 0 偏高 / 0 偏低
  判读：平均差 ≈ 0 且正负混杂 ⟹ 只是浮点重放噪声，**eval 配置正确**；若平均差明显偏离 0 且方向一致 ⟹ 配置很可能真的错了，别信本次数字。

[reeval_official] 完成 → /root/trb/结果/正式-最佳/g1.json
[轨迹] 8 个 checkpoint × 23 个场景 → /root/trb/结果/正式-最佳/g1_traj.json
