========================================================================================================
[reeval_official r13-2026-07-27] 发现 8 个 checkpoint：
  Base_s2_F240basePpoS2@s10                            臂=Base             kind=unshielded  seed=2 步=5586944 数据集=manifest_official_1300.json 末段到达=98.0
  Continuous-safe_s0_F240abGPpoS0@s17                  臂=Continuous-safe  kind=continuous  seed=0 步=9142272 数据集=manifest_official_1300.json 末段到达=90.0
  Continuous-safe_s2_F240ab0PpoS2@s14                  臂=Continuous-safe  kind=continuous  seed=2 步=7618560 数据集=manifest_official_1300.json 末段到达=93.0
  Continuous-safe_s3_F240oursPpoS3@s18                 臂=Continuous-safe  kind=continuous  seed=3 步=9650176 数据集=manifest_official_1300.json 末段到达=85.0
  Continuous-safe_s5_F240abBPpoS5@s15                  臂=Continuous-safe  kind=continuous  seed=5 步=8126464 数据集=manifest_official_1300.json 末段到达=91.0
  Continuous-safe_s8_F240ushPpoS8@s10                  臂=Continuous-safe  kind=continuous  seed=8 步=5586944 数据集=manifest_official_1300.json 末段到达=38.0
  Discrete-safe_s2_F240discPpoS2@s17                   臂=Discrete-safe    kind=shielded    seed=2 步=9142272 数据集=manifest_official_1300.json 末段到达=97.0
  Rule-reward_s2_F240rrPpoS2@s06                       臂=Rule-reward      kind=unshielded  seed=2 步=3555328 数据集=manifest_official_1300.json 末段到达=99.0
========================================================================================================
[env] 连续臂 eval env：shield=True cone=None v_floor=2.0 augment_rho=False 去朝向门=False
  [数据集] Base_s2_F240basePpoS2@s10 ← manifest_official_1300.json：训练 1300 / 验证 100
  [数据集] Continuous-safe_s0_F240abGPpoS0@s17 ← manifest_official_1300.json：训练 1300 / 验证 100
  [数据集] Continuous-safe_s2_F240ab0PpoS2@s14 ← manifest_official_1300.json：训练 1300 / 验证 100
  [数据集] Continuous-safe_s3_F240oursPpoS3@s18 ← manifest_official_1300.json：训练 1300 / 验证 100
  [数据集] Continuous-safe_s5_F240abBPpoS5@s15 ← manifest_official_1300.json：训练 1300 / 验证 100
  [数据集] Continuous-safe_s8_F240ushPpoS8@s10 ← manifest_official_1300.json：训练 1300 / 验证 100
  [数据集] Discrete-safe_s2_F240discPpoS2@s17 ← manifest_official_1300.json：训练 1300 / 验证 100
  [数据集] Rule-reward_s2_F240rrPpoS2@s06 ← manifest_official_1300.json：训练 1300 / 验证 100
  …下载 200/600（失败 0）
  …下载 400/600（失败 0）
  …下载 600/600（失败 0）

[池] 官方 1400/600 划分的测试 600（官方 2000 无追越）：N=600（请求 600）·二项 SE@p=0.8 ≈ 1.63pt
[口径] 全部 600 − 训练泄漏 0 = **clean 600** ； 再 − 验证泄漏 0 = **strict 600**
[分型] {'crossing': 395, 'head-on': 205}
[轨迹] 记 ['1', '100', '1006', '1016', '1142', '1181', '1326', '1382', '1546', '1602', '1764', '1802', '190', '217', '371', '410', '5', '540', '608', '714', '852', '920', '992'] 这几个场景的逐步轨迹（`04 §1.5` 第⑥条·离散臂与连续臂同格式可叠图）

────────────────────────────────────────────────────────────────────────────────────────────────────────
▶ Base_s2_F240basePpoS2@s10  臂=Base kind=unshielded seed=2 步=5586944
  …下载 200/1300（失败 0）
  …下载 400/1300（失败 0）
  …下载 600/1300（失败 0）
  …下载 800/1300（失败 0）
  …下载 1000/1300（失败 0）
  …下载 1200/1300（失败 0）
  [锚点] 自记测试集 N=100：记录 98.00% vs 重评 98.00%（差 0.00pt）✅ 逐位复现
  全部                         n= 600  到达 97.83%±0.59  碰撞 2.17%  违规/局  3.05  紧急步   0.0%
  clean（没训练过）                n= 600  到达 97.83%±0.59  碰撞 2.17%  违规/局  3.05  紧急步   0.0%
  strict（真一眼没见过）             n= 600  到达 97.83%±0.59  碰撞 2.17%  违规/局  3.05  紧急步   0.0%
      平滑: jerk 0.972 转艏Δ 0.0150 油门Δ 0.0151 路径 4022m ｜ 次网格细调率: 转艏 0.000 油门 0.000 ｜ 转艏|Δω|: 让路步 — 其他步 0.0150
    · crossing（strict）       n= 395  到达 99.49%±0.36  碰撞 0.51%  违规/局  1.63  紧急步   0.0%
    · head-on（strict）        n= 205  到达 94.63%±1.57  碰撞 5.37%  违规/局  5.79  紧急步   0.0%

────────────────────────────────────────────────────────────────────────────────────────────────────────
▶ Continuous-safe_s0_F240abGPpoS0@s17  臂=Continuous-safe kind=continuous seed=0 步=9142272
  …下载 200/1300（失败 0）
  …下载 400/1300（失败 0）
  …下载 600/1300（失败 0）
  …下载 800/1300（失败 0）
  …下载 1000/1300（失败 0）
  …下载 1200/1300（失败 0）
  [锚点] 自记测试集 N=100：记录 90.00% vs 重评 90.00%（差 0.00pt）✅ 逐位复现
/root/miniconda3/lib/python3.10/site-packages/cvxpy/problems/problem.py:1539: UserWarning: Solution may be inaccurate. Try another solver, adjusting the solver settings, or solve with verbose=True for more information.
  warnings.warn(
  全部                         n= 600  到达 89.67%±1.24  碰撞 0.00%  违规/局  0.92  紧急步   3.2%  位置进框(宽松) 91.2%
  clean（没训练过）                n= 600  到达 89.67%±1.24  碰撞 0.00%  违规/局  0.92  紧急步   3.2%  位置进框(宽松) 91.2%
  strict（真一眼没见过）             n= 600  到达 89.67%±1.24  碰撞 0.00%  违规/局  0.92  紧急步   3.2%  位置进框(宽松) 91.2%
      平滑: jerk 1.222 转艏Δ 0.0206 油门Δ 0.0055 路径 4358m ｜ 次网格细调率: 转艏 0.004 油门 0.002 ｜ 转艏|Δω|: 让路步 0.0049 其他步 0.0207
    · crossing（strict）       n= 395  到达 91.65%±1.39  碰撞 0.00%  违规/局  0.60  紧急步   3.0%  位置进框(宽松) 93.7%
    · head-on（strict）        n= 205  到达 85.85%±2.43  碰撞 0.00%  违规/局  1.52  紧急步   3.6%  位置进框(宽松) 86.3%

────────────────────────────────────────────────────────────────────────────────────────────────────────
▶ Continuous-safe_s2_F240ab0PpoS2@s14  臂=Continuous-safe kind=continuous seed=2 步=7618560
  …下载 200/1300（失败 0）
  …下载 400/1300（失败 0）
  …下载 600/1300（失败 0）
  …下载 800/1300（失败 0）
  …下载 1000/1300（失败 0）
  …下载 1200/1300（失败 0）
  [锚点] 自记测试集 N=100：记录 93.00% vs 重评 93.00%（差 0.00pt）✅ 逐位复现
/root/miniconda3/lib/python3.10/site-packages/cvxpy/problems/problem.py:1539: UserWarning: Solution may be inaccurate. Try another solver, adjusting the solver settings, or solve with verbose=True for more information.
  warnings.warn(
  全部                         n= 600  到达 94.50%±0.93  碰撞 0.00%  违规/局  1.02  紧急步   2.5%  位置进框(宽松) 96.2%
  clean（没训练过）                n= 600  到达 94.50%±0.93  碰撞 0.00%  违规/局  1.02  紧急步   2.5%  位置进框(宽松) 96.2%
  strict（真一眼没见过）             n= 600  到达 94.50%±0.93  碰撞 0.00%  违规/局  1.02  紧急步   2.5%  位置进框(宽松) 96.2%
      平滑: jerk 1.017 转艏Δ 0.0167 油门Δ 0.0056 路径 4271m ｜ 次网格细调率: 转艏 0.008 油门 0.004 ｜ 转艏|Δω|: 让路步 0.0025 其他步 0.0167
    · crossing（strict）       n= 395  到达 95.95%±0.99  碰撞 0.00%  违规/局  0.70  紧急步   2.0%  位置进框(宽松) 97.2%
    · head-on（strict）        n= 205  到达 91.71%±1.93  碰撞 0.00%  违规/局  1.65  紧急步   3.3%  位置进框(宽松) 94.1%

────────────────────────────────────────────────────────────────────────────────────────────────────────
▶ Continuous-safe_s3_F240oursPpoS3@s18  臂=Continuous-safe kind=continuous seed=3 步=9650176
  …下载 200/1300（失败 0）
  …下载 400/1300（失败 0）
  …下载 600/1300（失败 0）
  …下载 800/1300（失败 0）
  …下载 1000/1300（失败 0）
  …下载 1200/1300（失败 0）
  [锚点] 自记测试集 N=100：记录 85.00% vs 重评 85.00%（差 0.00pt）✅ 逐位复现
/root/miniconda3/lib/python3.10/site-packages/cvxpy/problems/problem.py:1539: UserWarning: Solution may be inaccurate. Try another solver, adjusting the solver settings, or solve with verbose=True for more information.
  warnings.warn(
  全部                         n= 600  到达 87.33%±1.36  碰撞 0.00%  违规/局  0.43  紧急步   1.4%  位置进框(宽松) 91.3%
  clean（没训练过）                n= 600  到达 87.33%±1.36  碰撞 0.00%  违规/局  0.43  紧急步   1.4%  位置进框(宽松) 91.3%
  strict（真一眼没见过）             n= 600  到达 87.33%±1.36  碰撞 0.00%  违规/局  0.43  紧急步   1.4%  位置进框(宽松) 91.3%
      平滑: jerk 0.396 转艏Δ 0.0057 油门Δ 0.0075 路径 4273m ｜ 次网格细调率: 转艏 0.646 油门 0.822 ｜ 转艏|Δω|: 让路步 0.0020 其他步 0.0057
    · crossing（strict）       n= 395  到达 88.61%±1.60  碰撞 0.00%  违规/局  0.18  紧急步   1.7%  位置进框(宽松) 91.1%
    · head-on（strict）        n= 205  到达 84.88%±2.50  碰撞 0.00%  违规/局  0.93  紧急步   0.7%  位置进框(宽松) 91.7%

────────────────────────────────────────────────────────────────────────────────────────────────────────
▶ Continuous-safe_s5_F240abBPpoS5@s15  臂=Continuous-safe kind=continuous seed=5 步=8126464
  …下载 200/1300（失败 0）
  …下载 400/1300（失败 0）
  …下载 600/1300（失败 0）
  …下载 800/1300（失败 0）
  …下载 1000/1300（失败 0）
  …下载 1200/1300（失败 0）
  [锚点] 自记测试集 N=100：记录 91.00% vs 重评 91.00%（差 0.00pt）✅ 逐位复现
/root/miniconda3/lib/python3.10/site-packages/cvxpy/problems/problem.py:1539: UserWarning: Solution may be inaccurate. Try another solver, adjusting the solver settings, or solve with verbose=True for more information.
  warnings.warn(
  全部                         n= 600  到达 90.83%±1.18  碰撞 0.00%  违规/局  0.66  紧急步   1.6%  位置进框(宽松) 92.0%
  clean（没训练过）                n= 600  到达 90.83%±1.18  碰撞 0.00%  违规/局  0.66  紧急步   1.6%  位置进框(宽松) 92.0%
  strict（真一眼没见过）             n= 600  到达 90.83%±1.18  碰撞 0.00%  违规/局  0.66  紧急步   1.6%  位置进框(宽松) 92.0%
      平滑: jerk 0.291 转艏Δ 0.0041 油门Δ 0.0052 路径 4207m ｜ 次网格细调率: 转艏 0.777 油门 0.859 ｜ 转艏|Δω|: 让路步 0.0016 其他步 0.0041
    · crossing（strict）       n= 395  到达 92.91%±1.29  碰撞 0.00%  违规/局  0.32  紧急步   0.7%  位置进框(宽松) 93.7%
    · head-on（strict）        n= 205  到达 86.83%±2.36  碰撞 0.00%  违规/局  1.33  紧急步   3.2%  位置进框(宽松) 88.8%

────────────────────────────────────────────────────────────────────────────────────────────────────────
▶ Continuous-safe_s8_F240ushPpoS8@s10  臂=Continuous-safe kind=continuous seed=8 步=5586944
  …下载 200/1300（失败 0）
  …下载 400/1300（失败 0）
  …下载 600/1300（失败 0）
  …下载 800/1300（失败 0）
  …下载 1000/1300（失败 0）
  …下载 1200/1300（失败 0）
  [锚点] 自记测试集 N=100：记录 38.00% vs 重评 38.00%（差 0.00pt）✅ 逐位复现
/root/miniconda3/lib/python3.10/site-packages/cvxpy/problems/problem.py:1539: UserWarning: Solution may be inaccurate. Try another solver, adjusting the solver settings, or solve with verbose=True for more information.
  warnings.warn(
  全部                         n= 600  到达 26.67%±1.81  碰撞 0.33%  违规/局  0.92  紧急步   2.3%  位置进框(宽松) 95.0%
  clean（没训练过）                n= 600  到达 26.67%±1.81  碰撞 0.33%  违规/局  0.92  紧急步   2.3%  位置进框(宽松) 95.0%
  strict（真一眼没见过）             n= 600  到达 26.67%±1.81  碰撞 0.33%  违规/局  0.92  紧急步   2.3%  位置进框(宽松) 95.0%
      平滑: jerk 1.706 转艏Δ 0.0231 油门Δ 0.0299 路径 4807m ｜ 次网格细调率: 转艏 0.021 油门 0.026 ｜ 转艏|Δω|: 让路步 0.0022 其他步 0.0232
    · crossing（strict）       n= 395  到达 31.39%±2.34  碰撞 0.00%  违规/局  0.62  紧急步   2.2%  位置进框(宽松) 95.4%
    · head-on（strict）        n= 205  到达 17.56%±2.66  碰撞 0.98%  违规/局  1.50  紧急步   2.3%  位置进框(宽松) 94.1%

────────────────────────────────────────────────────────────────────────────────────────────────────────
▶ Discrete-safe_s2_F240discPpoS2@s17  臂=Discrete-safe kind=shielded seed=2 步=9142272
  …下载 200/1300（失败 0）
  …下载 400/1300（失败 0）
  …下载 600/1300（失败 0）
  …下载 800/1300（失败 0）
  …下载 1000/1300（失败 0）
  …下载 1200/1300（失败 0）
  [锚点] 自记测试集 N=100：记录 97.00% vs 重评 97.00%（差 0.00pt）✅ 逐位复现
  全部                         n= 600  到达 97.00%±0.70  碰撞 0.00%  违规/局  1.45  紧急步   4.4%
  clean（没训练过）                n= 600  到达 97.00%±0.70  碰撞 0.00%  违规/局  1.45  紧急步   4.4%
  strict（真一眼没见过）             n= 600  到达 97.00%±0.70  碰撞 0.00%  违规/局  1.45  紧急步   4.4%
      平滑: jerk 0.827 转艏Δ 0.0108 油门Δ 0.0197 路径 4258m ｜ 次网格细调率: 转艏 0.000 油门 0.000 ｜ 转艏|Δω|: 让路步 0.0059 其他步 0.0108
    · crossing（strict）       n= 395  到达 96.96%±0.86  碰撞 0.00%  违规/局  0.71  紧急步   4.3%
    · head-on（strict）        n= 205  到达 97.07%±1.18  碰撞 0.00%  违规/局  2.87  紧急步   4.7%

────────────────────────────────────────────────────────────────────────────────────────────────────────
▶ Rule-reward_s2_F240rrPpoS2@s06  臂=Rule-reward kind=unshielded seed=2 步=3555328
  …下载 200/1300（失败 0）
  …下载 400/1300（失败 0）
  …下载 600/1300（失败 0）
  …下载 800/1300（失败 0）
  …下载 1000/1300（失败 0）
  …下载 1200/1300（失败 0）
  [锚点] 自记测试集 N=100：记录 99.00% vs 重评 99.00%（差 0.00pt）✅ 逐位复现
  全部                         n= 600  到达 98.83%±0.44  碰撞 1.17%  违规/局  2.79  紧急步   0.0%
  clean（没训练过）                n= 600  到达 98.83%±0.44  碰撞 1.17%  违规/局  2.79  紧急步   0.0%
  strict（真一眼没见过）             n= 600  到达 98.83%±0.44  碰撞 1.17%  违规/局  2.79  紧急步   0.0%
      平滑: jerk 0.888 转艏Δ 0.0133 油门Δ 0.0149 路径 4019m ｜ 次网格细调率: 转艏 0.000 油门 0.000 ｜ 转艏|Δω|: 让路步 — 其他步 0.0133
    · crossing（strict）       n= 395  到达 100.00%±0.00  碰撞 0.00%  违规/局  1.43  紧急步   0.0%
    · head-on（strict）        n= 205  到达 96.59%±1.27  碰撞 3.41%  违规/局  5.39  紧急步   0.0%

────────────────────────────────────────────────────────────────────────────────────────────────────────
■ 锚点汇总（8 个 ckpt）：平均有符号差 +0.00pt · 最大绝对差 0.00pt · 8 个逐位复现 / 0 偏高 / 0 偏低
  判读：平均差 ≈ 0 且正负混杂 ⟹ 只是浮点重放噪声，**eval 配置正确**；若平均差明显偏离 0 且方向一致 ⟹ 配置很可能真的错了，别信本次数字。

[reeval_official] 完成 → /root/trb/结果/正式-最佳/g2.json
[轨迹] 8 个 checkpoint × 23 个场景 → /root/trb/结果/正式-最佳/g2_traj.json
