========================================================================================================
[reeval_official r13-2026-07-27] 发现 8 个 checkpoint：
  Base_s3_F240basePpoS3@s14                            臂=Base             kind=unshielded  seed=3 步=7618560 数据集=manifest_official_1300.json 末段到达=98.0
  Continuous-safe_s0_F240oursPpoS0@s11                 臂=Continuous-safe  kind=continuous  seed=0 步=6094848 数据集=manifest_official_1300.json 末段到达=89.0
  Continuous-safe_s2_F240abBPpoS2@s18                  臂=Continuous-safe  kind=continuous  seed=2 步=9650176 数据集=manifest_official_1300.json 末段到达=90.0
  Continuous-safe_s3_F240ushPpoS3@s04                  臂=Continuous-safe  kind=continuous  seed=3 步=2539520 数据集=manifest_official_1300.json 末段到达=11.0
  Continuous-safe_s5_F240abGPpoS5@s18                  臂=Continuous-safe  kind=continuous  seed=5 步=9650176 数据集=manifest_official_1300.json 末段到达=86.0
  Continuous-safe_s9_F240ab0PpoS9@s13                  臂=Continuous-safe  kind=continuous  seed=9 步=7110656 数据集=manifest_official_1300.json 末段到达=11.0
  Discrete-safe_s3_F240discPpoS3@s15                   臂=Discrete-safe    kind=shielded    seed=3 步=8126464 数据集=manifest_official_1300.json 末段到达=96.0
  Rule-reward_s3_F240rrPpoS3@s12                       臂=Rule-reward      kind=unshielded  seed=3 步=6602752 数据集=manifest_official_1300.json 末段到达=100.0
========================================================================================================
[env] 连续臂 eval env：shield=True cone=None v_floor=2.0 augment_rho=False 去朝向门=False
  [数据集] Base_s3_F240basePpoS3@s14 ← manifest_official_1300.json：训练 1300 / 验证 100
  [数据集] Continuous-safe_s0_F240oursPpoS0@s11 ← manifest_official_1300.json：训练 1300 / 验证 100
  [数据集] Continuous-safe_s2_F240abBPpoS2@s18 ← manifest_official_1300.json：训练 1300 / 验证 100
  [数据集] Continuous-safe_s3_F240ushPpoS3@s04 ← manifest_official_1300.json：训练 1300 / 验证 100
  [数据集] Continuous-safe_s5_F240abGPpoS5@s18 ← manifest_official_1300.json：训练 1300 / 验证 100
  [数据集] Continuous-safe_s9_F240ab0PpoS9@s13 ← manifest_official_1300.json：训练 1300 / 验证 100
  [数据集] Discrete-safe_s3_F240discPpoS3@s15 ← manifest_official_1300.json：训练 1300 / 验证 100
  [数据集] Rule-reward_s3_F240rrPpoS3@s12 ← manifest_official_1300.json：训练 1300 / 验证 100
  …下载 200/600（失败 0）
  …下载 400/600（失败 0）
  …下载 600/600（失败 0）

[池] 官方 1400/600 划分的测试 600（官方 2000 无追越）：N=600（请求 600）·二项 SE@p=0.8 ≈ 1.63pt
[口径] 全部 600 − 训练泄漏 0 = **clean 600** ； 再 − 验证泄漏 0 = **strict 600**
[分型] {'crossing': 395, 'head-on': 205}
[轨迹] 记 ['1', '100', '1006', '1016', '1142', '1181', '1326', '1382', '1546', '1602', '1764', '1802', '190', '217', '371', '410', '5', '540', '608', '714', '852', '920', '992'] 这几个场景的逐步轨迹（`04 §1.5` 第⑥条·离散臂与连续臂同格式可叠图）

────────────────────────────────────────────────────────────────────────────────────────────────────────
▶ Base_s3_F240basePpoS3@s14  臂=Base kind=unshielded seed=3 步=7618560
  …下载 200/1300（失败 0）
  …下载 400/1300（失败 0）
  …下载 600/1300（失败 0）
  …下载 800/1300（失败 0）
  …下载 1000/1300（失败 0）
  …下载 1200/1300（失败 0）
  [锚点] 自记测试集 N=100：记录 98.00% vs 重评 98.00%（差 0.00pt）✅ 逐位复现
  全部                         n= 600  到达 98.50%±0.50  碰撞 1.50%  违规/局  2.75  紧急步   0.0%
  clean（没训练过）                n= 600  到达 98.50%±0.50  碰撞 1.50%  违规/局  2.75  紧急步   0.0%
  strict（真一眼没见过）             n= 600  到达 98.50%±0.50  碰撞 1.50%  违规/局  2.75  紧急步   0.0%
      平滑: jerk 0.916 转艏Δ 0.0144 油门Δ 0.0125 路径 4032m ｜ 次网格细调率: 转艏 0.000 油门 0.000 ｜ 转艏|Δω|: 让路步 — 其他步 0.0144
    · crossing（strict）       n= 395  到达 99.75%±0.25  碰撞 0.25%  违规/局  1.65  紧急步   0.0%
    · head-on（strict）        n= 205  到达 96.10%±1.35  碰撞 3.90%  违规/局  4.86  紧急步   0.0%

────────────────────────────────────────────────────────────────────────────────────────────────────────
▶ Continuous-safe_s0_F240oursPpoS0@s11  臂=Continuous-safe kind=continuous seed=0 步=6094848
  …下载 200/1300（失败 0）
  …下载 400/1300（失败 0）
  …下载 600/1300（失败 0）
  …下载 800/1300（失败 0）
  …下载 1000/1300（失败 0）
  …下载 1200/1300（失败 0）
  [锚点] 自记测试集 N=100：记录 89.00% vs 重评 89.00%（差 0.00pt）✅ 逐位复现
/root/miniconda3/lib/python3.10/site-packages/cvxpy/problems/problem.py:1539: UserWarning: Solution may be inaccurate. Try another solver, adjusting the solver settings, or solve with verbose=True for more information.
  warnings.warn(
  全部                         n= 600  到达 88.83%±1.29  碰撞 0.00%  违规/局  0.43  紧急步   1.8%  位置进框(宽松) 91.0%
  clean（没训练过）                n= 600  到达 88.83%±1.29  碰撞 0.00%  违规/局  0.43  紧急步   1.8%  位置进框(宽松) 91.0%
  strict（真一眼没见过）             n= 600  到达 88.83%±1.29  碰撞 0.00%  违规/局  0.43  紧急步   1.8%  位置进框(宽松) 91.0%
      平滑: jerk 0.321 转艏Δ 0.0043 油门Δ 0.0071 路径 4269m ｜ 次网格细调率: 转艏 0.757 油门 0.852 ｜ 转艏|Δω|: 让路步 0.0020 其他步 0.0043
    · crossing（strict）       n= 395  到达 88.35%±1.61  碰撞 0.00%  违规/局  0.25  紧急步   2.0%  位置进框(宽松) 91.4%
    · head-on（strict）        n= 205  到达 89.76%±2.12  碰撞 0.00%  违规/局  0.78  紧急步   1.3%  位置进框(宽松) 90.2%

────────────────────────────────────────────────────────────────────────────────────────────────────────
▶ Continuous-safe_s2_F240abBPpoS2@s18  臂=Continuous-safe kind=continuous seed=2 步=9650176
  …下载 200/1300（失败 0）
  …下载 400/1300（失败 0）
  …下载 600/1300（失败 0）
  …下载 800/1300（失败 0）
  …下载 1000/1300（失败 0）
  …下载 1200/1300（失败 0）
  [锚点] 自记测试集 N=100：记录 90.00% vs 重评 90.00%（差 0.00pt）✅ 逐位复现
/root/miniconda3/lib/python3.10/site-packages/cvxpy/problems/problem.py:1539: UserWarning: Solution may be inaccurate. Try another solver, adjusting the solver settings, or solve with verbose=True for more information.
  warnings.warn(
  全部                         n= 600  到达 90.83%±1.18  碰撞 0.17%  违规/局  0.84  紧急步   2.6%  位置进框(宽松) 93.8%
  clean（没训练过）                n= 600  到达 90.83%±1.18  碰撞 0.17%  违规/局  0.84  紧急步   2.6%  位置进框(宽松) 93.8%
  strict（真一眼没见过）             n= 600  到达 90.83%±1.18  碰撞 0.17%  违规/局  0.84  紧急步   2.6%  位置进框(宽松) 93.8%
      平滑: jerk 0.559 转艏Δ 0.0079 油门Δ 0.0095 路径 4237m ｜ 次网格细调率: 转艏 0.574 油门 0.703 ｜ 转艏|Δω|: 让路步 0.0025 其他步 0.0080
    · crossing（strict）       n= 395  到达 91.90%±1.37  碰撞 0.00%  违规/局  0.55  紧急步   2.5%  位置进框(宽松) 94.4%
    · head-on（strict）        n= 205  到达 88.78%±2.20  碰撞 0.49%  违规/局  1.40  紧急步   2.9%  位置进框(宽松) 92.7%

────────────────────────────────────────────────────────────────────────────────────────────────────────
▶ Continuous-safe_s3_F240ushPpoS3@s04  臂=Continuous-safe kind=continuous seed=3 步=2539520
  …下载 200/1300（失败 0）
  …下载 400/1300（失败 0）
  …下载 600/1300（失败 0）
  …下载 800/1300（失败 0）
  …下载 1000/1300（失败 0）
  …下载 1200/1300（失败 0）
  [锚点] 自记测试集 N=100：记录 11.00% vs 重评 11.00%（差 0.00pt）✅ 逐位复现
  全部                         n= 600  到达  6.00%±0.97  碰撞 0.00%  违规/局  0.35  紧急步   1.7%  位置进框(宽松) 66.2%
  clean（没训练过）                n= 600  到达  6.00%±0.97  碰撞 0.00%  违规/局  0.35  紧急步   1.7%  位置进框(宽松) 66.2%
  strict（真一眼没见过）             n= 600  到达  6.00%±0.97  碰撞 0.00%  违规/局  0.35  紧急步   1.7%  位置进框(宽松) 66.2%
      平滑: jerk 0.903 转艏Δ 0.0138 油门Δ 0.0170 路径 6538m ｜ 次网格细调率: 转艏 0.344 油门 0.525 ｜ 转艏|Δω|: 让路步 0.0019 其他步 0.0139
    · crossing（strict）       n= 395  到达  8.61%±1.41  碰撞 0.00%  违规/局  0.21  紧急步   2.2%  位置进框(宽松) 64.8%
    · head-on（strict）        n= 205  到达  0.98%±0.69  碰撞 0.00%  违规/局  0.61  紧急步   0.8%  位置进框(宽松) 68.8%

────────────────────────────────────────────────────────────────────────────────────────────────────────
▶ Continuous-safe_s5_F240abGPpoS5@s18  臂=Continuous-safe kind=continuous seed=5 步=9650176
  …下载 200/1300（失败 0）
  …下载 400/1300（失败 0）
  …下载 600/1300（失败 0）
  …下载 800/1300（失败 0）
  …下载 1000/1300（失败 0）
  …下载 1200/1300（失败 0）
  [锚点] 自记测试集 N=100：记录 86.00% vs 重评 86.00%（差 0.00pt）✅ 逐位复现
/root/miniconda3/lib/python3.10/site-packages/cvxpy/problems/problem.py:1539: UserWarning: Solution may be inaccurate. Try another solver, adjusting the solver settings, or solve with verbose=True for more information.
  warnings.warn(
  全部                         n= 600  到达 88.83%±1.29  碰撞 0.00%  违规/局  0.77  紧急步   2.2%  位置进框(宽松) 91.3%
  clean（没训练过）                n= 600  到达 88.83%±1.29  碰撞 0.00%  违规/局  0.77  紧急步   2.2%  位置进框(宽松) 91.3%
  strict（真一眼没见过）             n= 600  到达 88.83%±1.29  碰撞 0.00%  违规/局  0.77  紧急步   2.2%  位置进框(宽松) 91.3%
      平滑: jerk 1.031 转艏Δ 0.0173 油门Δ 0.0046 路径 4326m ｜ 次网格细调率: 转艏 0.002 油门 0.002 ｜ 转艏|Δω|: 让路步 0.0042 其他步 0.0175
    · crossing（strict）       n= 395  到达 89.37%±1.55  碰撞 0.00%  违规/局  0.52  紧急步   1.9%  位置进框(宽松) 91.6%
    · head-on（strict）        n= 205  到达 87.80%±2.29  碰撞 0.00%  违规/局  1.24  紧急步   2.7%  位置进框(宽松) 90.7%

────────────────────────────────────────────────────────────────────────────────────────────────────────
▶ Continuous-safe_s9_F240ab0PpoS9@s13  臂=Continuous-safe kind=continuous seed=9 步=7110656
  …下载 200/1300（失败 0）
  …下载 400/1300（失败 0）
  …下载 600/1300（失败 0）
  …下载 800/1300（失败 0）
  …下载 1000/1300（失败 0）
  …下载 1200/1300（失败 0）
  [锚点] 自记测试集 N=100：记录 11.00% vs 重评 11.00%（差 0.00pt）✅ 逐位复现
  全部                         n= 600  到达  8.83%±1.16  碰撞 0.33%  违规/局  1.00  紧急步   4.7%  位置进框(宽松) 86.2%
  clean（没训练过）                n= 600  到达  8.83%±1.16  碰撞 0.33%  违规/局  1.00  紧急步   4.7%  位置进框(宽松) 86.2%
  strict（真一眼没见过）             n= 600  到达  8.83%±1.16  碰撞 0.33%  违规/局  1.00  紧急步   4.7%  位置进框(宽松) 86.2%
      平滑: jerk 1.318 转艏Δ 0.0193 油门Δ 0.0164 路径 4533m ｜ 次网格细调率: 转艏 0.020 油门 0.044 ｜ 转艏|Δω|: 让路步 0.0089 其他步 0.0193
    · crossing（strict）       n= 395  到达  6.84%±1.27  碰撞 0.51%  违规/局  0.87  紧急步   5.6%  位置进框(宽松) 86.6%
    · head-on（strict）        n= 205  到达 12.68%±2.32  碰撞 0.00%  违规/局  1.27  紧急步   2.9%  位置进框(宽松) 85.4%

────────────────────────────────────────────────────────────────────────────────────────────────────────
▶ Discrete-safe_s3_F240discPpoS3@s15  臂=Discrete-safe kind=shielded seed=3 步=8126464
  …下载 200/1300（失败 0）
  …下载 400/1300（失败 0）
  …下载 600/1300（失败 0）
  …下载 800/1300（失败 0）
  …下载 1000/1300（失败 0）
  …下载 1200/1300（失败 0）
  [锚点] 自记测试集 N=100：记录 96.00% vs 重评 96.00%（差 0.00pt）✅ 逐位复现
  全部                         n= 600  到达 91.50%±1.14  碰撞 0.00%  违规/局  1.24  紧急步   4.4%
  clean（没训练过）                n= 600  到达 91.50%±1.14  碰撞 0.00%  违规/局  1.24  紧急步   4.4%
  strict（真一眼没见过）             n= 600  到达 91.50%±1.14  碰撞 0.00%  违规/局  1.24  紧急步   4.4%
      平滑: jerk 0.820 转艏Δ 0.0114 油门Δ 0.0179 路径 4241m ｜ 次网格细调率: 转艏 0.000 油门 0.000 ｜ 转艏|Δω|: 让路步 0.0044 其他步 0.0115
    · crossing（strict）       n= 395  到达 92.15%±1.35  碰撞 0.00%  违规/局  0.62  紧急步   4.1%
    · head-on（strict）        n= 205  到达 90.24%±2.07  碰撞 0.00%  违规/局  2.42  紧急步   5.1%

────────────────────────────────────────────────────────────────────────────────────────────────────────
▶ Rule-reward_s3_F240rrPpoS3@s12  臂=Rule-reward kind=unshielded seed=3 步=6602752
  …下载 200/1300（失败 0）
  …下载 400/1300（失败 0）
  …下载 600/1300（失败 0）
  …下载 800/1300（失败 0）
  …下载 1000/1300（失败 0）
  …下载 1200/1300（失败 0）
  [锚点] 自记测试集 N=100：记录 100.00% vs 重评 100.00%（差 0.00pt）✅ 逐位复现
  全部                         n= 600  到达 98.00%±0.57  碰撞 2.00%  违规/局  3.25  紧急步   0.0%
  clean（没训练过）                n= 600  到达 98.00%±0.57  碰撞 2.00%  违规/局  3.25  紧急步   0.0%
  strict（真一眼没见过）             n= 600  到达 98.00%±0.57  碰撞 2.00%  违规/局  3.25  紧急步   0.0%
      平滑: jerk 1.047 转艏Δ 0.0161 油门Δ 0.0163 路径 4030m ｜ 次网格细调率: 转艏 0.000 油门 0.000 ｜ 转艏|Δω|: 让路步 — 其他步 0.0161
    · crossing（strict）       n= 395  到达 99.24%±0.44  碰撞 0.76%  违规/局  1.95  紧急步   0.0%
    · head-on（strict）        n= 205  到达 95.61%±1.43  碰撞 4.39%  违规/局  5.74  紧急步   0.0%

────────────────────────────────────────────────────────────────────────────────────────────────────────
■ 锚点汇总（8 个 ckpt）：平均有符号差 +0.00pt · 最大绝对差 0.00pt · 8 个逐位复现 / 0 偏高 / 0 偏低
  判读：平均差 ≈ 0 且正负混杂 ⟹ 只是浮点重放噪声，**eval 配置正确**；若平均差明显偏离 0 且方向一致 ⟹ 配置很可能真的错了，别信本次数字。

[reeval_official] 完成 → /root/trb/结果/正式-最佳/g3.json
[轨迹] 8 个 checkpoint × 23 个场景 → /root/trb/结果/正式-最佳/g3_traj.json
