========================================================================================================
[reeval_official r13-2026-07-27] 发现 8 个 checkpoint：
  Base_s4_F240basePpoS4@s02                            臂=Base             kind=unshielded  seed=4 步=1523712 数据集=manifest_official_1300.json 末段到达=99.0
  Continuous-safe_s0_F240ushPpoS0@s18                  臂=Continuous-safe  kind=continuous  seed=0 步=9650176 数据集=manifest_official_1300.json 末段到达=92.0
  Continuous-safe_s2_F240abGPpoS2@s17                  臂=Continuous-safe  kind=continuous  seed=2 步=9142272 数据集=manifest_official_1300.json 末段到达=84.0
  Continuous-safe_s4_F240ab0PpoS4@s03                  臂=Continuous-safe  kind=continuous  seed=4 步=2031616 数据集=manifest_official_1300.json 末段到达=7.0
  Continuous-safe_s5_F240oursPpoS5@s17                 臂=Continuous-safe  kind=continuous  seed=5 步=9142272 数据集=manifest_official_1300.json 末段到达=91.0
  Continuous-safe_s9_F240abBPpoS9@s18                  臂=Continuous-safe  kind=continuous  seed=9 步=9650176 数据集=manifest_official_1300.json 末段到达=93.0
  Discrete-safe_s4_F240discPpoS4@s18                   臂=Discrete-safe    kind=shielded    seed=4 步=9650176 数据集=manifest_official_1300.json 末段到达=97.0
  Rule-reward_s4_F240rrPpoS4@s14                       臂=Rule-reward      kind=unshielded  seed=4 步=7618560 数据集=manifest_official_1300.json 末段到达=98.0
========================================================================================================
[env] 连续臂 eval env：shield=True cone=None v_floor=2.0 augment_rho=False 去朝向门=False
  [数据集] Base_s4_F240basePpoS4@s02 ← manifest_official_1300.json：训练 1300 / 验证 100
  [数据集] Continuous-safe_s0_F240ushPpoS0@s18 ← manifest_official_1300.json：训练 1300 / 验证 100
  [数据集] Continuous-safe_s2_F240abGPpoS2@s17 ← manifest_official_1300.json：训练 1300 / 验证 100
  [数据集] Continuous-safe_s4_F240ab0PpoS4@s03 ← manifest_official_1300.json：训练 1300 / 验证 100
  [数据集] Continuous-safe_s5_F240oursPpoS5@s17 ← manifest_official_1300.json：训练 1300 / 验证 100
  [数据集] Continuous-safe_s9_F240abBPpoS9@s18 ← manifest_official_1300.json：训练 1300 / 验证 100
  [数据集] Discrete-safe_s4_F240discPpoS4@s18 ← manifest_official_1300.json：训练 1300 / 验证 100
  [数据集] Rule-reward_s4_F240rrPpoS4@s14 ← manifest_official_1300.json：训练 1300 / 验证 100
  …下载 200/600（失败 0）
  …下载 400/600（失败 0）
  …下载 600/600（失败 0）

[池] 官方 1400/600 划分的测试 600（官方 2000 无追越）：N=600（请求 600）·二项 SE@p=0.8 ≈ 1.63pt
[口径] 全部 600 − 训练泄漏 0 = **clean 600** ； 再 − 验证泄漏 0 = **strict 600**
[分型] {'crossing': 395, 'head-on': 205}
[轨迹] 记 ['1', '100', '1006', '1016', '1142', '1181', '1326', '1382', '1546', '1602', '1764', '1802', '190', '217', '371', '410', '5', '540', '608', '714', '852', '920', '992'] 这几个场景的逐步轨迹（`04 §1.5` 第⑥条·离散臂与连续臂同格式可叠图）

────────────────────────────────────────────────────────────────────────────────────────────────────────
▶ Base_s4_F240basePpoS4@s02  臂=Base kind=unshielded seed=4 步=1523712
  …下载 200/1300（失败 0）
  …下载 400/1300（失败 0）
  …下载 600/1300（失败 0）
  …下载 800/1300（失败 0）
  …下载 1000/1300（失败 0）
  …下载 1200/1300（失败 0）
  [锚点] 自记测试集 N=100：记录 99.00% vs 重评 99.00%（差 0.00pt）✅ 逐位复现
  全部                         n= 600  到达 97.00%±0.70  碰撞 1.83%  违规/局  2.51  紧急步   0.0%
  clean（没训练过）                n= 600  到达 97.00%±0.70  碰撞 1.83%  违规/局  2.51  紧急步   0.0%
  strict（真一眼没见过）             n= 600  到达 97.00%±0.70  碰撞 1.83%  违规/局  2.51  紧急步   0.0%
      平滑: jerk 1.031 转艏Δ 0.0159 油门Δ 0.0146 路径 4012m ｜ 次网格细调率: 转艏 0.000 油门 0.000 ｜ 转艏|Δω|: 让路步 — 其他步 0.0159
    · crossing（strict）       n= 395  到达 99.24%±0.44  碰撞 0.00%  违规/局  1.55  紧急步   0.0%
    · head-on（strict）        n= 205  到达 92.68%±1.82  碰撞 5.37%  违规/局  4.37  紧急步   0.0%

────────────────────────────────────────────────────────────────────────────────────────────────────────
▶ Continuous-safe_s0_F240ushPpoS0@s18  臂=Continuous-safe kind=continuous seed=0 步=9650176
  …下载 200/1300（失败 0）
  …下载 400/1300（失败 0）
  …下载 600/1300（失败 0）
  …下载 800/1300（失败 0）
  …下载 1000/1300（失败 0）
  …下载 1200/1300（失败 0）
  [锚点] 自记测试集 N=100：记录 92.00% vs 重评 92.00%（差 0.00pt）✅ 逐位复现
/root/miniconda3/lib/python3.10/site-packages/cvxpy/problems/problem.py:1539: UserWarning: Solution may be inaccurate. Try another solver, adjusting the solver settings, or solve with verbose=True for more information.
  warnings.warn(
  全部                         n= 600  到达 90.83%±1.18  碰撞 0.17%  违规/局  0.99  紧急步   3.5%  位置进框(宽松) 92.3%
  clean（没训练过）                n= 600  到达 90.83%±1.18  碰撞 0.17%  违规/局  0.99  紧急步   3.5%  位置进框(宽松) 92.3%
  strict（真一眼没见过）             n= 600  到达 90.83%±1.18  碰撞 0.17%  违规/局  0.99  紧急步   3.5%  位置进框(宽松) 92.3%
      平滑: jerk 1.629 转艏Δ 0.0265 油门Δ 0.0123 路径 4249m ｜ 次网格细调率: 转艏 0.001 油门 0.002 ｜ 转艏|Δω|: 让路步 0.0041 其他步 0.0265
    · crossing（strict）       n= 395  到达 92.15%±1.35  碰撞 0.25%  违规/局  0.55  紧急步   2.6%  位置进框(宽松) 93.9%
    · head-on（strict）        n= 205  到达 88.29%±2.25  碰撞 0.00%  违规/局  1.84  紧急步   5.2%  位置进框(宽松) 89.3%

────────────────────────────────────────────────────────────────────────────────────────────────────────
▶ Continuous-safe_s2_F240abGPpoS2@s17  臂=Continuous-safe kind=continuous seed=2 步=9142272
  …下载 200/1300（失败 0）
  …下载 400/1300（失败 0）
  …下载 600/1300（失败 0）
  …下载 800/1300（失败 0）
  …下载 1000/1300（失败 0）
  …下载 1200/1300（失败 0）
  [锚点] 自记测试集 N=100：记录 84.00% vs 重评 84.00%（差 0.00pt）✅ 逐位复现
/root/miniconda3/lib/python3.10/site-packages/cvxpy/problems/problem.py:1539: UserWarning: Solution may be inaccurate. Try another solver, adjusting the solver settings, or solve with verbose=True for more information.
  warnings.warn(
  全部                         n= 600  到达 83.67%±1.51  碰撞 0.17%  违规/局  0.77  紧急步   2.3%  位置进框(宽松) 86.2%
  clean（没训练过）                n= 600  到达 83.67%±1.51  碰撞 0.17%  违规/局  0.77  紧急步   2.3%  位置进框(宽松) 86.2%
  strict（真一眼没见过）             n= 600  到达 83.67%±1.51  碰撞 0.17%  违规/局  0.77  紧急步   2.3%  位置进框(宽松) 86.2%
      平滑: jerk 0.954 转艏Δ 0.0163 油门Δ 0.0030 路径 4290m ｜ 次网格细调率: 转艏 0.005 油门 0.003 ｜ 转艏|Δω|: 让路步 0.0044 其他步 0.0164
    · crossing（strict）       n= 395  到达 89.37%±1.55  碰撞 0.25%  违规/局  0.56  紧急步   2.2%  位置进框(宽松) 91.1%
    · head-on（strict）        n= 205  到达 72.68%±3.11  碰撞 0.00%  违规/局  1.18  紧急步   2.5%  位置进框(宽松) 76.6%

────────────────────────────────────────────────────────────────────────────────────────────────────────
▶ Continuous-safe_s4_F240ab0PpoS4@s03  臂=Continuous-safe kind=continuous seed=4 步=2031616
  …下载 200/1300（失败 0）
  …下载 400/1300（失败 0）
  …下载 600/1300（失败 0）
  …下载 800/1300（失败 0）
  …下载 1000/1300（失败 0）
  …下载 1200/1300（失败 0）
  [锚点] 自记测试集 N=100：记录 7.00% vs 重评 7.00%（差 0.00pt）✅ 逐位复现
/root/miniconda3/lib/python3.10/site-packages/cvxpy/problems/problem.py:1539: UserWarning: Solution may be inaccurate. Try another solver, adjusting the solver settings, or solve with verbose=True for more information.
  warnings.warn(
  全部                         n= 600  到达  6.67%±1.02  碰撞 0.67%  违规/局  1.48  紧急步  11.5%  位置进框(宽松) 15.3%
  clean（没训练过）                n= 600  到达  6.67%±1.02  碰撞 0.67%  违规/局  1.48  紧急步  11.5%  位置进框(宽松) 15.3%
  strict（真一眼没见过）             n= 600  到达  6.67%±1.02  碰撞 0.67%  违规/局  1.48  紧急步  11.5%  位置进框(宽松) 15.3%
      平滑: jerk 0.572 转艏Δ 0.0088 油门Δ 0.0081 路径 4331m ｜ 次网格细调率: 转艏 0.382 油门 0.718 ｜ 转艏|Δω|: 让路步 0.0360 其他步 0.0088
    · crossing（strict）       n= 395  到达  9.11%±1.45  碰撞 1.01%  违规/局  1.14  紧急步  15.8%  位置进框(宽松) 22.0%
    · head-on（strict）        n= 205  到达  1.95%±0.97  碰撞 0.00%  违规/局  2.14  紧急步   3.2%  位置进框(宽松) 2.4%

────────────────────────────────────────────────────────────────────────────────────────────────────────
▶ Continuous-safe_s5_F240oursPpoS5@s17  臂=Continuous-safe kind=continuous seed=5 步=9142272
  …下载 200/1300（失败 0）
  …下载 400/1300（失败 0）
  …下载 600/1300（失败 0）
  …下载 800/1300（失败 0）
  …下载 1000/1300（失败 0）
  …下载 1200/1300（失败 0）
  [锚点] 自记测试集 N=100：记录 91.00% vs 重评 91.00%（差 0.00pt）✅ 逐位复现
  全部                         n= 600  到达 93.17%±1.03  碰撞 0.00%  违规/局  0.43  紧急步   1.0%  位置进框(宽松) 94.3%
  clean（没训练过）                n= 600  到达 93.17%±1.03  碰撞 0.00%  违规/局  0.43  紧急步   1.0%  位置进框(宽松) 94.3%
  strict（真一眼没见过）             n= 600  到达 93.17%±1.03  碰撞 0.00%  违规/局  0.43  紧急步   1.0%  位置进框(宽松) 94.3%
      平滑: jerk 0.353 转艏Δ 0.0051 油门Δ 0.0058 路径 4305m ｜ 次网格细调率: 转艏 0.700 油门 0.795 ｜ 转艏|Δω|: 让路步 0.0029 其他步 0.0051
    · crossing（strict）       n= 395  到达 94.68%±1.13  碰撞 0.00%  违规/局  0.23  紧急步   1.4%  位置进框(宽松) 95.7%
    · head-on（strict）        n= 205  到达 90.24%±2.07  碰撞 0.00%  违规/局  0.81  紧急步   0.2%  位置进框(宽松) 91.7%

────────────────────────────────────────────────────────────────────────────────────────────────────────
▶ Continuous-safe_s9_F240abBPpoS9@s18  臂=Continuous-safe kind=continuous seed=9 步=9650176
  …下载 200/1300（失败 0）
  …下载 400/1300（失败 0）
  …下载 600/1300（失败 0）
  …下载 800/1300（失败 0）
  …下载 1000/1300（失败 0）
  …下载 1200/1300（失败 0）
  [锚点] 自记测试集 N=100：记录 93.00% vs 重评 93.00%（差 0.00pt）✅ 逐位复现
/root/miniconda3/lib/python3.10/site-packages/cvxpy/problems/problem.py:1539: UserWarning: Solution may be inaccurate. Try another solver, adjusting the solver settings, or solve with verbose=True for more information.
  warnings.warn(
  全部                         n= 600  到达 91.83%±1.12  碰撞 0.33%  违规/局  0.84  紧急步   3.7%  位置进框(宽松) 93.7%
  clean（没训练过）                n= 600  到达 91.83%±1.12  碰撞 0.33%  违规/局  0.84  紧急步   3.7%  位置进框(宽松) 93.7%
  strict（真一眼没见过）             n= 600  到达 91.83%±1.12  碰撞 0.33%  违规/局  0.84  紧急步   3.7%  位置进框(宽松) 93.7%
      平滑: jerk 0.325 转艏Δ 0.0044 油门Δ 0.0069 路径 4248m ｜ 次网格细调率: 转艏 0.736 油门 0.834 ｜ 转艏|Δω|: 让路步 0.0018 其他步 0.0044
    · crossing（strict）       n= 395  到达 93.16%±1.27  碰撞 0.00%  违规/局  0.48  紧急步   3.0%  位置进框(宽松) 94.9%
    · head-on（strict）        n= 205  到达 89.27%±2.16  碰撞 0.98%  违规/局  1.53  紧急步   5.1%  位置进框(宽松) 91.2%

────────────────────────────────────────────────────────────────────────────────────────────────────────
▶ Discrete-safe_s4_F240discPpoS4@s18  臂=Discrete-safe kind=shielded seed=4 步=9650176
  …下载 200/1300（失败 0）
  …下载 400/1300（失败 0）
  …下载 600/1300（失败 0）
  …下载 800/1300（失败 0）
  …下载 1000/1300（失败 0）
  …下载 1200/1300（失败 0）
  [锚点] 自记测试集 N=100：记录 97.00% vs 重评 97.00%（差 0.00pt）✅ 逐位复现
  全部                         n= 600  到达 95.83%±0.82  碰撞 0.17%  违规/局  1.05  紧急步   4.1%
  clean（没训练过）                n= 600  到达 95.83%±0.82  碰撞 0.17%  违规/局  1.05  紧急步   4.1%
  strict（真一眼没见过）             n= 600  到达 95.83%±0.82  碰撞 0.17%  违规/局  1.05  紧急步   4.1%
      平滑: jerk 0.848 转艏Δ 0.0105 油门Δ 0.0218 路径 4233m ｜ 次网格细调率: 转艏 0.000 油门 0.000 ｜ 转艏|Δω|: 让路步 0.0046 其他步 0.0105
    · crossing（strict）       n= 395  到达 96.71%±0.90  碰撞 0.00%  违规/局  0.64  紧急步   4.2%
    · head-on（strict）        n= 205  到达 94.15%±1.64  碰撞 0.49%  违规/局  1.85  紧急步   4.1%

────────────────────────────────────────────────────────────────────────────────────────────────────────
▶ Rule-reward_s4_F240rrPpoS4@s14  臂=Rule-reward kind=unshielded seed=4 步=7618560
  …下载 200/1300（失败 0）
  …下载 400/1300（失败 0）
  …下载 600/1300（失败 0）
  …下载 800/1300（失败 0）
  …下载 1000/1300（失败 0）
  …下载 1200/1300（失败 0）
  [锚点] 自记测试集 N=100：记录 98.00% vs 重评 98.00%（差 0.00pt）✅ 逐位复现
  全部                         n= 600  到达 98.33%±0.52  碰撞 1.67%  违规/局  3.02  紧急步   0.0%
  clean（没训练过）                n= 600  到达 98.33%±0.52  碰撞 1.67%  违规/局  3.02  紧急步   0.0%
  strict（真一眼没见过）             n= 600  到达 98.33%±0.52  碰撞 1.67%  违规/局  3.02  紧急步   0.0%
      平滑: jerk 0.976 转艏Δ 0.0145 油门Δ 0.0172 路径 4035m ｜ 次网格细调率: 转艏 0.000 油门 0.000 ｜ 转艏|Δω|: 让路步 — 其他步 0.0145
    · crossing（strict）       n= 395  到达 99.75%±0.25  碰撞 0.25%  违规/局  1.45  紧急步   0.0%
    · head-on（strict）        n= 205  到达 95.61%±1.43  碰撞 4.39%  违规/局  6.06  紧急步   0.0%

────────────────────────────────────────────────────────────────────────────────────────────────────────
■ 锚点汇总（8 个 ckpt）：平均有符号差 +0.00pt · 最大绝对差 0.00pt · 8 个逐位复现 / 0 偏高 / 0 偏低
  判读：平均差 ≈ 0 且正负混杂 ⟹ 只是浮点重放噪声，**eval 配置正确**；若平均差明显偏离 0 且方向一致 ⟹ 配置很可能真的错了，别信本次数字。

[reeval_official] 完成 → /root/trb/结果/正式-最佳/g4.json
[轨迹] 8 个 checkpoint × 23 个场景 → /root/trb/结果/正式-最佳/g4_traj.json
