========================================================================================================
[reeval_official r13-2026-07-27] 发现 8 个 checkpoint：
  Base_s5_F240basePpoS5@s04                            臂=Base             kind=unshielded  seed=5 步=2539520 数据集=manifest_official_1300.json 末段到达=97.0
  Continuous-safe_s1_F240ab0PpoS1@s17                  臂=Continuous-safe  kind=continuous  seed=1 步=9142272 数据集=manifest_official_1300.json 末段到达=88.0
  Continuous-safe_s2_F240oursPpoS2@s17                 臂=Continuous-safe  kind=continuous  seed=2 步=9142272 数据集=manifest_official_1300.json 末段到达=86.0
  Continuous-safe_s4_F240abBPpoS4@s14                  臂=Continuous-safe  kind=continuous  seed=4 步=7618560 数据集=manifest_official_1300.json 末段到达=94.0
  Continuous-safe_s5_F240ushPpoS5@s18                  臂=Continuous-safe  kind=continuous  seed=5 步=9650176 数据集=manifest_official_1300.json 末段到达=62.0
  Continuous-safe_s9_F240abGPpoS9@s07                  臂=Continuous-safe  kind=continuous  seed=9 步=4063232 数据集=manifest_official_1300.json 末段到达=6.0
  Discrete-safe_s5_F240discPpoS5@s00                   臂=Discrete-safe    kind=shielded    seed=5 步=507904 数据集=manifest_official_1300.json 末段到达=2.0
  Rule-reward_s5_F240rrPpoS5@s03                       臂=Rule-reward      kind=unshielded  seed=5 步=2031616 数据集=manifest_official_1300.json 末段到达=97.0
========================================================================================================
[env] 连续臂 eval env：shield=True cone=None v_floor=2.0 augment_rho=False 去朝向门=False
  [数据集] Base_s5_F240basePpoS5@s04 ← manifest_official_1300.json：训练 1300 / 验证 100
  [数据集] Continuous-safe_s1_F240ab0PpoS1@s17 ← manifest_official_1300.json：训练 1300 / 验证 100
  [数据集] Continuous-safe_s2_F240oursPpoS2@s17 ← manifest_official_1300.json：训练 1300 / 验证 100
  [数据集] Continuous-safe_s4_F240abBPpoS4@s14 ← manifest_official_1300.json：训练 1300 / 验证 100
  [数据集] Continuous-safe_s5_F240ushPpoS5@s18 ← manifest_official_1300.json：训练 1300 / 验证 100
  [数据集] Continuous-safe_s9_F240abGPpoS9@s07 ← manifest_official_1300.json：训练 1300 / 验证 100
  [数据集] Discrete-safe_s5_F240discPpoS5@s00 ← manifest_official_1300.json：训练 1300 / 验证 100
  [数据集] Rule-reward_s5_F240rrPpoS5@s03 ← manifest_official_1300.json：训练 1300 / 验证 100
  …下载 200/600（失败 0）
  …下载 400/600（失败 0）
  …下载 600/600（失败 0）

[池] 官方 1400/600 划分的测试 600（官方 2000 无追越）：N=600（请求 600）·二项 SE@p=0.8 ≈ 1.63pt
[口径] 全部 600 − 训练泄漏 0 = **clean 600** ； 再 − 验证泄漏 0 = **strict 600**
[分型] {'crossing': 395, 'head-on': 205}
[轨迹] 记 ['1', '100', '1006', '1016', '1142', '1181', '1326', '1382', '1546', '1602', '1764', '1802', '190', '217', '371', '410', '5', '540', '608', '714', '852', '920', '992'] 这几个场景的逐步轨迹（`04 §1.5` 第⑥条·离散臂与连续臂同格式可叠图）

────────────────────────────────────────────────────────────────────────────────────────────────────────
▶ Base_s5_F240basePpoS5@s04  臂=Base kind=unshielded seed=5 步=2539520
  …下载 200/1300（失败 0）
  …下载 400/1300（失败 0）
  …下载 600/1300（失败 0）
  …下载 800/1300（失败 0）
  …下载 1000/1300（失败 0）
  …下载 1200/1300（失败 0）
  [锚点] 自记测试集 N=100：记录 97.00% vs 重评 97.00%（差 0.00pt）✅ 逐位复现
  全部                         n= 600  到达 97.67%±0.62  碰撞 1.83%  违规/局  3.09  紧急步   0.0%
  clean（没训练过）                n= 600  到达 97.67%±0.62  碰撞 1.83%  违规/局  3.09  紧急步   0.0%
  strict（真一眼没见过）             n= 600  到达 97.67%±0.62  碰撞 1.83%  违规/局  3.09  紧急步   0.0%
      平滑: jerk 1.071 转艏Δ 0.0162 油门Δ 0.0182 路径 4027m ｜ 次网格细调率: 转艏 0.000 油门 0.000 ｜ 转艏|Δω|: 让路步 — 其他步 0.0162
    · crossing（strict）       n= 395  到达 100.00%±0.00  碰撞 0.00%  违规/局  1.53  紧急步   0.0%
    · head-on（strict）        n= 205  到达 93.17%±1.76  碰撞 5.37%  违规/局  6.09  紧急步   0.0%

────────────────────────────────────────────────────────────────────────────────────────────────────────
▶ Continuous-safe_s1_F240ab0PpoS1@s17  臂=Continuous-safe kind=continuous seed=1 步=9142272
  …下载 200/1300（失败 0）
  …下载 400/1300（失败 0）
  …下载 600/1300（失败 0）
  …下载 800/1300（失败 0）
  …下载 1000/1300（失败 0）
  …下载 1200/1300（失败 0）
  [锚点] 自记测试集 N=100：记录 88.00% vs 重评 88.00%（差 0.00pt）✅ 逐位复现
  全部                         n= 600  到达 86.67%±1.39  碰撞 0.50%  违规/局  1.12  紧急步   2.3%  位置进框(宽松) 90.5%
  clean（没训练过）                n= 600  到达 86.67%±1.39  碰撞 0.50%  违规/局  1.12  紧急步   2.3%  位置进框(宽松) 90.5%
  strict（真一眼没见过）             n= 600  到达 86.67%±1.39  碰撞 0.50%  违规/局  1.12  紧急步   2.3%  位置进框(宽松) 90.5%
      平滑: jerk 0.809 转艏Δ 0.0137 油门Δ 0.0031 路径 4282m ｜ 次网格细调率: 转艏 0.003 油门 0.002 ｜ 转艏|Δω|: 让路步 0.0028 其他步 0.0137
    · crossing（strict）       n= 395  到达 91.65%±1.39  碰撞 0.00%  违规/局  0.70  紧急步   1.8%  位置进框(宽松) 94.9%
    · head-on（strict）        n= 205  到达 77.07%±2.94  碰撞 1.46%  违规/局  1.95  紧急步   3.3%  位置进框(宽松) 82.0%

────────────────────────────────────────────────────────────────────────────────────────────────────────
▶ Continuous-safe_s2_F240oursPpoS2@s17  臂=Continuous-safe kind=continuous seed=2 步=9142272
  …下载 200/1300（失败 0）
  …下载 400/1300（失败 0）
  …下载 600/1300（失败 0）
  …下载 800/1300（失败 0）
  …下载 1000/1300（失败 0）
  …下载 1200/1300（失败 0）
  [锚点] 自记测试集 N=100：记录 86.00% vs 重评 86.00%（差 0.00pt）✅ 逐位复现
/root/miniconda3/lib/python3.10/site-packages/cvxpy/problems/problem.py:1539: UserWarning: Solution may be inaccurate. Try another solver, adjusting the solver settings, or solve with verbose=True for more information.
  warnings.warn(
  全部                         n= 600  到达 84.50%±1.48  碰撞 0.00%  违规/局  0.59  紧急步   2.8%  位置进框(宽松) 89.2%
  clean（没训练过）                n= 600  到达 84.50%±1.48  碰撞 0.00%  违规/局  0.59  紧急步   2.8%  位置进框(宽松) 89.2%
  strict（真一眼没见过）             n= 600  到达 84.50%±1.48  碰撞 0.00%  违规/局  0.59  紧急步   2.8%  位置进框(宽松) 89.2%
      平滑: jerk 0.447 转艏Δ 0.0059 油门Δ 0.0094 路径 4384m ｜ 次网格细调率: 转艏 0.653 油门 0.715 ｜ 转艏|Δω|: 让路步 0.0024 其他步 0.0060
    · crossing（strict）       n= 395  到达 82.78%±1.90  碰撞 0.00%  违规/局  0.38  紧急步   2.8%  位置进框(宽松) 87.3%
    · head-on（strict）        n= 205  到达 87.80%±2.29  碰撞 0.00%  违规/局  0.99  紧急步   2.7%  位置进框(宽松) 92.7%

────────────────────────────────────────────────────────────────────────────────────────────────────────
▶ Continuous-safe_s4_F240abBPpoS4@s14  臂=Continuous-safe kind=continuous seed=4 步=7618560
  …下载 200/1300（失败 0）
  …下载 400/1300（失败 0）
  …下载 600/1300（失败 0）
  …下载 800/1300（失败 0）
  …下载 1000/1300（失败 0）
  …下载 1200/1300（失败 0）
  [锚点] 自记测试集 N=100：记录 94.00% vs 重评 94.00%（差 0.00pt）✅ 逐位复现
/root/miniconda3/lib/python3.10/site-packages/cvxpy/problems/problem.py:1539: UserWarning: Solution may be inaccurate. Try another solver, adjusting the solver settings, or solve with verbose=True for more information.
  warnings.warn(
  全部                         n= 600  到达 95.83%±0.82  碰撞 0.00%  违规/局  0.50  紧急步   1.7%  位置进框(宽松) 96.2%
  clean（没训练过）                n= 600  到达 95.83%±0.82  碰撞 0.00%  违规/局  0.50  紧急步   1.7%  位置进框(宽松) 96.2%
  strict（真一眼没见过）             n= 600  到达 95.83%±0.82  碰撞 0.00%  违规/局  0.50  紧急步   1.7%  位置进框(宽松) 96.2%
      平滑: jerk 0.331 转艏Δ 0.0043 油门Δ 0.0078 路径 4281m ｜ 次网格细调率: 转艏 0.759 油门 0.840 ｜ 转艏|Δω|: 让路步 0.0026 其他步 0.0043
    · crossing（strict）       n= 395  到达 96.71%±0.90  碰撞 0.00%  违规/局  0.32  紧急步   1.7%  位置进框(宽松) 96.7%
    · head-on（strict）        n= 205  到达 94.15%±1.64  碰撞 0.00%  违规/局  0.84  紧急步   1.8%  位置进框(宽松) 95.1%

────────────────────────────────────────────────────────────────────────────────────────────────────────
▶ Continuous-safe_s5_F240ushPpoS5@s18  臂=Continuous-safe kind=continuous seed=5 步=9650176
  …下载 200/1300（失败 0）
  …下载 400/1300（失败 0）
  …下载 600/1300（失败 0）
  …下载 800/1300（失败 0）
  …下载 1000/1300（失败 0）
  …下载 1200/1300（失败 0）
  [锚点] 自记测试集 N=100：记录 62.00% vs 重评 62.00%（差 0.00pt）✅ 逐位复现
  全部                         n= 600  到达 66.33%±1.93  碰撞 0.00%  违规/局  1.06  紧急步   3.0%  位置进框(宽松) 69.3%
  clean（没训练过）                n= 600  到达 66.33%±1.93  碰撞 0.00%  违规/局  1.06  紧急步   3.0%  位置进框(宽松) 69.3%
  strict（真一眼没见过）             n= 600  到达 66.33%±1.93  碰撞 0.00%  违规/局  1.06  紧急步   3.0%  位置进框(宽松) 69.3%
      平滑: jerk 1.660 转艏Δ 0.0271 油门Δ 0.0119 路径 4158m ｜ 次网格细调率: 转艏 0.001 油门 0.005 ｜ 转艏|Δω|: 让路步 0.0043 其他步 0.0271
    · crossing（strict）       n= 395  到达 73.67%±2.22  碰撞 0.00%  违规/局  0.56  紧急步   2.4%  位置进框(宽松) 76.2%
    · head-on（strict）        n= 205  到达 52.20%±3.49  碰撞 0.00%  违规/局  2.03  紧急步   4.1%  位置进框(宽松) 56.1%

────────────────────────────────────────────────────────────────────────────────────────────────────────
▶ Continuous-safe_s9_F240abGPpoS9@s07  臂=Continuous-safe kind=continuous seed=9 步=4063232
  …下载 200/1300（失败 0）
  …下载 400/1300（失败 0）
  …下载 600/1300（失败 0）
  …下载 800/1300（失败 0）
  …下载 1000/1300（失败 0）
  …下载 1200/1300（失败 0）
/root/miniconda3/lib/python3.10/site-packages/cvxpy/problems/problem.py:1539: UserWarning: Solution may be inaccurate. Try another solver, adjusting the solver settings, or solve with verbose=True for more information.
  warnings.warn(
  [锚点] 自记测试集 N=100：记录 6.00% vs 重评 6.00%（差 0.00pt）✅ 逐位复现
  全部                         n= 600  到达  4.00%±0.80  碰撞 0.33%  违规/局  0.86  紧急步   5.0%  位置进框(宽松) 83.7%
  clean（没训练过）                n= 600  到达  4.00%±0.80  碰撞 0.33%  违规/局  0.86  紧急步   5.0%  位置进框(宽松) 83.7%
  strict（真一眼没见过）             n= 600  到达  4.00%±0.80  碰撞 0.33%  违规/局  0.86  紧急步   5.0%  位置进框(宽松) 83.7%
      平滑: jerk 1.023 转艏Δ 0.0144 油门Δ 0.0149 路径 5022m ｜ 次网格细调率: 转艏 0.062 油门 0.081 ｜ 转艏|Δω|: 让路步 0.0035 其他步 0.0145
    · crossing（strict）       n= 395  到达  2.78%±0.83  碰撞 0.25%  违规/局  0.86  紧急步   6.9%  位置进框(宽松) 78.7%
    · head-on（strict）        n= 205  到达  6.34%±1.70  碰撞 0.49%  违规/局  0.85  紧急步   1.3%  位置进框(宽松) 93.2%

────────────────────────────────────────────────────────────────────────────────────────────────────────
▶ Discrete-safe_s5_F240discPpoS5@s00  臂=Discrete-safe kind=shielded seed=5 步=507904
  …下载 200/1300（失败 0）
  …下载 400/1300（失败 0）
  …下载 600/1300（失败 0）
  …下载 800/1300（失败 0）
  …下载 1000/1300（失败 0）
  …下载 1200/1300（失败 0）
  [锚点] 自记测试集 N=100：记录 2.00% vs 重评 2.00%（差 0.00pt）✅ 逐位复现
  全部                         n= 600  到达  1.67%±0.52  碰撞 1.50%  违规/局  3.17  紧急步  14.5%
  clean（没训练过）                n= 600  到达  1.67%±0.52  碰撞 1.50%  违规/局  3.17  紧急步  14.5%
  strict（真一眼没见过）             n= 600  到达  1.67%±0.52  碰撞 1.50%  违规/局  3.17  紧急步  14.5%
      平滑: jerk 1.140 转艏Δ 0.0130 油门Δ 0.0370 路径 4689m ｜ 次网格细调率: 转艏 0.000 油门 0.000 ｜ 转艏|Δω|: 让路步 0.0050 其他步 0.0130
    · crossing（strict）       n= 395  到达  2.28%±0.75  碰撞 1.27%  违规/局  3.17  紧急步  19.9%
    · head-on（strict）        n= 205  到达  0.49%±0.49  碰撞 1.95%  违规/局  3.17  紧急步   4.1%

────────────────────────────────────────────────────────────────────────────────────────────────────────
▶ Rule-reward_s5_F240rrPpoS5@s03  臂=Rule-reward kind=unshielded seed=5 步=2031616
  …下载 200/1300（失败 0）
  …下载 400/1300（失败 0）
  …下载 600/1300（失败 0）
  …下载 800/1300（失败 0）
  …下载 1000/1300（失败 0）
  …下载 1200/1300（失败 0）
  [锚点] 自记测试集 N=100：记录 97.00% vs 重评 97.00%（差 0.00pt）✅ 逐位复现
  全部                         n= 600  到达 98.33%±0.52  碰撞 1.33%  违规/局  2.49  紧急步   0.0%
  clean（没训练过）                n= 600  到达 98.33%±0.52  碰撞 1.33%  违规/局  2.49  紧急步   0.0%
  strict（真一眼没见过）             n= 600  到达 98.33%±0.52  碰撞 1.33%  违规/局  2.49  紧急步   0.0%
      平滑: jerk 1.047 转艏Δ 0.0161 油门Δ 0.0185 路径 4005m ｜ 次网格细调率: 转艏 0.000 油门 0.000 ｜ 转艏|Δω|: 让路步 — 其他步 0.0161
    · crossing（strict）       n= 395  到达 99.75%±0.25  碰撞 0.25%  违规/局  1.40  紧急步   0.0%
    · head-on（strict）        n= 205  到达 95.61%±1.43  碰撞 3.41%  违规/局  4.59  紧急步   0.0%

────────────────────────────────────────────────────────────────────────────────────────────────────────
■ 锚点汇总（8 个 ckpt）：平均有符号差 +0.00pt · 最大绝对差 0.00pt · 8 个逐位复现 / 0 偏高 / 0 偏低
  判读：平均差 ≈ 0 且正负混杂 ⟹ 只是浮点重放噪声，**eval 配置正确**；若平均差明显偏离 0 且方向一致 ⟹ 配置很可能真的错了，别信本次数字。

[reeval_official] 完成 → /root/trb/结果/正式-最佳/g5.json
[轨迹] 8 个 checkpoint × 23 个场景 → /root/trb/结果/正式-最佳/g5_traj.json
