========================================================================================================
[reeval_official r13-2026-07-27] 发现 8 个 checkpoint：
  Base_s8_F240basePpoS8@s03                            臂=Base             kind=unshielded  seed=8 步=2031616 数据集=manifest_official_1300.json 末段到达=100.0
  Continuous-safe_s1_F240abBPpoS1@s06                  臂=Continuous-safe  kind=continuous  seed=1 步=3555328 数据集=manifest_official_1300.json 末段到达=67.0
  Continuous-safe_s2_F240ushPpoS2@s18                  臂=Continuous-safe  kind=continuous  seed=2 步=9650176 数据集=manifest_official_1300.json 末段到达=87.0
  Continuous-safe_s4_F240abGPpoS4@s08                  臂=Continuous-safe  kind=continuous  seed=4 步=4571136 数据集=manifest_official_1300.json 末段到达=3.0
  Continuous-safe_s8_F240ab0PpoS8@s17                  臂=Continuous-safe  kind=continuous  seed=8 步=9142272 数据集=manifest_official_1300.json 末段到达=20.0
  Continuous-safe_s9_F240oursPpoS9@s14                 臂=Continuous-safe  kind=continuous  seed=9 步=7618560 数据集=manifest_official_1300.json 末段到达=86.0
  Discrete-safe_s8_F240discPpoS8@s13                   臂=Discrete-safe    kind=shielded    seed=8 步=7110656 数据集=manifest_official_1300.json 末段到达=97.0
  Rule-reward_s8_F240rrPpoS8@s04                       臂=Rule-reward      kind=unshielded  seed=8 步=2539520 数据集=manifest_official_1300.json 末段到达=100.0
========================================================================================================
[env] 连续臂 eval env：shield=True cone=None v_floor=2.0 augment_rho=False 去朝向门=False
  [数据集] Base_s8_F240basePpoS8@s03 ← manifest_official_1300.json：训练 1300 / 验证 100
  [数据集] Continuous-safe_s1_F240abBPpoS1@s06 ← manifest_official_1300.json：训练 1300 / 验证 100
  [数据集] Continuous-safe_s2_F240ushPpoS2@s18 ← manifest_official_1300.json：训练 1300 / 验证 100
  [数据集] Continuous-safe_s4_F240abGPpoS4@s08 ← manifest_official_1300.json：训练 1300 / 验证 100
  [数据集] Continuous-safe_s8_F240ab0PpoS8@s17 ← manifest_official_1300.json：训练 1300 / 验证 100
  [数据集] Continuous-safe_s9_F240oursPpoS9@s14 ← manifest_official_1300.json：训练 1300 / 验证 100
  [数据集] Discrete-safe_s8_F240discPpoS8@s13 ← manifest_official_1300.json：训练 1300 / 验证 100
  [数据集] Rule-reward_s8_F240rrPpoS8@s04 ← manifest_official_1300.json：训练 1300 / 验证 100
  …下载 200/600（失败 0）
  …下载 400/600（失败 0）
  …下载 600/600（失败 0）

[池] 官方 1400/600 划分的测试 600（官方 2000 无追越）：N=600（请求 600）·二项 SE@p=0.8 ≈ 1.63pt
[口径] 全部 600 − 训练泄漏 0 = **clean 600** ； 再 − 验证泄漏 0 = **strict 600**
[分型] {'crossing': 395, 'head-on': 205}
[轨迹] 记 ['1', '100', '1006', '1016', '1142', '1181', '1326', '1382', '1546', '1602', '1764', '1802', '190', '217', '371', '410', '5', '540', '608', '714', '852', '920', '992'] 这几个场景的逐步轨迹（`04 §1.5` 第⑥条·离散臂与连续臂同格式可叠图）

────────────────────────────────────────────────────────────────────────────────────────────────────────
▶ Base_s8_F240basePpoS8@s03  臂=Base kind=unshielded seed=8 步=2031616
  …下载 200/1300（失败 0）
  …下载 400/1300（失败 0）
  …下载 600/1300（失败 0）
  …下载 800/1300（失败 0）
  …下载 1000/1300（失败 0）
  …下载 1200/1300（失败 0）
  [锚点] 自记测试集 N=100：记录 100.00% vs 重评 100.00%（差 0.00pt）✅ 逐位复现
  全部                         n= 600  到达 97.83%±0.59  碰撞 2.17%  违规/局  3.11  紧急步   0.0%
  clean（没训练过）                n= 600  到达 97.83%±0.59  碰撞 2.17%  违规/局  3.11  紧急步   0.0%
  strict（真一眼没见过）             n= 600  到达 97.83%±0.59  碰撞 2.17%  违规/局  3.11  紧急步   0.0%
      平滑: jerk 1.074 转艏Δ 0.0169 油门Δ 0.0164 路径 4010m ｜ 次网格细调率: 转艏 0.000 油门 0.000 ｜ 转艏|Δω|: 让路步 — 其他步 0.0169
    · crossing（strict）       n= 395  到达 98.99%±0.50  碰撞 1.01%  违规/局  1.96  紧急步   0.0%
    · head-on（strict）        n= 205  到达 95.61%±1.43  碰撞 4.39%  违规/局  5.33  紧急步   0.0%

────────────────────────────────────────────────────────────────────────────────────────────────────────
▶ Continuous-safe_s1_F240abBPpoS1@s06  臂=Continuous-safe kind=continuous seed=1 步=3555328
  …下载 200/1300（失败 0）
  …下载 400/1300（失败 0）
  …下载 600/1300（失败 0）
  …下载 800/1300（失败 0）
  …下载 1000/1300（失败 0）
  …下载 1200/1300（失败 0）
  [锚点] 自记测试集 N=100：记录 67.00% vs 重评 67.00%（差 0.00pt）✅ 逐位复现
  全部                         n= 600  到达 65.67%±1.94  碰撞 0.17%  违规/局  0.68  紧急步   2.8%  位置进框(宽松) 71.5%
  clean（没训练过）                n= 600  到达 65.67%±1.94  碰撞 0.17%  违规/局  0.68  紧急步   2.8%  位置进框(宽松) 71.5%
  strict（真一眼没见过）             n= 600  到达 65.67%±1.94  碰撞 0.17%  违规/局  0.68  紧急步   2.8%  位置进框(宽松) 71.5%
      平滑: jerk 0.372 转艏Δ 0.0050 油门Δ 0.0079 路径 4092m ｜ 次网格细调率: 转艏 0.700 油门 0.783 ｜ 转艏|Δω|: 让路步 0.0010 其他步 0.0050
    · crossing（strict）       n= 395  到达 72.41%±2.25  碰撞 0.00%  违规/局  0.37  紧急步   2.0%  位置进框(宽松) 79.5%
    · head-on（strict）        n= 205  到达 52.68%±3.49  碰撞 0.49%  违规/局  1.27  紧急步   4.3%  位置进框(宽松) 56.1%

────────────────────────────────────────────────────────────────────────────────────────────────────────
▶ Continuous-safe_s2_F240ushPpoS2@s18  臂=Continuous-safe kind=continuous seed=2 步=9650176
  …下载 200/1300（失败 0）
  …下载 400/1300（失败 0）
  …下载 600/1300（失败 0）
  …下载 800/1300（失败 0）
  …下载 1000/1300（失败 0）
  …下载 1200/1300（失败 0）
  [锚点] 自记测试集 N=100：记录 87.00% vs 重评 87.00%（差 0.00pt）✅ 逐位复现
  全部                         n= 600  到达 91.67%±1.13  碰撞 0.00%  违规/局  1.22  紧急步   3.2%  位置进框(宽松) 94.7%
  clean（没训练过）                n= 600  到达 91.67%±1.13  碰撞 0.00%  违规/局  1.22  紧急步   3.2%  位置进框(宽松) 94.7%
  strict（真一眼没见过）             n= 600  到达 91.67%±1.13  碰撞 0.00%  违规/局  1.22  紧急步   3.2%  位置进框(宽松) 94.7%
      平滑: jerk 1.651 转艏Δ 0.0256 油门Δ 0.0175 路径 4309m ｜ 次网格细调率: 转艏 0.002 油门 0.006 ｜ 转艏|Δω|: 让路步 0.0067 其他步 0.0256
    · crossing（strict）       n= 395  到达 91.14%±1.43  碰撞 0.00%  违规/局  0.59  紧急步   2.2%  位置进框(宽松) 94.4%
    · head-on（strict）        n= 205  到达 92.68%±1.82  碰撞 0.00%  违规/局  2.42  紧急步   5.3%  位置进框(宽松) 95.1%

────────────────────────────────────────────────────────────────────────────────────────────────────────
▶ Continuous-safe_s4_F240abGPpoS4@s08  臂=Continuous-safe kind=continuous seed=4 步=4571136
  …下载 200/1300（失败 0）
  …下载 400/1300（失败 0）
  …下载 600/1300（失败 0）
  …下载 800/1300（失败 0）
  …下载 1000/1300（失败 0）
  …下载 1200/1300（失败 0）
  [锚点] 自记测试集 N=100：记录 3.00% vs 重评 3.00%（差 0.00pt）✅ 逐位复现
/root/miniconda3/lib/python3.10/site-packages/cvxpy/problems/problem.py:1539: UserWarning: Solution may be inaccurate. Try another solver, adjusting the solver settings, or solve with verbose=True for more information.
  warnings.warn(
  全部                         n= 600  到达  2.00%±0.57  碰撞 0.00%  违规/局  1.03  紧急步   6.2%  位置进框(宽松) 59.7%
  clean（没训练过）                n= 600  到达  2.00%±0.57  碰撞 0.00%  违规/局  1.03  紧急步   6.2%  位置进框(宽松) 59.7%
  strict（真一眼没见过）             n= 600  到达  2.00%±0.57  碰撞 0.00%  违规/局  1.03  紧急步   6.2%  位置进框(宽松) 59.7%
      平滑: jerk 0.946 转艏Δ 0.0113 油门Δ 0.0202 路径 5585m ｜ 次网格细调率: 转艏 0.051 油门 0.169 ｜ 转艏|Δω|: 让路步 — 其他步 0.0113
    · crossing（strict）       n= 395  到达  2.53%±0.79  碰撞 0.00%  违规/局  0.70  紧急步   8.1%  位置进框(宽松) 57.2%
    · head-on（strict）        n= 205  到达  0.98%±0.69  碰撞 0.00%  违规/局  1.66  紧急步   2.4%  位置进框(宽松) 64.4%

────────────────────────────────────────────────────────────────────────────────────────────────────────
▶ Continuous-safe_s8_F240ab0PpoS8@s17  臂=Continuous-safe kind=continuous seed=8 步=9142272
  …下载 200/1300（失败 0）
  …下载 400/1300（失败 0）
  …下载 600/1300（失败 0）
  …下载 800/1300（失败 0）
  …下载 1000/1300（失败 0）
  …下载 1200/1300（失败 0）
  [锚点] 自记测试集 N=100：记录 20.00% vs 重评 20.00%（差 0.00pt）✅ 逐位复现
/root/miniconda3/lib/python3.10/site-packages/cvxpy/problems/problem.py:1539: UserWarning: Solution may be inaccurate. Try another solver, adjusting the solver settings, or solve with verbose=True for more information.
  warnings.warn(
  全部                         n= 600  到达 19.17%±1.61  碰撞 0.33%  违规/局  1.10  紧急步   3.8%  位置进框(宽松) 53.3%
  clean（没训练过）                n= 600  到达 19.17%±1.61  碰撞 0.33%  违规/局  1.10  紧急步   3.8%  位置进框(宽松) 53.3%
  strict（真一眼没见过）             n= 600  到达 19.17%±1.61  碰撞 0.33%  违规/局  1.10  紧急步   3.8%  位置进框(宽松) 53.3%
      平滑: jerk 1.318 转艏Δ 0.0215 油门Δ 0.0086 路径 4010m ｜ 次网格细调率: 转艏 0.008 油门 0.008 ｜ 转艏|Δω|: 让路步 0.0077 其他步 0.0216
    · crossing（strict）       n= 395  到达 22.28%±2.09  碰撞 0.25%  违规/局  0.72  紧急步   3.6%  位置进框(宽松) 60.8%
    · head-on（strict）        n= 205  到达 13.17%±2.36  碰撞 0.49%  违规/局  1.82  紧急步   4.1%  位置进框(宽松) 39.0%

────────────────────────────────────────────────────────────────────────────────────────────────────────
▶ Continuous-safe_s9_F240oursPpoS9@s14  臂=Continuous-safe kind=continuous seed=9 步=7618560
  …下载 200/1300（失败 0）
  …下载 400/1300（失败 0）
  …下载 600/1300（失败 0）
  …下载 800/1300（失败 0）
  …下载 1000/1300（失败 0）
  …下载 1200/1300（失败 0）
  [锚点] 自记测试集 N=100：记录 86.00% vs 重评 86.00%（差 0.00pt）✅ 逐位复现
  全部                         n= 600  到达 88.83%±1.29  碰撞 0.00%  违规/局  0.59  紧急步   2.6%  位置进框(宽松) 91.2%
  clean（没训练过）                n= 600  到达 88.83%±1.29  碰撞 0.00%  违规/局  0.59  紧急步   2.6%  位置进框(宽松) 91.2%
  strict（真一眼没见过）             n= 600  到达 88.83%±1.29  碰撞 0.00%  违规/局  0.59  紧急步   2.6%  位置进框(宽松) 91.2%
      平滑: jerk 0.402 转艏Δ 0.0055 油门Δ 0.0083 路径 4318m ｜ 次网格细调率: 转艏 0.651 油门 0.804 ｜ 转艏|Δω|: 让路步 0.0031 其他步 0.0055
    · crossing（strict）       n= 395  到达 91.39%±1.41  碰撞 0.00%  违规/局  0.28  紧急步   2.5%  位置进框(宽松) 92.2%
    · head-on（strict）        n= 205  到达 83.90%±2.57  碰撞 0.00%  违规/局  1.19  紧急步   2.7%  位置进框(宽松) 89.3%

────────────────────────────────────────────────────────────────────────────────────────────────────────
▶ Discrete-safe_s8_F240discPpoS8@s13  臂=Discrete-safe kind=shielded seed=8 步=7110656
  …下载 200/1300（失败 0）
  …下载 400/1300（失败 0）
  …下载 600/1300（失败 0）
  …下载 800/1300（失败 0）
  …下载 1000/1300（失败 0）
  …下载 1200/1300（失败 0）
  [锚点] 自记测试集 N=100：记录 97.00% vs 重评 97.00%（差 0.00pt）✅ 逐位复现
  全部                         n= 600  到达 95.50%±0.85  碰撞 0.17%  违规/局  1.07  紧急步   4.8%
  clean（没训练过）                n= 600  到达 95.50%±0.85  碰撞 0.17%  违规/局  1.07  紧急步   4.8%
  strict（真一眼没见过）             n= 600  到达 95.50%±0.85  碰撞 0.17%  违规/局  1.07  紧急步   4.8%
      平滑: jerk 0.931 转艏Δ 0.0120 油门Δ 0.0230 路径 4230m ｜ 次网格细调率: 转艏 0.000 油门 0.000 ｜ 转艏|Δω|: 让路步 0.0046 其他步 0.0121
    · crossing（strict）       n= 395  到达 95.95%±0.99  碰撞 0.00%  违规/局  0.62  紧急步   4.7%
    · head-on（strict）        n= 205  到达 94.63%±1.57  碰撞 0.49%  违规/局  1.94  紧急步   5.0%

────────────────────────────────────────────────────────────────────────────────────────────────────────
▶ Rule-reward_s8_F240rrPpoS8@s04  臂=Rule-reward kind=unshielded seed=8 步=2539520
  …下载 200/1300（失败 0）
  …下载 400/1300（失败 0）
  …下载 600/1300（失败 0）
  …下载 800/1300（失败 0）
  …下载 1000/1300（失败 0）
  …下载 1200/1300（失败 0）
  [锚点] 自记测试集 N=100：记录 100.00% vs 重评 100.00%（差 0.00pt）✅ 逐位复现
  全部                         n= 600  到达 97.00%±0.70  碰撞 2.33%  违规/局  3.16  紧急步   0.0%
  clean（没训练过）                n= 600  到达 97.00%±0.70  碰撞 2.33%  违规/局  3.16  紧急步   0.0%
  strict（真一眼没见过）             n= 600  到达 97.00%±0.70  碰撞 2.33%  违规/局  3.16  紧急步   0.0%
      平滑: jerk 0.966 转艏Δ 0.0146 油门Δ 0.0154 路径 4024m ｜ 次网格细调率: 转艏 0.000 油门 0.000 ｜ 转艏|Δω|: 让路步 — 其他步 0.0146
    · crossing（strict）       n= 395  到达 98.48%±0.62  碰撞 0.76%  违规/局  1.88  紧急步   0.0%
    · head-on（strict）        n= 205  到达 94.15%±1.64  碰撞 5.37%  违规/局  5.63  紧急步   0.0%

────────────────────────────────────────────────────────────────────────────────────────────────────────
■ 锚点汇总（8 个 ckpt）：平均有符号差 +0.00pt · 最大绝对差 0.00pt · 8 个逐位复现 / 0 偏高 / 0 偏低
  判读：平均差 ≈ 0 且正负混杂 ⟹ 只是浮点重放噪声，**eval 配置正确**；若平均差明显偏离 0 且方向一致 ⟹ 配置很可能真的错了，别信本次数字。

[reeval_official] 完成 → /root/trb/结果/正式-最佳/g6.json
[轨迹] 8 个 checkpoint × 23 个场景 → /root/trb/结果/正式-最佳/g6_traj.json
