========================================================================================================
[reeval_official r13-2026-07-27] 发现 8 个 checkpoint：
  Base_s9_F240basePpoS9@s13                            臂=Base             kind=unshielded  seed=9 步=7110656 数据集=manifest_official_1300.json 末段到达=99.0
  Continuous-safe_s1_F240abGPpoS1@s18                  臂=Continuous-safe  kind=continuous  seed=1 步=9650176 数据集=manifest_official_1300.json 末段到达=77.0
  Continuous-safe_s3_F240ab0PpoS3@s16                  臂=Continuous-safe  kind=continuous  seed=3 步=8634368 数据集=manifest_official_1300.json 末段到达=87.0
  Continuous-safe_s4_F240oursPpoS4@s11                 臂=Continuous-safe  kind=continuous  seed=4 步=6094848 数据集=manifest_official_1300.json 末段到达=90.0
  Continuous-safe_s8_F240abBPpoS8@s17                  臂=Continuous-safe  kind=continuous  seed=8 步=9142272 数据集=manifest_official_1300.json 末段到达=44.0
  Continuous-safe_s9_F240ushPpoS9@s17                  臂=Continuous-safe  kind=continuous  seed=9 步=9142272 数据集=manifest_official_1300.json 末段到达=78.0
  Discrete-safe_s9_F240discPpoS9@s17                   臂=Discrete-safe    kind=shielded    seed=9 步=9142272 数据集=manifest_official_1300.json 末段到达=12.0
  Rule-reward_s9_F240rrPpoS9@s18                       臂=Rule-reward      kind=unshielded  seed=9 步=9650176 数据集=manifest_official_1300.json 末段到达=99.0
========================================================================================================
[env] 连续臂 eval env：shield=True cone=None v_floor=2.0 augment_rho=False 去朝向门=False
  [数据集] Base_s9_F240basePpoS9@s13 ← manifest_official_1300.json：训练 1300 / 验证 100
  [数据集] Continuous-safe_s1_F240abGPpoS1@s18 ← manifest_official_1300.json：训练 1300 / 验证 100
  [数据集] Continuous-safe_s3_F240ab0PpoS3@s16 ← manifest_official_1300.json：训练 1300 / 验证 100
  [数据集] Continuous-safe_s4_F240oursPpoS4@s11 ← manifest_official_1300.json：训练 1300 / 验证 100
  [数据集] Continuous-safe_s8_F240abBPpoS8@s17 ← manifest_official_1300.json：训练 1300 / 验证 100
  [数据集] Continuous-safe_s9_F240ushPpoS9@s17 ← manifest_official_1300.json：训练 1300 / 验证 100
  [数据集] Discrete-safe_s9_F240discPpoS9@s17 ← manifest_official_1300.json：训练 1300 / 验证 100
  [数据集] Rule-reward_s9_F240rrPpoS9@s18 ← manifest_official_1300.json：训练 1300 / 验证 100
  …下载 200/600（失败 0）
  …下载 400/600（失败 0）
  …下载 600/600（失败 0）

[池] 官方 1400/600 划分的测试 600（官方 2000 无追越）：N=600（请求 600）·二项 SE@p=0.8 ≈ 1.63pt
[口径] 全部 600 − 训练泄漏 0 = **clean 600** ； 再 − 验证泄漏 0 = **strict 600**
[分型] {'crossing': 395, 'head-on': 205}
[轨迹] 记 ['1', '100', '1006', '1016', '1142', '1181', '1326', '1382', '1546', '1602', '1764', '1802', '190', '217', '371', '410', '5', '540', '608', '714', '852', '920', '992'] 这几个场景的逐步轨迹（`04 §1.5` 第⑥条·离散臂与连续臂同格式可叠图）

────────────────────────────────────────────────────────────────────────────────────────────────────────
▶ Base_s9_F240basePpoS9@s13  臂=Base kind=unshielded seed=9 步=7110656
  …下载 200/1300（失败 0）
  …下载 400/1300（失败 0）
  …下载 600/1300（失败 0）
  …下载 800/1300（失败 0）
  …下载 1000/1300（失败 0）
  …下载 1200/1300（失败 0）
  [锚点] 自记测试集 N=100：记录 99.00% vs 重评 99.00%（差 0.00pt）✅ 逐位复现
  全部                         n= 600  到达 97.33%±0.66  碰撞 2.33%  违规/局  3.05  紧急步   0.0%
  clean（没训练过）                n= 600  到达 97.33%±0.66  碰撞 2.33%  违规/局  3.05  紧急步   0.0%
  strict（真一眼没见过）             n= 600  到达 97.33%±0.66  碰撞 2.33%  违规/局  3.05  紧急步   0.0%
      平滑: jerk 0.893 转艏Δ 0.0135 油门Δ 0.0154 路径 4029m ｜ 次网格细调率: 转艏 0.000 油门 0.000 ｜ 转艏|Δω|: 让路步 — 其他步 0.0135
    · crossing（strict）       n= 395  到达 99.49%±0.36  碰撞 0.25%  违规/局  2.02  紧急步   0.0%
    · head-on（strict）        n= 205  到达 93.17%±1.76  碰撞 6.34%  违规/局  5.05  紧急步   0.0%

────────────────────────────────────────────────────────────────────────────────────────────────────────
▶ Continuous-safe_s1_F240abGPpoS1@s18  臂=Continuous-safe kind=continuous seed=1 步=9650176
  …下载 200/1300（失败 0）
  …下载 400/1300（失败 0）
  …下载 600/1300（失败 0）
  …下载 800/1300（失败 0）
  …下载 1000/1300（失败 0）
  …下载 1200/1300（失败 0）
  [锚点] 自记测试集 N=100：记录 77.00% vs 重评 77.00%（差 0.00pt）✅ 逐位复现
  全部                         n= 600  到达 71.83%±1.84  碰撞 0.00%  违规/局  0.78  紧急步   2.9%  位置进框(宽松) 78.3%
  clean（没训练过）                n= 600  到达 71.83%±1.84  碰撞 0.00%  违规/局  0.78  紧急步   2.9%  位置进框(宽松) 78.3%
  strict（真一眼没见过）             n= 600  到达 71.83%±1.84  碰撞 0.00%  违规/局  0.78  紧急步   2.9%  位置进框(宽松) 78.3%
      平滑: jerk 0.841 转艏Δ 0.0140 油门Δ 0.0038 路径 4275m ｜ 次网格细调率: 转艏 0.003 油门 0.004 ｜ 转艏|Δω|: 让路步 0.0042 其他步 0.0142
    · crossing（strict）       n= 395  到达 78.73%±2.06  碰撞 0.00%  违规/局  0.62  紧急步   3.6%  位置进框(宽松) 83.5%
    · head-on（strict）        n= 205  到达 58.54%±3.44  碰撞 0.00%  违规/局  1.08  紧急步   1.5%  位置进框(宽松) 68.3%

────────────────────────────────────────────────────────────────────────────────────────────────────────
▶ Continuous-safe_s3_F240ab0PpoS3@s16  臂=Continuous-safe kind=continuous seed=3 步=8634368
  …下载 200/1300（失败 0）
  …下载 400/1300（失败 0）
  …下载 600/1300（失败 0）
  …下载 800/1300（失败 0）
  …下载 1000/1300（失败 0）
  …下载 1200/1300（失败 0）
  [锚点] 自记测试集 N=100：记录 87.00% vs 重评 87.00%（差 0.00pt）✅ 逐位复现
  全部                         n= 600  到达 88.33%±1.31  碰撞 0.33%  违规/局  1.47  紧急步   3.6%  位置进框(宽松) 91.0%
  clean（没训练过）                n= 600  到达 88.33%±1.31  碰撞 0.33%  违规/局  1.47  紧急步   3.6%  位置进框(宽松) 91.0%
  strict（真一眼没见过）             n= 600  到达 88.33%±1.31  碰撞 0.33%  违规/局  1.47  紧急步   3.6%  位置进框(宽松) 91.0%
      平滑: jerk 1.015 转艏Δ 0.0170 油门Δ 0.0050 路径 4168m ｜ 次网格细调率: 转艏 0.003 油门 0.003 ｜ 转艏|Δω|: 让路步 0.0041 其他步 0.0170
    · crossing（strict）       n= 395  到达 90.63%±1.47  碰撞 0.25%  违规/局  0.87  紧急步   3.0%  位置进框(宽松) 92.7%
    · head-on（strict）        n= 205  到达 83.90%±2.57  碰撞 0.49%  违规/局  2.63  紧急步   4.8%  位置进框(宽松) 87.8%

────────────────────────────────────────────────────────────────────────────────────────────────────────
▶ Continuous-safe_s4_F240oursPpoS4@s11  臂=Continuous-safe kind=continuous seed=4 步=6094848
  …下载 200/1300（失败 0）
  …下载 400/1300（失败 0）
  …下载 600/1300（失败 0）
  …下载 800/1300（失败 0）
  …下载 1000/1300（失败 0）
  …下载 1200/1300（失败 0）
  [锚点] 自记测试集 N=100：记录 90.00% vs 重评 90.00%（差 0.00pt）✅ 逐位复现
/root/miniconda3/lib/python3.10/site-packages/cvxpy/problems/problem.py:1539: UserWarning: Solution may be inaccurate. Try another solver, adjusting the solver settings, or solve with verbose=True for more information.
  warnings.warn(
  全部                         n= 600  到达 87.67%±1.34  碰撞 0.17%  违规/局  0.75  紧急步   2.8%  位置进框(宽松) 92.0%
  clean（没训练过）                n= 600  到达 87.67%±1.34  碰撞 0.17%  违规/局  0.75  紧急步   2.8%  位置进框(宽松) 92.0%
  strict（真一眼没见过）             n= 600  到达 87.67%±1.34  碰撞 0.17%  违规/局  0.75  紧急步   2.8%  位置进框(宽松) 92.0%
      平滑: jerk 0.423 转艏Δ 0.0062 油门Δ 0.0073 路径 4302m ｜ 次网格细调率: 转艏 0.648 油门 0.847 ｜ 转艏|Δω|: 让路步 0.0045 其他步 0.0063
    · crossing（strict）       n= 395  到达 92.66%±1.31  碰撞 0.00%  违规/局  0.40  紧急步   2.9%  位置进框(宽松) 95.4%
    · head-on（strict）        n= 205  到达 78.05%±2.89  碰撞 0.49%  违规/局  1.41  紧急步   2.6%  位置进框(宽松) 85.4%

────────────────────────────────────────────────────────────────────────────────────────────────────────
▶ Continuous-safe_s8_F240abBPpoS8@s17  臂=Continuous-safe kind=continuous seed=8 步=9142272
  …下载 200/1300（失败 0）
  …下载 400/1300（失败 0）
  …下载 600/1300（失败 0）
  …下载 800/1300（失败 0）
  …下载 1000/1300（失败 0）
  …下载 1200/1300（失败 0）
  [锚点] 自记测试集 N=100：记录 44.00% vs 重评 44.00%（差 0.00pt）✅ 逐位复现
/root/miniconda3/lib/python3.10/site-packages/cvxpy/problems/problem.py:1539: UserWarning: Solution may be inaccurate. Try another solver, adjusting the solver settings, or solve with verbose=True for more information.
  warnings.warn(
  全部                         n= 600  到达 38.33%±1.98  碰撞 0.17%  违规/局  0.70  紧急步   2.3%  位置进框(宽松) 81.3%
  clean（没训练过）                n= 600  到达 38.33%±1.98  碰撞 0.17%  违规/局  0.70  紧急步   2.3%  位置进框(宽松) 81.3%
  strict（真一眼没见过）             n= 600  到达 38.33%±1.98  碰撞 0.17%  违规/局  0.70  紧急步   2.3%  位置进框(宽松) 81.3%
      平滑: jerk 0.577 转艏Δ 0.0087 油门Δ 0.0088 路径 4155m ｜ 次网格细调率: 转艏 0.510 油门 0.647 ｜ 转艏|Δω|: 让路步 0.0006 其他步 0.0087
    · crossing（strict）       n= 395  到达 38.48%±2.45  碰撞 0.25%  违规/局  0.52  紧急步   2.2%  位置进框(宽松) 83.5%
    · head-on（strict）        n= 205  到达 38.05%±3.39  碰撞 0.00%  违规/局  1.06  紧急步   2.6%  位置进框(宽松) 77.1%

────────────────────────────────────────────────────────────────────────────────────────────────────────
▶ Continuous-safe_s9_F240ushPpoS9@s17  臂=Continuous-safe kind=continuous seed=9 步=9142272
  …下载 200/1300（失败 0）
  …下载 400/1300（失败 0）
  …下载 600/1300（失败 0）
  …下载 800/1300（失败 0）
  …下载 1000/1300（失败 0）
  …下载 1200/1300（失败 0）
  [锚点] 自记测试集 N=100：记录 78.00% vs 重评 78.00%（差 0.00pt）✅ 逐位复现
/root/miniconda3/lib/python3.10/site-packages/cvxpy/problems/problem.py:1539: UserWarning: Solution may be inaccurate. Try another solver, adjusting the solver settings, or solve with verbose=True for more information.
  warnings.warn(
  全部                         n= 600  到达 71.67%±1.84  碰撞 0.17%  违规/局  1.05  紧急步   3.9%  位置进框(宽松) 75.8%
  clean（没训练过）                n= 600  到达 71.67%±1.84  碰撞 0.17%  违规/局  1.05  紧急步   3.9%  位置进框(宽松) 75.8%
  strict（真一眼没见过）             n= 600  到达 71.67%±1.84  碰撞 0.17%  违规/局  1.05  紧急步   3.9%  位置进框(宽松) 75.8%
      平滑: jerk 1.666 转艏Δ 0.0253 油门Δ 0.0203 路径 4166m ｜ 次网格细调率: 转艏 0.002 油门 0.006 ｜ 转艏|Δω|: 让路步 0.0067 其他步 0.0253
    · crossing（strict）       n= 395  到达 72.66%±2.24  碰撞 0.25%  违规/局  0.80  紧急步   3.6%  位置进框(宽松) 77.2%
    · head-on（strict）        n= 205  到达 69.76%±3.21  碰撞 0.00%  违规/局  1.53  紧急步   4.5%  位置进框(宽松) 73.2%

────────────────────────────────────────────────────────────────────────────────────────────────────────
▶ Discrete-safe_s9_F240discPpoS9@s17  臂=Discrete-safe kind=shielded seed=9 步=9142272
  …下载 200/1300（失败 0）
  …下载 400/1300（失败 0）
  …下载 600/1300（失败 0）
  …下载 800/1300（失败 0）
  …下载 1000/1300（失败 0）
  …下载 1200/1300（失败 0）
  [锚点] 自记测试集 N=100：记录 12.00% vs 重评 12.00%（差 0.00pt）✅ 逐位复现
  全部                         n= 600  到达  9.50%±1.20  碰撞 1.50%  违规/局  1.43  紧急步   6.7%
  clean（没训练过）                n= 600  到达  9.50%±1.20  碰撞 1.50%  违规/局  1.43  紧急步   6.7%
  strict（真一眼没见过）             n= 600  到达  9.50%±1.20  碰撞 1.50%  违规/局  1.43  紧急步   6.7%
      平滑: jerk 1.031 转艏Δ 0.0139 油门Δ 0.0252 路径 4099m ｜ 次网格细调率: 转艏 0.000 油门 0.000 ｜ 转艏|Δω|: 让路步 0.0100 其他步 0.0139
    · crossing（strict）       n= 395  到达 13.16%±1.70  碰撞 2.03%  违规/局  1.62  紧急步   9.6%
    · head-on（strict）        n= 205  到达  2.44%±1.08  碰撞 0.49%  违规/局  1.07  紧急步   1.2%

────────────────────────────────────────────────────────────────────────────────────────────────────────
▶ Rule-reward_s9_F240rrPpoS9@s18  臂=Rule-reward kind=unshielded seed=9 步=9650176
  …下载 200/1300（失败 0）
  …下载 400/1300（失败 0）
  …下载 600/1300（失败 0）
  …下载 800/1300（失败 0）
  …下载 1000/1300（失败 0）
  …下载 1200/1300（失败 0）
  [锚点] 自记测试集 N=100：记录 99.00% vs 重评 99.00%（差 0.00pt）✅ 逐位复现
  全部                         n= 600  到达 98.50%±0.50  碰撞 1.50%  违规/局  2.49  紧急步   0.0%
  clean（没训练过）                n= 600  到达 98.50%±0.50  碰撞 1.50%  违规/局  2.49  紧急步   0.0%
  strict（真一眼没见过）             n= 600  到达 98.50%±0.50  碰撞 1.50%  违规/局  2.49  紧急步   0.0%
      平滑: jerk 0.806 转艏Δ 0.0118 油门Δ 0.0152 路径 4054m ｜ 次网格细调率: 转艏 0.000 油门 0.000 ｜ 转艏|Δω|: 让路步 — 其他步 0.0118
    · crossing（strict）       n= 395  到达 99.49%±0.36  碰撞 0.51%  违规/局  1.12  紧急步   0.0%
    · head-on（strict）        n= 205  到达 96.59%±1.27  碰撞 3.41%  违规/局  5.12  紧急步   0.0%

────────────────────────────────────────────────────────────────────────────────────────────────────────
■ 锚点汇总（8 个 ckpt）：平均有符号差 +0.00pt · 最大绝对差 0.00pt · 8 个逐位复现 / 0 偏高 / 0 偏低
  判读：平均差 ≈ 0 且正负混杂 ⟹ 只是浮点重放噪声，**eval 配置正确**；若平均差明显偏离 0 且方向一致 ⟹ 配置很可能真的错了，别信本次数字。

[reeval_official] 完成 → /root/trb/结果/正式-最佳/g7.json
[轨迹] 8 个 checkpoint × 23 个场景 → /root/trb/结果/正式-最佳/g7_traj.json
