========================================================================================================
[reeval_official r13-2026-07-27] 发现 8 个 checkpoint：
  Continuous-safe_s0_F240unsPpoS0@s08                  臂=Continuous-safe  kind=continuous  seed=0 步=4571136 数据集=manifest_official_1300.json 末段到达=98.0
  Continuous-safe_s1_F240unsPpoS1@s13                  臂=Continuous-safe  kind=continuous  seed=1 步=7110656 数据集=manifest_official_1300.json 末段到达=98.0
  Continuous-safe_s2_F240unsPpoS2@s16                  臂=Continuous-safe  kind=continuous  seed=2 步=8634368 数据集=manifest_official_1300.json 末段到达=98.0
  Continuous-safe_s3_F240unsPpoS3@s11                  臂=Continuous-safe  kind=continuous  seed=3 步=6094848 数据集=manifest_official_1300.json 末段到达=96.0
  Continuous-safe_s4_F240unsPpoS4@s14                  臂=Continuous-safe  kind=continuous  seed=4 步=7618560 数据集=manifest_official_1300.json 末段到达=99.0
  Continuous-safe_s5_F240unsPpoS5@s10                  臂=Continuous-safe  kind=continuous  seed=5 步=5586944 数据集=manifest_official_1300.json 末段到达=96.0
  Continuous-safe_s8_F240unsPpoS8@s14                  臂=Continuous-safe  kind=continuous  seed=8 步=7618560 数据集=manifest_official_1300.json 末段到达=99.0
  Continuous-safe_s9_F240unsPpoS9@s15                  臂=Continuous-safe  kind=continuous  seed=9 步=8126464 数据集=manifest_official_1300.json 末段到达=8.0
========================================================================================================
[env] 连续臂 eval env：shield=False cone=None v_floor=2.0 augment_rho=False 去朝向门=False
  [数据集] Continuous-safe_s0_F240unsPpoS0@s08 ← manifest_official_1300.json：训练 1300 / 验证 100
  [数据集] Continuous-safe_s1_F240unsPpoS1@s13 ← manifest_official_1300.json：训练 1300 / 验证 100
  [数据集] Continuous-safe_s2_F240unsPpoS2@s16 ← manifest_official_1300.json：训练 1300 / 验证 100
  [数据集] Continuous-safe_s3_F240unsPpoS3@s11 ← manifest_official_1300.json：训练 1300 / 验证 100
  [数据集] Continuous-safe_s4_F240unsPpoS4@s14 ← manifest_official_1300.json：训练 1300 / 验证 100
  [数据集] Continuous-safe_s5_F240unsPpoS5@s10 ← manifest_official_1300.json：训练 1300 / 验证 100
  [数据集] Continuous-safe_s8_F240unsPpoS8@s14 ← manifest_official_1300.json：训练 1300 / 验证 100
  [数据集] Continuous-safe_s9_F240unsPpoS9@s15 ← manifest_official_1300.json：训练 1300 / 验证 100
  …下载 200/600（失败 0）
  …下载 400/600（失败 0）
  …下载 600/600（失败 0）

[池] 官方 1400/600 划分的测试 600（官方 2000 无追越）：N=600（请求 600）·二项 SE@p=0.8 ≈ 1.63pt
[口径] 全部 600 − 训练泄漏 0 = **clean 600** ； 再 − 验证泄漏 0 = **strict 600**
[分型] {'crossing': 395, 'head-on': 205}
[轨迹] 记 ['1', '100', '1006', '1016', '1142', '1181', '1326', '1382', '1546', '1602', '1764', '1802', '190', '217', '371', '410', '5', '540', '608', '714', '852', '920', '992'] 这几个场景的逐步轨迹（`04 §1.5` 第⑥条·离散臂与连续臂同格式可叠图）

────────────────────────────────────────────────────────────────────────────────────────────────────────
▶ Continuous-safe_s0_F240unsPpoS0@s08  臂=Continuous-safe kind=continuous seed=0 步=4571136
  …下载 200/1300（失败 0）
  …下载 400/1300（失败 0）
  …下载 600/1300（失败 0）
  …下载 800/1300（失败 0）
  …下载 1000/1300（失败 0）
  …下载 1200/1300（失败 0）
  [锚点] 自记测试集 N=100：记录 98.00% vs 重评 98.00%（差 0.00pt）✅ 逐位复现
  全部                         n= 600  到达 98.67%±0.47  碰撞 0.83%  违规/局  4.50  紧急步   0.0%  位置进框(宽松) 98.8%
  clean（没训练过）                n= 600  到达 98.67%±0.47  碰撞 0.83%  违规/局  4.50  紧急步   0.0%  位置进框(宽松) 98.8%
  strict（真一眼没见过）             n= 600  到达 98.67%±0.47  碰撞 0.83%  违规/局  4.50  紧急步   0.0%  位置进框(宽松) 98.8%
      平滑: jerk 1.668 转艏Δ 0.0279 油门Δ 0.0108 路径 4032m ｜ 次网格细调率: 转艏 0.013 油门 0.033 ｜ 转艏|Δω|: 让路步 — 其他步 0.0279
    · crossing（strict）       n= 395  到达 98.99%±0.50  碰撞 0.25%  违规/局  2.50  紧急步   0.0%  位置进框(宽松) 99.2%
    · head-on（strict）        n= 205  到达 98.05%±0.97  碰撞 1.95%  违规/局  8.35  紧急步   0.0%  位置进框(宽松) 98.0%

────────────────────────────────────────────────────────────────────────────────────────────────────────
▶ Continuous-safe_s1_F240unsPpoS1@s13  臂=Continuous-safe kind=continuous seed=1 步=7110656
  …下载 200/1300（失败 0）
  …下载 400/1300（失败 0）
  …下载 600/1300（失败 0）
  …下载 800/1300（失败 0）
  …下载 1000/1300（失败 0）
  …下载 1200/1300（失败 0）
  [锚点] 自记测试集 N=100：记录 98.00% vs 重评 98.00%（差 0.00pt）✅ 逐位复现
  全部                         n= 600  到达 99.33%±0.33  碰撞 0.50%  违规/局  3.99  紧急步   0.0%  位置进框(宽松) 99.3%
  clean（没训练过）                n= 600  到达 99.33%±0.33  碰撞 0.50%  违规/局  3.99  紧急步   0.0%  位置进框(宽松) 99.3%
  strict（真一眼没见过）             n= 600  到达 99.33%±0.33  碰撞 0.50%  违规/局  3.99  紧急步   0.0%  位置进框(宽松) 99.3%
      平滑: jerk 1.692 转艏Δ 0.0283 油门Δ 0.0104 路径 4036m ｜ 次网格细调率: 转艏 0.006 油门 0.010 ｜ 转艏|Δω|: 让路步 — 其他步 0.0283
    · crossing（strict）       n= 395  到达 99.75%±0.25  碰撞 0.00%  违规/局  2.42  紧急步   0.0%  位置进框(宽松) 99.7%
    · head-on（strict）        n= 205  到达 98.54%±0.84  碰撞 1.46%  违规/局  7.03  紧急步   0.0%  位置进框(宽松) 98.5%

────────────────────────────────────────────────────────────────────────────────────────────────────────
▶ Continuous-safe_s2_F240unsPpoS2@s16  臂=Continuous-safe kind=continuous seed=2 步=8634368
  …下载 200/1300（失败 0）
  …下载 400/1300（失败 0）
  …下载 600/1300（失败 0）
  …下载 800/1300（失败 0）
  …下载 1000/1300（失败 0）
  …下载 1200/1300（失败 0）
  [锚点] 自记测试集 N=100：记录 98.00% vs 重评 98.00%（差 0.00pt）✅ 逐位复现
  全部                         n= 600  到达 99.00%±0.41  碰撞 1.00%  违规/局  4.38  紧急步   0.0%  位置进框(宽松) 99.0%
  clean（没训练过）                n= 600  到达 99.00%±0.41  碰撞 1.00%  违规/局  4.38  紧急步   0.0%  位置进框(宽松) 99.0%
  strict（真一眼没见过）             n= 600  到达 99.00%±0.41  碰撞 1.00%  违规/局  4.38  紧急步   0.0%  位置进框(宽松) 99.0%
      平滑: jerk 1.587 转艏Δ 0.0267 油门Δ 0.0082 路径 4051m ｜ 次网格细调率: 转艏 0.003 油门 0.008 ｜ 转艏|Δω|: 让路步 — 其他步 0.0267
    · crossing（strict）       n= 395  到达 100.00%±0.00  碰撞 0.00%  违规/局  2.58  紧急步   0.0%  位置进框(宽松) 100.0%
    · head-on（strict）        n= 205  到达 97.07%±1.18  碰撞 2.93%  违规/局  7.82  紧急步   0.0%  位置进框(宽松) 97.1%

────────────────────────────────────────────────────────────────────────────────────────────────────────
▶ Continuous-safe_s3_F240unsPpoS3@s11  臂=Continuous-safe kind=continuous seed=3 步=6094848
  …下载 200/1300（失败 0）
  …下载 400/1300（失败 0）
  …下载 600/1300（失败 0）
  …下载 800/1300（失败 0）
  …下载 1000/1300（失败 0）
  …下载 1200/1300（失败 0）
  [锚点] 自记测试集 N=100：记录 96.00% vs 重评 96.00%（差 0.00pt）✅ 逐位复现
  全部                         n= 600  到达 95.50%±0.85  碰撞 1.33%  违规/局  4.30  紧急步   0.0%  位置进框(宽松) 98.7%
  clean（没训练过）                n= 600  到达 95.50%±0.85  碰撞 1.33%  违规/局  4.30  紧急步   0.0%  位置进框(宽松) 98.7%
  strict（真一眼没见过）             n= 600  到达 95.50%±0.85  碰撞 1.33%  违规/局  4.30  紧急步   0.0%  位置进框(宽松) 98.7%
      平滑: jerk 1.562 转艏Δ 0.0231 油门Δ 0.0153 路径 4316m ｜ 次网格细调率: 转艏 0.016 油门 0.082 ｜ 转艏|Δω|: 让路步 — 其他步 0.0231
    · crossing（strict）       n= 395  到达 96.46%±0.93  碰撞 0.25%  违规/局  3.12  紧急步   0.0%  位置进框(宽松) 99.7%
    · head-on（strict）        n= 205  到达 93.66%±1.70  碰撞 3.41%  违规/局  6.58  紧急步   0.0%  位置进框(宽松) 96.6%

────────────────────────────────────────────────────────────────────────────────────────────────────────
▶ Continuous-safe_s4_F240unsPpoS4@s14  臂=Continuous-safe kind=continuous seed=4 步=7618560
  …下载 200/1300（失败 0）
  …下载 400/1300（失败 0）
  …下载 600/1300（失败 0）
  …下载 800/1300（失败 0）
  …下载 1000/1300（失败 0）
  …下载 1200/1300（失败 0）
  [锚点] 自记测试集 N=100：记录 99.00% vs 重评 99.00%（差 0.00pt）✅ 逐位复现
  全部                         n= 600  到达 97.17%±0.68  碰撞 2.67%  违规/局  4.63  紧急步   0.0%  位置进框(宽松) 97.3%
  clean（没训练过）                n= 600  到达 97.17%±0.68  碰撞 2.67%  违规/局  4.63  紧急步   0.0%  位置进框(宽松) 97.3%
  strict（真一眼没见过）             n= 600  到达 97.17%±0.68  碰撞 2.67%  违规/局  4.63  紧急步   0.0%  位置进框(宽松) 97.3%
      平滑: jerk 1.596 转艏Δ 0.0263 油门Δ 0.0099 路径 4059m ｜ 次网格细调率: 转艏 0.004 油门 0.013 ｜ 转艏|Δω|: 让路步 — 其他步 0.0263
    · crossing（strict）       n= 395  到达 99.24%±0.44  碰撞 0.76%  违规/局  2.34  紧急步   0.0%  位置进框(宽松) 99.2%
    · head-on（strict）        n= 205  到达 93.17%±1.76  碰撞 6.34%  违规/局  9.05  紧急步   0.0%  位置进框(宽松) 93.7%

────────────────────────────────────────────────────────────────────────────────────────────────────────
▶ Continuous-safe_s5_F240unsPpoS5@s10  臂=Continuous-safe kind=continuous seed=5 步=5586944
  …下载 200/1300（失败 0）
  …下载 400/1300（失败 0）
  …下载 600/1300（失败 0）
  …下载 800/1300（失败 0）
  …下载 1000/1300（失败 0）
  …下载 1200/1300（失败 0）
  [锚点] 自记测试集 N=100：记录 96.00% vs 重评 96.00%（差 0.00pt）✅ 逐位复现
  全部                         n= 600  到达 98.67%±0.47  碰撞 1.17%  违规/局  4.03  紧急步   0.0%  位置进框(宽松) 98.8%
  clean（没训练过）                n= 600  到达 98.67%±0.47  碰撞 1.17%  违规/局  4.03  紧急步   0.0%  位置进框(宽松) 98.8%
  strict（真一眼没见过）             n= 600  到达 98.67%±0.47  碰撞 1.17%  违规/局  4.03  紧急步   0.0%  位置进框(宽松) 98.8%
      平滑: jerk 1.646 转艏Δ 0.0285 油门Δ 0.0069 路径 3994m ｜ 次网格细调率: 转艏 0.015 油门 0.124 ｜ 转艏|Δω|: 让路步 — 其他步 0.0285
    · crossing（strict）       n= 395  到达 99.75%±0.25  碰撞 0.00%  违规/局  2.32  紧急步   0.0%  位置进框(宽松) 100.0%
    · head-on（strict）        n= 205  到达 96.59%±1.27  碰撞 3.41%  违规/局  7.32  紧急步   0.0%  位置进框(宽松) 96.6%

────────────────────────────────────────────────────────────────────────────────────────────────────────
▶ Continuous-safe_s8_F240unsPpoS8@s14  臂=Continuous-safe kind=continuous seed=8 步=7618560
  …下载 200/1300（失败 0）
  …下载 400/1300（失败 0）
  …下载 600/1300（失败 0）
  …下载 800/1300（失败 0）
  …下载 1000/1300（失败 0）
  …下载 1200/1300（失败 0）
  [锚点] 自记测试集 N=100：记录 99.00% vs 重评 99.00%（差 0.00pt）✅ 逐位复现
  全部                         n= 600  到达 97.33%±0.66  碰撞 2.67%  违规/局  4.82  紧急步   0.0%  位置进框(宽松) 97.3%
  clean（没训练过）                n= 600  到达 97.33%±0.66  碰撞 2.67%  违规/局  4.82  紧急步   0.0%  位置进框(宽松) 97.3%
  strict（真一眼没见过）             n= 600  到达 97.33%±0.66  碰撞 2.67%  违规/局  4.82  紧急步   0.0%  位置进框(宽松) 97.3%
      平滑: jerk 1.607 转艏Δ 0.0266 油门Δ 0.0113 路径 4031m ｜ 次网格细调率: 转艏 0.004 油门 0.012 ｜ 转艏|Δω|: 让路步 — 其他步 0.0266
    · crossing（strict）       n= 395  到达 98.99%±0.50  碰撞 1.01%  违规/局  3.03  紧急步   0.0%  位置进框(宽松) 99.0%
    · head-on（strict）        n= 205  到达 94.15%±1.64  碰撞 5.85%  违规/局  8.27  紧急步   0.0%  位置进框(宽松) 94.1%

────────────────────────────────────────────────────────────────────────────────────────────────────────
▶ Continuous-safe_s9_F240unsPpoS9@s15  臂=Continuous-safe kind=continuous seed=9 步=8126464
  …下载 200/1300（失败 0）
  …下载 400/1300（失败 0）
  …下载 600/1300（失败 0）
  …下载 800/1300（失败 0）
  …下载 1000/1300（失败 0）
  …下载 1200/1300（失败 0）
  [锚点] 自记测试集 N=100：记录 8.00% vs 重评 8.00%（差 0.00pt）✅ 逐位复现
  全部                         n= 600  到达  7.50%±1.08  碰撞 3.83%  违规/局  5.57  紧急步   0.0%  位置进框(宽松) 96.5%
  clean（没训练过）                n= 600  到达  7.50%±1.08  碰撞 3.83%  违规/局  5.57  紧急步   0.0%  位置进框(宽松) 96.5%
  strict（真一眼没见过）             n= 600  到达  7.50%±1.08  碰撞 3.83%  违规/局  5.57  紧急步   0.0%  位置进框(宽松) 96.5%
      平滑: jerk 1.651 转艏Δ 0.0243 油门Δ 0.0226 路径 4131m ｜ 次网格细调率: 转艏 0.022 油门 0.050 ｜ 转艏|Δω|: 让路步 — 其他步 0.0243
    · crossing（strict）       n= 395  到达  6.58%±1.25  碰撞 2.53%  违规/局  4.81  紧急步   0.0%  位置进框(宽松) 98.0%
    · head-on（strict）        n= 205  到达  9.27%±2.03  碰撞 6.34%  违规/局  7.02  紧急步   0.0%  位置进框(宽松) 93.7%

────────────────────────────────────────────────────────────────────────────────────────────────────────
■ 锚点汇总（8 个 ckpt）：平均有符号差 +0.00pt · 最大绝对差 0.00pt · 8 个逐位复现 / 0 偏高 / 0 偏低
  判读：平均差 ≈ 0 且正负混杂 ⟹ 只是浮点重放噪声，**eval 配置正确**；若平均差明显偏离 0 且方向一致 ⟹ 配置很可能真的错了，别信本次数字。

[reeval_official] 完成 → /root/trb/结果/正式-最佳/g8.json
[轨迹] 8 个 checkpoint × 23 个场景 → /root/trb/结果/正式-最佳/g8_traj.json
