========================================================================================================
[run_baselines_official rb2-2026-07-27] runner=b3-2026-07-27 · reeval=r13-2026-07-27
  方法=['vo', 'cbf', 'pd'] · 箱=['rl', 'full'] · 变体=['colregs'] · 标称=pd
  ⚠️ 提示：`full` 档（全物理量程）下【平顺度族 + 次网格族】指标必然为空——过滤门写死在 RL 箱内，full 档没有一步落在箱内。这是设计使然、不是缺陷；平顺度只在 `rl` 档报（L226-J）。
[env] 外部基线 env：shield=False（固定）· 去朝向门=False · augment_rho=False · clip_velocity=True（同 replay_eval 默认）
[泄漏集] {'manifest_hocr_200.json': {'训练': 94, '验证': 40}} → 训练键 94 · 验证键 40
  …下载 200/600（失败 0）
  …下载 400/600（失败 0）
  …下载 600/600（失败 0）
[口径] 全部 600 − 训练泄漏 23 = **clean 577** ； 再 − 验证泄漏 14 = **strict 563**
  ✅ 同分母硬比对通过：strict 键集合与 reeval_official_ws.json **逐个相同**（563 个）
[分型] {'crossing': 395, 'head-on': 205}

[配置] 共 30 个（扫参=on）

[调参池] 官方训练 1400 等距抽 100（**与报数的 563 完全不重叠**） → N=100
  vo|rl|colregs|margin=0,tau=30 n= 100  到达 55.00%±4.97  碰撞 12.00%  违规/局 10.88  紧急步   0.0%  位置进框(宽松) 95.0%
  vo|rl|colregs|margin=175,tau=30 n= 100  到达 56.00%±4.96  碰撞 0.00%  违规/局 10.33  紧急步   0.0%  位置进框(宽松) 96.0%
  vo|rl|colregs|margin=0,tau=60 n= 100  到达 55.00%±4.97  碰撞 14.00%  违规/局 10.88  紧急步   0.0%  位置进框(宽松) 95.0%
  vo|rl|colregs|margin=175,tau=60 n= 100  到达 56.00%±4.96  碰撞 0.00%  违规/局 10.50  紧急步   0.0%  位置进框(宽松) 96.0%
  vo|rl|colregs|margin=0,tau=120 n= 100  到达 55.00%±4.97  碰撞 14.00%  违规/局 10.93  紧急步   0.0%  位置进框(宽松) 95.0%
  vo|rl|colregs|margin=175,tau=120 n= 100  到达 58.00%±4.94  碰撞 0.00%  违规/局 10.40  紧急步   0.0%  位置进框(宽松) 97.0%
  vo|rl|colregs|margin=0,tau=180 n= 100  到达 59.00%±4.92  碰撞 9.00%  违规/局  9.86  紧急步   0.0%  位置进框(宽松) 99.0%
  vo|rl|colregs|margin=175,tau=180 n= 100  到达 56.00%±4.96  碰撞 0.00%  违规/局  8.36  紧急步   0.0%  位置进框(宽松) 99.0%
  vo|full|colregs|margin=0,tau=30 n= 100  到达 45.00%±4.97  碰撞 3.00%  违规/局  5.24  紧急步   0.0%  位置进框(宽松) 100.0%
  vo|full|colregs|margin=175,tau=30 n= 100  到达 45.00%±4.97  碰撞 0.00%  违规/局  5.13  紧急步   0.0%  位置进框(宽松) 100.0%
  vo|full|colregs|margin=0,tau=60 n= 100  到达 45.00%±4.97  碰撞 2.00%  违规/局  5.24  紧急步   0.0%  位置进框(宽松) 100.0%
  vo|full|colregs|margin=175,tau=60 n= 100  到达 46.00%±4.98  碰撞 0.00%  违规/局  5.21  紧急步   0.0%  位置进框(宽松) 100.0%
  vo|full|colregs|margin=0,tau=120 n= 100  到达 45.00%±4.97  碰撞 2.00%  违规/局  5.26  紧急步   0.0%  位置进框(宽松) 100.0%
  vo|full|colregs|margin=175,tau=120 n= 100  到达 45.00%±4.97  碰撞 0.00%  违规/局  5.12  紧急步   0.0%  位置进框(宽松) 100.0%
  vo|full|colregs|margin=0,tau=180 n= 100  到达 45.00%±4.97  碰撞 3.00%  违规/局  5.50  紧急步   0.0%  位置进框(宽松) 100.0%
  vo|full|colregs|margin=175,tau=180 n= 100  到达 47.00%±4.99  碰撞 0.00%  违规/局  5.42  紧急步   0.0%  位置进框(宽松) 100.0%
  cbf|rl|colregs|a1=0.02,a2=0.02,margin=0 n= 100  到达 75.00%±4.33  碰撞 0.00%  违规/局  4.67  紧急步   0.0%  位置进框(宽松) 99.0%
  cbf|rl|colregs|a1=0.02,a2=0.02,margin=175 n= 100  到达 74.00%±4.39  碰撞 0.00%  违规/局  4.28  紧急步   0.0%  位置进框(宽松) 100.0%
  cbf|rl|colregs|a1=0.05,a2=0.05,margin=0 n= 100  到达 68.00%±4.66  碰撞 2.00%  违规/局  9.30  紧急步   0.0%  位置进框(宽松) 98.0%
  cbf|rl|colregs|a1=0.05,a2=0.05,margin=175 n= 100  到达 68.00%±4.66  碰撞 0.00%  违规/局  9.08  紧急步   0.0%  位置进框(宽松) 98.0%
  cbf|rl|colregs|a1=0.1,a2=0.1,margin=0 n= 100  到达 68.00%±4.66  碰撞 6.00%  违规/局  9.10  紧急步   0.0%  位置进框(宽松) 98.0%
  cbf|rl|colregs|a1=0.1,a2=0.1,margin=175 n= 100  到达 67.00%±4.70  碰撞 0.00%  违规/局  8.65  紧急步   0.0%  位置进框(宽松) 98.0%
  cbf|full|colregs|a1=0.02,a2=0.02,margin=0 n= 100  到达 72.00%±4.49  碰撞 0.00%  违规/局  5.13  紧急步   0.0%  位置进框(宽松) 100.0%
  cbf|full|colregs|a1=0.02,a2=0.02,margin=175 n= 100  到达 70.00%±4.58  碰撞 0.00%  违规/局  5.44  紧急步   0.0%  位置进框(宽松) 99.0%
  cbf|full|colregs|a1=0.05,a2=0.05,margin=0 n= 100  到达 61.00%±4.88  碰撞 0.00%  违规/局  6.61  紧急步   0.0%  位置进框(宽松) 100.0%
  cbf|full|colregs|a1=0.05,a2=0.05,margin=175 n= 100  到达 61.00%±4.88  碰撞 0.00%  违规/局  6.45  紧急步   0.0%  位置进框(宽松) 100.0%
  cbf|full|colregs|a1=0.1,a2=0.1,margin=0 n= 100  到达 62.00%±4.85  碰撞 3.00%  违规/局  6.42  紧急步   0.0%  位置进框(宽松) 100.0%
  cbf|full|colregs|a1=0.1,a2=0.1,margin=175 n= 100  到达 61.00%±4.88  碰撞 0.00%  违规/局  6.19  紧急步   0.0%  位置进框(宽松) 100.0%
  pd|rl|colregs              n= 100  到达 64.00%±4.80  碰撞 19.00%  违规/局  9.26  紧急步   0.0%  位置进框(宽松) 96.0%
  pd|full|colregs            n= 100  到达 59.00%±4.92  碰撞 16.00%  违规/局  6.50  紧急步   0.0%  位置进框(宽松) 98.0%
  · ('cbf', 'full', 'colregs') 选中 ['cbf|full|colregs|a1=0.02,a2=0.02,margin=0']
  · ('cbf', 'rl', 'colregs') 选中 ['cbf|rl|colregs|a1=0.02,a2=0.02,margin=0', 'cbf|rl|colregs|a1=0.02,a2=0.02,margin=175']
  · ('pd', 'full', 'colregs') 选中 ['pd|full|colregs']
  · ('pd', 'rl', 'colregs') 选中 ['pd|rl|colregs']
  · ('vo', 'full', 'colregs') 选中 ['vo|full|colregs|margin=175,tau=120', 'vo|full|colregs|margin=175,tau=180', 'vo|full|colregs|margin=175,tau=30']
    ⚠️ 因 BASELINE_FINAL_MAX=3 丢掉了同样在前沿上的：['vo|full|colregs|margin=175,tau=60']（想全跑就调大 FINAL_MAX）
  · ('vo', 'rl', 'colregs') 选中 ['vo|rl|colregs|margin=0,tau=180', 'vo|rl|colregs|margin=175,tau=180', 'vo|rl|colregs|margin=175,tau=30']
    ⚠️ 因 BASELINE_FINAL_MAX=3 丢掉了同样在前沿上的：['vo|rl|colregs|margin=175,tau=120']（想全跑就调大 FINAL_MAX）

========================================================================================================
■ 报数阶段：11 个配置 × N=600

────────────────────────────────────────────────────────────────────────────────────────────────────────
▶ cbf|full|colregs|a1=0.02,a2=0.02,margin=0
  全部                         n= 600  到达 69.33%±1.88  碰撞 0.00%  违规/局  6.48  紧急步   0.0%  位置进框(宽松) 99.7%
  clean（我们没训练过）              n= 577  到达 69.84%±1.91  碰撞 0.00%  违规/局  6.39  紧急步   0.0%  位置进框(宽松) 99.7%
  strict（与四臂同分母）             n= 563  到达 69.80%±1.93  碰撞 0.00%  违规/局  6.44  紧急步   0.0%  位置进框(宽松) 99.6%
      平滑: jerk 0.036 转艏Δ 0.0003 油门Δ 0.0010 路径 4565m ｜ 次网格细调率: 转艏 0.747 油门 0.966 ｜ 转艏|Δω|: 让路步 — 其他步 0.0003
      不可行步%（VO 锥外无候选 / CBF QP 无解）: 0.00%
    · crossing（strict 563）   n= 376  到达 87.50%±1.71  碰撞 0.00%  违规/局  3.20  紧急步   0.0%  位置进框(宽松) 99.7%
    · head-on（strict 563）    n= 187  到达 34.22%±3.47  碰撞 0.00%  违规/局 12.95  紧急步   0.0%  位置进框(宽松) 99.5%

────────────────────────────────────────────────────────────────────────────────────────────────────────
▶ cbf|rl|colregs|a1=0.02,a2=0.02,margin=0
  全部                         n= 600  到达 70.17%±1.87  碰撞 0.00%  违规/局  4.95  紧急步   0.0%  位置进框(宽松) 99.3%
  clean（我们没训练过）              n= 577  到达 70.54%±1.90  碰撞 0.00%  违规/局  4.89  紧急步   0.0%  位置进框(宽松) 99.3%
  strict（与四臂同分母）             n= 563  到达 70.34%±1.93  碰撞 0.00%  违规/局  4.89  紧急步   0.0%  位置进框(宽松) 99.3%
      平滑: jerk 0.071 转艏Δ 0.0009 油门Δ 0.0012 路径 4466m ｜ 次网格细调率: 转艏 0.720 油门 0.891 ｜ 转艏|Δω|: 让路步 — 其他步 0.0009
      不可行步%（VO 锥外无候选 / CBF QP 无解）: 0.00%
    · crossing（strict 563）   n= 376  到达 87.23%±1.72  碰撞 0.00%  违规/局  2.38  紧急步   0.0%  位置进框(宽松) 99.7%
    · head-on（strict 563）    n= 187  到达 36.36%±3.52  碰撞 0.00%  违规/局  9.93  紧急步   0.0%  位置进框(宽松) 98.4%

────────────────────────────────────────────────────────────────────────────────────────────────────────
▶ cbf|rl|colregs|a1=0.02,a2=0.02,margin=175
  全部                         n= 600  到达 69.83%±1.87  碰撞 0.00%  违规/局  4.49  紧急步   0.0%  位置进框(宽松) 99.3%
  clean（我们没训练过）              n= 577  到达 70.19%±1.90  碰撞 0.00%  违规/局  4.43  紧急步   0.0%  位置进框(宽松) 99.3%
  strict（与四臂同分母）             n= 563  到达 69.98%±1.93  碰撞 0.00%  违规/局  4.45  紧急步   0.0%  位置进框(宽松) 99.3%
      平滑: jerk 0.069 转艏Δ 0.0008 油门Δ 0.0012 路径 4534m ｜ 次网格细调率: 转艏 0.726 油门 0.883 ｜ 转艏|Δω|: 让路步 — 其他步 0.0008
      不可行步%（VO 锥外无候选 / CBF QP 无解）: 0.00%
    · crossing（strict 563）   n= 376  到达 86.97%±1.74  碰撞 0.00%  违规/局  2.15  紧急步   0.0%  位置进框(宽松) 99.7%
    · head-on（strict 563）    n= 187  到达 35.83%±3.51  碰撞 0.00%  违规/局  9.05  紧急步   0.0%  位置进框(宽松) 98.4%

────────────────────────────────────────────────────────────────────────────────────────────────────────
▶ pd|full|colregs
  全部                         n= 600  到达 57.67%±2.02  碰撞 16.67%  违规/局  8.10  紧急步   0.0%  位置进框(宽松) 98.2%
  clean（我们没训练过）              n= 577  到达 58.41%±2.05  碰撞 16.64%  违规/局  8.03  紧急步   0.0%  位置进框(宽松) 98.1%
  strict（与四臂同分母）             n= 563  到达 58.26%±2.08  碰撞 16.87%  违规/局  8.06  紧急步   0.0%  位置进框(宽松) 98.0%
      平滑: jerk 0.026 转艏Δ 0.0001 油门Δ 0.0010 路径 4283m ｜ 次网格细调率: 转艏 0.703 油门 0.970 ｜ 转艏|Δω|: 让路步 — 其他步 0.0001
      不可行步%（VO 锥外无候选 / CBF QP 无解）: 0.00%
    · crossing（strict 563）   n= 376  到达 80.32%±2.05  碰撞 5.32%  违规/局  3.09  紧急步   0.0%  位置进框(宽松) 99.2%
    · head-on（strict 563）    n= 187  到达 13.90%±2.53  碰撞 40.11%  违规/局 18.06  紧急步   0.0%  位置进框(宽松) 95.7%

────────────────────────────────────────────────────────────────────────────────────────────────────────
▶ pd|rl|colregs
  全部                         n= 600  到达 58.83%±2.01  碰撞 18.00%  违规/局  9.79  紧急步   0.0%  位置进框(宽松) 96.8%
  clean（我们没训练过）              n= 577  到达 59.62%±2.04  碰撞 18.20%  违规/局  9.66  紧急步   0.0%  位置进框(宽松) 97.1%
  strict（与四臂同分母）             n= 563  到达 59.50%±2.07  碰撞 18.29%  违规/局  9.67  紧急步   0.0%  位置进框(宽松) 97.2%
      平滑: jerk 0.080 转艏Δ 0.0010 油门Δ 0.0012 路径 4276m ｜ 次网格细调率: 转艏 0.678 油门 0.888 ｜ 转艏|Δω|: 让路步 — 其他步 0.0010
      不可行步%（VO 锥外无候选 / CBF QP 无解）: 0.00%
    · crossing（strict 563）   n= 376  到达 81.91%±1.98  碰撞 9.31%  违规/局  4.95  紧急步   0.0%  位置进框(宽松) 98.9%
    · head-on（strict 563）    n= 187  到达 14.44%±2.57  碰撞 36.36%  违规/局 19.17  紧急步   0.0%  位置进框(宽松) 93.6%

────────────────────────────────────────────────────────────────────────────────────────────────────────
▶ vo|full|colregs|margin=175,tau=30
  全部                         n= 600  到达 38.33%±1.98  碰撞 0.17%  违规/局  7.78  紧急步   0.0%  位置进框(宽松) 99.3%
  clean（我们没训练过）              n= 577  到达 38.99%±2.03  碰撞 0.17%  违规/局  7.78  紧急步   0.0%  位置进框(宽松) 99.3%
  strict（与四臂同分母）             n= 563  到达 39.25%±2.06  碰撞 0.18%  违规/局  7.81  紧急步   0.0%  位置进框(宽松) 99.5%
      平滑: jerk 0.044 转艏Δ 0.0008 油门Δ 0.0000 路径 4272m ｜ 次网格细调率: 转艏 0.000 油门 0.000 ｜ 转艏|Δω|: 让路步 — 其他步 0.0008
      不可行步%（VO 锥外无候选 / CBF QP 无解）: 0.01%
    · crossing（strict 563）   n= 376  到达 55.32%±2.56  碰撞 0.27%  违规/局  5.05  紧急步   0.0%  位置进框(宽松) 99.7%
    · head-on（strict 563）    n= 187  到达  6.95%±1.86  碰撞 0.00%  违规/局 13.36  紧急步   0.0%  位置进框(宽松) 98.9%

────────────────────────────────────────────────────────────────────────────────────────────────────────
▶ vo|full|colregs|margin=175,tau=120
  全部                         n= 600  到达 38.83%±1.99  碰撞 0.00%  违规/局  7.75  紧急步   0.0%  位置进框(宽松) 99.3%
  clean（我们没训练过）              n= 577  到达 39.51%±2.04  碰撞 0.00%  违规/局  7.76  紧急步   0.0%  位置进框(宽松) 99.3%
  strict（与四臂同分母）             n= 563  到达 39.79%±2.06  碰撞 0.00%  违规/局  7.78  紧急步   0.0%  位置进框(宽松) 99.5%
      平滑: jerk 0.045 转艏Δ 0.0008 油门Δ 0.0000 路径 4361m ｜ 次网格细调率: 转艏 0.000 油门 0.000 ｜ 转艏|Δω|: 让路步 — 其他步 0.0008
      不可行步%（VO 锥外无候选 / CBF QP 无解）: 0.00%
    · crossing（strict 563）   n= 376  到达 56.12%±2.56  碰撞 0.00%  违规/局  5.04  紧急步   0.0%  位置进框(宽松) 99.7%
    · head-on（strict 563）    n= 187  到达  6.95%±1.86  碰撞 0.00%  违规/局 13.29  紧急步   0.0%  位置进框(宽松) 98.9%

────────────────────────────────────────────────────────────────────────────────────────────────────────
▶ vo|full|colregs|margin=175,tau=180
  全部                         n= 600  到达 42.67%±2.02  碰撞 0.00%  违规/局  8.06  紧急步   0.0%  位置进框(宽松) 99.2%
  clean（我们没训练过）              n= 577  到达 43.33%±2.06  碰撞 0.00%  违规/局  7.98  紧急步   0.0%  位置进框(宽松) 99.1%
  strict（与四臂同分母）             n= 563  到达 43.52%±2.09  碰撞 0.00%  违规/局  8.01  紧急步   0.0%  位置进框(宽松) 99.1%
      平滑: jerk 0.050 转艏Δ 0.0009 油门Δ 0.0000 路径 4646m ｜ 次网格细调率: 转艏 0.000 油门 0.000 ｜ 转艏|Δω|: 让路步 — 其他步 0.0009
      不可行步%（VO 锥外无候选 / CBF QP 无解）: 0.00%
    · crossing（strict 563）   n= 376  到达 59.04%±2.54  碰撞 0.00%  违规/局  5.33  紧急步   0.0%  位置进框(宽松) 99.7%
    · head-on（strict 563）    n= 187  到达 12.30%±2.40  碰撞 0.00%  违规/局 13.41  紧急步   0.0%  位置进框(宽松) 97.9%

────────────────────────────────────────────────────────────────────────────────────────────────────────
▶ vo|rl|colregs|margin=175,tau=30
  全部                         n= 600  到达 50.83%±2.04  碰撞 0.00%  违规/局 10.70  紧急步   0.0%  位置进框(宽松) 97.3%
  clean（我们没训练过）              n= 577  到达 51.13%±2.08  碰撞 0.00%  违规/局 10.62  紧急步   0.0%  位置进框(宽松) 97.2%
  strict（与四臂同分母）             n= 563  到达 51.33%±2.11  碰撞 0.00%  违规/局 10.68  紧急步   0.0%  位置进框(宽松) 97.3%
      平滑: jerk 0.117 转艏Δ 0.0017 油门Δ 0.0012 路径 4678m ｜ 次网格细调率: 转艏 0.121 油门 0.000 ｜ 转艏|Δω|: 让路步 — 其他步 0.0017
      不可行步%（VO 锥外无候选 / CBF QP 无解）: 0.16%
    · crossing（strict 563）   n= 376  到达 70.48%±2.35  碰撞 0.00%  违规/局  6.33  紧急步   0.0%  位置进框(宽松) 98.9%
    · head-on（strict 563）    n= 187  到达 12.83%±2.45  碰撞 0.00%  违规/局 19.42  紧急步   0.0%  位置进框(宽松) 94.1%

────────────────────────────────────────────────────────────────────────────────────────────────────────
▶ vo|rl|colregs|margin=0,tau=180
  全部                         n= 600  到达 54.33%±2.03  碰撞 10.33%  违规/局  9.45  紧急步   0.0%  位置进框(宽松) 98.3%
  clean（我们没训练过）              n= 577  到达 54.94%±2.07  碰撞 10.23%  违规/局  9.37  紧急步   0.0%  位置进框(宽松) 98.3%
  strict（与四臂同分母）             n= 563  到达 55.24%±2.10  碰撞 10.48%  违规/局  9.43  紧急步   0.0%  位置进框(宽松) 98.2%
      平滑: jerk 0.134 转艏Δ 0.0019 油门Δ 0.0014 路径 4806m ｜ 次网格细调率: 转艏 0.132 油门 0.000 ｜ 转艏|Δω|: 让路步 — 其他步 0.0019
      不可行步%（VO 锥外无候选 / CBF QP 无解）: 0.01%
    · crossing（strict 563）   n= 376  到达 72.07%±2.31  碰撞 7.71%  违规/局  5.93  紧急步   0.0%  位置进框(宽松) 99.2%
    · head-on（strict 563）    n= 187  到达 21.39%±3.00  碰撞 16.04%  违规/局 16.47  紧急步   0.0%  位置进框(宽松) 96.3%

────────────────────────────────────────────────────────────────────────────────────────────────────────
▶ vo|rl|colregs|margin=175,tau=180
  全部                         n= 600  到达 57.00%±2.02  碰撞 0.00%  违规/局  8.20  紧急步   0.0%  位置进框(宽松) 98.3%
  clean（我们没训练过）              n= 577  到达 56.85%±2.06  碰撞 0.00%  违规/局  8.11  紧急步   0.0%  位置进框(宽松) 98.4%
  strict（与四臂同分母）             n= 563  到达 57.19%±2.09  碰撞 0.00%  违规/局  8.09  紧急步   0.0%  位置进框(宽松) 98.9%
      平滑: jerk 0.122 转艏Δ 0.0017 油门Δ 0.0014 路径 4712m ｜ 次网格细调率: 转艏 0.143 油门 0.000 ｜ 转艏|Δω|: 让路步 — 其他步 0.0017
      不可行步%（VO 锥外无候选 / CBF QP 无解）: 0.03%
    · crossing（strict 563）   n= 376  到达 75.27%±2.23  碰撞 0.00%  违规/局  5.21  紧急步   0.0%  位置进框(宽松) 100.0%
    · head-on（strict 563）    n= 187  到达 20.86%±2.97  碰撞 0.00%  违规/局 13.87  紧急步   0.0%  位置进框(宽松) 96.8%

────────────────────────────────────────────────────────────────────────────────────────────────────────
■ Pareto 前沿（strict·动作箱 full·目标 ['碰撞率%', '违规次数/局', '到达率%']）：['cbf|full|colregs|a1=0.02,a2=0.02,margin=0']
■ Pareto 前沿（strict·动作箱 rl·目标 ['碰撞率%', '违规次数/局', '到达率%']）：['cbf|rl|colregs|a1=0.02,a2=0.02,margin=0', 'cbf|rl|colregs|a1=0.02,a2=0.02,margin=175']

[run_baselines_official] 完成 → /root/trb/结果0727-外部基线/baselines_official.json
