========================================================================================================
[reeval_official r13-2026-07-27] 发现 7 个 checkpoint：
  Continuous-safe_s1_A231betaPpoS1                     臂=Continuous-safe  kind=continuous  seed=1 步=5079040 数据集=manifest_hocr_200.json 末段到达=92.5
  Continuous-safe_s1_C231bothPpoS1                     臂=Continuous-safe  kind=continuous  seed=1 步=5079040 数据集=manifest_hocr_200.json 末段到达=92.5
  Continuous-safe_s9_C231bothPpoS9                     臂=Continuous-safe  kind=continuous  seed=9 步=5079040 数据集=manifest_hocr_200.json 末段到达=90.0
  Continuous-safe_s7_L1rateON_ppo_s7                   臂=Continuous-safe  kind=continuous  seed=7 步=5079040 数据集=manifest_hocr_200.json 末段到达=77.5
  Continuous-safe_s5_wsHOCRppo_s5                      臂=Continuous-safe  kind=continuous  seed=5 步=2539520 数据集=manifest_hocr_200.json 末段到达=82.5
  Discrete-safe_s0_discStdW0_s0                        臂=Discrete-safe    kind=shielded    seed=0 步=5079040 数据集=manifest_hocr_200.json 末段到达=5.0
  Base_s3_baseW0_s3                                    臂=Base             kind=unshielded  seed=3 步=5079040 数据集=manifest_hocr_200.json 末段到达=100.0
========================================================================================================
[env] 连续臂 eval env：shield=True cone=None v_floor=2.0 augment_rho=False 去朝向门=False
  [数据集] Continuous-safe_s1_A231betaPpoS1 ← manifest_hocr_200.json：训练 94 / 验证 40
  [数据集] Continuous-safe_s1_C231bothPpoS1 ← manifest_hocr_200.json：训练 94 / 验证 40
  [数据集] Continuous-safe_s9_C231bothPpoS9 ← manifest_hocr_200.json：训练 94 / 验证 40
  [数据集] Continuous-safe_s7_L1rateON_ppo_s7 ← manifest_hocr_200.json：训练 94 / 验证 40
  [数据集] Continuous-safe_s5_wsHOCRppo_s5 ← manifest_hocr_200.json：训练 94 / 验证 40
  [数据集] Discrete-safe_s0_discStdW0_s0 ← manifest_hocr_200.json：训练 94 / 验证 40
  [数据集] Base_s3_baseW0_s3 ← manifest_hocr_200.json：训练 94 / 验证 40
  …下载 200/600（失败 0）
  …下载 400/600（失败 0）
  …下载 600/600（失败 0）

[池] 官方 1400/600 划分的测试 600（官方 2000 无追越）：N=600（请求 600）·二项 SE@p=0.8 ≈ 1.63pt
[口径] 全部 600 − 训练泄漏 23 = **clean 577** ； 再 − 验证泄漏 14 = **strict 563**
[分型] {'crossing': 395, 'head-on': 205}
[轨迹] 记 ['1', '100', '1006', '1016'] 这几个场景的逐步轨迹（`04 §1.5` 第⑥条·离散臂与连续臂同格式可叠图）

────────────────────────────────────────────────────────────────────────────────────────────────────────
▶ Continuous-safe_s1_A231betaPpoS1  臂=Continuous-safe kind=continuous seed=1 步=5079040
  [锚点] 自记测试集 N=40：记录 92.50% vs 重评 92.50%（差 0.00pt）✅ 逐位复现
  全部                         n= 600  到达 90.83%±1.18  碰撞 0.00%  违规/局  0.84  紧急步   4.4%  位置进框(宽松) 93.5%
  clean（没训练过）                n= 577  到达 90.47%±1.22  碰撞 0.00%  违规/局  0.85  紧急步   4.5%  位置进框(宽松) 93.2%
  strict（真一眼没见过）             n= 563  到达 90.59%±1.23  碰撞 0.00%  违规/局  0.84  紧急步   4.4%  位置进框(宽松) 93.3%
      平滑: jerk 0.168 转艏Δ 0.0022 油门Δ 0.0036 路径 4207m ｜ 次网格细调率: 转艏 0.884 油门 0.924 ｜ 转艏|Δω|: 让路步 0.0017 其他步 0.0022
  对照：训练/验证见过的                n=  37  到达 94.59%±3.72  碰撞 0.00%  违规/局  0.81  紧急步   4.1%  位置进框(宽松) 97.3%
    · crossing（strict）       n= 376  到达 92.29%±1.38  碰撞 0.00%  违规/局  0.48  紧急步   4.1%  位置进框(宽松) 94.1%
    · head-on（strict）        n= 187  到达 87.17%±2.45  碰撞 0.00%  违规/局  1.57  紧急步   5.0%  位置进框(宽松) 91.4%

────────────────────────────────────────────────────────────────────────────────────────────────────────
▶ Continuous-safe_s1_C231bothPpoS1  臂=Continuous-safe kind=continuous seed=1 步=5079040
  [锚点] 自记测试集 N=40：记录 92.50% vs 重评 92.50%（差 0.00pt）✅ 逐位复现
  全部                         n= 600  到达 92.17%±1.10  碰撞 0.00%  违规/局  0.81  紧急步   4.6%  位置进框(宽松) 94.3%
  clean（没训练过）                n= 577  到达 91.85%±1.14  碰撞 0.00%  违规/局  0.83  紧急步   4.7%  位置进框(宽松) 94.1%
  strict（真一眼没见过）             n= 563  到达 91.65%±1.17  碰撞 0.00%  违规/局  0.84  紧急步   4.8%  位置进框(宽松) 94.0%
      平滑: jerk 0.225 转艏Δ 0.0030 油门Δ 0.0047 路径 4293m ｜ 次网格细调率: 转艏 0.821 油门 0.893 ｜ 转艏|Δω|: 让路步 0.0028 其他步 0.0030
  对照：训练/验证见过的                n=  37  到达 100.00%±0.00  碰撞 0.00%  违规/局  0.38  紧急步   1.3%  位置进框(宽松) 100.0%
    · crossing（strict）       n= 376  到达 91.49%±1.44  碰撞 0.00%  违规/局  0.54  紧急步   5.4%  位置进框(宽松) 93.6%
    · head-on（strict）        n= 187  到达 91.98%±1.99  碰撞 0.00%  违规/局  1.46  紧急步   3.5%  位置进框(宽松) 94.7%

────────────────────────────────────────────────────────────────────────────────────────────────────────
▶ Continuous-safe_s9_C231bothPpoS9  臂=Continuous-safe kind=continuous seed=9 步=5079040
  [锚点] 自记测试集 N=40：记录 90.00% vs 重评 90.00%（差 0.00pt）✅ 逐位复现
/root/miniconda3/lib/python3.10/site-packages/cvxpy/problems/problem.py:1539: UserWarning: Solution may be inaccurate. Try another solver, adjusting the solver settings, or solve with verbose=True for more information.
  warnings.warn(
  全部                         n= 600  到达 82.83%±1.54  碰撞 0.33%  违规/局  0.66  紧急步   4.4%  位置进框(宽松) 85.8%
  clean（没训练过）                n= 577  到达 82.50%±1.58  碰撞 0.35%  违规/局  0.68  紧急步   4.5%  位置进框(宽松) 85.4%
  strict（真一眼没见过）             n= 563  到达 82.42%±1.60  碰撞 0.36%  违规/局  0.67  紧急步   4.4%  位置进框(宽松) 85.4%
      平滑: jerk 0.174 转艏Δ 0.0023 油门Δ 0.0037 路径 4236m ｜ 次网格细调率: 转艏 0.866 油门 0.942 ｜ 转艏|Δω|: 让路步 0.0032 其他步 0.0023
  对照：训练/验证见过的                n=  37  到达 89.19%±5.10  碰撞 0.00%  违规/局  0.51  紧急步   3.1%  位置进框(宽松) 91.9%
    · crossing（strict）       n= 376  到达 82.18%±1.97  碰撞 0.00%  违规/局  0.41  紧急步   4.9%  位置进框(宽松) 85.1%
    · head-on（strict）        n= 187  到达 82.89%±2.75  碰撞 1.07%  违规/局  1.18  紧急步   3.5%  位置进框(宽松) 86.1%

────────────────────────────────────────────────────────────────────────────────────────────────────────
▶ Continuous-safe_s7_L1rateON_ppo_s7  臂=Continuous-safe kind=continuous seed=7 步=5079040
  [锚点] 自记测试集 N=40：记录 77.50% vs 重评 77.50%（差 0.00pt）✅ 逐位复现
/root/miniconda3/lib/python3.10/site-packages/cvxpy/problems/problem.py:1539: UserWarning: Solution may be inaccurate. Try another solver, adjusting the solver settings, or solve with verbose=True for more information.
  warnings.warn(
  全部                         n= 600  到达 72.50%±1.82  碰撞 0.00%  违规/局  1.59  紧急步   4.4%  位置进框(宽松) 78.5%
  clean（没训练过）                n= 577  到达 72.27%±1.86  碰撞 0.00%  违规/局  1.59  紧急步   4.5%  位置进框(宽松) 78.3%
  strict（真一眼没见过）             n= 563  到达 71.94%±1.89  碰撞 0.00%  违规/局  1.60  紧急步   4.6%  位置进框(宽松) 78.0%
      平滑: jerk 0.881 转艏Δ 0.0151 油门Δ 0.0027 路径 4139m ｜ 次网格细调率: 转艏 0.050 油门 0.024 ｜ 转艏|Δω|: 让路步 0.0026 其他步 0.0152
  对照：训练/验证见过的                n=  37  到达 81.08%±6.44  碰撞 0.00%  违规/局  1.49  紧急步   1.3%  位置进框(宽松) 86.5%
    · crossing（strict）       n= 376  到达 76.86%±2.17  碰撞 0.00%  违规/局  0.99  紧急步   4.5%  位置进框(宽松) 80.9%
    · head-on（strict）        n= 187  到达 62.03%±3.55  碰撞 0.00%  违规/局  2.81  紧急步   4.7%  位置进框(宽松) 72.2%

────────────────────────────────────────────────────────────────────────────────────────────────────────
▶ Continuous-safe_s5_wsHOCRppo_s5  臂=Continuous-safe kind=continuous seed=5 步=2539520
  [锚点] 自记测试集 N=40：记录 82.50% vs 重评 82.50%（差 0.00pt）✅ 逐位复现
  全部                         n= 600  到达 83.67%±1.51  碰撞 0.17%  违规/局  1.50  紧急步   3.6%  位置进框(宽松) 85.0%
  clean（没训练过）                n= 577  到达 83.71%±1.54  碰撞 0.00%  违规/局  1.50  紧急步   3.4%  位置进框(宽松) 84.9%
  strict（真一眼没见过）             n= 563  到达 83.48%±1.57  碰撞 0.00%  违规/局  1.47  紧急步   3.5%  位置进框(宽松) 84.7%
      平滑: jerk 0.865 转艏Δ 0.0149 油门Δ 0.0032 路径 4250m ｜ 次网格细调率: 转艏 0.072 油门 0.029 ｜ 转艏|Δω|: 让路步 0.0028 其他步 0.0149
  对照：训练/验证见过的                n=  37  到达 86.49%±5.62  碰撞 2.70%  违规/局  1.97  紧急步   4.8%  位置进框(宽松) 89.2%
    · crossing（strict）       n= 376  到达 85.90%±1.79  碰撞 0.00%  违规/局  0.76  紧急步   2.7%  位置进框(宽松) 87.0%
    · head-on（strict）        n= 187  到达 78.61%±3.00  碰撞 0.00%  违规/局  2.91  紧急步   5.1%  位置进框(宽松) 80.2%

────────────────────────────────────────────────────────────────────────────────────────────────────────
▶ Discrete-safe_s0_discStdW0_s0  臂=Discrete-safe kind=shielded seed=0 步=5079040
  [锚点] 自记测试集 N=40：记录 5.00% vs 重评 5.00%（差 0.00pt）✅ 逐位复现
  全部                         n= 600  到达  3.00%±0.70  碰撞 0.00%  违规/局  2.02  紧急步   6.6%
  clean（没训练过）                n= 577  到达  3.12%±0.72  碰撞 0.00%  违规/局  2.03  紧急步   6.8%
  strict（真一眼没见过）             n= 563  到达  3.02%±0.72  碰撞 0.00%  违规/局  2.02  紧急步   7.0%
      平滑: jerk 0.799 转艏Δ 0.0103 油门Δ 0.0197 路径 4604m ｜ 次网格细调率: 转艏 0.000 油门 0.000 ｜ 转艏|Δω|: 让路步 0.0000 其他步 0.0103
  对照：训练/验证见过的                n=  37  到达  2.70%±2.67  碰撞 0.00%  违规/局  2.08  紧急步   1.5%
    · crossing（strict）       n= 376  到达  4.26%±1.04  碰撞 0.00%  违规/局  1.19  紧急步   8.9%
    · head-on（strict）        n= 187  到达  0.53%±0.53  碰撞 0.00%  违规/局  3.67  紧急步   3.1%

────────────────────────────────────────────────────────────────────────────────────────────────────────
▶ Base_s3_baseW0_s3  臂=Base kind=unshielded seed=3 步=5079040
  [锚点] 自记测试集 N=40：记录 100.00% vs 重评 100.00%（差 0.00pt）✅ 逐位复现
  全部                         n= 600  到达 97.83%±0.59  碰撞 2.17%  违规/局  2.54  紧急步   0.0%
  clean（没训练过）                n= 577  到达 97.75%±0.62  碰撞 2.25%  违规/局  2.55  紧急步   0.0%
  strict（真一眼没见过）             n= 563  到达 97.69%±0.63  碰撞 2.31%  违规/局  2.53  紧急步   0.0%
      平滑: jerk 0.833 转艏Δ 0.0133 油门Δ 0.0102 路径 4029m ｜ 次网格细调率: 转艏 0.000 油门 0.000 ｜ 转艏|Δω|: 让路步 — 其他步 0.0133
  对照：训练/验证见过的                n=  37  到达 100.00%±0.00  碰撞 0.00%  违规/局  2.70  紧急步   0.0%
    · crossing（strict）       n= 376  到达 98.94%±0.53  碰撞 1.06%  违规/局  1.49  紧急步   0.0%
    · head-on（strict）        n= 187  到达 95.19%±1.57  碰撞 4.81%  违规/局  4.62  紧急步   0.0%

────────────────────────────────────────────────────────────────────────────────────────────────────────
■ 锚点汇总（7 个 ckpt）：平均有符号差 +0.00pt · 最大绝对差 0.00pt · 7 个逐位复现 / 0 偏高 / 0 偏低
  判读：平均差 ≈ 0 且正负混杂 ⟹ 只是浮点重放噪声，**eval 配置正确**；若平均差明显偏离 0 且方向一致 ⟹ 配置很可能真的错了，别信本次数字。

[reeval_official] 完成 → /root/trb/结果/结果-全臂重评/g1.json
[轨迹] 7 个 checkpoint × 4 个场景 → /root/trb/结果/结果-全臂重评/g1_traj.json
