========================================================================================================
[reeval_official r13-2026-07-27] 发现 7 个 checkpoint：
  Continuous-safe_s2_A231betaPpoS2                     臂=Continuous-safe  kind=continuous  seed=2 步=5079040 数据集=manifest_hocr_200.json 末段到达=97.5
  Continuous-safe_s2_C231bothPpoS2                     臂=Continuous-safe  kind=continuous  seed=2 步=5079040 数据集=manifest_hocr_200.json 末段到达=95.0
  Continuous-safe_s0_L1rateON_ppo_s0                   臂=Continuous-safe  kind=continuous  seed=0 步=5079040 数据集=manifest_hocr_200.json 末段到达=92.5
  Continuous-safe_s8_L1rateON_ppo_s8                   臂=Continuous-safe  kind=continuous  seed=8 步=5079040 数据集=manifest_hocr_200.json 末段到达=70.0
  Continuous-safe_s6_wsHOCRppo_s6                      臂=Continuous-safe  kind=continuous  seed=6 步=3047424 数据集=manifest_hocr_200.json 末段到达=100.0
  Discrete-safe_s1_discStdW0_s1                        臂=Discrete-safe    kind=shielded    seed=1 步=5079040 数据集=manifest_hocr_200.json 末段到达=0.0
  Base_s4_baseW0_s4                                    臂=Base             kind=unshielded  seed=4 步=5079040 数据集=manifest_hocr_200.json 末段到达=100.0
========================================================================================================
[env] 连续臂 eval env：shield=True cone=None v_floor=2.0 augment_rho=False 去朝向门=False
  [数据集] Continuous-safe_s2_A231betaPpoS2 ← manifest_hocr_200.json：训练 94 / 验证 40
  [数据集] Continuous-safe_s2_C231bothPpoS2 ← manifest_hocr_200.json：训练 94 / 验证 40
  [数据集] Continuous-safe_s0_L1rateON_ppo_s0 ← manifest_hocr_200.json：训练 94 / 验证 40
  [数据集] Continuous-safe_s8_L1rateON_ppo_s8 ← manifest_hocr_200.json：训练 94 / 验证 40
  [数据集] Continuous-safe_s6_wsHOCRppo_s6 ← manifest_hocr_200.json：训练 94 / 验证 40
  [数据集] Discrete-safe_s1_discStdW0_s1 ← manifest_hocr_200.json：训练 94 / 验证 40
  [数据集] Base_s4_baseW0_s4 ← manifest_hocr_200.json：训练 94 / 验证 40
  …下载 200/600（失败 0）
  …下载 400/600（失败 0）
  …下载 600/600（失败 0）

[池] 官方 1400/600 划分的测试 600（官方 2000 无追越）：N=600（请求 600）·二项 SE@p=0.8 ≈ 1.63pt
[口径] 全部 600 − 训练泄漏 23 = **clean 577** ； 再 − 验证泄漏 14 = **strict 563**
[分型] {'crossing': 395, 'head-on': 205}
[轨迹] 记 ['1', '100', '1006', '1016'] 这几个场景的逐步轨迹（`04 §1.5` 第⑥条·离散臂与连续臂同格式可叠图）

────────────────────────────────────────────────────────────────────────────────────────────────────────
▶ Continuous-safe_s2_A231betaPpoS2  臂=Continuous-safe kind=continuous seed=2 步=5079040
  [锚点] 自记测试集 N=40：记录 97.50% vs 重评 97.50%（差 0.00pt）✅ 逐位复现
  全部                         n= 600  到达 90.50%±1.20  碰撞 0.33%  违规/局  1.11  紧急步   5.3%  位置进框(宽松) 92.5%
  clean（没训练过）                n= 577  到达 90.12%±1.24  碰撞 0.35%  违规/局  1.14  紧急步   5.5%  位置进框(宽松) 92.2%
  strict（真一眼没见过）             n= 563  到达 89.88%±1.27  碰撞 0.36%  违规/局  1.16  紧急步   5.7%  位置进框(宽松) 92.0%
      平滑: jerk 0.177 转艏Δ 0.0023 油门Δ 0.0042 路径 4248m ｜ 次网格细调率: 转艏 0.884 油门 0.926 ｜ 转艏|Δω|: 让路步 0.0017 其他步 0.0023
  对照：训练/验证见过的                n=  37  到达 100.00%±0.00  碰撞 0.00%  违规/局  0.43  紧急步   0.6%  位置进框(宽松) 100.0%
    · crossing（strict）       n= 376  到达 90.16%±1.54  碰撞 0.27%  违规/局  0.84  紧急步   5.4%  位置进框(宽松) 91.2%
    · head-on（strict）        n= 187  到达 89.30%±2.26  碰撞 0.53%  违规/局  1.80  紧急步   6.2%  位置进框(宽松) 93.6%

────────────────────────────────────────────────────────────────────────────────────────────────────────
▶ Continuous-safe_s2_C231bothPpoS2  臂=Continuous-safe kind=continuous seed=2 步=5079040
  [锚点] 自记测试集 N=40：记录 95.00% vs 重评 95.00%（差 0.00pt）✅ 逐位复现
/root/miniconda3/lib/python3.10/site-packages/cvxpy/problems/problem.py:1539: UserWarning: Solution may be inaccurate. Try another solver, adjusting the solver settings, or solve with verbose=True for more information.
  warnings.warn(
  全部                         n= 600  到达 96.50%±0.75  碰撞 0.00%  违规/局  0.56  紧急步   3.2%  位置进框(宽松) 96.8%
  clean（没训练过）                n= 577  到达 96.36%±0.78  碰撞 0.00%  违规/局  0.58  紧急步   3.3%  位置进框(宽松) 96.7%
  strict（真一眼没见过）             n= 563  到达 96.45%±0.78  碰撞 0.00%  违规/局  0.58  紧急步   3.4%  位置进框(宽松) 96.8%
      平滑: jerk 0.196 转艏Δ 0.0025 油门Δ 0.0041 路径 4305m ｜ 次网格细调率: 转艏 0.853 油门 0.891 ｜ 转艏|Δω|: 让路步 0.0025 其他步 0.0025
  对照：训练/验证见过的                n=  37  到达 97.30%±2.67  碰撞 0.00%  违规/局  0.30  紧急步   0.0%  位置进框(宽松) 97.3%
    · crossing（strict）       n= 376  到达 96.28%±0.98  碰撞 0.00%  违规/局  0.32  紧急步   4.0%  位置进框(宽松) 96.8%
    · head-on（strict）        n= 187  到达 96.79%±1.29  碰撞 0.00%  违规/局  1.11  紧急步   2.0%  位置进框(宽松) 96.8%

────────────────────────────────────────────────────────────────────────────────────────────────────────
▶ Continuous-safe_s0_L1rateON_ppo_s0  臂=Continuous-safe kind=continuous seed=0 步=5079040
  [锚点] 自记测试集 N=40：记录 92.50% vs 重评 92.50%（差 0.00pt）✅ 逐位复现
/root/miniconda3/lib/python3.10/site-packages/cvxpy/problems/problem.py:1539: UserWarning: Solution may be inaccurate. Try another solver, adjusting the solver settings, or solve with verbose=True for more information.
  warnings.warn(
  全部                         n= 600  到达 73.83%±1.79  碰撞 0.17%  违规/局  1.59  紧急步   5.5%  位置进框(宽松) 91.7%
  clean（没训练过）                n= 577  到达 73.66%±1.83  碰撞 0.17%  违规/局  1.60  紧急步   5.7%  位置进框(宽松) 91.7%
  strict（真一眼没见过）             n= 563  到达 73.36%±1.86  碰撞 0.18%  违规/局  1.61  紧急步   5.8%  位置进框(宽松) 91.5%
      平滑: jerk 0.910 转艏Δ 0.0147 油门Δ 0.0060 路径 4246m ｜ 次网格细调率: 转艏 0.058 油门 0.066 ｜ 转艏|Δω|: 让路步 0.0027 其他步 0.0147
  对照：训练/验证见过的                n=  37  到达 81.08%±6.44  碰撞 0.00%  违规/局  1.38  紧急步   1.3%  位置进框(宽松) 94.6%
    · crossing（strict）       n= 376  到达 73.14%±2.29  碰撞 0.27%  违规/局  1.24  紧急步   5.9%  位置进框(宽松) 91.2%
    · head-on（strict）        n= 187  到达 73.80%±3.22  碰撞 0.00%  违规/局  2.35  紧急步   5.5%  位置进框(宽松) 92.0%

────────────────────────────────────────────────────────────────────────────────────────────────────────
▶ Continuous-safe_s8_L1rateON_ppo_s8  臂=Continuous-safe kind=continuous seed=8 步=5079040
  [锚点] 自记测试集 N=40：记录 70.00% vs 重评 70.00%（差 0.00pt）✅ 逐位复现
  全部                         n= 600  到达 65.67%±1.94  碰撞 0.00%  违规/局  1.83  紧急步   5.6%  位置进框(宽松) 69.7%
  clean（没训练过）                n= 577  到达 65.16%±1.98  碰撞 0.00%  违规/局  1.82  紧急步   5.7%  位置进框(宽松) 69.2%
  strict（真一眼没见过）             n= 563  到达 64.65%±2.01  碰撞 0.00%  违规/局  1.83  紧急步   5.8%  位置进框(宽松) 68.7%
      平滑: jerk 0.997 转艏Δ 0.0172 油门Δ 0.0031 路径 4171m ｜ 次网格细调率: 转艏 0.043 油门 0.042 ｜ 转艏|Δω|: 让路步 0.0041 其他步 0.0172
  对照：训练/验证见过的                n=  37  到达 81.08%±6.44  碰撞 0.00%  违规/局  1.81  紧急步   1.9%  位置进框(宽松) 83.8%
    · crossing（strict）       n= 376  到达 67.02%±2.42  碰撞 0.00%  违规/局  1.07  紧急步   5.6%  位置进框(宽松) 70.5%
    · head-on（strict）        n= 187  到达 59.89%±3.58  碰撞 0.00%  违规/局  3.35  紧急步   6.2%  位置进框(宽松) 65.2%

────────────────────────────────────────────────────────────────────────────────────────────────────────
▶ Continuous-safe_s6_wsHOCRppo_s6  臂=Continuous-safe kind=continuous seed=6 步=3047424
  [锚点] 自记测试集 N=40：记录 100.00% vs 重评 100.00%（差 0.00pt）✅ 逐位复现
  全部                         n= 600  到达 94.83%±0.90  碰撞 0.00%  违规/局  1.38  紧急步   2.7%  位置进框(宽松) 96.0%
  clean（没训练过）                n= 577  到达 94.63%±0.94  碰撞 0.00%  违规/局  1.38  紧急步   2.7%  位置进框(宽松) 95.8%
  strict（真一眼没见过）             n= 563  到达 94.49%±0.96  碰撞 0.00%  违规/局  1.39  紧急步   2.8%  位置进框(宽松) 95.7%
      平滑: jerk 0.793 转艏Δ 0.0134 油门Δ 0.0036 路径 4259m ｜ 次网格细调率: 转艏 0.098 油门 0.028 ｜ 转艏|Δω|: 让路步 0.0037 其他步 0.0134
  对照：训练/验证见过的                n=  37  到达 100.00%±0.00  碰撞 0.00%  违规/局  1.24  紧急步   2.1%  位置进框(宽松) 100.0%
    · crossing（strict）       n= 376  到达 96.01%±1.01  碰撞 0.00%  违规/局  0.81  紧急步   2.0%  位置进框(宽松) 97.1%
    · head-on（strict）        n= 187  到达 91.44%±2.05  碰撞 0.00%  违规/局  2.54  紧急步   4.3%  位置进框(宽松) 93.0%

────────────────────────────────────────────────────────────────────────────────────────────────────────
▶ Discrete-safe_s1_discStdW0_s1  臂=Discrete-safe kind=shielded seed=1 步=5079040
  [锚点] 自记测试集 N=40：记录 0.00% vs 重评 0.00%（差 0.00pt）✅ 逐位复现
  全部                         n= 600  到达  0.33%±0.24  碰撞 0.17%  违规/局  1.07  紧急步   5.8%
  clean（没训练过）                n= 577  到达  0.35%±0.24  碰撞 0.17%  违规/局  1.09  紧急步   5.9%
  strict（真一眼没见过）             n= 563  到达  0.36%±0.25  碰撞 0.18%  违规/局  1.06  紧急步   6.0%
      平滑: jerk 0.916 转艏Δ 0.0105 油门Δ 0.0277 路径 6618m ｜ 次网格细调率: 转艏 0.000 油门 0.000 ｜ 转艏|Δω|: 让路步 — 其他步 0.0105
  对照：训练/验证见过的                n=  37  到达  0.00%±0.00  碰撞 0.00%  违规/局  1.14  紧急步   4.1%
    · crossing（strict）       n= 376  到达  0.27%±0.27  碰撞 0.27%  违规/局  0.78  紧急步   7.9%
    · head-on（strict）        n= 187  到达  0.53%±0.53  碰撞 0.00%  违规/局  1.63  紧急步   2.1%

────────────────────────────────────────────────────────────────────────────────────────────────────────
▶ Base_s4_baseW0_s4  臂=Base kind=unshielded seed=4 步=5079040
  [锚点] 自记测试集 N=40：记录 100.00% vs 重评 100.00%（差 0.00pt）✅ 逐位复现
  全部                         n= 600  到达 98.83%±0.44  碰撞 1.17%  违规/局  2.23  紧急步   0.0%
  clean（没训练过）                n= 577  到达 98.79%±0.46  碰撞 1.21%  违规/局  2.23  紧急步   0.0%
  strict（真一眼没见过）             n= 563  到达 98.76%±0.47  碰撞 1.24%  违规/局  2.26  紧急步   0.0%
      平滑: jerk 0.889 转艏Δ 0.0138 油门Δ 0.0137 路径 4031m ｜ 次网格细调率: 转艏 0.000 油门 0.000 ｜ 转艏|Δω|: 让路步 — 其他步 0.0138
  对照：训练/验证见过的                n=  37  到达 100.00%±0.00  碰撞 0.00%  违规/局  1.70  紧急步   0.0%
    · crossing（strict）       n= 376  到达 100.00%±0.00  碰撞 0.00%  违规/局  1.30  紧急步   0.0%
    · head-on（strict）        n= 187  到达 96.26%±1.39  碰撞 3.74%  违规/局  4.19  紧急步   0.0%

────────────────────────────────────────────────────────────────────────────────────────────────────────
■ 锚点汇总（7 个 ckpt）：平均有符号差 +0.00pt · 最大绝对差 0.00pt · 7 个逐位复现 / 0 偏高 / 0 偏低
  判读：平均差 ≈ 0 且正负混杂 ⟹ 只是浮点重放噪声，**eval 配置正确**；若平均差明显偏离 0 且方向一致 ⟹ 配置很可能真的错了，别信本次数字。

[reeval_official] 完成 → /root/trb/结果/结果-全臂重评/g2.json
[轨迹] 7 个 checkpoint × 4 个场景 → /root/trb/结果/结果-全臂重评/g2_traj.json
