[gates A3] 860 态 · H=120.0 h=0.5
  ...100/860
  ...200/860
  ...300/860
  ...400/860
  ...500/860
  ...600/860
  ...700/860
  ...800/860

===== A3 门报告 A · 【per-step】按 ρ 分层 =====
  (门2 两口径·L200-G2：全体=全让路态分母[gw_gates口径·not-in-A 记 fail]·in-A=仅可清障态条件分母)
           ρ |     n    真对撞%   A-成员% | 门1:   1a同尾%   1b缩视%   1c闭合% |     门2全体%   门2in-A%
     head-on |    63    0.0  100.0 |       100.0  100.0  100.0 |  100.0(63/63)  100.0(63/63)
    crossing |   767    0.0   97.1 |       100.0  100.0  100.0 | 97.1(745/767) 100.0(745/745)
    overtake |    30    0.0  100.0 |       100.0  100.0   90.0 |  100.0(30/30)  100.0(30/30)

===== A3 门报告 B · 【per-encounter】(相遇级·全 A-成员步均过才记过) =====
           ρ |    相遇数     有A成员相遇 |   1a全过%   1b全过%   1c全过%
     head-on |     25         25 |  100.0  100.0  100.0
    crossing |    164        164 |  100.0  100.0  100.0
    overtake |     13         13 |  100.0  100.0   76.9

🔴 go/no-go 判读（以 per-encounter 为准·per-step 供诊断）：
   · 门1 三机制(1a/1b/1c) 让路态 ρ2/3/4 均 ≥99% → 修正命题4机制真分布坐实 = 可证明前向不变有底。
   · 门2 合规backup% ≥85-90%(head-on≥95%) → A∩U_colregs 大概率非空·可证明合规且无碰；低于→扩残余冲突集诚实刻画。
   · A-成员% = 盾真实态落可证明集 A 的率；A 外态(unavoidable/undecided)落 emergency 兜底=诚实在集外。
   · 边界：单 CV·偏易群体(Attack 2b)·机动他船破 CV。真 go = 门1≥99% ∧ 门2 head-on≥95% ∧ A-成员率不过低。
